Archive member included to satisfy reference by file (symbol)

c:/vsarm/armcc/10 2021.10/bin/../lib/gcc/arm-none-eabi/10.3.1/../../../../arm-none-eabi/lib/thumb/v7-m/nofp\libc_nano.a(lib_a-exit.o)
                              c:/vsarm/armcc/10 2021.10/bin/../lib/gcc/arm-none-eabi/10.3.1/../../../../arm-none-eabi/lib/thumb/v7-m/nofp/crt0.o (exit)
c:/vsarm/armcc/10 2021.10/bin/../lib/gcc/arm-none-eabi/10.3.1/../../../../arm-none-eabi/lib/thumb/v7-m/nofp\libc_nano.a(lib_a-impure.o)
                              c:/vsarm/armcc/10 2021.10/bin/../lib/gcc/arm-none-eabi/10.3.1/../../../../arm-none-eabi/lib/thumb/v7-m/nofp\libc_nano.a(lib_a-exit.o) (_global_impure_ptr)
c:/vsarm/armcc/10 2021.10/bin/../lib/gcc/arm-none-eabi/10.3.1/../../../../arm-none-eabi/lib/thumb/v7-m/nofp\libc_nano.a(lib_a-init.o)
                              c:/vsarm/armcc/10 2021.10/bin/../lib/gcc/arm-none-eabi/10.3.1/../../../../arm-none-eabi/lib/thumb/v7-m/nofp/crt0.o (__libc_init_array)
c:/vsarm/armcc/10 2021.10/bin/../lib/gcc/arm-none-eabi/10.3.1/../../../../arm-none-eabi/lib/thumb/v7-m/nofp\libc_nano.a(lib_a-memcmp.o)
                              build/main.o (memcmp)
c:/vsarm/armcc/10 2021.10/bin/../lib/gcc/arm-none-eabi/10.3.1/../../../../arm-none-eabi/lib/thumb/v7-m/nofp\libc_nano.a(lib_a-memcpy-stub.o)
                              build/main.o (memcpy)
c:/vsarm/armcc/10 2021.10/bin/../lib/gcc/arm-none-eabi/10.3.1/../../../../arm-none-eabi/lib/thumb/v7-m/nofp\libc_nano.a(lib_a-memset.o)
                              c:/vsarm/armcc/10 2021.10/bin/../lib/gcc/arm-none-eabi/10.3.1/../../../../arm-none-eabi/lib/thumb/v7-m/nofp/crt0.o (memset)
c:/vsarm/armcc/10 2021.10/bin/../lib/gcc/arm-none-eabi/10.3.1/../../../../arm-none-eabi/lib/thumb/v7-m/nofp\libc_nano.a(lib_a-printf.o)
                              build/sio.o (printf)
c:/vsarm/armcc/10 2021.10/bin/../lib/gcc/arm-none-eabi/10.3.1/../../../../arm-none-eabi/lib/thumb/v7-m/nofp\libc_nano.a(lib_a-sprintf.o)
                              build/main.o (sprintf)
c:/vsarm/armcc/10 2021.10/bin/../lib/gcc/arm-none-eabi/10.3.1/../../../../arm-none-eabi/lib/thumb/v7-m/nofp\libc_nano.a(lib_a-strlen.o)
                              build/main.o (strlen)
c:/vsarm/armcc/10 2021.10/bin/../lib/gcc/arm-none-eabi/10.3.1/../../../../arm-none-eabi/lib/thumb/v7-m/nofp\libc_nano.a(lib_a-strncmp.o)
                              build/def.o (strncmp)
c:/vsarm/armcc/10 2021.10/bin/../lib/gcc/arm-none-eabi/10.3.1/../../../../arm-none-eabi/lib/thumb/v7-m/nofp\libc_nano.a(lib_a-findfp.o)
                              c:/vsarm/armcc/10 2021.10/bin/../lib/gcc/arm-none-eabi/10.3.1/../../../../arm-none-eabi/lib/thumb/v7-m/nofp\libc_nano.a(lib_a-printf.o) (__sinit)
c:/vsarm/armcc/10 2021.10/bin/../lib/gcc/arm-none-eabi/10.3.1/../../../../arm-none-eabi/lib/thumb/v7-m/nofp\libc_nano.a(lib_a-fwalk.o)
                              c:/vsarm/armcc/10 2021.10/bin/../lib/gcc/arm-none-eabi/10.3.1/../../../../arm-none-eabi/lib/thumb/v7-m/nofp\libc_nano.a(lib_a-findfp.o) (_fwalk)
c:/vsarm/armcc/10 2021.10/bin/../lib/gcc/arm-none-eabi/10.3.1/../../../../arm-none-eabi/lib/thumb/v7-m/nofp\libc_nano.a(lib_a-lock.o)
                              c:/vsarm/armcc/10 2021.10/bin/../lib/gcc/arm-none-eabi/10.3.1/../../../../arm-none-eabi/lib/thumb/v7-m/nofp\libc_nano.a(lib_a-findfp.o) (__retarget_lock_init_recursive)
c:/vsarm/armcc/10 2021.10/bin/../lib/gcc/arm-none-eabi/10.3.1/../../../../arm-none-eabi/lib/thumb/v7-m/nofp\libc_nano.a(lib_a-nano-mallocr.o)
                              c:/vsarm/armcc/10 2021.10/bin/../lib/gcc/arm-none-eabi/10.3.1/../../../../arm-none-eabi/lib/thumb/v7-m/nofp\libc_nano.a(lib_a-findfp.o) (_malloc_r)
c:/vsarm/armcc/10 2021.10/bin/../lib/gcc/arm-none-eabi/10.3.1/../../../../arm-none-eabi/lib/thumb/v7-m/nofp\libc_nano.a(lib_a-nano-svfprintf.o)
                              c:/vsarm/armcc/10 2021.10/bin/../lib/gcc/arm-none-eabi/10.3.1/../../../../arm-none-eabi/lib/thumb/v7-m/nofp\libc_nano.a(lib_a-sprintf.o) (_svfprintf_r)
c:/vsarm/armcc/10 2021.10/bin/../lib/gcc/arm-none-eabi/10.3.1/../../../../arm-none-eabi/lib/thumb/v7-m/nofp\libc_nano.a(lib_a-nano-vfprintf.o)
                              c:/vsarm/armcc/10 2021.10/bin/../lib/gcc/arm-none-eabi/10.3.1/../../../../arm-none-eabi/lib/thumb/v7-m/nofp\libc_nano.a(lib_a-printf.o) (_vfprintf_r)
c:/vsarm/armcc/10 2021.10/bin/../lib/gcc/arm-none-eabi/10.3.1/../../../../arm-none-eabi/lib/thumb/v7-m/nofp\libc_nano.a(lib_a-nano-vfprintf_i.o)
                              c:/vsarm/armcc/10 2021.10/bin/../lib/gcc/arm-none-eabi/10.3.1/../../../../arm-none-eabi/lib/thumb/v7-m/nofp\libc_nano.a(lib_a-nano-svfprintf.o) (_printf_i)
c:/vsarm/armcc/10 2021.10/bin/../lib/gcc/arm-none-eabi/10.3.1/../../../../arm-none-eabi/lib/thumb/v7-m/nofp\libc_nano.a(lib_a-sbrkr.o)
                              c:/vsarm/armcc/10 2021.10/bin/../lib/gcc/arm-none-eabi/10.3.1/../../../../arm-none-eabi/lib/thumb/v7-m/nofp\libc_nano.a(lib_a-nano-mallocr.o) (_sbrk_r)
[...]
Memory Configuration

Name             Origin             Length             Attributes
RAM              0x20000000         0x00020000         xrw
FLASH            0x08000000         0x00100000         xr
*default*        0x00000000         0xffffffff

Linker script and memory map

LOAD c:/vsarm/armcc/10 2021.10/bin/../lib/gcc/arm-none-eabi/10.3.1/thumb/v7-m/nofp/crti.o
LOAD c:/vsarm/armcc/10 2021.10/bin/../lib/gcc/arm-none-eabi/10.3.1/thumb/v7-m/nofp/crtbegin.o
LOAD c:/vsarm/armcc/10 2021.10/bin/../lib/gcc/arm-none-eabi/10.3.1/../../../../arm-none-eabi/lib/thumb/v7-m/nofp/crt0.o
LOAD build/main.o
LOAD build/telnet_server.o
LOAD build/mcli.o
LOAD build/sio.o
LOAD build/freertos.o
LOAD build/stm32f2xx_it.o
LOAD build/stm32f2xx_hal_msp.o
LOAD build/stm32f2xx_hal_timebase_tim.o
LOAD build/ethernetif.o
LOAD build/lwip.o
LOAD build/stm32f2xx_hal_eth.o
LOAD build/stm32f2xx_hal.o
LOAD build/stm32f2xx_hal_rcc.o
LOAD build/stm32f2xx_hal_rcc_ex.o
LOAD build/stm32f2xx_hal_cortex.o
LOAD build/stm32f2xx_hal_flash.o
LOAD build/stm32f2xx_hal_flash_ex.o
LOAD build/stm32f2xx_hal_pwr.o
LOAD build/stm32f2xx_hal_pwr_ex.o
LOAD build/stm32f2xx_hal_gpio.o
LOAD build/stm32f2xx_hal_dma.o
LOAD build/stm32f2xx_hal_dma_ex.o
LOAD build/stm32f2xx_hal_exti.o
LOAD build/stm32f2xx_hal_tim.o
LOAD build/stm32f2xx_hal_tim_ex.o
LOAD build/stm32f2xx_hal_uart.o
LOAD build/system_stm32f2xx.o
LOAD build/croutine.o
LOAD build/event_groups.o
LOAD build/list.o
LOAD build/queue.o
LOAD build/stream_buffer.o
LOAD build/tasks.o
LOAD build/timers.o
LOAD build/cmsis_os2.o
LOAD build/heap_4.o
LOAD build/port.o
LOAD build/auth.o
LOAD build/ccp.o
LOAD build/chap_ms.o
LOAD build/chap-md5.o
LOAD build/chap-new.o
LOAD build/demand.o
LOAD build/eap.o
LOAD build/eui64.o
LOAD build/fsm.o
LOAD build/ipcp.o
LOAD build/ipv6cp.o
LOAD build/lcp.o
LOAD build/magic.o
LOAD build/mppe.o
LOAD build/multilink.o
LOAD build/ppp.o
LOAD build/pppapi.o
LOAD build/pppcrypt.o
LOAD build/pppoe.o
LOAD build/pppol2tp.o
LOAD build/pppos.o
LOAD build/upap.o
LOAD build/utils.o
LOAD build/vj.o
LOAD build/ethernet.o
LOAD build/slipif.o
LOAD build/lowpan6.o
LOAD build/ecp.o
LOAD build/api_lib.o
LOAD build/api_msg.o
LOAD build/err.o
LOAD build/netbuf.o
LOAD build/netdb.o
LOAD build/netifapi.o
LOAD build/sockets.o
LOAD build/tcpip.o
LOAD build/def.o
LOAD build/dns.o
LOAD build/inet_chksum.o
LOAD build/init.o
LOAD build/ip.o
LOAD build/mem.o
LOAD build/memp.o
LOAD build/netif.o
LOAD build/pbuf.o
LOAD build/raw.o
LOAD build/stats.o
LOAD build/sys.o
LOAD build/tcp.o
LOAD build/tcp_in.o
LOAD build/tcp_out.o
LOAD build/timeouts.o
LOAD build/udp.o
LOAD build/autoip.o
LOAD build/dhcp.o
LOAD build/etharp.o
LOAD build/icmp.o
LOAD build/igmp.o
LOAD build/ip4.o
LOAD build/ip4_addr.o
LOAD build/ip4_frag.o
LOAD build/dhcp6.o
LOAD build/ethip6.o
LOAD build/icmp6.o
LOAD build/inet6.o
LOAD build/ip6.o
LOAD build/ip6_addr.o
LOAD build/ip6_frag.o
LOAD build/mld6.o
LOAD build/nd6.o
LOAD build/sys_arch.o
LOAD build/mqtt.o
LOAD build/startup_stm32f207xx.o
LOAD c:/vsarm/armcc/10 2021.10/bin/../lib/gcc/arm-none-eabi/10.3.1/../../../../arm-none-eabi/lib/thumb/v7-m/nofp\libc_nano.a
LOAD c:/vsarm/armcc/10 2021.10/bin/../lib/gcc/arm-none-eabi/10.3.1/../../../../arm-none-eabi/lib/thumb/v7-m/nofp\libm.a
LOAD c:/vsarm/armcc/10 2021.10/bin/../lib/gcc/arm-none-eabi/10.3.1/../../../../arm-none-eabi/lib/thumb/v7-m/nofp\libnosys.a
START GROUP
LOAD c:/vsarm/armcc/10 2021.10/bin/../lib/gcc/arm-none-eabi/10.3.1/thumb/v7-m/nofp\libgcc.a
LOAD c:/vsarm/armcc/10 2021.10/bin/../lib/gcc/arm-none-eabi/10.3.1/../../../../arm-none-eabi/lib/thumb/v7-m/nofp\libc_nano.a
END GROUP
START GROUP
LOAD c:/vsarm/armcc/10 2021.10/bin/../lib/gcc/arm-none-eabi/10.3.1/thumb/v7-m/nofp\libgcc.a
LOAD c:/vsarm/armcc/10 2021.10/bin/../lib/gcc/arm-none-eabi/10.3.1/../../../../arm-none-eabi/lib/thumb/v7-m/nofp\libc_nano.a
END GROUP
LOAD c:/vsarm/armcc/10 2021.10/bin/../lib/gcc/arm-none-eabi/10.3.1/thumb/v7-m/nofp/crtend.o
LOAD c:/vsarm/armcc/10 2021.10/bin/../lib/gcc/arm-none-eabi/10.3.1/thumb/v7-m/nofp/crtn.o
                0x20020000                _estack = (ORIGIN (RAM) + LENGTH (RAM))
                0x00002000                _Min_Heap_Size = 0x2000
                0x00004000                _Min_Stack_Size = 0x4000

.isr_vector     0x08000000      0x184
                0x08000000                . = ALIGN (0x4)
 *(.isr_vector)
 .isr_vector    0x08000000      0x184 build/startup_stm32f207xx.o
                0x08000000                g_pfnVectors
                0x08000184                . = ALIGN (0x4)

.text           0x08000190    0x124d4
                0x08000190                . = ALIGN (0x4)
 *(.text)
 .text          0x08000190       0x40 c:/vsarm/armcc/10 2021.10/bin/../lib/gcc/arm-none-eabi/10.3.1/thumb/v7-m/nofp/crtbegin.o
 .text          0x080001d0       0x10 c:/vsarm/armcc/10 2021.10/bin/../lib/gcc/arm-none-eabi/10.3.1/../../../../arm-none-eabi/lib/thumb/v7-m/nofp\libc_nano.a(lib_a-strlen.o)
                0x080001d0                strlen
 .text          0x080001e0       0x30 c:/vsarm/armcc/10 2021.10/bin/../lib/gcc/arm-none-eabi/10.3.1/thumb/v7-m/nofp\libgcc.a(_aeabi_uldivmod.o)
                0x080001e0                __aeabi_uldivmod
 .text          0x08000210      0x2d4 c:/vsarm/armcc/10 2021.10/bin/../lib/gcc/arm-none-eabi/10.3.1/thumb/v7-m/nofp\libgcc.a(_udivmoddi4.o)
                0x08000210                __udivmoddi4
 .text          0x080004e4        0x4 c:/vsarm/armcc/10 2021.10/bin/../lib/gcc/arm-none-eabi/10.3.1/thumb/v7-m/nofp\libgcc.a(_dvmd_tls.o)
                0x080004e4                __aeabi_idiv0
                0x080004e4                __aeabi_ldiv0
 *(.text*)
 .text.main     0x080004e8       0x3c build/main.o
                0x080004e8                main
 .text.SystemClock_Config
                0x08000524       0x8c build/main.o
                0x08000524                SystemClock_Config
 .text.MX_USART3_UART_Init
                0x080005b0       0x54 build/main.o
 .text.MX_GPIO_Init
                0x08000604      0x118 build/main.o
 .text.StartDefaultTask
                0x0800071c       0x7c build/main.o
                0x0800071c                StartDefaultTask
 .text.HAL_TIM_PeriodElapsedCallback
                0x08000798       0x24 build/main.o
                0x08000798                HAL_TIM_PeriodElapsedCallback
 .text.Error_Handler
                0x080007bc        0xa build/main.o
                0x080007bc                Error_Handler
 *fill*         0x080007c6        0x2 
 .text.sio_open
                0x080007c8       0x68 build/sio.o
                0x080007c8                sio_open
 .text.sio_send
                0x08000830       0x24 build/sio.o
                0x08000830                sio_send
 .text.sio_recv
                0x08000854       0x18 build/sio.o
                0x08000854                sio_recv
 .text.sio_read
                0x0800086c       0x3a build/sio.o
                0x0800086c                sio_read
 *fill*         0x080008a6        0x2 
 .text.USART3_IRQHandler
                0x080008a8       0x84 build/sio.o
                0x080008a8                USART3_IRQHandler
 .text.task_rrintErrorUart
                0x0800092c       0x3c build/sio.o
                0x0800092c                task_rrintErrorUart
 .text.NMI_Handler
                0x08000968        0x6 build/stm32f2xx_it.o
                0x08000968                NMI_Handler
 .text.HardFault_Handler
                0x0800096e        0x6 build/stm32f2xx_it.o
                0x0800096e                HardFault_Handler
 .text.MemManage_Handler
                0x08000974        0x6 build/stm32f2xx_it.o
                0x08000974                MemManage_Handler
 .text.BusFault_Handler
                0x0800097a        0x6 build/stm32f2xx_it.o
                0x0800097a                BusFault_Handler
 .text.UsageFault_Handler
                0x08000980        0x6 build/stm32f2xx_it.o
                0x08000980                UsageFault_Handler
 .text.DebugMon_Handler
                0x08000986        0xc build/stm32f2xx_it.o
                0x08000986                DebugMon_Handler
 *fill*         0x08000992        0x2 
 .text.TIM4_IRQHandler
                0x08000994       0x14 build/stm32f2xx_it.o
                0x08000994                TIM4_IRQHandler
 .text.ETH_IRQHandler
                0x080009a8       0x14 build/stm32f2xx_it.o
                0x080009a8                ETH_IRQHandler
 .text.HAL_MspInit
                0x080009bc       0x58 build/stm32f2xx_hal_msp.o
                0x080009bc                HAL_MspInit
 .text.HAL_UART_MspInit
                0x08000a14       0xa0 build/stm32f2xx_hal_msp.o
                0x08000a14                HAL_UART_MspInit
 .text.HAL_InitTick
                0x08000ab4       0xf8 build/stm32f2xx_hal_timebase_tim.o
                0x08000ab4                HAL_InitTick
 .text.HAL_ETH_MspInit
                0x08000bac      0x19c build/ethernetif.o
                0x08000bac                HAL_ETH_MspInit
 .text.HAL_ETH_RxCpltCallback
                0x08000d48       0x20 build/ethernetif.o
                0x08000d48                HAL_ETH_RxCpltCallback
 .text.low_level_init
                0x08000d68      0x1a8 build/ethernetif.o
 .text.low_level_output
                0x08000f10      0x13c build/ethernetif.o
 .text.low_level_input
                0x0800104c      0x164 build/ethernetif.o
 .text.ethernetif_input
                0x080011b0       0x60 build/ethernetif.o
                0x080011b0                ethernetif_input
 .text.ethernetif_init
                0x08001210       0x5c build/ethernetif.o
                0x08001210                ethernetif_init
 .text.sys_now  0x0800126c        0xe build/ethernetif.o
                0x0800126c                sys_now
 *fill*         0x0800127a        0x2 
 .text.ethernetif_set_link
                0x0800127c       0x78 build/ethernetif.o
                0x0800127c                ethernetif_set_link
 .text.ethernetif_update_config
                0x080012f4       0xf8 build/ethernetif.o
                0x080012f4                ethernetif_update_config
 .text.ethernetif_notify_conn_changed
                0x080013ec       0x12 build/ethernetif.o
                0x080013ec                ethernetif_notify_conn_changed
 *fill*         0x080013fe        0x2 
 .text.MX_LWIP_Init
                0x08001400      0x2c4 build/lwip.o
                0x08001400                MX_LWIP_Init
 .text.HAL_ETH_Init
                0x080016c4      0x318 build/stm32f2xx_hal_eth.o
                0x080016c4                HAL_ETH_Init
 .text.HAL_ETH_DMATxDescListInit
                0x080019dc       0xce build/stm32f2xx_hal_eth.o
                0x080019dc                HAL_ETH_DMATxDescListInit
 .text.HAL_ETH_DMARxDescListInit
                0x08001aaa       0xd6 build/stm32f2xx_hal_eth.o
                0x08001aaa                HAL_ETH_DMARxDescListInit
 .text.HAL_ETH_TransmitFrame
                0x08001b80      0x1d0 build/stm32f2xx_hal_eth.o
                0x08001b80                HAL_ETH_TransmitFrame
 .text.HAL_ETH_GetReceivedFrame_IT
                0x08001d50      0x10e build/stm32f2xx_hal_eth.o
                0x08001d50                HAL_ETH_GetReceivedFrame_IT
 .text.HAL_ETH_IRQHandler
                0x08001e5e       0xc8 build/stm32f2xx_hal_eth.o
                0x08001e5e                HAL_ETH_IRQHandler
 .text.HAL_ETH_TxCpltCallback
                0x08001f26       0x12 build/stm32f2xx_hal_eth.o
                0x08001f26                HAL_ETH_TxCpltCallback
 .text.HAL_ETH_ErrorCallback
                0x08001f38       0x12 build/stm32f2xx_hal_eth.o
                0x08001f38                HAL_ETH_ErrorCallback
 .text.HAL_ETH_ReadPHYRegister
                0x08001f4a       0xd0 build/stm32f2xx_hal_eth.o
                0x08001f4a                HAL_ETH_ReadPHYRegister
 .text.HAL_ETH_WritePHYRegister
                0x0800201a       0xcc build/stm32f2xx_hal_eth.o
                0x0800201a                HAL_ETH_WritePHYRegister
 .text.HAL_ETH_Start
                0x080020e6       0x5e build/stm32f2xx_hal_eth.o
                0x080020e6                HAL_ETH_Start
 .text.HAL_ETH_Stop
                0x08002144       0x5e build/stm32f2xx_hal_eth.o
                0x08002144                HAL_ETH_Stop
 *fill*         0x080021a2        0x2 
 .text.HAL_ETH_ConfigMAC
                0x080021a4      0x1f4 build/stm32f2xx_hal_eth.o
                0x080021a4                HAL_ETH_ConfigMAC
 .text.ETH_MACDMAConfig
                0x08002398      0x38c build/stm32f2xx_hal_eth.o
 .text.ETH_MACAddressConfig
                0x08002724       0x6c build/stm32f2xx_hal_eth.o
 .text.ETH_MACTransmissionEnable
                0x08002790       0x3a build/stm32f2xx_hal_eth.o
 .text.ETH_MACTransmissionDisable
                0x080027ca       0x3a build/stm32f2xx_hal_eth.o
 .text.ETH_MACReceptionEnable
                0x08002804       0x3a build/stm32f2xx_hal_eth.o
 .text.ETH_MACReceptionDisable
                0x0800283e       0x3a build/stm32f2xx_hal_eth.o
 .text.ETH_DMATransmissionEnable
                0x08002878       0x2a build/stm32f2xx_hal_eth.o
 .text.ETH_DMATransmissionDisable
                0x080028a2       0x2a build/stm32f2xx_hal_eth.o
 .text.ETH_DMAReceptionEnable
                0x080028cc       0x2a build/stm32f2xx_hal_eth.o
 .text.ETH_DMAReceptionDisable
                0x080028f6       0x2a build/stm32f2xx_hal_eth.o
 .text.ETH_FlushTransmitFIFO
                0x08002920       0x4a build/stm32f2xx_hal_eth.o
 *fill*         0x0800296a        0x2 
 .text.ETH_Delay
                0x0800296c       0x3c build/stm32f2xx_hal_eth.o
 .text.HAL_Init
                0x080029a8       0x44 build/stm32f2xx_hal.o
                0x080029a8                HAL_Init
 .text.HAL_IncTick
                0x080029ec       0x24 build/stm32f2xx_hal.o
                0x080029ec                HAL_IncTick
 .text.HAL_GetTick
                0x08002a10       0x14 build/stm32f2xx_hal.o
                0x08002a10                HAL_GetTick
 .text.HAL_Delay
                0x08002a24       0x48 build/stm32f2xx_hal.o
                0x08002a24                HAL_Delay
 .text.HAL_RCC_OscConfig
                0x08002a6c      0x49c build/stm32f2xx_hal_rcc.o
                0x08002a6c                HAL_RCC_OscConfig
 .text.HAL_RCC_ClockConfig
                0x08002f08      0x1d8 build/stm32f2xx_hal_rcc.o
                0x08002f08                HAL_RCC_ClockConfig
 .text.HAL_RCC_GetSysClockFreq
                0x080030e0      0x218 build/stm32f2xx_hal_rcc.o
                0x080030e0                HAL_RCC_GetSysClockFreq
 .text.HAL_RCC_GetHCLKFreq
                0x080032f8       0x14 build/stm32f2xx_hal_rcc.o
                0x080032f8                HAL_RCC_GetHCLKFreq
 .text.HAL_RCC_GetPCLK1Freq
                0x0800330c       0x44 build/stm32f2xx_hal_rcc.o
                0x0800330c                HAL_RCC_GetPCLK1Freq
 .text.HAL_RCC_GetPCLK2Freq
                0x08003350       0x44 build/stm32f2xx_hal_rcc.o
                0x08003350                HAL_RCC_GetPCLK2Freq
 .text.HAL_RCC_GetClockConfig
                0x08003394       0x60 build/stm32f2xx_hal_rcc.o
                0x08003394                HAL_RCC_GetClockConfig
 .text.__NVIC_SetPriorityGrouping
                0x080033f4       0x48 build/stm32f2xx_hal_cortex.o
 .text.__NVIC_GetPriorityGrouping
                0x0800343c       0x1c build/stm32f2xx_hal_cortex.o
 .text.__NVIC_EnableIRQ
                0x08003458       0x38 build/stm32f2xx_hal_cortex.o
 .text.__NVIC_SetPriority
                0x08003490       0x54 build/stm32f2xx_hal_cortex.o
 .text.NVIC_EncodePriority
                0x080034e4       0x64 build/stm32f2xx_hal_cortex.o
 .text.HAL_NVIC_SetPriorityGrouping
                0x08003548       0x16 build/stm32f2xx_hal_cortex.o
                0x08003548                HAL_NVIC_SetPriorityGrouping
 .text.HAL_NVIC_SetPriority
                0x0800355e       0x38 build/stm32f2xx_hal_cortex.o
                0x0800355e                HAL_NVIC_SetPriority
 .text.HAL_NVIC_EnableIRQ
                0x08003596       0x1c build/stm32f2xx_hal_cortex.o
                0x08003596                HAL_NVIC_EnableIRQ
 *fill*         0x080035b2        0x2 
 .text.HAL_GPIO_Init
                0x080035b4      0x33c build/stm32f2xx_hal_gpio.o
                0x080035b4                HAL_GPIO_Init
 .text.HAL_GPIO_WritePin
                0x080038f0       0x30 build/stm32f2xx_hal_gpio.o
                0x080038f0                HAL_GPIO_WritePin
 .text.HAL_TIM_Base_Init
                0x08003920       0x9e build/stm32f2xx_hal_tim.o
                0x08003920                HAL_TIM_Base_Init
 .text.HAL_TIM_Base_MspInit
                0x080039be       0x12 build/stm32f2xx_hal_tim.o
                0x080039be                HAL_TIM_Base_MspInit
 .text.HAL_TIM_Base_Start_IT
                0x080039d0       0xdc build/stm32f2xx_hal_tim.o
                0x080039d0                HAL_TIM_Base_Start_IT
 .text.HAL_TIM_IRQHandler
                0x08003aac      0x210 build/stm32f2xx_hal_tim.o
                0x08003aac                HAL_TIM_IRQHandler
 .text.HAL_TIM_OC_DelayElapsedCallback
                0x08003cbc       0x12 build/stm32f2xx_hal_tim.o
                0x08003cbc                HAL_TIM_OC_DelayElapsedCallback
 .text.HAL_TIM_IC_CaptureCallback
                0x08003cce       0x12 build/stm32f2xx_hal_tim.o
                0x08003cce                HAL_TIM_IC_CaptureCallback
 .text.HAL_TIM_PWM_PulseFinishedCallback
                0x08003ce0       0x12 build/stm32f2xx_hal_tim.o
                0x08003ce0                HAL_TIM_PWM_PulseFinishedCallback
 .text.HAL_TIM_TriggerCallback
                0x08003cf2       0x12 build/stm32f2xx_hal_tim.o
                0x08003cf2                HAL_TIM_TriggerCallback
 .text.TIM_Base_SetConfig
                0x08003d04      0x13c build/stm32f2xx_hal_tim.o
                0x08003d04                TIM_Base_SetConfig
 .text.HAL_TIMEx_CommutCallback
                0x08003e40       0x12 build/stm32f2xx_hal_tim_ex.o
                0x08003e40                HAL_TIMEx_CommutCallback
 .text.HAL_TIMEx_BreakCallback
                0x08003e52       0x12 build/stm32f2xx_hal_tim_ex.o
                0x08003e52                HAL_TIMEx_BreakCallback
 .text.HAL_UART_Init
                0x08003e64       0x9a build/stm32f2xx_hal_uart.o
                0x08003e64                HAL_UART_Init
 .text.HAL_UART_Transmit
                0x08003efe      0x124 build/stm32f2xx_hal_uart.o
                0x08003efe                HAL_UART_Transmit
 .text.UART_WaitOnFlagUntilTimeout
                0x08004022       0x94 build/stm32f2xx_hal_uart.o
 *fill*         0x080040b6        0x2 
 .text.UART_SetConfig
                0x080040b8      0x1d4 build/stm32f2xx_hal_uart.o
 .text.SystemInit
                0x0800428c        0xc build/system_stm32f2xx.o
                0x0800428c                SystemInit
 .text.vListInitialise
                0x08004298       0x3e build/list.o
                0x08004298                vListInitialise
 .text.vListInitialiseItem
                0x080042d6       0x18 build/list.o
                0x080042d6                vListInitialiseItem
 .text.vListInsertEnd
                0x080042ee       0x46 build/list.o
                0x080042ee                vListInsertEnd
 .text.vListInsert
                0x08004334       0x70 build/list.o
                0x08004334                vListInsert
 .text.uxListRemove
                0x080043a4       0x52 build/list.o
                0x080043a4                uxListRemove
 *fill*         0x080043f6        0x2 
 .text.xQueueGenericReset
                0x080043f8       0xd0 build/queue.o
                0x080043f8                xQueueGenericReset
 .text.xQueueGenericCreateStatic
                0x080044c8       0xee build/queue.o
                0x080044c8                xQueueGenericCreateStatic
 .text.xQueueGenericCreate
                0x080045b6       0x7c build/queue.o
                0x080045b6                xQueueGenericCreate
 .text.prvInitialiseNewQueue
                0x08004632       0x46 build/queue.o
 .text.prvInitialiseMutex
                0x08004678       0x34 build/queue.o
 .text.xQueueCreateMutex
                0x080046ac       0x30 build/queue.o
                0x080046ac                xQueueCreateMutex
 .text.xQueueCreateMutexStatic
                0x080046dc       0x36 build/queue.o
                0x080046dc                xQueueCreateMutexStatic
 .text.xQueueGiveMutexRecursive
                0x08004712       0x68 build/queue.o
                0x08004712                xQueueGiveMutexRecursive
 .text.xQueueTakeMutexRecursive
                0x0800477a       0x6c build/queue.o
                0x0800477a                xQueueTakeMutexRecursive
 .text.xQueueCreateCountingSemaphoreStatic
                0x080047e6       0x6e build/queue.o
                0x080047e6                xQueueCreateCountingSemaphoreStatic
 .text.xQueueCreateCountingSemaphore
                0x08004854       0x66 build/queue.o
                0x08004854                xQueueCreateCountingSemaphore
 *fill*         0x080048ba        0x2 
 .text.xQueueGenericSend
                0x080048bc      0x1fc build/queue.o
                0x080048bc                xQueueGenericSend
 .text.xQueueGenericSendFromISR
                0x08004ab8      0x130 build/queue.o
                0x08004ab8                xQueueGenericSendFromISR
 .text.xQueueGiveFromISR
                0x08004be8      0x11a build/queue.o
                0x08004be8                xQueueGiveFromISR
 *fill*         0x08004d02        0x2 
 .text.xQueueReceive
                0x08004d04      0x1c0 build/queue.o
                0x08004d04                xQueueReceive
 .text.xQueueSemaphoreTake
                0x08004ec4      0x218 build/queue.o
                0x08004ec4                xQueueSemaphoreTake
 .text.xQueueReceiveFromISR
                0x080050dc      0x100 build/queue.o
                0x080050dc                xQueueReceiveFromISR
 .text.vQueueDelete
                0x080051dc       0x46 build/queue.o
                0x080051dc                vQueueDelete
 .text.prvGetDisinheritPriorityAfterTimeout
                0x08005222       0x2e build/queue.o
 .text.prvCopyDataToQueue
                0x08005250       0xd4 build/queue.o
 .text.prvCopyDataFromQueue
                0x08005324       0x4c build/queue.o
 .text.prvUnlockQueue
                0x08005370       0xa4 build/queue.o
 .text.prvIsQueueEmpty
                0x08005414       0x2c build/queue.o
 .text.prvIsQueueFull
                0x08005440       0x30 build/queue.o
 .text.vQueueAddToRegistry
                0x08005470       0x50 build/queue.o
                0x08005470                vQueueAddToRegistry
 .text.vQueueUnregisterQueue
                0x080054c0       0x54 build/queue.o
                0x080054c0                vQueueUnregisterQueue
 .text.vQueueWaitForMessageRestricted
                0x08005514       0x68 build/queue.o
                0x08005514                vQueueWaitForMessageRestricted
 .text.xTaskCreateStatic
                0x0800557c       0xb8 build/tasks.o
                0x0800557c                xTaskCreateStatic
 .text.xTaskCreate
                0x08005634       0x8a build/tasks.o
                0x08005634                xTaskCreate
 .text.prvInitialiseNewTask
                0x080056be      0x10e build/tasks.o
 .text.prvAddNewTaskToReadyList
                0x080057cc       0xe0 build/tasks.o
 .text.vTaskDelay
                0x080058ac       0x68 build/tasks.o
                0x080058ac                vTaskDelay
 .text.vTaskStartScheduler
                0x08005914       0xcc build/tasks.o
                0x08005914                vTaskStartScheduler
 .text.vTaskSuspendAll
                0x080059e0       0x1c build/tasks.o
                0x080059e0                vTaskSuspendAll
 .text.xTaskResumeAll
                0x080059fc      0x13c build/tasks.o
                0x080059fc                xTaskResumeAll
 .text.xTaskGetTickCount
                0x08005b38       0x1c build/tasks.o
                0x08005b38                xTaskGetTickCount
 .text.xTaskGetTickCountFromISR
                0x08005b54       0x24 build/tasks.o
                0x08005b54                xTaskGetTickCountFromISR
 .text.xTaskIncrementTick
                0x08005b78      0x17c build/tasks.o
                0x08005b78                xTaskIncrementTick
 .text.vTaskSwitchContext
                0x08005cf4       0xb8 build/tasks.o
                0x08005cf4                vTaskSwitchContext
 .text.vTaskPlaceOnEventList
                0x08005dac       0x48 build/tasks.o
                0x08005dac                vTaskPlaceOnEventList
 .text.vTaskPlaceOnEventListRestricted
                0x08005df4       0x58 build/tasks.o
                0x08005df4                vTaskPlaceOnEventListRestricted
 .text.xTaskRemoveFromEventList
                0x08005e4c       0xc8 build/tasks.o
                0x08005e4c                xTaskRemoveFromEventList
 .text.vTaskInternalSetTimeOutState
                0x08005f14       0x2c build/tasks.o
                0x08005f14                vTaskInternalSetTimeOutState
 .text.xTaskCheckForTimeOut
                0x08005f40       0xc4 build/tasks.o
                0x08005f40                xTaskCheckForTimeOut
 .text.vTaskMissedYield
                0x08006004       0x18 build/tasks.o
                0x08006004                vTaskMissedYield
 .text.prvIdleTask
                0x0800601c       0x30 build/tasks.o
 .text.prvInitialiseTaskLists
                0x0800604c       0x80 build/tasks.o
 .text.prvCheckTasksWaitingTermination
                0x080060cc       0x5c build/tasks.o
 .text.prvDeleteTCB
                0x08006128       0x5e build/tasks.o
 *fill*         0x08006186        0x2 
 .text.prvResetNextTaskUnblockTime
                0x08006188       0x48 build/tasks.o
 .text.xTaskGetCurrentTaskHandle
                0x080061d0       0x1c build/tasks.o
                0x080061d0                xTaskGetCurrentTaskHandle
 .text.xTaskGetSchedulerState
                0x080061ec       0x3c build/tasks.o
                0x080061ec                xTaskGetSchedulerState
 .text.xTaskPriorityInherit
                0x08006228       0xdc build/tasks.o
                0x08006228                xTaskPriorityInherit
 .text.xTaskPriorityDisinherit
                0x08006304       0xdc build/tasks.o
                0x08006304                xTaskPriorityDisinherit
 .text.vTaskPriorityDisinheritAfterTimeout
                0x080063e0      0x10c build/tasks.o
                0x080063e0                vTaskPriorityDisinheritAfterTimeout
 .text.pvTaskIncrementMutexHeldCount
                0x080064ec       0x28 build/tasks.o
                0x080064ec                pvTaskIncrementMutexHeldCount
 .text.prvAddCurrentTaskToDelayedList
                0x08006514       0xa8 build/tasks.o
 .text.xTimerCreateTimerTask
                0x080065bc       0x90 build/timers.o
                0x080065bc                xTimerCreateTimerTask
 .text.xTimerGenericCommand
                0x0800664c       0x9c build/timers.o
                0x0800664c                xTimerGenericCommand
 .text.prvProcessExpiredTimer
                0x080066e8       0x80 build/timers.o
 .text.prvTimerTask
                0x08006768       0x24 build/timers.o
 .text.prvProcessTimerOrBlockTask
                0x0800678c       0x9c build/timers.o
 .text.prvGetNextExpireTime
                0x08006828       0x48 build/timers.o
 .text.prvSampleTimeNow
                0x08006870       0x40 build/timers.o
 .text.prvInsertTimerInActiveList
                0x080068b0       0x84 build/timers.o
 .text.prvProcessReceivedCommands
                0x08006934      0x168 build/timers.o
 .text.prvSwitchTimerLists
                0x08006a9c       0xc4 build/timers.o
 .text.prvCheckForValidListAndQueue
                0x08006b60       0x80 build/timers.o
 .text.osKernelInitialize
                0x08006be0       0x64 build/cmsis_os2.o
                0x08006be0                osKernelInitialize
 .text.osKernelStart
                0x08006c44       0x68 build/cmsis_os2.o
                0x08006c44                osKernelStart
 .text.osKernelGetTickCount
                0x08006cac       0x50 build/cmsis_os2.o
                0x08006cac                osKernelGetTickCount
 .text.osThreadNew
                0x08006cfc      0x154 build/cmsis_os2.o
                0x08006cfc                osThreadNew
 .text.osDelay  0x08006e50       0x5c build/cmsis_os2.o
                0x08006e50                osDelay
 .text.osMutexNew
                0x08006eac      0x134 build/cmsis_os2.o
                0x08006eac                osMutexNew
 .text.osMutexAcquire
                0x08006fe0       0xbc build/cmsis_os2.o
                0x08006fe0                osMutexAcquire
 .text.osMutexRelease
                0x0800709c       0xa0 build/cmsis_os2.o
                0x0800709c                osMutexRelease
 .text.osSemaphoreNew
                0x0800713c      0x138 build/cmsis_os2.o
                0x0800713c                osSemaphoreNew
 .text.osSemaphoreAcquire
                0x08007274       0xcc build/cmsis_os2.o
                0x08007274                osSemaphoreAcquire
 .text.osSemaphoreRelease
                0x08007340       0xb0 build/cmsis_os2.o
                0x08007340                osSemaphoreRelease
 .text.osMessageQueueNew
                0x080073f0      0x10c build/cmsis_os2.o
                0x080073f0                osMessageQueueNew
 .text.osMessageQueuePut
                0x080074fc       0xe8 build/cmsis_os2.o
                0x080074fc                osMessageQueuePut
 .text.osMessageQueueGet
                0x080075e4       0xe4 build/cmsis_os2.o
                0x080075e4                osMessageQueueGet
 .text.vApplicationGetIdleTaskMemory
                0x080076c8       0x30 build/cmsis_os2.o
                0x080076c8                vApplicationGetIdleTaskMemory
 .text.vApplicationGetTimerTaskMemory
                0x080076f8       0x34 build/cmsis_os2.o
                0x080076f8                vApplicationGetTimerTaskMemory
 .text.pvPortMalloc
                0x0800772c      0x188 build/heap_4.o
                0x0800772c                pvPortMalloc
 .text.vPortFree
                0x080078b4       0xb4 build/heap_4.o
                0x080078b4                vPortFree
 .text.prvHeapInit
                0x08007968       0xc4 build/heap_4.o
 .text.prvInsertBlockIntoFreeList
                0x08007a2c       0xb0 build/heap_4.o
 .text.pxPortInitialiseStack
                0x08007adc       0x58 build/port.o
                0x08007adc                pxPortInitialiseStack
 .text.prvTaskExitError
                0x08007b34       0x58 build/port.o
 *fill*         0x08007b8c        0x4 
 .text.SVC_Handler
                0x08007b90       0x28 build/port.o
                0x08007b90                SVC_Handler
 .text.prvPortStartFirstTask
                0x08007bb8       0x20 build/port.o
 .text.xPortStartScheduler
                0x08007bd8       0xe4 build/port.o
                0x08007bd8                xPortStartScheduler
 .text.vPortEnterCritical
                0x08007cbc       0x60 build/port.o
                0x08007cbc                vPortEnterCritical
 .text.vPortExitCritical
                0x08007d1c       0x50 build/port.o
                0x08007d1c                vPortExitCritical
 *fill*         0x08007d6c        0x4 
 .text.PendSV_Handler
                0x08007d70       0x48 build/port.o
                0x08007d70                PendSV_Handler
 .text.SysTick_Handler
                0x08007db8       0x44 build/port.o
                0x08007db8                SysTick_Handler
 .text.vPortSetupTimerInterrupt
                0x08007dfc       0x44 build/port.o
                0x08007dfc                vPortSetupTimerInterrupt
 .text.vPortValidateInterruptPriority
                0x08007e40       0x7c build/port.o
                0x08007e40                vPortValidateInterruptPriority
 .text.ethernet_input
                0x08007ebc      0x12c build/ethernet.o
                0x08007ebc                ethernet_input
 .text.ethernet_output
                0x08007fe8       0x90 build/ethernet.o
                0x08007fe8                ethernet_output
 .text.slipif_output
                0x08008078      0x104 build/slipif.o
 .text.slipif_output_v4
                0x0800817c       0x1e build/slipif.o
 *fill*         0x0800819a        0x2 
 .text.slipif_rxbyte
                0x0800819c      0x19c build/slipif.o
 .text.slipif_rxbyte_input
                0x08008338       0x3c build/slipif.o
 .text.slipif_loop_thread
                0x08008374       0x34 build/slipif.o
 .text.slipif_init
                0x080083a8       0xc4 build/slipif.o
                0x080083a8                slipif_init
 .text.tcpip_thread
                0x0800846c       0xd4 build/tcpip.o
 .text.tcpip_inpkt
                0x08008540       0x88 build/tcpip.o
                0x08008540                tcpip_inpkt
 .text.tcpip_input
                0x080085c8       0x44 build/tcpip.o
                0x080085c8                tcpip_input
 .text.tcpip_callback_with_block
                0x0800860c       0x94 build/tcpip.o
                0x0800860c                tcpip_callback_with_block
 .text.tcpip_init
                0x080086a0       0x94 build/tcpip.o
                0x080086a0                tcpip_init
 .text.lwip_htons
                0x08008734       0x1a build/def.o
                0x08008734                lwip_htons
 .text.lwip_htonl
                0x0800874e       0x30 build/def.o
                0x0800874e                lwip_htonl
 .text.lwip_init
                0x0800877e       0x2e build/init.o
                0x0800877e                lwip_init
 .text.plug_holes
                0x080087ac      0x130 build/mem.o
 .text.mem_init
                0x080088dc       0xa0 build/mem.o
                0x080088dc                mem_init
 .text.mem_free
                0x0800897c       0xdc build/mem.o
                0x0800897c                mem_free
 .text.mem_trim
                0x08008a58      0x1d4 build/mem.o
                0x08008a58                mem_trim
 .text.mem_malloc
                0x08008c2c      0x1e8 build/mem.o
                0x08008c2c                mem_malloc
 .text.memp_init_pool
                0x08008e14       0x5e build/memp.o
                0x08008e14                memp_init_pool
 *fill*         0x08008e72        0x2 
 .text.memp_init
                0x08008e74       0x34 build/memp.o
                0x08008e74                memp_init
 .text.do_memp_malloc_pool
                0x08008ea8       0x64 build/memp.o
 .text.memp_malloc
                0x08008f0c       0x4c build/memp.o
                0x08008f0c                memp_malloc
 .text.do_memp_free_pool
                0x08008f58       0x58 build/memp.o
 .text.memp_free
                0x08008fb0       0x54 build/memp.o
                0x08008fb0                memp_free
 .text.netif_init
                0x08009004        0xc build/netif.o
                0x08009004                netif_init
 .text.netif_add
                0x08009010       0xb0 build/netif.o
                0x08009010                netif_add
 .text.netif_set_addr
                0x080090c0       0x58 build/netif.o
                0x080090c0                netif_set_addr
 .text.netif_set_ipaddr
                0x08009118       0x70 build/netif.o
                0x08009118                netif_set_ipaddr
 .text.netif_set_gw
                0x08009188       0x26 build/netif.o
                0x08009188                netif_set_gw
 .text.netif_set_netmask
                0x080091ae       0x26 build/netif.o
                0x080091ae                netif_set_netmask
 .text.netif_set_default
                0x080091d4       0x1c build/netif.o
                0x080091d4                netif_set_default
 .text.netif_set_up
                0x080091f0       0x46 build/netif.o
                0x080091f0                netif_set_up
 .text.netif_issue_reports
                0x08009236       0x42 build/netif.o
 .text.netif_set_down
                0x08009278       0x44 build/netif.o
                0x08009278                netif_set_down
 .text.netif_set_link_up
                0x080092bc       0x56 build/netif.o
                0x080092bc                netif_set_link_up
 .text.netif_set_link_down
                0x08009312       0x40 build/netif.o
                0x08009312                netif_set_link_down
 .text.netif_set_link_callback
                0x08009352       0x20 build/netif.o
                0x08009352                netif_set_link_callback
 *fill*         0x08009372        0x2 
 .text.pbuf_free_ooseq
                0x08009374       0x54 build/pbuf.o
 .text.pbuf_free_ooseq_callback
                0x080093c8       0x14 build/pbuf.o
 .text.pbuf_pool_is_empty
                0x080093dc       0x58 build/pbuf.o
 .text.pbuf_alloc
                0x08009434      0x334 build/pbuf.o
                0x08009434                pbuf_alloc
 .text.pbuf_alloced_custom
                0x08009768       0xd4 build/pbuf.o
                0x08009768                pbuf_alloced_custom
 .text.pbuf_realloc
                0x0800983c      0x15c build/pbuf.o
                0x0800983c                pbuf_realloc
 .text.pbuf_header_impl
                0x08009998      0x144 build/pbuf.o
 .text.pbuf_header
                0x08009adc       0x24 build/pbuf.o
                0x08009adc                pbuf_header
 .text.pbuf_header_force
                0x08009b00       0x24 build/pbuf.o
                0x08009b00                pbuf_header_force
 .text.pbuf_free
                0x08009b24      0x134 build/pbuf.o
                0x08009b24                pbuf_free
 .text.pbuf_clen
                0x08009c58       0x2c build/pbuf.o
                0x08009c58                pbuf_clen
 .text.pbuf_ref
                0x08009c84       0x50 build/pbuf.o
                0x08009c84                pbuf_ref
 .text.pbuf_cat
                0x08009cd4       0xac build/pbuf.o
                0x08009cd4                pbuf_cat
 .text.pbuf_copy
                0x08009d80      0x198 build/pbuf.o
                0x08009d80                pbuf_copy
 .text.pbuf_copy_partial
                0x08009f18       0xf4 build/pbuf.o
                0x08009f18                pbuf_copy_partial
 .text.tcp_init
                0x0800a00c        0xc build/tcp.o
                0x0800a00c                tcp_init
 .text.tcp_tmr  0x0800a018       0x2c build/tcp.o
                0x0800a018                tcp_tmr
 .text.tcp_remove_listener
                0x0800a044       0x38 build/tcp.o
 .text.tcp_listen_closed
                0x0800a07c       0x70 build/tcp.o
 .text.tcp_close_shutdown
                0x0800a0ec      0x1d4 build/tcp.o
 .text.tcp_close_shutdown_fin
                0x0800a2c0       0xd4 build/tcp.o
 .text.tcp_close
                0x0800a394       0x30 build/tcp.o
                0x0800a394                tcp_close
 .text.tcp_abandon
                0x0800a3c4      0x164 build/tcp.o
                0x0800a3c4                tcp_abandon
 .text.tcp_abort
                0x0800a528       0x18 build/tcp.o
                0x0800a528                tcp_abort
 .text.tcp_update_rcv_ann_wnd
                0x0800a540       0x9c build/tcp.o
                0x0800a540                tcp_update_rcv_ann_wnd
 .text.tcp_recved
                0x0800a5dc       0xb4 build/tcp.o
                0x0800a5dc                tcp_recved
 .text.tcp_slowtmr
                0x0800a690      0x584 build/tcp.o
                0x0800a690                tcp_slowtmr
 .text.tcp_fasttmr
                0x0800ac14       0xc8 build/tcp.o
                0x0800ac14                tcp_fasttmr
 .text.tcp_process_refused_data
                0x0800acdc       0xd2 build/tcp.o
                0x0800acdc                tcp_process_refused_data
 .text.tcp_segs_free
                0x0800adae       0x2a build/tcp.o
                0x0800adae                tcp_segs_free
 .text.tcp_seg_free
                0x0800add8       0x30 build/tcp.o
                0x0800add8                tcp_seg_free
 .text.tcp_seg_copy
                0x0800ae08       0x38 build/tcp.o
                0x0800ae08                tcp_seg_copy
 .text.tcp_recv_null
                0x0800ae40       0x44 build/tcp.o
                0x0800ae40                tcp_recv_null
 .text.tcp_kill_prio
                0x0800ae84       0x84 build/tcp.o
 .text.tcp_kill_state
                0x0800af08       0x94 build/tcp.o
 .text.tcp_kill_timewait
                0x0800af9c       0x60 build/tcp.o
 .text.tcp_alloc
                0x0800affc      0x104 build/tcp.o
                0x0800affc                tcp_alloc
 .text.tcp_pcb_purge
                0x0800b100       0x82 build/tcp.o
                0x0800b100                tcp_pcb_purge
 *fill*         0x0800b182        0x2 
 .text.tcp_pcb_remove
                0x0800b184       0xf8 build/tcp.o
                0x0800b184                tcp_pcb_remove
 .text.tcp_next_iss
                0x0800b27c       0x2c build/tcp.o
                0x0800b27c                tcp_next_iss
 .text.tcp_eff_send_mss_impl
                0x0800b2a8       0x48 build/tcp.o
                0x0800b2a8                tcp_eff_send_mss_impl
 .text.tcp_netif_ip_addr_changed_pcblist
                0x0800b2f0       0x44 build/tcp.o
 .text.tcp_netif_ip_addr_changed
                0x0800b334       0x80 build/tcp.o
                0x0800b334                tcp_netif_ip_addr_changed
 .text.tcp_input
                0x0800b3b4      0x790 build/tcp_in.o
                0x0800b3b4                tcp_input
 .text.tcp_input_delayed_close
                0x0800bb44       0x64 build/tcp_in.o
 .text.tcp_listen_input
                0x0800bba8      0x1c0 build/tcp_in.o
 .text.tcp_timewait_input
                0x0800bd68       0xd0 build/tcp_in.o
 .text.tcp_process
                0x0800be38      0x768 build/tcp_in.o
 .text.tcp_oos_insert_segment
                0x0800c5a0       0xec build/tcp_in.o
 .text.tcp_receive
                0x0800c68c      0xff4 build/tcp_in.o
 .text.tcp_getoptbyte
                0x0800d680       0x74 build/tcp_in.o
 .text.tcp_parseopt
                0x0800d6f4       0xcc build/tcp_in.o
 .text.tcp_trigger_input_pcb_close
                0x0800d7c0       0x20 build/tcp_in.o
                0x0800d7c0                tcp_trigger_input_pcb_close
 .text.tcp_output_alloc_header
                0x0800d7e0       0xf4 build/tcp_out.o
 .text.tcp_send_fin
                0x0800d8d4       0x7e build/tcp_out.o
                0x0800d8d4                tcp_send_fin
 *fill*         0x0800d952        0x2 
 .text.tcp_create_segment
                0x0800d954      0x110 build/tcp_out.o
 .text.tcp_enqueue_flags
                0x0800da64      0x1f8 build/tcp_out.o
                0x0800da64                tcp_enqueue_flags
 .text.tcp_send_empty_ack
                0x0800dc5c       0xb8 build/tcp_out.o
                0x0800dc5c                tcp_send_empty_ack
 .text.tcp_output
                0x0800dd14      0x3cc build/tcp_out.o
                0x0800dd14                tcp_output
 .text.tcp_output_segment
                0x0800e0e0      0x13c build/tcp_out.o
 .text.tcp_rst  0x0800e21c       0xec build/tcp_out.o
                0x0800e21c                tcp_rst
 .text.tcp_rexmit_rto
                0x0800e308       0x6c build/tcp_out.o
                0x0800e308                tcp_rexmit_rto
 .text.tcp_rexmit
                0x0800e374       0xa0 build/tcp_out.o
                0x0800e374                tcp_rexmit
 .text.tcp_rexmit_fast
                0x0800e414       0x9c build/tcp_out.o
                0x0800e414                tcp_rexmit_fast
 .text.tcp_keepalive
                0x0800e4b0       0x7a build/tcp_out.o
                0x0800e4b0                tcp_keepalive
 .text.tcp_zero_window_probe
                0x0800e52a      0x138 build/tcp_out.o
                0x0800e52a                tcp_zero_window_probe
 *fill*         0x0800e662        0x2 
 .text.tcpip_tcp_timer
                0x0800e664       0x48 build/timeouts.o
 .text.tcp_timer_needed
                0x0800e6ac       0x40 build/timeouts.o
                0x0800e6ac                tcp_timer_needed
 .text.cyclic_timer
                0x0800e6ec       0x2c build/timeouts.o
 .text.sys_timeouts_init
                0x0800e718       0x50 build/timeouts.o
                0x0800e718                sys_timeouts_init
 .text.sys_timeout
                0x0800e768      0x148 build/timeouts.o
                0x0800e768                sys_timeout
 .text.sys_check_timeouts
                0x0800e8b0       0xa4 build/timeouts.o
 .text.sys_timeouts_sleeptime
                0x0800e954       0x4c build/timeouts.o
 .text.sys_timeouts_mbox_fetch
                0x0800e9a0       0x4c build/timeouts.o
                0x0800e9a0                sys_timeouts_mbox_fetch
 .text.udp_init
                0x0800e9ec        0xc build/udp.o
                0x0800e9ec                udp_init
 .text.udp_input_local_match
                0x0800e9f8       0x74 build/udp.o
 .text.udp_input
                0x0800ea6c      0x1cc build/udp.o
                0x0800ea6c                udp_input
 .text.udp_netif_ip_addr_changed
                0x0800ec38       0x5c build/udp.o
                0x0800ec38                udp_netif_ip_addr_changed
 .text.etharp_free_entry
                0x0800ec94       0x64 build/etharp.o
 .text.etharp_tmr
                0x0800ecf8      0x150 build/etharp.o
                0x0800ecf8                etharp_tmr
 .text.etharp_find_entry
                0x0800ee48      0x294 build/etharp.o
 .text.etharp_update_arp_entry
                0x0800f0dc      0x14c build/etharp.o
 .text.etharp_cleanup_netif
                0x0800f228       0x64 build/etharp.o
                0x0800f228                etharp_cleanup_netif
 .text.etharp_input
                0x0800f28c      0x114 build/etharp.o
                0x0800f28c                etharp_input
 .text.etharp_output_to_arp_index
                0x0800f3a0      0x134 build/etharp.o
 .text.etharp_output
                0x0800f4d4      0x1dc build/etharp.o
                0x0800f4d4                etharp_output
 .text.etharp_query
                0x0800f6b0      0x290 build/etharp.o
                0x0800f6b0                etharp_query
 .text.etharp_raw
                0x0800f940      0x118 build/etharp.o
 .text.etharp_request_dst
                0x0800fa58       0x44 build/etharp.o
 .text.etharp_request
                0x0800fa9c       0x24 build/etharp.o
                0x0800fa9c                etharp_request
 .text.icmp_input
                0x0800fac0      0x20c build/icmp.o
                0x0800fac0                icmp_input
 .text.icmp_dest_unreach
                0x0800fccc       0x20 build/icmp.o
                0x0800fccc                icmp_dest_unreach
 .text.icmp_time_exceeded
                0x0800fcec       0x20 build/icmp.o
                0x0800fcec                icmp_time_exceeded
 .text.icmp_send_response
                0x0800fd0c       0xd0 build/icmp.o
 .text.ip4_route
                0x0800fddc       0xd4 build/ip4.o
                0x0800fddc                ip4_route
 .text.ip4_input
                0x0800feb0      0x280 build/ip4.o
                0x0800feb0                ip4_input
 .text.ip4_output_if
                0x08010130       0x54 build/ip4.o
                0x08010130                ip4_output_if
 .text.ip4_output_if_src
                0x08010184      0x150 build/ip4.o
                0x08010184                ip4_output_if_src
 .text.ip4_addr_isbroadcast_u32
                0x080102d4       0x80 build/ip4_addr.o
                0x080102d4                ip4_addr_isbroadcast_u32
 .text.ip4addr_ntoa
                0x08010354       0x20 build/ip4_addr.o
                0x08010354                ip4addr_ntoa
 .text.ip4addr_ntoa_r
                0x08010374      0x100 build/ip4_addr.o
                0x08010374                ip4addr_ntoa_r
 .text.ip_reass_tmr
                0x08010474       0x58 build/ip4_frag.o
                0x08010474                ip_reass_tmr
 .text.ip_reass_free_complete_datagram
                0x080104cc      0x148 build/ip4_frag.o
 .text.ip_reass_remove_oldest_datagram
                0x08010614       0xc4 build/ip4_frag.o
 .text.ip_reass_enqueue_new_datagram
                0x080106d8       0x74 build/ip4_frag.o
 .text.ip_reass_dequeue_datagram
                0x0801074c       0x5c build/ip4_frag.o
 .text.ip_reass_chain_frag_into_datagram_and_validate
                0x080107a8      0x2d4 build/ip4_frag.o
 .text.ip4_reass
                0x08010a7c      0x2a8 build/ip4_frag.o
                0x08010a7c                ip4_reass
 .text.ip_frag_alloc_pbuf_custom_ref
                0x08010d24       0x10 build/ip4_frag.o
 .text.ip_frag_free_pbuf_custom_ref
                0x08010d34       0x38 build/ip4_frag.o
 .text.ipfrag_free_pbuf_custom
                0x08010d6c       0x68 build/ip4_frag.o
 .text.ip4_frag
                0x08010dd4      0x240 build/ip4_frag.o
                0x08010dd4                ip4_frag
 .text.sys_mbox_new
                0x08011014       0x34 build/sys_arch.o
                0x08011014                sys_mbox_new
 .text.sys_mbox_post
                0x08011048       0x2c build/sys_arch.o
                0x08011048                sys_mbox_post
 .text.sys_mbox_trypost
                0x08011074       0x34 build/sys_arch.o
                0x08011074                sys_mbox_trypost
 .text.sys_arch_mbox_fetch
                0x080110a8       0x62 build/sys_arch.o
                0x080110a8                sys_arch_mbox_fetch
 .text.sys_mbox_valid
                0x0801110a       0x20 build/sys_arch.o
                0x0801110a                sys_mbox_valid
 *fill*         0x0801112a        0x2 
 .text.sys_init
                0x0801112c       0x18 build/sys_arch.o
                0x0801112c                sys_init
 .text.sys_mutex_new
                0x08011144       0x2c build/sys_arch.o
                0x08011144                sys_mutex_new
 .text.sys_mutex_lock
                0x08011170       0x1e build/sys_arch.o
                0x08011170                sys_mutex_lock
 .text.sys_mutex_unlock
                0x0801118e       0x1a build/sys_arch.o
                0x0801118e                sys_mutex_unlock
 .text.sys_thread_new
                0x080111a8       0x40 build/sys_arch.o
                0x080111a8                sys_thread_new
 .text.sys_arch_protect
                0x080111e8       0x1c build/sys_arch.o
                0x080111e8                sys_arch_protect
 .text.sys_arch_unprotect
                0x08011204       0x20 build/sys_arch.o
                0x08011204                sys_arch_unprotect
 .text.Reset_Handler
                0x08011224       0x50 build/startup_stm32f207xx.o
                0x08011224                Reset_Handler
 .text.Default_Handler
                0x08011274        0x2 build/startup_stm32f207xx.o
                0x08011274                RTC_Alarm_IRQHandler
                0x08011274                HASH_RNG_IRQHandler
                0x08011274                EXTI2_IRQHandler
                0x08011274                TIM8_CC_IRQHandler
                0x08011274                TIM1_CC_IRQHandler
                0x08011274                DMA2_Stream5_IRQHandler
                0x08011274                DMA1_Stream5_IRQHandler
                0x08011274                PVD_IRQHandler
                0x08011274                SDIO_IRQHandler
                0x08011274                TAMP_STAMP_IRQHandler
                0x08011274                CAN2_RX1_IRQHandler
                0x08011274                EXTI3_IRQHandler
                0x08011274                TIM8_TRG_COM_TIM14_IRQHandler
                0x08011274                TIM1_UP_TIM10_IRQHandler
                0x08011274                TIM8_UP_TIM13_IRQHandler
                0x08011274                I2C3_ER_IRQHandler
                0x08011274                EXTI0_IRQHandler
                0x08011274                I2C2_EV_IRQHandler
                0x08011274                DMA1_Stream2_IRQHandler
                0x08011274                CAN1_RX0_IRQHandler
                0x08011274                OTG_HS_WKUP_IRQHandler
                0x08011274                CAN2_SCE_IRQHandler
                0x08011274                DMA2_Stream2_IRQHandler
                0x08011274                SPI1_IRQHandler
                0x08011274                TIM6_DAC_IRQHandler
                0x08011274                TIM1_BRK_TIM9_IRQHandler
                0x08011274                DCMI_IRQHandler
                0x08011274                CAN2_RX0_IRQHandler
                0x08011274                DMA2_Stream3_IRQHandler
                0x08011274                USART6_IRQHandler
                0x08011274                CAN1_RX1_IRQHandler
                0x08011274                UART5_IRQHandler
                0x08011274                DMA2_Stream0_IRQHandler
                0x08011274                I2C1_EV_IRQHandler
                0x08011274                DMA1_Stream6_IRQHandler
                0x08011274                DMA1_Stream1_IRQHandler
                0x08011274                UART4_IRQHandler
                0x08011274                TIM3_IRQHandler
                0x08011274                RCC_IRQHandler
                0x08011274                TIM8_BRK_TIM12_IRQHandler
                0x08011274                Default_Handler
                0x08011274                EXTI15_10_IRQHandler
                0x08011274                ADC_IRQHandler
                0x08011274                DMA1_Stream7_IRQHandler
                0x08011274                TIM7_IRQHandler
                0x08011274                CAN2_TX_IRQHandler
                0x08011274                TIM5_IRQHandler
                0x08011274                DMA2_Stream7_IRQHandler
                0x08011274                I2C3_EV_IRQHandler
                0x08011274                EXTI9_5_IRQHandler
                0x08011274                RTC_WKUP_IRQHandler
                0x08011274                ETH_WKUP_IRQHandler
                0x08011274                SPI2_IRQHandler
                0x08011274                OTG_HS_EP1_IN_IRQHandler
                0x08011274                DMA1_Stream0_IRQHandler
                0x08011274                CAN1_TX_IRQHandler
                0x08011274                EXTI4_IRQHandler
                0x08011274                FSMC_IRQHandler
                0x08011274                OTG_HS_EP1_OUT_IRQHandler
                0x08011274                WWDG_IRQHandler
                0x08011274                TIM2_IRQHandler
                0x08011274                OTG_FS_WKUP_IRQHandler
                0x08011274                TIM1_TRG_COM_TIM11_IRQHandler
                0x08011274                OTG_HS_IRQHandler
                0x08011274                EXTI1_IRQHandler
                0x08011274                USART2_IRQHandler
                0x08011274                I2C2_ER_IRQHandler
                0x08011274                DMA2_Stream1_IRQHandler
                0x08011274                CAN1_SCE_IRQHandler
                0x08011274                FLASH_IRQHandler
                0x08011274                DMA2_Stream4_IRQHandler
                0x08011274                USART1_IRQHandler
                0x08011274                OTG_FS_IRQHandler
                0x08011274                SPI3_IRQHandler
                0x08011274                DMA1_Stream4_IRQHandler
                0x08011274                I2C1_ER_IRQHandler
                0x08011274                DMA2_Stream6_IRQHandler
                0x08011274                DMA1_Stream3_IRQHandler
 *fill*         0x08011276        0x2 
 .text.__libc_init_array
                0x08011278       0x48 c:/vsarm/armcc/10 2021.10/bin/../lib/gcc/arm-none-eabi/10.3.1/../../../../arm-none-eabi/lib/thumb/v7-m/nofp\libc_nano.a(lib_a-init.o)
                0x08011278                __libc_init_array
 .text.memcmp   0x080112c0       0x20 c:/vsarm/armcc/10 2021.10/bin/../lib/gcc/arm-none-eabi/10.3.1/../../../../arm-none-eabi/lib/thumb/v7-m/nofp\libc_nano.a(lib_a-memcmp.o)
                0x080112c0                memcmp
 .text.memcpy   0x080112e0       0x1c c:/vsarm/armcc/10 2021.10/bin/../lib/gcc/arm-none-eabi/10.3.1/../../../../arm-none-eabi/lib/thumb/v7-m/nofp\libc_nano.a(lib_a-memcpy-stub.o)
                0x080112e0                memcpy
 .text.memset   0x080112fc       0x10 c:/vsarm/armcc/10 2021.10/bin/../lib/gcc/arm-none-eabi/10.3.1/../../../../arm-none-eabi/lib/thumb/v7-m/nofp\libc_nano.a(lib_a-memset.o)
                0x080112fc                memset
 .text.printf   0x0801130c       0x30 c:/vsarm/armcc/10 2021.10/bin/../lib/gcc/arm-none-eabi/10.3.1/../../../../arm-none-eabi/lib/thumb/v7-m/nofp\libc_nano.a(lib_a-printf.o)
                0x0801130c                iprintf
                0x0801130c                printf
 .text.sprintf  0x0801133c       0x40 c:/vsarm/armcc/10 2021.10/bin/../lib/gcc/arm-none-eabi/10.3.1/../../../../arm-none-eabi/lib/thumb/v7-m/nofp\libc_nano.a(lib_a-sprintf.o)
                0x0801133c                siprintf
                0x0801133c                sprintf
 .text.std      0x0801137c       0x48 c:/vsarm/armcc/10 2021.10/bin/../lib/gcc/arm-none-eabi/10.3.1/../../../../arm-none-eabi/lib/thumb/v7-m/nofp\libc_nano.a(lib_a-findfp.o)
 .text._cleanup_r
                0x080113c4        0xc c:/vsarm/armcc/10 2021.10/bin/../lib/gcc/arm-none-eabi/10.3.1/../../../../arm-none-eabi/lib/thumb/v7-m/nofp\libc_nano.a(lib_a-findfp.o)
                0x080113c4                _cleanup_r
 .text.__sfmoreglue
                0x080113d0       0x2c c:/vsarm/armcc/10 2021.10/bin/../lib/gcc/arm-none-eabi/10.3.1/../../../../arm-none-eabi/lib/thumb/v7-m/nofp\libc_nano.a(lib_a-findfp.o)
                0x080113d0                __sfmoreglue
 .text.__sfp_lock_acquire
                0x080113fc        0xc c:/vsarm/armcc/10 2021.10/bin/../lib/gcc/arm-none-eabi/10.3.1/../../../../arm-none-eabi/lib/thumb/v7-m/nofp\libc_nano.a(lib_a-findfp.o)
                0x080113fc                __sfp_lock_acquire
 .text.__sfp_lock_release
                0x08011408        0xc c:/vsarm/armcc/10 2021.10/bin/../lib/gcc/arm-none-eabi/10.3.1/../../../../arm-none-eabi/lib/thumb/v7-m/nofp\libc_nano.a(lib_a-findfp.o)
                0x08011408                __sfp_lock_release
 .text.__sinit_lock_acquire
                0x08011414        0xc c:/vsarm/armcc/10 2021.10/bin/../lib/gcc/arm-none-eabi/10.3.1/../../../../arm-none-eabi/lib/thumb/v7-m/nofp\libc_nano.a(lib_a-findfp.o)
                0x08011414                __sinit_lock_acquire
 .text.__sinit_lock_release
                0x08011420        0xc c:/vsarm/armcc/10 2021.10/bin/../lib/gcc/arm-none-eabi/10.3.1/../../../../arm-none-eabi/lib/thumb/v7-m/nofp\libc_nano.a(lib_a-findfp.o)
                0x08011420                __sinit_lock_release
 .text.__sinit  0x0801142c       0x70 c:/vsarm/armcc/10 2021.10/bin/../lib/gcc/arm-none-eabi/10.3.1/../../../../arm-none-eabi/lib/thumb/v7-m/nofp\libc_nano.a(lib_a-findfp.o)
                0x0801142c                __sinit
 .text.__sfp    0x0801149c       0x8c c:/vsarm/armcc/10 2021.10/bin/../lib/gcc/arm-none-eabi/10.3.1/../../../../arm-none-eabi/lib/thumb/v7-m/nofp\libc_nano.a(lib_a-findfp.o)
                0x0801149c                __sfp
 .text._fwalk_reent
                0x08011528       0x3e c:/vsarm/armcc/10 2021.10/bin/../lib/gcc/arm-none-eabi/10.3.1/../../../../arm-none-eabi/lib/thumb/v7-m/nofp\libc_nano.a(lib_a-fwalk.o)
                0x08011528                _fwalk_reent
 .text.__retarget_lock_init_recursive
                0x08011566        0x2 c:/vsarm/armcc/10 2021.10/bin/../lib/gcc/arm-none-eabi/10.3.1/../../../../arm-none-eabi/lib/thumb/v7-m/nofp\libc_nano.a(lib_a-lock.o)
                0x08011566                __retarget_lock_init_recursive
 .text.__retarget_lock_acquire_recursive
                0x08011568        0x2 c:/vsarm/armcc/10 2021.10/bin/../lib/gcc/arm-none-eabi/10.3.1/../../../../arm-none-eabi/lib/thumb/v7-m/nofp\libc_nano.a(lib_a-lock.o)
                0x08011568                __retarget_lock_acquire_recursive
 .text.__retarget_lock_release_recursive
                0x0801156a        0x2 c:/vsarm/armcc/10 2021.10/bin/../lib/gcc/arm-none-eabi/10.3.1/../../../../arm-none-eabi/lib/thumb/v7-m/nofp\libc_nano.a(lib_a-lock.o)
                0x0801156a                __retarget_lock_release_recursive
 .text.sbrk_aligned
                0x0801156c       0x40 c:/vsarm/armcc/10 2021.10/bin/../lib/gcc/arm-none-eabi/10.3.1/../../../../arm-none-eabi/lib/thumb/v7-m/nofp\libc_nano.a(lib_a-nano-mallocr.o)
 .text._malloc_r
                0x080115ac       0xe8 c:/vsarm/armcc/10 2021.10/bin/../lib/gcc/arm-none-eabi/10.3.1/../../../../arm-none-eabi/lib/thumb/v7-m/nofp\libc_nano.a(lib_a-nano-mallocr.o)
                0x080115ac                _malloc_r
 .text.__ssputs_r
                0x08011694       0xb6 c:/vsarm/armcc/10 2021.10/bin/../lib/gcc/arm-none-eabi/10.3.1/../../../../arm-none-eabi/lib/thumb/v7-m/nofp\libc_nano.a(lib_a-nano-svfprintf.o)
                0x08011694                __ssputs_r
 *fill*         0x0801174a        0x2 
 .text._svfprintf_r
                0x0801174c      0x200 c:/vsarm/armcc/10 2021.10/bin/../lib/gcc/arm-none-eabi/10.3.1/../../../../arm-none-eabi/lib/thumb/v7-m/nofp\libc_nano.a(lib_a-nano-svfprintf.o)
                0x0801174c                _svfiprintf_r
                0x0801174c                _svfprintf_r
 .text.__sfputc_r
                0x0801194c       0x2a c:/vsarm/armcc/10 2021.10/bin/../lib/gcc/arm-none-eabi/10.3.1/../../../../arm-none-eabi/lib/thumb/v7-m/nofp\libc_nano.a(lib_a-nano-vfprintf.o)
 .text.__sfputs_r
                0x08011976       0x24 c:/vsarm/armcc/10 2021.10/bin/../lib/gcc/arm-none-eabi/10.3.1/../../../../arm-none-eabi/lib/thumb/v7-m/nofp\libc_nano.a(lib_a-nano-vfprintf.o)
                0x08011976                __sfputs_r
 *fill*         0x0801199a        0x2 
 .text._vfprintf_r
                0x0801199c      0x260 c:/vsarm/armcc/10 2021.10/bin/../lib/gcc/arm-none-eabi/10.3.1/../../../../arm-none-eabi/lib/thumb/v7-m/nofp\libc_nano.a(lib_a-nano-vfprintf.o)
                0x0801199c                _vfprintf_r
                0x0801199c                _vfiprintf_r
 .text._printf_common
                0x08011bfc       0xde c:/vsarm/armcc/10 2021.10/bin/../lib/gcc/arm-none-eabi/10.3.1/../../../../arm-none-eabi/lib/thumb/v7-m/nofp\libc_nano.a(lib_a-nano-vfprintf_i.o)
                0x08011bfc                _printf_common
 *fill*         0x08011cda        0x2 
 .text._printf_i
                0x08011cdc      0x24c c:/vsarm/armcc/10 2021.10/bin/../lib/gcc/arm-none-eabi/10.3.1/../../../../arm-none-eabi/lib/thumb/v7-m/nofp\libc_nano.a(lib_a-nano-vfprintf_i.o)
                0x08011cdc                _printf_i
 .text._sbrk_r  0x08011f28       0x20 c:/vsarm/armcc/10 2021.10/bin/../lib/gcc/arm-none-eabi/10.3.1/../../../../arm-none-eabi/lib/thumb/v7-m/nofp\libc_nano.a(lib_a-sbrkr.o)
                0x08011f28                _sbrk_r
 .text.__sread  0x08011f48       0x22 c:/vsarm/armcc/10 2021.10/bin/../lib/gcc/arm-none-eabi/10.3.1/../../../../arm-none-eabi/lib/thumb/v7-m/nofp\libc_nano.a(lib_a-stdio.o)
                0x08011f48                __sread
 .text.__swrite
                0x08011f6a       0x38 c:/vsarm/armcc/10 2021.10/bin/../lib/gcc/arm-none-eabi/10.3.1/../../../../arm-none-eabi/lib/thumb/v7-m/nofp\libc_nano.a(lib_a-stdio.o)
                0x08011f6a                __swrite
 .text.__sseek  0x08011fa2       0x24 c:/vsarm/armcc/10 2021.10/bin/../lib/gcc/arm-none-eabi/10.3.1/../../../../arm-none-eabi/lib/thumb/v7-m/nofp\libc_nano.a(lib_a-stdio.o)
                0x08011fa2                __sseek
 .text.__sclose
                0x08011fc6        0x8 c:/vsarm/armcc/10 2021.10/bin/../lib/gcc/arm-none-eabi/10.3.1/../../../../arm-none-eabi/lib/thumb/v7-m/nofp\libc_nano.a(lib_a-stdio.o)
                0x08011fc6                __sclose
 *fill*         0x08011fce        0x2 
 .text.__swbuf_r
                0x08011fd0       0xa4 c:/vsarm/armcc/10 2021.10/bin/../lib/gcc/arm-none-eabi/10.3.1/../../../../arm-none-eabi/lib/thumb/v7-m/nofp\libc_nano.a(lib_a-wbuf.o)
                0x08011fd0                __swbuf_r
 .text._write_r
                0x08012074       0x24 c:/vsarm/armcc/10 2021.10/bin/../lib/gcc/arm-none-eabi/10.3.1/../../../../arm-none-eabi/lib/thumb/v7-m/nofp\libc_nano.a(lib_a-writer.o)
                0x08012074                _write_r
 .text.__swsetup_r
                0x08012098       0xdc c:/vsarm/armcc/10 2021.10/bin/../lib/gcc/arm-none-eabi/10.3.1/../../../../arm-none-eabi/lib/thumb/v7-m/nofp\libc_nano.a(lib_a-wsetup.o)
                0x08012098                __swsetup_r
 .text._close_r
                0x08012174       0x20 c:/vsarm/armcc/10 2021.10/bin/../lib/gcc/arm-none-eabi/10.3.1/../../../../arm-none-eabi/lib/thumb/v7-m/nofp\libc_nano.a(lib_a-closer.o)
                0x08012174                _close_r
 .text.__sflush_r
                0x08012194      0x104 c:/vsarm/armcc/10 2021.10/bin/../lib/gcc/arm-none-eabi/10.3.1/../../../../arm-none-eabi/lib/thumb/v7-m/nofp\libc_nano.a(lib_a-fflush.o)
                0x08012194                __sflush_r
 .text._fflush_r
                0x08012298       0x78 c:/vsarm/armcc/10 2021.10/bin/../lib/gcc/arm-none-eabi/10.3.1/../../../../arm-none-eabi/lib/thumb/v7-m/nofp\libc_nano.a(lib_a-fflush.o)
                0x08012298                _fflush_r
 .text._lseek_r
                0x08012310       0x24 c:/vsarm/armcc/10 2021.10/bin/../lib/gcc/arm-none-eabi/10.3.1/../../../../arm-none-eabi/lib/thumb/v7-m/nofp\libc_nano.a(lib_a-lseekr.o)
                0x08012310                _lseek_r
 .text.__swhatbuf_r
                0x08012334       0x4a c:/vsarm/armcc/10 2021.10/bin/../lib/gcc/arm-none-eabi/10.3.1/../../../../arm-none-eabi/lib/thumb/v7-m/nofp\libc_nano.a(lib_a-makebuf.o)
                0x08012334                __swhatbuf_r
 *fill*         0x0801237e        0x2 
 .text.__smakebuf_r
                0x08012380       0x80 c:/vsarm/armcc/10 2021.10/bin/../lib/gcc/arm-none-eabi/10.3.1/../../../../arm-none-eabi/lib/thumb/v7-m/nofp\libc_nano.a(lib_a-makebuf.o)
                0x08012380                __smakebuf_r
 .text.memchr   0x08012400       0x1c c:/vsarm/armcc/10 2021.10/bin/../lib/gcc/arm-none-eabi/10.3.1/../../../../arm-none-eabi/lib/thumb/v7-m/nofp\libc_nano.a(lib_a-memchr-stub.o)
                0x08012400                memchr
 .text.memmove  0x0801241c       0x34 c:/vsarm/armcc/10 2021.10/bin/../lib/gcc/arm-none-eabi/10.3.1/../../../../arm-none-eabi/lib/thumb/v7-m/nofp\libc_nano.a(lib_a-memmove.o)
                0x0801241c                memmove
 .text.__malloc_lock
                0x08012450        0xc c:/vsarm/armcc/10 2021.10/bin/../lib/gcc/arm-none-eabi/10.3.1/../../../../arm-none-eabi/lib/thumb/v7-m/nofp\libc_nano.a(lib_a-mlock.o)
                0x08012450                __malloc_lock
 .text.__malloc_unlock
                0x0801245c        0xc c:/vsarm/armcc/10 2021.10/bin/../lib/gcc/arm-none-eabi/10.3.1/../../../../arm-none-eabi/lib/thumb/v7-m/nofp\libc_nano.a(lib_a-mlock.o)
                0x0801245c                __malloc_unlock
 .text._free_r  0x08012468       0x90 c:/vsarm/armcc/10 2021.10/bin/../lib/gcc/arm-none-eabi/10.3.1/../../../../arm-none-eabi/lib/thumb/v7-m/nofp\libc_nano.a(lib_a-nano-freer.o)
                0x08012468                _free_r
 .text._realloc_r
                0x080124f8       0x5e c:/vsarm/armcc/10 2021.10/bin/../lib/gcc/arm-none-eabi/10.3.1/../../../../arm-none-eabi/lib/thumb/v7-m/nofp\libc_nano.a(lib_a-nano-reallocr.o)
                0x080124f8                _realloc_r
 *fill*         0x08012556        0x2 
 .text._read_r  0x08012558       0x24 c:/vsarm/armcc/10 2021.10/bin/../lib/gcc/arm-none-eabi/10.3.1/../../../../arm-none-eabi/lib/thumb/v7-m/nofp\libc_nano.a(lib_a-readr.o)
                0x08012558                _read_r
 .text._fstat_r
                0x0801257c       0x24 c:/vsarm/armcc/10 2021.10/bin/../lib/gcc/arm-none-eabi/10.3.1/../../../../arm-none-eabi/lib/thumb/v7-m/nofp\libc_nano.a(lib_a-fstatr.o)
                0x0801257c                _fstat_r
 .text._isatty_r
                0x080125a0       0x20 c:/vsarm/armcc/10 2021.10/bin/../lib/gcc/arm-none-eabi/10.3.1/../../../../arm-none-eabi/lib/thumb/v7-m/nofp\libc_nano.a(lib_a-isattyr.o)
                0x080125a0                _isatty_r
 .text._malloc_usable_size_r
                0x080125c0       0x10 c:/vsarm/armcc/10 2021.10/bin/../lib/gcc/arm-none-eabi/10.3.1/../../../../arm-none-eabi/lib/thumb/v7-m/nofp\libc_nano.a(lib_a-nano-msizer.o)
                0x080125c0                _malloc_usable_size_r
 .text._close   0x080125d0       0x10 c:/vsarm/armcc/10 2021.10/bin/../lib/gcc/arm-none-eabi/10.3.1/../../../../arm-none-eabi/lib/thumb/v7-m/nofp\libnosys.a(close.o)
                0x080125d0                _close
 .text._fstat   0x080125e0       0x10 c:/vsarm/armcc/10 2021.10/bin/../lib/gcc/arm-none-eabi/10.3.1/../../../../arm-none-eabi/lib/thumb/v7-m/nofp\libnosys.a(fstat.o)
                0x080125e0                _fstat
 .text._isatty  0x080125f0       0x10 c:/vsarm/armcc/10 2021.10/bin/../lib/gcc/arm-none-eabi/10.3.1/../../../../arm-none-eabi/lib/thumb/v7-m/nofp\libnosys.a(isatty.o)
                0x080125f0                _isatty
 .text._lseek   0x08012600       0x10 c:/vsarm/armcc/10 2021.10/bin/../lib/gcc/arm-none-eabi/10.3.1/../../../../arm-none-eabi/lib/thumb/v7-m/nofp\libnosys.a(lseek.o)
                0x08012600                _lseek
 .text._read    0x08012610       0x10 c:/vsarm/armcc/10 2021.10/bin/../lib/gcc/arm-none-eabi/10.3.1/../../../../arm-none-eabi/lib/thumb/v7-m/nofp\libnosys.a(read.o)
                0x08012610                _read
 .text._sbrk    0x08012620       0x1c c:/vsarm/armcc/10 2021.10/bin/../lib/gcc/arm-none-eabi/10.3.1/../../../../arm-none-eabi/lib/thumb/v7-m/nofp\libnosys.a(sbrk.o)
                0x08012620                _sbrk
 .text._write   0x0801263c       0x10 c:/vsarm/armcc/10 2021.10/bin/../lib/gcc/arm-none-eabi/10.3.1/../../../../arm-none-eabi/lib/thumb/v7-m/nofp\libnosys.a(write.o)
                0x0801263c                _write
 *(.glue_7)
 .glue_7        0x0801264c        0x0 linker stubs
 *(.glue_7t)
 .glue_7t       0x0801264c        0x0 linker stubs
 *(.eh_frame)
 .eh_frame      0x0801264c        0x0 c:/vsarm/armcc/10 2021.10/bin/../lib/gcc/arm-none-eabi/10.3.1/thumb/v7-m/nofp/crtbegin.o
 *(.init)
 .init          0x0801264c        0x4 c:/vsarm/armcc/10 2021.10/bin/../lib/gcc/arm-none-eabi/10.3.1/thumb/v7-m/nofp/crti.o
                0x0801264c                _init
 .init          0x08012650        0x8 c:/vsarm/armcc/10 2021.10/bin/../lib/gcc/arm-none-eabi/10.3.1/thumb/v7-m/nofp/crtn.o
 *(.fini)
 .fini          0x08012658        0x4 c:/vsarm/armcc/10 2021.10/bin/../lib/gcc/arm-none-eabi/10.3.1/thumb/v7-m/nofp/crti.o
                0x08012658                _fini
 .fini          0x0801265c        0x8 c:/vsarm/armcc/10 2021.10/bin/../lib/gcc/arm-none-eabi/10.3.1/thumb/v7-m/nofp/crtn.o
                0x08012664                . = ALIGN (0x4)
                0x08012664                _etext = .

.vfp11_veneer   0x08012664        0x0
 .vfp11_veneer  0x08012664        0x0 linker stubs

.v4_bx          0x08012664        0x0
 .v4_bx         0x08012664        0x0 linker stubs

.iplt           0x08012664        0x0
 .iplt          0x08012664        0x0 c:/vsarm/armcc/10 2021.10/bin/../lib/gcc/arm-none-eabi/10.3.1/thumb/v7-m/nofp/crtbegin.o

.rodata         0x08012664     0x2494
                0x08012664                . = ALIGN (0x4)
 *(.rodata)
 .rodata        0x08012664      0x39c build/main.o
 .rodata        0x08012a00       0xb1 build/sio.o
 *fill*         0x08012ab1        0x3 
 .rodata        0x08012ab4       0x5c build/ethernetif.o
 .rodata        0x08012b10        0x8 build/lwip.o
 .rodata        0x08012b18        0x5 build/tasks.o
 *fill*         0x08012b1d        0x3 
 .rodata        0x08012b20        0xd build/timers.o
 *fill*         0x08012b2d        0x3 
 .rodata        0x08012b30       0x90 build/ethernet.o
 .rodata        0x08012bc0       0x98 build/slipif.o
 .rodata        0x08012c58       0xdd build/tcpip.o
 *fill*         0x08012d35        0x3 
 .rodata        0x08012d38      0x213 build/mem.o
 *fill*         0x08012f4b        0x1 
 .rodata        0x08012f4c       0xeb build/memp.o
 *fill*         0x08013037        0x1 
 .rodata        0x08013038       0x70 build/netif.o
 .rodata        0x080130a8      0x509 build/pbuf.o
 *fill*         0x080135b1        0x3 
 .rodata        0x080135b4      0x477 build/tcp.o
 *fill*         0x08013a2b        0x1 
 .rodata        0x08013a2c      0x381 build/tcp_in.o
 *fill*         0x08013dad        0x3 
 .rodata        0x08013db0      0x43f build/tcp_out.o
 *fill*         0x080141ef        0x1 
 .rodata        0x080141f0       0x9c build/timeouts.o
 .rodata        0x0801428c       0x96 build/udp.o
 *fill*         0x08014322        0x2 
 .rodata        0x08014324      0x261 build/etharp.o
 *fill*         0x08014585        0x3 
 .rodata        0x08014588       0xf4 build/icmp.o
 .rodata        0x0801467c       0x95 build/ip4.o
 *fill*         0x08014711        0x3 
 .rodata        0x08014714      0x1ec build/ip4_frag.o
 *(.rodata*)
 .rodata.defaultTask_attributes
                0x08014900       0x24 build/main.o
                0x08014900                defaultTask_attributes
 .rodata.AHBPrescTable
                0x08014924       0x10 build/system_stm32f2xx.o
                0x08014924                AHBPrescTable
 .rodata.APBPrescTable
                0x08014934        0x8 build/system_stm32f2xx.o
                0x08014934                APBPrescTable
 .rodata.ethbroadcast
                0x0801493c        0x6 build/ethernet.o
                0x0801493c                ethbroadcast
 *fill*         0x08014942        0x2 
 .rodata.ethzero
                0x08014944        0x6 build/ethernet.o
                0x08014944                ethzero
 *fill*         0x0801494a        0x2 
 .rodata.memp_UDP_PCB
                0x0801494c        0xc build/memp.o
                0x0801494c                memp_UDP_PCB
 .rodata.memp_TCP_PCB
                0x08014958        0xc build/memp.o
                0x08014958                memp_TCP_PCB
 .rodata.memp_TCP_PCB_LISTEN
                0x08014964        0xc build/memp.o
                0x08014964                memp_TCP_PCB_LISTEN
 .rodata.memp_TCP_SEG
                0x08014970        0xc build/memp.o
                0x08014970                memp_TCP_SEG
 .rodata.memp_REASSDATA
                0x0801497c        0xc build/memp.o
                0x0801497c                memp_REASSDATA
 .rodata.memp_FRAG_PBUF
                0x08014988        0xc build/memp.o
                0x08014988                memp_FRAG_PBUF
 .rodata.memp_NETBUF
                0x08014994        0xc build/memp.o
                0x08014994                memp_NETBUF
 .rodata.memp_NETCONN
                0x080149a0        0xc build/memp.o
                0x080149a0                memp_NETCONN
 .rodata.memp_TCPIP_MSG_API
                0x080149ac        0xc build/memp.o
                0x080149ac                memp_TCPIP_MSG_API
 .rodata.memp_TCPIP_MSG_INPKT
                0x080149b8        0xc build/memp.o
                0x080149b8                memp_TCPIP_MSG_INPKT
 .rodata.memp_SYS_TIMEOUT
                0x080149c4        0xc build/memp.o
                0x080149c4                memp_SYS_TIMEOUT
 .rodata.memp_PBUF
                0x080149d0        0xc build/memp.o
                0x080149d0                memp_PBUF
 .rodata.memp_PBUF_POOL
                0x080149dc        0xc build/memp.o
                0x080149dc                memp_PBUF_POOL
 .rodata.memp_pools
                0x080149e8       0x34 build/memp.o
                0x080149e8                memp_pools
 .rodata.tcp_backoff
                0x08014a1c        0xd build/tcp.o
 *fill*         0x08014a29        0x3 
 .rodata.tcp_persist_backoff
                0x08014a2c        0x7 build/tcp.o
 *fill*         0x08014a33        0x1 
 .rodata.tcp_pcb_lists
                0x08014a34       0x10 build/tcp.o
                0x08014a34                tcp_pcb_lists
 .rodata.lwip_cyclic_timers
                0x08014a44       0x18 build/timeouts.o
                0x08014a44                lwip_cyclic_timers
 .rodata.ip_addr_any
                0x08014a5c        0x4 build/ip4_addr.o
                0x08014a5c                ip_addr_any
 .rodata._global_impure_ptr
                0x08014a60        0x4 c:/vsarm/armcc/10 2021.10/bin/../lib/gcc/arm-none-eabi/10.3.1/../../../../arm-none-eabi/lib/thumb/v7-m/nofp\libc_nano.a(lib_a-impure.o)
                0x08014a60                _global_impure_ptr
 .rodata.__sf_fake_stderr
                0x08014a64       0x20 c:/vsarm/armcc/10 2021.10/bin/../lib/gcc/arm-none-eabi/10.3.1/../../../../arm-none-eabi/lib/thumb/v7-m/nofp\libc_nano.a(lib_a-findfp.o)
                0x08014a64                __sf_fake_stderr
 .rodata.__sf_fake_stdin
                0x08014a84       0x20 c:/vsarm/armcc/10 2021.10/bin/../lib/gcc/arm-none-eabi/10.3.1/../../../../arm-none-eabi/lib/thumb/v7-m/nofp\libc_nano.a(lib_a-findfp.o)
                0x08014a84                __sf_fake_stdin
 .rodata.__sf_fake_stdout
                0x08014aa4       0x20 c:/vsarm/armcc/10 2021.10/bin/../lib/gcc/arm-none-eabi/10.3.1/../../../../arm-none-eabi/lib/thumb/v7-m/nofp\libc_nano.a(lib_a-findfp.o)
                0x08014aa4                __sf_fake_stdout
 .rodata._svfprintf_r.str1.1
                0x08014ac4       0x11 c:/vsarm/armcc/10 2021.10/bin/../lib/gcc/arm-none-eabi/10.3.1/../../../../arm-none-eabi/lib/thumb/v7-m/nofp\libc_nano.a(lib_a-nano-svfprintf.o)
 .rodata._vfprintf_r.str1.1
                0x08014ad5       0x11 c:/vsarm/armcc/10 2021.10/bin/../lib/gcc/arm-none-eabi/10.3.1/../../../../arm-none-eabi/lib/thumb/v7-m/nofp\libc_nano.a(lib_a-nano-vfprintf.o)
 .rodata._printf_i.str1.1
                0x08014ad5       0x22 c:/vsarm/armcc/10 2021.10/bin/../lib/gcc/arm-none-eabi/10.3.1/../../../../arm-none-eabi/lib/thumb/v7-m/nofp\libc_nano.a(lib_a-nano-vfprintf_i.o)
                0x08014af8                . = ALIGN (0x4)
 *fill*         0x08014af7        0x1 

.ARM.extab
 *(.ARM.extab* .gnu.linkonce.armextab.*)

.ARM            0x08014af8        0x8
                0x08014af8                __exidx_start = .
 *(.ARM.exidx*)
 .ARM.exidx     0x08014af8        0x8 c:/vsarm/armcc/10 2021.10/bin/../lib/gcc/arm-none-eabi/10.3.1/thumb/v7-m/nofp\libgcc.a(_udivmoddi4.o)
                0x08014b00                __exidx_end = .

.rel.dyn        0x08014b00        0x0
 .rel.iplt      0x08014b00        0x0 c:/vsarm/armcc/10 2021.10/bin/../lib/gcc/arm-none-eabi/10.3.1/thumb/v7-m/nofp/crtbegin.o

.preinit_array  0x08014b00        0x0
                0x08014b00                PROVIDE (__preinit_array_start = .)
 *(.preinit_array*)
                0x08014b00                PROVIDE (__preinit_array_end = .)

.init_array     0x08014b00        0x4
                0x08014b00                PROVIDE (__init_array_start = .)
 *(SORT_BY_NAME(.init_array.*))
 *(.init_array*)
 .init_array    0x08014b00        0x4 c:/vsarm/armcc/10 2021.10/bin/../lib/gcc/arm-none-eabi/10.3.1/thumb/v7-m/nofp/crtbegin.o
                0x08014b04                PROVIDE (__init_array_end = .)

.fini_array     0x08014b04        0x4
                [!provide]                PROVIDE (__fini_array_start = .)
 *(SORT_BY_NAME(.fini_array.*))
 *(.fini_array*)
 .fini_array    0x08014b04        0x4 c:/vsarm/armcc/10 2021.10/bin/../lib/gcc/arm-none-eabi/10.3.1/thumb/v7-m/nofp/crtbegin.o
                [!provide]                PROVIDE (__fini_array_end = .)
                0x08014b08                _sidata = LOADADDR (.data)

.data           0x20000000       0x78 load address 0x08014b08
                0x20000000                . = ALIGN (0x4)
                0x20000000                _sdata = .
 *(.data)
 *(.data*)
 .data.uwTickPrio
                0x20000000        0x4 build/stm32f2xx_hal.o
                0x20000000                uwTickPrio
 .data.uwTickFreq
                0x20000004        0x1 build/stm32f2xx_hal.o
                0x20000004                uwTickFreq
 *fill*         0x20000005        0x3 
 .data.SystemCoreClock
                0x20000008        0x4 build/system_stm32f2xx.o
                0x20000008                SystemCoreClock
 .data.uxCriticalNesting
                0x2000000c        0x4 build/port.o
 .data.iss.0    0x20000010        0x4 build/tcp.o
 .data._impure_ptr
                0x20000014        0x4 c:/vsarm/armcc/10 2021.10/bin/../lib/gcc/arm-none-eabi/10.3.1/../../../../arm-none-eabi/lib/thumb/v7-m/nofp\libc_nano.a(lib_a-impure.o)
                0x20000014                _impure_ptr
 .data.impure_data
                0x20000018       0x60 c:/vsarm/armcc/10 2021.10/bin/../lib/gcc/arm-none-eabi/10.3.1/../../../../arm-none-eabi/lib/thumb/v7-m/nofp\libc_nano.a(lib_a-impure.o)
                0x20000078                . = ALIGN (0x4)
                0x20000078                _edata = .

.igot.plt       0x20000078        0x0 load address 0x08014b80
 .igot.plt      0x20000078        0x0 c:/vsarm/armcc/10 2021.10/bin/../lib/gcc/arm-none-eabi/10.3.1/thumb/v7-m/nofp/crtbegin.o
                0x20000078                . = ALIGN (0x4)

.bss            0x20000078     0xf54c load address 0x08014b80
                0x20000078                _sbss = .
                0x20000078                __bss_start__ = _sbss
 *(.bss)
 .bss           0x20000078       0x1c c:/vsarm/armcc/10 2021.10/bin/../lib/gcc/arm-none-eabi/10.3.1/thumb/v7-m/nofp/crtbegin.o
 *(.bss*)
 .bss.huart3    0x20000094       0x44 build/main.o
                0x20000094                huart3
 .bss.defaultTaskHandle
                0x200000d8        0x4 build/main.o
                0x200000d8                defaultTaskHandle
 .bss.queueUART
                0x200000dc        0x4 build/sio.o
                0x200000dc                queueUART
 .bss.errorUartSR
                0x200000e0        0x4 build/sio.o
                0x200000e0                errorUartSR
 .bss.htim4     0x200000e4       0x48 build/stm32f2xx_hal_timebase_tim.o
                0x200000e4                htim4
 .bss.DMARxDscrTab
                0x2000012c       0x80 build/ethernetif.o
                0x2000012c                DMARxDscrTab
 .bss.DMATxDscrTab
                0x200001ac       0x80 build/ethernetif.o
                0x200001ac                DMATxDscrTab
 .bss.Rx_Buff   0x2000022c     0x17d0 build/ethernetif.o
                0x2000022c                Rx_Buff
 .bss.Tx_Buff   0x200019fc     0x17d0 build/ethernetif.o
                0x200019fc                Tx_Buff
 .bss.s_xSemaphore
                0x200031cc        0x4 build/ethernetif.o
                0x200031cc                s_xSemaphore
 .bss.heth      0x200031d0       0x48 build/ethernetif.o
                0x200031d0                heth
 .bss.Netif_LinkSemaphore
                0x20003218        0x4 build/lwip.o
                0x20003218                Netif_LinkSemaphore
 .bss.link_arg  0x2000321c        0x8 build/lwip.o
                0x2000321c                link_arg
 .bss.gnetif    0x20003224       0x34 build/lwip.o
                0x20003224                gnetif
 .bss.ipaddr    0x20003258        0x4 build/lwip.o
                0x20003258                ipaddr
 .bss.netmask   0x2000325c        0x4 build/lwip.o
                0x2000325c                netmask
 .bss.gw        0x20003260        0x4 build/lwip.o
                0x20003260                gw
 .bss.IP_ADDRESS
                0x20003264        0x4 build/lwip.o
                0x20003264                IP_ADDRESS
 .bss.NETMASK_ADDRESS
                0x20003268        0x4 build/lwip.o
                0x20003268                NETMASK_ADDRESS
 .bss.GATEWAY_ADDRESS
                0x2000326c        0x4 build/lwip.o
                0x2000326c                GATEWAY_ADDRESS
 .bss.attributes
                0x20003270       0x24 build/lwip.o
                0x20003270                attributes
 .bss.uwTick    0x20003294        0x4 build/stm32f2xx_hal.o
                0x20003294                uwTick
 .bss.xQueueRegistry
                0x20003298       0x40 build/queue.o
                0x20003298                xQueueRegistry
 .bss.pxCurrentTCB
                0x200032d8        0x4 build/tasks.o
                0x200032d8                pxCurrentTCB
 .bss.pxReadyTasksLists
                0x200032dc      0x460 build/tasks.o
 .bss.xDelayedTaskList1
                0x2000373c       0x14 build/tasks.o
 .bss.xDelayedTaskList2
                0x20003750       0x14 build/tasks.o
 .bss.pxDelayedTaskList
                0x20003764        0x4 build/tasks.o
 .bss.pxOverflowDelayedTaskList
                0x20003768        0x4 build/tasks.o
 .bss.xPendingReadyList
                0x2000376c       0x14 build/tasks.o
 .bss.xTasksWaitingTermination
                0x20003780       0x14 build/tasks.o
 .bss.uxDeletedTasksWaitingCleanUp
                0x20003794        0x4 build/tasks.o
 .bss.xSuspendedTaskList
                0x20003798       0x14 build/tasks.o
 .bss.uxCurrentNumberOfTasks
                0x200037ac        0x4 build/tasks.o
 .bss.xTickCount
                0x200037b0        0x4 build/tasks.o
 .bss.uxTopReadyPriority
                0x200037b4        0x4 build/tasks.o
 .bss.xSchedulerRunning
                0x200037b8        0x4 build/tasks.o
 .bss.uxPendedTicks
                0x200037bc        0x4 build/tasks.o
 .bss.xYieldPending
                0x200037c0        0x4 build/tasks.o
 .bss.xNumOfOverflows
                0x200037c4        0x4 build/tasks.o
 .bss.uxTaskNumber
                0x200037c8        0x4 build/tasks.o
 .bss.xNextTaskUnblockTime
                0x200037cc        0x4 build/tasks.o
 .bss.xIdleTaskHandle
                0x200037d0        0x4 build/tasks.o
 .bss.uxSchedulerSuspended
                0x200037d4        0x4 build/tasks.o
 .bss.xActiveTimerList1
                0x200037d8       0x14 build/timers.o
 .bss.xActiveTimerList2
                0x200037ec       0x14 build/timers.o
 .bss.pxCurrentTimerList
                0x20003800        0x4 build/timers.o
 .bss.pxOverflowTimerList
                0x20003804        0x4 build/timers.o
 .bss.xTimerQueue
                0x20003808        0x4 build/timers.o
 .bss.xTimerTaskHandle
                0x2000380c        0x4 build/timers.o
 .bss.xLastTime.2
                0x20003810        0x4 build/timers.o
 .bss.ucStaticTimerQueueStorage.1
                0x20003814       0xa0 build/timers.o
 .bss.xStaticTimerQueue.0
                0x200038b4       0x50 build/timers.o
 .bss.KernelState
                0x20003904        0x4 build/cmsis_os2.o
 .bss.Idle_TCB  0x20003908       0x5c build/cmsis_os2.o
 .bss.Idle_Stack
                0x20003964      0x200 build/cmsis_os2.o
 .bss.Timer_TCB
                0x20003b64       0x5c build/cmsis_os2.o
 .bss.Timer_Stack
                0x20003bc0      0x400 build/cmsis_os2.o
 .bss.ucHeap    0x20003fc0     0x7d00 build/heap_4.o
 .bss.xStart    0x2000bcc0        0x8 build/heap_4.o
 .bss.pxEnd     0x2000bcc8        0x4 build/heap_4.o
 .bss.xFreeBytesRemaining
                0x2000bccc        0x4 build/heap_4.o
 .bss.xMinimumEverFreeBytesRemaining
                0x2000bcd0        0x4 build/heap_4.o
 .bss.xBlockAllocatedBit
                0x2000bcd4        0x4 build/heap_4.o
 .bss.ucMaxSysCallPriority
                0x2000bcd8        0x1 build/port.o
 *fill*         0x2000bcd9        0x3 
 .bss.ulMaxPRIGROUPValue
                0x2000bcdc        0x4 build/port.o
 .bss.tcpip_init_done
                0x2000bce0        0x4 build/tcpip.o
 .bss.tcpip_init_done_arg
                0x2000bce4        0x4 build/tcpip.o
 .bss.mbox      0x2000bce8        0x4 build/tcpip.o
 .bss.lock_tcpip_core
                0x2000bcec        0x4 build/tcpip.o
                0x2000bcec                lock_tcpip_core
 .bss.ip_data   0x2000bcf0       0x18 build/ip.o
                0x2000bcf0                ip_data
 .bss.ram_heap  0x2000bd08      0x653 build/mem.o
                0x2000bd08                ram_heap
 *fill*         0x2000c35b        0x1 
 .bss.ram       0x2000c35c        0x4 build/mem.o
 .bss.ram_end   0x2000c360        0x4 build/mem.o
 .bss.lfree     0x2000c364        0x4 build/mem.o
 .bss.mem_mutex
                0x2000c368        0x4 build/mem.o
 .bss.memp_memory_UDP_PCB_base
                0x2000c36c       0x83 build/memp.o
                0x2000c36c                memp_memory_UDP_PCB_base
 *fill*         0x2000c3ef        0x1 
 .bss.memp_tab_UDP_PCB
                0x2000c3f0        0x4 build/memp.o
 .bss.memp_memory_TCP_PCB_base
                0x2000c3f4      0x2fb build/memp.o
                0x2000c3f4                memp_memory_TCP_PCB_base
 *fill*         0x2000c6ef        0x1 
 .bss.memp_tab_TCP_PCB
                0x2000c6f0        0x4 build/memp.o
 .bss.memp_memory_TCP_PCB_LISTEN_base
                0x2000c6f4       0xe3 build/memp.o
                0x2000c6f4                memp_memory_TCP_PCB_LISTEN_base
 *fill*         0x2000c7d7        0x1 
 .bss.memp_tab_TCP_PCB_LISTEN
                0x2000c7d8        0x4 build/memp.o
 .bss.memp_memory_TCP_SEG_base
                0x2000c7dc      0x103 build/memp.o
                0x2000c7dc                memp_memory_TCP_SEG_base
 *fill*         0x2000c8df        0x1 
 .bss.memp_tab_TCP_SEG
                0x2000c8e0        0x4 build/memp.o
 .bss.memp_memory_REASSDATA_base
                0x2000c8e4       0xa3 build/memp.o
                0x2000c8e4                memp_memory_REASSDATA_base
 *fill*         0x2000c987        0x1 
 .bss.memp_tab_REASSDATA
                0x2000c988        0x4 build/memp.o
 .bss.memp_memory_FRAG_PBUF_base
                0x2000c98c      0x16b build/memp.o
                0x2000c98c                memp_memory_FRAG_PBUF_base
 *fill*         0x2000caf7        0x1 
 .bss.memp_tab_FRAG_PBUF
                0x2000caf8        0x4 build/memp.o
 .bss.memp_memory_NETBUF_base
                0x2000cafc       0x23 build/memp.o
                0x2000cafc                memp_memory_NETBUF_base
 *fill*         0x2000cb1f        0x1 
 .bss.memp_tab_NETBUF
                0x2000cb20        0x4 build/memp.o
 .bss.memp_memory_NETCONN_base
                0x2000cb24       0xb3 build/memp.o
                0x2000cb24                memp_memory_NETCONN_base
 *fill*         0x2000cbd7        0x1 
 .bss.memp_tab_NETCONN
                0x2000cbd8        0x4 build/memp.o
 .bss.memp_memory_TCPIP_MSG_API_base
                0x2000cbdc       0x83 build/memp.o
                0x2000cbdc                memp_memory_TCPIP_MSG_API_base
 *fill*         0x2000cc5f        0x1 
 .bss.memp_tab_TCPIP_MSG_API
                0x2000cc60        0x4 build/memp.o
 .bss.memp_memory_TCPIP_MSG_INPKT_base
                0x2000cc64       0x83 build/memp.o
                0x2000cc64                memp_memory_TCPIP_MSG_INPKT_base
 *fill*         0x2000cce7        0x1 
 .bss.memp_tab_TCPIP_MSG_INPKT
                0x2000cce8        0x4 build/memp.o
 .bss.memp_memory_SYS_TIMEOUT_base
                0x2000ccec       0x33 build/memp.o
                0x2000ccec                memp_memory_SYS_TIMEOUT_base
 *fill*         0x2000cd1f        0x1 
 .bss.memp_tab_SYS_TIMEOUT
                0x2000cd20        0x4 build/memp.o
 .bss.memp_memory_PBUF_base
                0x2000cd24      0x103 build/memp.o
                0x2000cd24                memp_memory_PBUF_base
 *fill*         0x2000ce27        0x1 
 .bss.memp_tab_PBUF
                0x2000ce28        0x4 build/memp.o
 .bss.memp_memory_PBUF_POOL_base
                0x2000ce2c     0x2603 build/memp.o
                0x2000ce2c                memp_memory_PBUF_POOL_base
 *fill*         0x2000f42f        0x1 
 .bss.memp_tab_PBUF_POOL
                0x2000f430        0x4 build/memp.o
 .bss.netif_list
                0x2000f434        0x4 build/netif.o
                0x2000f434                netif_list
 .bss.netif_default
                0x2000f438        0x4 build/netif.o
                0x2000f438                netif_default
 .bss.netif_num
                0x2000f43c        0x1 build/netif.o
 .bss.pbuf_free_ooseq_pending
                0x2000f43d        0x1 build/pbuf.o
                0x2000f43d                pbuf_free_ooseq_pending
 *fill*         0x2000f43e        0x2 
 .bss.tcp_ticks
                0x2000f440        0x4 build/tcp.o
                0x2000f440                tcp_ticks
 .bss.tcp_bound_pcbs
                0x2000f444        0x4 build/tcp.o
                0x2000f444                tcp_bound_pcbs
 .bss.tcp_listen_pcbs
                0x2000f448        0x4 build/tcp.o
                0x2000f448                tcp_listen_pcbs
 .bss.tcp_active_pcbs
                0x2000f44c        0x4 build/tcp.o
                0x2000f44c                tcp_active_pcbs
 .bss.tcp_tw_pcbs
                0x2000f450        0x4 build/tcp.o
                0x2000f450                tcp_tw_pcbs
 .bss.tcp_active_pcbs_changed
                0x2000f454        0x1 build/tcp.o
                0x2000f454                tcp_active_pcbs_changed
 .bss.tcp_timer
                0x2000f455        0x1 build/tcp.o
 .bss.tcp_timer_ctr
                0x2000f456        0x1 build/tcp.o
 *fill*         0x2000f457        0x1 
 .bss.inseg     0x2000f458       0x10 build/tcp_in.o
 .bss.tcphdr    0x2000f468        0x4 build/tcp_in.o
 .bss.tcphdr_optlen
                0x2000f46c        0x2 build/tcp_in.o
 .bss.tcphdr_opt1len
                0x2000f46e        0x2 build/tcp_in.o
 .bss.tcphdr_opt2
                0x2000f470        0x4 build/tcp_in.o
 .bss.tcp_optidx
                0x2000f474        0x2 build/tcp_in.o
 *fill*         0x2000f476        0x2 
 .bss.seqno     0x2000f478        0x4 build/tcp_in.o
 .bss.ackno     0x2000f47c        0x4 build/tcp_in.o
 .bss.recv_acked
                0x2000f480        0x2 build/tcp_in.o
 .bss.tcplen    0x2000f482        0x2 build/tcp_in.o
 .bss.flags     0x2000f484        0x1 build/tcp_in.o
 .bss.recv_flags
                0x2000f485        0x1 build/tcp_in.o
 *fill*         0x2000f486        0x2 
 .bss.recv_data
                0x2000f488        0x4 build/tcp_in.o
 .bss.tcp_input_pcb