Archive member included to satisfy reference by file (symbol)

c:/vsarm/armcc/10 2021.10/bin/../lib/gcc/arm-none-eabi/10.3.1/../../../../arm-none-eabi/lib/thumb/v7-m/nofp\libc_nano.a(lib_a-exit.o)
                              c:/vsarm/armcc/10 2021.10/bin/../lib/gcc/arm-none-eabi/10.3.1/../../../../arm-none-eabi/lib/thumb/v7-m/nofp/crt0.o (exit)
c:/vsarm/armcc/10 2021.10/bin/../lib/gcc/arm-none-eabi/10.3.1/../../../../arm-none-eabi/lib/thumb/v7-m/nofp\libc_nano.a(lib_a-impure.o)
                              c:/vsarm/armcc/10 2021.10/bin/../lib/gcc/arm-none-eabi/10.3.1/../../../../arm-none-eabi/lib/thumb/v7-m/nofp\libc_nano.a(lib_a-exit.o) (_global_impure_ptr)
c:/vsarm/armcc/10 2021.10/bin/../lib/gcc/arm-none-eabi/10.3.1/../../../../arm-none-eabi/lib/thumb/v7-m/nofp\libc_nano.a(lib_a-init.o)
                              c:/vsarm/armcc/10 2021.10/bin/../lib/gcc/arm-none-eabi/10.3.1/../../../../arm-none-eabi/lib/thumb/v7-m/nofp/crt0.o (__libc_init_array)
c:/vsarm/armcc/10 2021.10/bin/../lib/gcc/arm-none-eabi/10.3.1/../../../../arm-none-eabi/lib/thumb/v7-m/nofp\libc_nano.a(lib_a-memcmp.o)
                              build/ethernet.o (memcmp)
c:/vsarm/armcc/10 2021.10/bin/../lib/gcc/arm-none-eabi/10.3.1/../../../../arm-none-eabi/lib/thumb/v7-m/nofp\libc_nano.a(lib_a-memcpy-stub.o)
                              build/ethernetif.o (memcpy)
c:/vsarm/armcc/10 2021.10/bin/../lib/gcc/arm-none-eabi/10.3.1/../../../../arm-none-eabi/lib/thumb/v7-m/nofp\libc_nano.a(lib_a-memset.o)
                              c:/vsarm/armcc/10 2021.10/bin/../lib/gcc/arm-none-eabi/10.3.1/../../../../arm-none-eabi/lib/thumb/v7-m/nofp/crt0.o (memset)
c:/vsarm/armcc/10 2021.10/bin/../lib/gcc/arm-none-eabi/10.3.1/../../../../arm-none-eabi/lib/thumb/v7-m/nofp\libc_nano.a(lib_a-printf.o)
                              build/ethernetif.o (printf)
c:/vsarm/armcc/10 2021.10/bin/../lib/gcc/arm-none-eabi/10.3.1/../../../../arm-none-eabi/lib/thumb/v7-m/nofp\libc_nano.a(lib_a-strlen.o)
                              build/def.o (strlen)
c:/vsarm/armcc/10 2021.10/bin/../lib/gcc/arm-none-eabi/10.3.1/../../../../arm-none-eabi/lib/thumb/v7-m/nofp\libc_nano.a(lib_a-strncmp.o)
                              build/def.o (strncmp)
c:/vsarm/armcc/10 2021.10/bin/../lib/gcc/arm-none-eabi/10.3.1/../../../../arm-none-eabi/lib/thumb/v7-m/nofp\libc_nano.a(lib_a-findfp.o)
                              c:/vsarm/armcc/10 2021.10/bin/../lib/gcc/arm-none-eabi/10.3.1/../../../../arm-none-eabi/lib/thumb/v7-m/nofp\libc_nano.a(lib_a-printf.o) (__sinit)
c:/vsarm/armcc/10 2021.10/bin/../lib/gcc/arm-none-eabi/10.3.1/../../../../arm-none-eabi/lib/thumb/v7-m/nofp\libc_nano.a(lib_a-fwalk.o)
                              c:/vsarm/armcc/10 2021.10/bin/../lib/gcc/arm-none-eabi/10.3.1/../../../../arm-none-eabi/lib/thumb/v7-m/nofp\libc_nano.a(lib_a-findfp.o) (_fwalk)
c:/vsarm/armcc/10 2021.10/bin/../lib/gcc/arm-none-eabi/10.3.1/../../../../arm-none-eabi/lib/thumb/v7-m/nofp\libc_nano.a(lib_a-lock.o)
                              c:/vsarm/armcc/10 2021.10/bin/../lib/gcc/arm-none-eabi/10.3.1/../../../../arm-none-eabi/lib/thumb/v7-m/nofp\libc_nano.a(lib_a-findfp.o) (__retarget_lock_init_recursive)
c:/vsarm/armcc/10 2021.10/bin/../lib/gcc/arm-none-eabi/10.3.1/../../../../arm-none-eabi/lib/thumb/v7-m/nofp\libc_nano.a(lib_a-nano-mallocr.o)
                              c:/vsarm/armcc/10 2021.10/bin/../lib/gcc/arm-none-eabi/10.3.1/../../../../arm-none-eabi/lib/thumb/v7-m/nofp\libc_nano.a(lib_a-findfp.o) (_malloc_r)
c:/vsarm/armcc/10 2021.10/bin/../lib/gcc/arm-none-eabi/10.3.1/../../../../arm-none-eabi/lib/thumb/v7-m/nofp\libc_nano.a(lib_a-nano-vfprintf.o)
                              c:/vsarm/armcc/10 2021.10/bin/../lib/gcc/arm-none-eabi/10.3.1/../../../../arm-none-eabi/lib/thumb/v7-m/nofp\libc_nano.a(lib_a-printf.o) (_vfprintf_r)
c:/vsarm/armcc/10 2021.10/bin/../lib/gcc/arm-none-eabi/10.3.1/../../../../arm-none-eabi/lib/thumb/v7-m/nofp\libc_nano.a(lib_a-nano-vfprintf_i.o)
                              c:/vsarm/armcc/10 2021.10/bin/../lib/gcc/arm-none-eabi/10.3.1/../../../../arm-none-eabi/lib/thumb/v7-m/nofp\libc_nano.a(lib_a-nano-vfprintf.o) (_printf_i)
c:/vsarm/armcc/10 2021.10/bin/../lib/gcc/arm-none-eabi/10.3.1/../../../../arm-none-eabi/lib/thumb/v7-m/nofp\libc_nano.a(lib_a-sbrkr.o)
                              c:/vsarm/armcc/10 2021.10/bin/../lib/gcc/arm-none-eabi/10.3.1/../../../../arm-none-eabi/lib/thumb/v7-m/nofp\libc_nano.a(lib_a-nano-mallocr.o) (_sbrk_r)
c:/vsarm/armcc/10 2021.10/bin/../lib/gcc/arm-none-eabi/10.3.1/../../../../arm-none-eabi/lib/thumb/v7-m/nofp\libc_nano.a(lib_a-stdio.o)
                              c:/vsarm/armcc/10 2021.10/bin/../lib/gcc/arm-none-eabi/10.3.1/../../../../arm-none-eabi/lib/thumb/v7-m/nofp\libc_nano.a(lib_a-findfp.o) (__sread)
c:/vsarm/armcc/10 2021.10/bin/../lib/gcc/arm-none-eabi/10.3.1/../../../../arm-none-eabi/lib/thumb/v7-m/nofp\libc_nano.a(lib_a-wbuf.o)
[...]
Memory Configuration

Name             Origin             Length             Attributes
RAM              0x20000000         0x00020000         xrw
FLASH            0x08000000         0x00100000         xr
*default*        0x00000000         0xffffffff

Linker script and memory map

LOAD c:/vsarm/armcc/10 2021.10/bin/../lib/gcc/arm-none-eabi/10.3.1/thumb/v7-m/nofp/crti.o
LOAD c:/vsarm/armcc/10 2021.10/bin/../lib/gcc/arm-none-eabi/10.3.1/thumb/v7-m/nofp/crtbegin.o
LOAD c:/vsarm/armcc/10 2021.10/bin/../lib/gcc/arm-none-eabi/10.3.1/../../../../arm-none-eabi/lib/thumb/v7-m/nofp/crt0.o
LOAD build/main.o
LOAD build/freertos.o
LOAD build/stm32f2xx_it.o
LOAD build/stm32f2xx_hal_msp.o
LOAD build/stm32f2xx_hal_timebase_tim.o
LOAD build/ethernetif.o
LOAD build/lwip.o
LOAD build/stm32f2xx_hal_eth.o
LOAD build/stm32f2xx_hal.o
LOAD build/stm32f2xx_hal_rcc.o
LOAD build/stm32f2xx_hal_rcc_ex.o
LOAD build/stm32f2xx_hal_cortex.o
LOAD build/stm32f2xx_hal_flash.o
LOAD build/stm32f2xx_hal_flash_ex.o
LOAD build/stm32f2xx_hal_pwr.o
LOAD build/stm32f2xx_hal_pwr_ex.o
LOAD build/stm32f2xx_hal_gpio.o
LOAD build/stm32f2xx_hal_dma.o
LOAD build/stm32f2xx_hal_dma_ex.o
LOAD build/stm32f2xx_hal_exti.o
LOAD build/stm32f2xx_hal_tim.o
LOAD build/stm32f2xx_hal_tim_ex.o
LOAD build/stm32f2xx_hal_uart.o
LOAD build/system_stm32f2xx.o
LOAD build/croutine.o
LOAD build/event_groups.o
LOAD build/list.o
LOAD build/queue.o
LOAD build/stream_buffer.o
LOAD build/tasks.o
LOAD build/timers.o
LOAD build/cmsis_os2.o
LOAD build/heap_4.o
LOAD build/port.o
LOAD build/auth.o
LOAD build/ccp.o
LOAD build/chap_ms.o
LOAD build/chap-md5.o
LOAD build/chap-new.o
LOAD build/demand.o
LOAD build/eap.o
LOAD build/eui64.o
LOAD build/fsm.o
LOAD build/ipcp.o
LOAD build/ipv6cp.o
LOAD build/lcp.o
LOAD build/magic.o
LOAD build/mppe.o
LOAD build/multilink.o
LOAD build/ppp.o
LOAD build/pppapi.o
LOAD build/pppcrypt.o
LOAD build/pppoe.o
LOAD build/pppol2tp.o
LOAD build/pppos.o
LOAD build/upap.o
LOAD build/utils.o
LOAD build/vj.o
LOAD build/ethernet.o
LOAD build/slipif.o
LOAD build/lowpan6.o
LOAD build/ecp.o
LOAD build/api_lib.o
LOAD build/api_msg.o
LOAD build/err.o
LOAD build/netbuf.o
LOAD build/netdb.o
LOAD build/netifapi.o
LOAD build/sockets.o
LOAD build/tcpip.o
LOAD build/def.o
LOAD build/dns.o
LOAD build/inet_chksum.o
LOAD build/init.o
LOAD build/ip.o
LOAD build/mem.o
LOAD build/memp.o
LOAD build/netif.o
LOAD build/pbuf.o
LOAD build/raw.o
LOAD build/stats.o
LOAD build/sys.o
LOAD build/tcp.o
LOAD build/tcp_in.o
LOAD build/tcp_out.o
LOAD build/timeouts.o
LOAD build/udp.o
LOAD build/autoip.o
LOAD build/dhcp.o
LOAD build/etharp.o
LOAD build/icmp.o
LOAD build/igmp.o
LOAD build/ip4.o
LOAD build/ip4_addr.o
LOAD build/ip4_frag.o
LOAD build/dhcp6.o
LOAD build/ethip6.o
LOAD build/icmp6.o
LOAD build/inet6.o
LOAD build/ip6.o
LOAD build/ip6_addr.o
LOAD build/ip6_frag.o
LOAD build/mld6.o
LOAD build/nd6.o
LOAD build/sys_arch.o
LOAD build/mqtt.o
LOAD build/startup_stm32f207xx.o
LOAD c:/vsarm/armcc/10 2021.10/bin/../lib/gcc/arm-none-eabi/10.3.1/../../../../arm-none-eabi/lib/thumb/v7-m/nofp\libc_nano.a
LOAD c:/vsarm/armcc/10 2021.10/bin/../lib/gcc/arm-none-eabi/10.3.1/../../../../arm-none-eabi/lib/thumb/v7-m/nofp\libm.a
LOAD c:/vsarm/armcc/10 2021.10/bin/../lib/gcc/arm-none-eabi/10.3.1/../../../../arm-none-eabi/lib/thumb/v7-m/nofp\libnosys.a
START GROUP
LOAD c:/vsarm/armcc/10 2021.10/bin/../lib/gcc/arm-none-eabi/10.3.1/thumb/v7-m/nofp\libgcc.a
LOAD c:/vsarm/armcc/10 2021.10/bin/../lib/gcc/arm-none-eabi/10.3.1/../../../../arm-none-eabi/lib/thumb/v7-m/nofp\libc_nano.a
END GROUP
START GROUP
LOAD c:/vsarm/armcc/10 2021.10/bin/../lib/gcc/arm-none-eabi/10.3.1/thumb/v7-m/nofp\libgcc.a
LOAD c:/vsarm/armcc/10 2021.10/bin/../lib/gcc/arm-none-eabi/10.3.1/../../../../arm-none-eabi/lib/thumb/v7-m/nofp\libc_nano.a
END GROUP
LOAD c:/vsarm/armcc/10 2021.10/bin/../lib/gcc/arm-none-eabi/10.3.1/thumb/v7-m/nofp/crtend.o
LOAD c:/vsarm/armcc/10 2021.10/bin/../lib/gcc/arm-none-eabi/10.3.1/thumb/v7-m/nofp/crtn.o
                0x20020000                _estack = (ORIGIN (RAM) + LENGTH (RAM))
                0x00002000                _Min_Heap_Size = 0x2000
                0x00004000                _Min_Stack_Size = 0x4000

.isr_vector     0x08000000      0x184
                0x08000000                . = ALIGN (0x4)
 *(.isr_vector)
 .isr_vector    0x08000000      0x184 build/startup_stm32f207xx.o
                0x08000000                g_pfnVectors
                0x08000184                . = ALIGN (0x4)

.text           0x08000190    0x11844
                0x08000190                . = ALIGN (0x4)
 *(.text)
 .text          0x08000190       0x40 c:/vsarm/armcc/10 2021.10/bin/../lib/gcc/arm-none-eabi/10.3.1/thumb/v7-m/nofp/crtbegin.o
 .text          0x080001d0       0x30 c:/vsarm/armcc/10 2021.10/bin/../lib/gcc/arm-none-eabi/10.3.1/thumb/v7-m/nofp\libgcc.a(_aeabi_uldivmod.o)
                0x080001d0                __aeabi_uldivmod
 .text          0x08000200      0x2d4 c:/vsarm/armcc/10 2021.10/bin/../lib/gcc/arm-none-eabi/10.3.1/thumb/v7-m/nofp\libgcc.a(_udivmoddi4.o)
                0x08000200                __udivmoddi4
 .text          0x080004d4        0x4 c:/vsarm/armcc/10 2021.10/bin/../lib/gcc/arm-none-eabi/10.3.1/thumb/v7-m/nofp\libgcc.a(_dvmd_tls.o)
                0x080004d4                __aeabi_idiv0
                0x080004d4                __aeabi_ldiv0
 *(.text*)
 .text.main     0x080004d8       0x3c build/main.o
                0x080004d8                main
 .text.SystemClock_Config
                0x08000514       0x8c build/main.o
                0x08000514                SystemClock_Config
 .text.MX_USART3_UART_Init
                0x080005a0       0x54 build/main.o
 .text.MX_GPIO_Init
                0x080005f4      0x118 build/main.o
 .text.StartDefaultTask
                0x0800070c       0x14 build/main.o
                0x0800070c                StartDefaultTask
 .text.HAL_TIM_PeriodElapsedCallback
                0x08000720       0x24 build/main.o
                0x08000720                HAL_TIM_PeriodElapsedCallback
 .text.Error_Handler
                0x08000744        0xa build/main.o
                0x08000744                Error_Handler
 .text.NMI_Handler
                0x0800074e        0x6 build/stm32f2xx_it.o
                0x0800074e                NMI_Handler
 .text.HardFault_Handler
                0x08000754        0x6 build/stm32f2xx_it.o
                0x08000754                HardFault_Handler
 .text.MemManage_Handler
                0x0800075a        0x6 build/stm32f2xx_it.o
                0x0800075a                MemManage_Handler
 .text.BusFault_Handler
                0x08000760        0x6 build/stm32f2xx_it.o
                0x08000760                BusFault_Handler
 .text.UsageFault_Handler
                0x08000766        0x6 build/stm32f2xx_it.o
                0x08000766                UsageFault_Handler
 .text.DebugMon_Handler
                0x0800076c        0xc build/stm32f2xx_it.o
                0x0800076c                DebugMon_Handler
 .text.TIM4_IRQHandler
                0x08000778       0x14 build/stm32f2xx_it.o
                0x08000778                TIM4_IRQHandler
 .text.ETH_IRQHandler
                0x0800078c       0x14 build/stm32f2xx_it.o
                0x0800078c                ETH_IRQHandler
 .text.HAL_MspInit
                0x080007a0       0x58 build/stm32f2xx_hal_msp.o
                0x080007a0                HAL_MspInit
 .text.HAL_UART_MspInit
                0x080007f8       0x90 build/stm32f2xx_hal_msp.o
                0x080007f8                HAL_UART_MspInit
 .text.HAL_InitTick
                0x08000888       0xf8 build/stm32f2xx_hal_timebase_tim.o
                0x08000888                HAL_InitTick
 .text.HAL_ETH_MspInit
                0x08000980      0x19c build/ethernetif.o
                0x08000980                HAL_ETH_MspInit
 .text.HAL_ETH_RxCpltCallback
                0x08000b1c       0x20 build/ethernetif.o
                0x08000b1c                HAL_ETH_RxCpltCallback
 .text.low_level_init
                0x08000b3c      0x1a8 build/ethernetif.o
 .text.low_level_output
                0x08000ce4      0x13c build/ethernetif.o
 .text.low_level_input
                0x08000e20      0x164 build/ethernetif.o
 .text.ethernetif_input
                0x08000f84       0x60 build/ethernetif.o
                0x08000f84                ethernetif_input
 .text.ethernetif_init
                0x08000fe4       0x5c build/ethernetif.o
                0x08000fe4                ethernetif_init
 .text.sys_now  0x08001040        0xe build/ethernetif.o
                0x08001040                sys_now
 *fill*         0x0800104e        0x2 
 .text.ethernetif_set_link
                0x08001050       0x78 build/ethernetif.o
                0x08001050                ethernetif_set_link
 .text.ethernetif_update_config
                0x080010c8       0xf8 build/ethernetif.o
                0x080010c8                ethernetif_update_config
 .text.ethernetif_notify_conn_changed
                0x080011c0       0x12 build/ethernetif.o
                0x080011c0                ethernetif_notify_conn_changed
 *fill*         0x080011d2        0x2 
 .text.MX_LWIP_Init
                0x080011d4      0x2c4 build/lwip.o
                0x080011d4                MX_LWIP_Init
 .text.HAL_ETH_Init
                0x08001498      0x318 build/stm32f2xx_hal_eth.o
                0x08001498                HAL_ETH_Init
 .text.HAL_ETH_DMATxDescListInit
                0x080017b0       0xce build/stm32f2xx_hal_eth.o
                0x080017b0                HAL_ETH_DMATxDescListInit
 .text.HAL_ETH_DMARxDescListInit
                0x0800187e       0xd6 build/stm32f2xx_hal_eth.o
                0x0800187e                HAL_ETH_DMARxDescListInit
 .text.HAL_ETH_TransmitFrame
                0x08001954      0x1d0 build/stm32f2xx_hal_eth.o
                0x08001954                HAL_ETH_TransmitFrame
 .text.HAL_ETH_GetReceivedFrame_IT
                0x08001b24      0x10e build/stm32f2xx_hal_eth.o
                0x08001b24                HAL_ETH_GetReceivedFrame_IT
 .text.HAL_ETH_IRQHandler
                0x08001c32       0xc8 build/stm32f2xx_hal_eth.o
                0x08001c32                HAL_ETH_IRQHandler
 .text.HAL_ETH_TxCpltCallback
                0x08001cfa       0x12 build/stm32f2xx_hal_eth.o
                0x08001cfa                HAL_ETH_TxCpltCallback
 .text.HAL_ETH_ErrorCallback
                0x08001d0c       0x12 build/stm32f2xx_hal_eth.o
                0x08001d0c                HAL_ETH_ErrorCallback
 .text.HAL_ETH_ReadPHYRegister
                0x08001d1e       0xd0 build/stm32f2xx_hal_eth.o
                0x08001d1e                HAL_ETH_ReadPHYRegister
 .text.HAL_ETH_WritePHYRegister
                0x08001dee       0xcc build/stm32f2xx_hal_eth.o
                0x08001dee                HAL_ETH_WritePHYRegister
 .text.HAL_ETH_Start
                0x08001eba       0x5e build/stm32f2xx_hal_eth.o
                0x08001eba                HAL_ETH_Start
 .text.HAL_ETH_Stop
                0x08001f18       0x5e build/stm32f2xx_hal_eth.o
                0x08001f18                HAL_ETH_Stop
 *fill*         0x08001f76        0x2 
 .text.HAL_ETH_ConfigMAC
                0x08001f78      0x1f4 build/stm32f2xx_hal_eth.o
                0x08001f78                HAL_ETH_ConfigMAC
 .text.ETH_MACDMAConfig
                0x0800216c      0x38c build/stm32f2xx_hal_eth.o
 .text.ETH_MACAddressConfig
                0x080024f8       0x6c build/stm32f2xx_hal_eth.o
 .text.ETH_MACTransmissionEnable
                0x08002564       0x3a build/stm32f2xx_hal_eth.o
 .text.ETH_MACTransmissionDisable
                0x0800259e       0x3a build/stm32f2xx_hal_eth.o
 .text.ETH_MACReceptionEnable
                0x080025d8       0x3a build/stm32f2xx_hal_eth.o
 .text.ETH_MACReceptionDisable
                0x08002612       0x3a build/stm32f2xx_hal_eth.o
 .text.ETH_DMATransmissionEnable
                0x0800264c       0x2a build/stm32f2xx_hal_eth.o
 .text.ETH_DMATransmissionDisable
                0x08002676       0x2a build/stm32f2xx_hal_eth.o
 .text.ETH_DMAReceptionEnable
                0x080026a0       0x2a build/stm32f2xx_hal_eth.o
 .text.ETH_DMAReceptionDisable
                0x080026ca       0x2a build/stm32f2xx_hal_eth.o
 .text.ETH_FlushTransmitFIFO
                0x080026f4       0x4a build/stm32f2xx_hal_eth.o
 *fill*         0x0800273e        0x2 
 .text.ETH_Delay
                0x08002740       0x3c build/stm32f2xx_hal_eth.o
 .text.HAL_Init
                0x0800277c       0x44 build/stm32f2xx_hal.o
                0x0800277c                HAL_Init
 .text.HAL_IncTick
                0x080027c0       0x24 build/stm32f2xx_hal.o
                0x080027c0                HAL_IncTick
 .text.HAL_GetTick
                0x080027e4       0x14 build/stm32f2xx_hal.o
                0x080027e4                HAL_GetTick
 .text.HAL_Delay
                0x080027f8       0x48 build/stm32f2xx_hal.o
                0x080027f8                HAL_Delay
 .text.HAL_RCC_OscConfig
                0x08002840      0x49c build/stm32f2xx_hal_rcc.o
                0x08002840                HAL_RCC_OscConfig
 .text.HAL_RCC_ClockConfig
                0x08002cdc      0x1d8 build/stm32f2xx_hal_rcc.o
                0x08002cdc                HAL_RCC_ClockConfig
 .text.HAL_RCC_GetSysClockFreq
                0x08002eb4      0x218 build/stm32f2xx_hal_rcc.o
                0x08002eb4                HAL_RCC_GetSysClockFreq
 .text.HAL_RCC_GetHCLKFreq
                0x080030cc       0x14 build/stm32f2xx_hal_rcc.o
                0x080030cc                HAL_RCC_GetHCLKFreq
 .text.HAL_RCC_GetPCLK1Freq
                0x080030e0       0x44 build/stm32f2xx_hal_rcc.o
                0x080030e0                HAL_RCC_GetPCLK1Freq
 .text.HAL_RCC_GetPCLK2Freq
                0x08003124       0x44 build/stm32f2xx_hal_rcc.o
                0x08003124                HAL_RCC_GetPCLK2Freq
 .text.HAL_RCC_GetClockConfig
                0x08003168       0x60 build/stm32f2xx_hal_rcc.o
                0x08003168                HAL_RCC_GetClockConfig
 .text.__NVIC_SetPriorityGrouping
                0x080031c8       0x48 build/stm32f2xx_hal_cortex.o
 .text.__NVIC_GetPriorityGrouping
                0x08003210       0x1c build/stm32f2xx_hal_cortex.o
 .text.__NVIC_EnableIRQ
                0x0800322c       0x38 build/stm32f2xx_hal_cortex.o
 .text.__NVIC_SetPriority
                0x08003264       0x54 build/stm32f2xx_hal_cortex.o
 .text.NVIC_EncodePriority
                0x080032b8       0x64 build/stm32f2xx_hal_cortex.o
 .text.HAL_NVIC_SetPriorityGrouping
                0x0800331c       0x16 build/stm32f2xx_hal_cortex.o
                0x0800331c                HAL_NVIC_SetPriorityGrouping
 .text.HAL_NVIC_SetPriority
                0x08003332       0x38 build/stm32f2xx_hal_cortex.o
                0x08003332                HAL_NVIC_SetPriority
 .text.HAL_NVIC_EnableIRQ
                0x0800336a       0x1c build/stm32f2xx_hal_cortex.o
                0x0800336a                HAL_NVIC_EnableIRQ
 *fill*         0x08003386        0x2 
 .text.HAL_GPIO_Init
                0x08003388      0x33c build/stm32f2xx_hal_gpio.o
                0x08003388                HAL_GPIO_Init
 .text.HAL_GPIO_WritePin
                0x080036c4       0x30 build/stm32f2xx_hal_gpio.o
                0x080036c4                HAL_GPIO_WritePin
 .text.HAL_TIM_Base_Init
                0x080036f4       0x9e build/stm32f2xx_hal_tim.o
                0x080036f4                HAL_TIM_Base_Init
 .text.HAL_TIM_Base_MspInit
                0x08003792       0x12 build/stm32f2xx_hal_tim.o
                0x08003792                HAL_TIM_Base_MspInit
 .text.HAL_TIM_Base_Start_IT
                0x080037a4       0xdc build/stm32f2xx_hal_tim.o
                0x080037a4                HAL_TIM_Base_Start_IT
 .text.HAL_TIM_IRQHandler
                0x08003880      0x210 build/stm32f2xx_hal_tim.o
                0x08003880                HAL_TIM_IRQHandler
 .text.HAL_TIM_OC_DelayElapsedCallback
                0x08003a90       0x12 build/stm32f2xx_hal_tim.o
                0x08003a90                HAL_TIM_OC_DelayElapsedCallback
 .text.HAL_TIM_IC_CaptureCallback
                0x08003aa2       0x12 build/stm32f2xx_hal_tim.o
                0x08003aa2                HAL_TIM_IC_CaptureCallback
 .text.HAL_TIM_PWM_PulseFinishedCallback
                0x08003ab4       0x12 build/stm32f2xx_hal_tim.o
                0x08003ab4                HAL_TIM_PWM_PulseFinishedCallback
 .text.HAL_TIM_TriggerCallback
                0x08003ac6       0x12 build/stm32f2xx_hal_tim.o
                0x08003ac6                HAL_TIM_TriggerCallback
 .text.TIM_Base_SetConfig
                0x08003ad8      0x13c build/stm32f2xx_hal_tim.o
                0x08003ad8                TIM_Base_SetConfig
 .text.HAL_TIMEx_CommutCallback
                0x08003c14       0x12 build/stm32f2xx_hal_tim_ex.o
                0x08003c14                HAL_TIMEx_CommutCallback
 .text.HAL_TIMEx_BreakCallback
                0x08003c26       0x12 build/stm32f2xx_hal_tim_ex.o
                0x08003c26                HAL_TIMEx_BreakCallback
 .text.HAL_UART_Init
                0x08003c38       0x9a build/stm32f2xx_hal_uart.o
                0x08003c38                HAL_UART_Init
 *fill*         0x08003cd2        0x2 
 .text.UART_SetConfig
                0x08003cd4      0x1d4 build/stm32f2xx_hal_uart.o
 .text.SystemInit
                0x08003ea8        0xc build/system_stm32f2xx.o
                0x08003ea8                SystemInit
 .text.vListInitialise
                0x08003eb4       0x3e build/list.o
                0x08003eb4                vListInitialise
 .text.vListInitialiseItem
                0x08003ef2       0x18 build/list.o
                0x08003ef2                vListInitialiseItem
 .text.vListInsertEnd
                0x08003f0a       0x46 build/list.o
                0x08003f0a                vListInsertEnd
 .text.vListInsert
                0x08003f50       0x70 build/list.o
                0x08003f50                vListInsert
 .text.uxListRemove
                0x08003fc0       0x52 build/list.o
                0x08003fc0                uxListRemove
 *fill*         0x08004012        0x2 
 .text.xQueueGenericReset
                0x08004014       0xd0 build/queue.o
                0x08004014                xQueueGenericReset
 .text.xQueueGenericCreateStatic
                0x080040e4       0xee build/queue.o
                0x080040e4                xQueueGenericCreateStatic
 .text.xQueueGenericCreate
                0x080041d2       0x7c build/queue.o
                0x080041d2                xQueueGenericCreate
 .text.prvInitialiseNewQueue
                0x0800424e       0x46 build/queue.o
 .text.prvInitialiseMutex
                0x08004294       0x34 build/queue.o
 .text.xQueueCreateMutex
                0x080042c8       0x30 build/queue.o
                0x080042c8                xQueueCreateMutex
 .text.xQueueCreateMutexStatic
                0x080042f8       0x36 build/queue.o
                0x080042f8                xQueueCreateMutexStatic
 .text.xQueueGiveMutexRecursive
                0x0800432e       0x68 build/queue.o
                0x0800432e                xQueueGiveMutexRecursive
 .text.xQueueTakeMutexRecursive
                0x08004396       0x6c build/queue.o
                0x08004396                xQueueTakeMutexRecursive
 .text.xQueueCreateCountingSemaphoreStatic
                0x08004402       0x6e build/queue.o
                0x08004402                xQueueCreateCountingSemaphoreStatic
 .text.xQueueCreateCountingSemaphore
                0x08004470       0x66 build/queue.o
                0x08004470                xQueueCreateCountingSemaphore
 *fill*         0x080044d6        0x2 
 .text.xQueueGenericSend
                0x080044d8      0x1fc build/queue.o
                0x080044d8                xQueueGenericSend
 .text.xQueueGenericSendFromISR
                0x080046d4      0x130 build/queue.o
                0x080046d4                xQueueGenericSendFromISR
 .text.xQueueGiveFromISR
                0x08004804      0x11a build/queue.o
                0x08004804                xQueueGiveFromISR
 *fill*         0x0800491e        0x2 
 .text.xQueueReceive
                0x08004920      0x1c0 build/queue.o
                0x08004920                xQueueReceive
 .text.xQueueSemaphoreTake
                0x08004ae0      0x218 build/queue.o
                0x08004ae0                xQueueSemaphoreTake
 .text.xQueueReceiveFromISR
                0x08004cf8      0x100 build/queue.o
                0x08004cf8                xQueueReceiveFromISR
 .text.vQueueDelete
                0x08004df8       0x46 build/queue.o
                0x08004df8                vQueueDelete
 .text.prvGetDisinheritPriorityAfterTimeout
                0x08004e3e       0x2e build/queue.o
 .text.prvCopyDataToQueue
                0x08004e6c       0xd4 build/queue.o
 .text.prvCopyDataFromQueue
                0x08004f40       0x4c build/queue.o
 .text.prvUnlockQueue
                0x08004f8c       0xa4 build/queue.o
 .text.prvIsQueueEmpty
                0x08005030       0x2c build/queue.o
 .text.prvIsQueueFull
                0x0800505c       0x30 build/queue.o
 .text.vQueueAddToRegistry
                0x0800508c       0x50 build/queue.o
                0x0800508c                vQueueAddToRegistry
 .text.vQueueUnregisterQueue
                0x080050dc       0x54 build/queue.o
                0x080050dc                vQueueUnregisterQueue
 .text.vQueueWaitForMessageRestricted
                0x08005130       0x68 build/queue.o
                0x08005130                vQueueWaitForMessageRestricted
 .text.xTaskCreateStatic
                0x08005198       0xb8 build/tasks.o
                0x08005198                xTaskCreateStatic
 .text.xTaskCreate
                0x08005250       0x8a build/tasks.o
                0x08005250                xTaskCreate
 .text.prvInitialiseNewTask
                0x080052da      0x10e build/tasks.o
 .text.prvAddNewTaskToReadyList
                0x080053e8       0xe0 build/tasks.o
 .text.vTaskDelay
                0x080054c8       0x68 build/tasks.o
                0x080054c8                vTaskDelay
 .text.vTaskStartScheduler
                0x08005530       0xcc build/tasks.o
                0x08005530                vTaskStartScheduler
 .text.vTaskSuspendAll
                0x080055fc       0x1c build/tasks.o
                0x080055fc                vTaskSuspendAll
 .text.xTaskResumeAll
                0x08005618      0x13c build/tasks.o
                0x08005618                xTaskResumeAll
 .text.xTaskGetTickCount
                0x08005754       0x1c build/tasks.o
                0x08005754                xTaskGetTickCount
 .text.xTaskGetTickCountFromISR
                0x08005770       0x24 build/tasks.o
                0x08005770                xTaskGetTickCountFromISR
 .text.xTaskIncrementTick
                0x08005794      0x17c build/tasks.o
                0x08005794                xTaskIncrementTick
 .text.vTaskSwitchContext
                0x08005910       0xb8 build/tasks.o
                0x08005910                vTaskSwitchContext
 .text.vTaskPlaceOnEventList
                0x080059c8       0x48 build/tasks.o
                0x080059c8                vTaskPlaceOnEventList
 .text.vTaskPlaceOnEventListRestricted
                0x08005a10       0x58 build/tasks.o
                0x08005a10                vTaskPlaceOnEventListRestricted
 .text.xTaskRemoveFromEventList
                0x08005a68       0xc8 build/tasks.o
                0x08005a68                xTaskRemoveFromEventList
 .text.vTaskInternalSetTimeOutState
                0x08005b30       0x2c build/tasks.o
                0x08005b30                vTaskInternalSetTimeOutState
 .text.xTaskCheckForTimeOut
                0x08005b5c       0xc4 build/tasks.o
                0x08005b5c                xTaskCheckForTimeOut
 .text.vTaskMissedYield
                0x08005c20       0x18 build/tasks.o
                0x08005c20                vTaskMissedYield
 .text.prvIdleTask
                0x08005c38       0x30 build/tasks.o
 .text.prvInitialiseTaskLists
                0x08005c68       0x80 build/tasks.o
 .text.prvCheckTasksWaitingTermination
                0x08005ce8       0x5c build/tasks.o
 .text.prvDeleteTCB
                0x08005d44       0x5e build/tasks.o
 *fill*         0x08005da2        0x2 
 .text.prvResetNextTaskUnblockTime
                0x08005da4       0x48 build/tasks.o
 .text.xTaskGetCurrentTaskHandle
                0x08005dec       0x1c build/tasks.o
                0x08005dec                xTaskGetCurrentTaskHandle
 .text.xTaskGetSchedulerState
                0x08005e08       0x3c build/tasks.o
                0x08005e08                xTaskGetSchedulerState
 .text.xTaskPriorityInherit
                0x08005e44       0xdc build/tasks.o
                0x08005e44                xTaskPriorityInherit
 .text.xTaskPriorityDisinherit
                0x08005f20       0xdc build/tasks.o
                0x08005f20                xTaskPriorityDisinherit
 .text.vTaskPriorityDisinheritAfterTimeout
                0x08005ffc      0x10c build/tasks.o
                0x08005ffc                vTaskPriorityDisinheritAfterTimeout
 .text.pvTaskIncrementMutexHeldCount
                0x08006108       0x28 build/tasks.o
                0x08006108                pvTaskIncrementMutexHeldCount
 .text.prvAddCurrentTaskToDelayedList
                0x08006130       0xa8 build/tasks.o
 .text.xTimerCreateTimerTask
                0x080061d8       0x90 build/timers.o
                0x080061d8                xTimerCreateTimerTask
 .text.xTimerGenericCommand
                0x08006268       0x9c build/timers.o
                0x08006268                xTimerGenericCommand
 .text.prvProcessExpiredTimer
                0x08006304       0x80 build/timers.o
 .text.prvTimerTask
                0x08006384       0x24 build/timers.o
 .text.prvProcessTimerOrBlockTask
                0x080063a8       0x9c build/timers.o
 .text.prvGetNextExpireTime
                0x08006444       0x48 build/timers.o
 .text.prvSampleTimeNow
                0x0800648c       0x40 build/timers.o
 .text.prvInsertTimerInActiveList
                0x080064cc       0x84 build/timers.o
 .text.prvProcessReceivedCommands
                0x08006550      0x168 build/timers.o
 .text.prvSwitchTimerLists
                0x080066b8       0xc4 build/timers.o
 .text.prvCheckForValidListAndQueue
                0x0800677c       0x80 build/timers.o
 .text.osKernelInitialize
                0x080067fc       0x64 build/cmsis_os2.o
                0x080067fc                osKernelInitialize
 .text.osKernelStart
                0x08006860       0x68 build/cmsis_os2.o
                0x08006860                osKernelStart
 .text.osKernelGetTickCount
                0x080068c8       0x50 build/cmsis_os2.o
                0x080068c8                osKernelGetTickCount
 .text.osThreadNew
                0x08006918      0x154 build/cmsis_os2.o
                0x08006918                osThreadNew
 .text.osDelay  0x08006a6c       0x5c build/cmsis_os2.o
                0x08006a6c                osDelay
 .text.osMutexNew
                0x08006ac8      0x134 build/cmsis_os2.o
                0x08006ac8                osMutexNew
 .text.osMutexAcquire
                0x08006bfc       0xbc build/cmsis_os2.o
                0x08006bfc                osMutexAcquire
 .text.osMutexRelease
                0x08006cb8       0xa0 build/cmsis_os2.o
                0x08006cb8                osMutexRelease
 .text.osSemaphoreNew
                0x08006d58      0x138 build/cmsis_os2.o
                0x08006d58                osSemaphoreNew
 .text.osSemaphoreAcquire
                0x08006e90       0xcc build/cmsis_os2.o
                0x08006e90                osSemaphoreAcquire
 .text.osSemaphoreRelease
                0x08006f5c       0xb0 build/cmsis_os2.o
                0x08006f5c                osSemaphoreRelease
 .text.osMessageQueueNew
                0x0800700c      0x10c build/cmsis_os2.o
                0x0800700c                osMessageQueueNew
 .text.osMessageQueuePut
                0x08007118       0xe8 build/cmsis_os2.o
                0x08007118                osMessageQueuePut
 .text.osMessageQueueGet
                0x08007200       0xe4 build/cmsis_os2.o
                0x08007200                osMessageQueueGet
 .text.vApplicationGetIdleTaskMemory
                0x080072e4       0x30 build/cmsis_os2.o
                0x080072e4                vApplicationGetIdleTaskMemory
 .text.vApplicationGetTimerTaskMemory
                0x08007314       0x34 build/cmsis_os2.o
                0x08007314                vApplicationGetTimerTaskMemory
 .text.pvPortMalloc
                0x08007348      0x188 build/heap_4.o
                0x08007348                pvPortMalloc
 .text.vPortFree
                0x080074d0       0xb4 build/heap_4.o
                0x080074d0                vPortFree
 .text.prvHeapInit
                0x08007584       0xc4 build/heap_4.o
 .text.prvInsertBlockIntoFreeList
                0x08007648       0xb0 build/heap_4.o
 .text.pxPortInitialiseStack
                0x080076f8       0x58 build/port.o
                0x080076f8                pxPortInitialiseStack
 .text.prvTaskExitError
                0x08007750       0x58 build/port.o
 *fill*         0x080077a8        0x8 
 .text.SVC_Handler
                0x080077b0       0x28 build/port.o
                0x080077b0                SVC_Handler
 .text.prvPortStartFirstTask
                0x080077d8       0x20 build/port.o
 .text.xPortStartScheduler
                0x080077f8       0xe4 build/port.o
                0x080077f8                xPortStartScheduler
 .text.vPortEnterCritical
                0x080078dc       0x60 build/port.o
                0x080078dc                vPortEnterCritical
 .text.vPortExitCritical
                0x0800793c       0x50 build/port.o
                0x0800793c                vPortExitCritical
 *fill*         0x0800798c        0x4 
 .text.PendSV_Handler
                0x08007990       0x48 build/port.o
                0x08007990                PendSV_Handler
 .text.SysTick_Handler
                0x080079d8       0x44 build/port.o
                0x080079d8                SysTick_Handler
 .text.vPortSetupTimerInterrupt
                0x08007a1c       0x44 build/port.o
                0x08007a1c                vPortSetupTimerInterrupt
 .text.vPortValidateInterruptPriority
                0x08007a60       0x7c build/port.o
                0x08007a60                vPortValidateInterruptPriority
 .text.ethernet_input
                0x08007adc      0x12c build/ethernet.o
                0x08007adc                ethernet_input
 .text.ethernet_output
                0x08007c08       0x90 build/ethernet.o
                0x08007c08                ethernet_output
 .text.tcpip_thread
                0x08007c98       0xd4 build/tcpip.o
 .text.tcpip_inpkt
                0x08007d6c       0x88 build/tcpip.o
                0x08007d6c                tcpip_inpkt
 .text.tcpip_input
                0x08007df4       0x44 build/tcpip.o
                0x08007df4                tcpip_input
 .text.tcpip_callback_with_block
                0x08007e38       0x94 build/tcpip.o
                0x08007e38                tcpip_callback_with_block
 .text.tcpip_init
                0x08007ecc       0x94 build/tcpip.o
                0x08007ecc                tcpip_init
 .text.lwip_htons
                0x08007f60       0x1a build/def.o
                0x08007f60                lwip_htons
 .text.lwip_htonl
                0x08007f7a       0x30 build/def.o
                0x08007f7a                lwip_htonl
 .text.lwip_init
                0x08007faa       0x2e build/init.o
                0x08007faa                lwip_init
 .text.plug_holes
                0x08007fd8      0x130 build/mem.o
 .text.mem_init
                0x08008108       0xa0 build/mem.o
                0x08008108                mem_init
 .text.mem_free
                0x080081a8       0xdc build/mem.o
                0x080081a8                mem_free
 .text.mem_trim
                0x08008284      0x1d4 build/mem.o
                0x08008284                mem_trim
 .text.mem_malloc
                0x08008458      0x1e8 build/mem.o
                0x08008458                mem_malloc
 .text.memp_init_pool
                0x08008640       0x5e build/memp.o
                0x08008640                memp_init_pool
 *fill*         0x0800869e        0x2 
 .text.memp_init
                0x080086a0       0x34 build/memp.o
                0x080086a0                memp_init
 .text.do_memp_malloc_pool
                0x080086d4       0x64 build/memp.o
 .text.memp_malloc
                0x08008738       0x4c build/memp.o
                0x08008738                memp_malloc
 .text.do_memp_free_pool
                0x08008784       0x58 build/memp.o
 .text.memp_free
                0x080087dc       0x54 build/memp.o
                0x080087dc                memp_free
 .text.netif_init
                0x08008830        0xc build/netif.o
                0x08008830                netif_init
 .text.netif_add
                0x0800883c       0xb0 build/netif.o
                0x0800883c                netif_add
 .text.netif_set_addr
                0x080088ec       0x58 build/netif.o
                0x080088ec                netif_set_addr
 .text.netif_set_ipaddr
                0x08008944       0x70 build/netif.o
                0x08008944                netif_set_ipaddr
 .text.netif_set_gw
                0x080089b4       0x26 build/netif.o
                0x080089b4                netif_set_gw
 .text.netif_set_netmask
                0x080089da       0x26 build/netif.o
                0x080089da                netif_set_netmask
 .text.netif_set_default
                0x08008a00       0x1c build/netif.o
                0x08008a00                netif_set_default
 .text.netif_set_up
                0x08008a1c       0x46 build/netif.o
                0x08008a1c                netif_set_up
 .text.netif_issue_reports
                0x08008a62       0x42 build/netif.o
 .text.netif_set_down
                0x08008aa4       0x44 build/netif.o
                0x08008aa4                netif_set_down
 .text.netif_set_link_up
                0x08008ae8       0x56 build/netif.o
                0x08008ae8                netif_set_link_up
 .text.netif_set_link_down
                0x08008b3e       0x40 build/netif.o
                0x08008b3e                netif_set_link_down
 .text.netif_set_link_callback
                0x08008b7e       0x20 build/netif.o
                0x08008b7e                netif_set_link_callback
 *fill*         0x08008b9e        0x2 
 .text.pbuf_free_ooseq
                0x08008ba0       0x54 build/pbuf.o
 .text.pbuf_free_ooseq_callback
                0x08008bf4       0x14 build/pbuf.o
 .text.pbuf_pool_is_empty
                0x08008c08       0x58 build/pbuf.o
 .text.pbuf_alloc
                0x08008c60      0x334 build/pbuf.o
                0x08008c60                pbuf_alloc
 .text.pbuf_alloced_custom
                0x08008f94       0xd4 build/pbuf.o
                0x08008f94                pbuf_alloced_custom
 .text.pbuf_realloc
                0x08009068      0x15c build/pbuf.o
                0x08009068                pbuf_realloc
 .text.pbuf_header_impl
                0x080091c4      0x144 build/pbuf.o
 .text.pbuf_header
                0x08009308       0x24 build/pbuf.o
                0x08009308                pbuf_header
 .text.pbuf_header_force
                0x0800932c       0x24 build/pbuf.o
                0x0800932c                pbuf_header_force
 .text.pbuf_free
                0x08009350      0x134 build/pbuf.o
                0x08009350                pbuf_free
 .text.pbuf_clen
                0x08009484       0x2c build/pbuf.o
                0x08009484                pbuf_clen
 .text.pbuf_ref
                0x080094b0       0x50 build/pbuf.o
                0x080094b0                pbuf_ref
 .text.pbuf_cat
                0x08009500       0xac build/pbuf.o
                0x08009500                pbuf_cat
 .text.pbuf_copy
                0x080095ac      0x198 build/pbuf.o
                0x080095ac                pbuf_copy
 .text.pbuf_copy_partial
                0x08009744       0xf4 build/pbuf.o
                0x08009744                pbuf_copy_partial
 .text.tcp_init
                0x08009838        0xc build/tcp.o
                0x08009838                tcp_init
 .text.tcp_tmr  0x08009844       0x2c build/tcp.o
                0x08009844                tcp_tmr
 .text.tcp_remove_listener
                0x08009870       0x38 build/tcp.o
 .text.tcp_listen_closed
                0x080098a8       0x70 build/tcp.o
 .text.tcp_close_shutdown
                0x08009918      0x1d4 build/tcp.o
 .text.tcp_close_shutdown_fin
                0x08009aec       0xd4 build/tcp.o
 .text.tcp_close
                0x08009bc0       0x30 build/tcp.o
                0x08009bc0                tcp_close
 .text.tcp_abandon
                0x08009bf0      0x164 build/tcp.o
                0x08009bf0                tcp_abandon
 .text.tcp_abort
                0x08009d54       0x18 build/tcp.o
                0x08009d54                tcp_abort
 .text.tcp_update_rcv_ann_wnd
                0x08009d6c       0x9c build/tcp.o
                0x08009d6c                tcp_update_rcv_ann_wnd
 .text.tcp_recved
                0x08009e08       0xb4 build/tcp.o
                0x08009e08                tcp_recved
 .text.tcp_slowtmr
                0x08009ebc      0x584 build/tcp.o
                0x08009ebc                tcp_slowtmr
 .text.tcp_fasttmr
                0x0800a440       0xc8 build/tcp.o
                0x0800a440                tcp_fasttmr
 .text.tcp_process_refused_data
                0x0800a508       0xd2 build/tcp.o
                0x0800a508                tcp_process_refused_data
 .text.tcp_segs_free
                0x0800a5da       0x2a build/tcp.o
                0x0800a5da                tcp_segs_free
 .text.tcp_seg_free
                0x0800a604       0x30 build/tcp.o
                0x0800a604                tcp_seg_free
 .text.tcp_seg_copy
                0x0800a634       0x38 build/tcp.o
                0x0800a634                tcp_seg_copy
 .text.tcp_recv_null
                0x0800a66c       0x44 build/tcp.o
                0x0800a66c                tcp_recv_null
 .text.tcp_kill_prio
                0x0800a6b0       0x84 build/tcp.o
 .text.tcp_kill_state
                0x0800a734       0x94 build/tcp.o
 .text.tcp_kill_timewait
                0x0800a7c8       0x60 build/tcp.o
 .text.tcp_alloc
                0x0800a828      0x104 build/tcp.o
                0x0800a828                tcp_alloc
 .text.tcp_pcb_purge
                0x0800a92c       0x82 build/tcp.o
                0x0800a92c                tcp_pcb_purge
 *fill*         0x0800a9ae        0x2 
 .text.tcp_pcb_remove
                0x0800a9b0       0xf8 build/tcp.o
                0x0800a9b0                tcp_pcb_remove
 .text.tcp_next_iss
                0x0800aaa8       0x2c build/tcp.o
                0x0800aaa8                tcp_next_iss
 .text.tcp_eff_send_mss_impl
                0x0800aad4       0x48 build/tcp.o
                0x0800aad4                tcp_eff_send_mss_impl
 .text.tcp_netif_ip_addr_changed_pcblist
                0x0800ab1c       0x44 build/tcp.o
 .text.tcp_netif_ip_addr_changed
                0x0800ab60       0x80 build/tcp.o
                0x0800ab60                tcp_netif_ip_addr_changed
 .text.tcp_input
                0x0800abe0      0x790 build/tcp_in.o
                0x0800abe0                tcp_input
 .text.tcp_input_delayed_close
                0x0800b370       0x64 build/tcp_in.o
 .text.tcp_listen_input
                0x0800b3d4      0x1c0 build/tcp_in.o
 .text.tcp_timewait_input
                0x0800b594       0xd0 build/tcp_in.o
 .text.tcp_process
                0x0800b664      0x768 build/tcp_in.o
 .text.tcp_oos_insert_segment
                0x0800bdcc       0xec build/tcp_in.o
 .text.tcp_receive
                0x0800beb8      0xff4 build/tcp_in.o
 .text.tcp_getoptbyte
                0x0800ceac       0x74 build/tcp_in.o
 .text.tcp_parseopt
                0x0800cf20       0xcc build/tcp_in.o
 .text.tcp_trigger_input_pcb_close
                0x0800cfec       0x20 build/tcp_in.o
                0x0800cfec                tcp_trigger_input_pcb_close
 .text.tcp_output_alloc_header
                0x0800d00c       0xf4 build/tcp_out.o
 .text.tcp_send_fin
                0x0800d100       0x7e build/tcp_out.o
                0x0800d100                tcp_send_fin
 *fill*         0x0800d17e        0x2 
 .text.tcp_create_segment
                0x0800d180      0x110 build/tcp_out.o
 .text.tcp_enqueue_flags
                0x0800d290      0x1f8 build/tcp_out.o
                0x0800d290                tcp_enqueue_flags
 .text.tcp_send_empty_ack
                0x0800d488       0xb8 build/tcp_out.o
                0x0800d488                tcp_send_empty_ack
 .text.tcp_output
                0x0800d540      0x3cc build/tcp_out.o
                0x0800d540                tcp_output
 .text.tcp_output_segment
                0x0800d90c      0x13c build/tcp_out.o
 .text.tcp_rst  0x0800da48       0xec build/tcp_out.o
                0x0800da48                tcp_rst
 .text.tcp_rexmit_rto
                0x0800db34       0x6c build/tcp_out.o
                0x0800db34                tcp_rexmit_rto
 .text.tcp_rexmit
                0x0800dba0       0xa0 build/tcp_out.o
                0x0800dba0                tcp_rexmit
 .text.tcp_rexmit_fast
                0x0800dc40       0x9c build/tcp_out.o
                0x0800dc40                tcp_rexmit_fast
 .text.tcp_keepalive
                0x0800dcdc       0x7a build/tcp_out.o
                0x0800dcdc                tcp_keepalive
 .text.tcp_zero_window_probe
                0x0800dd56      0x138 build/tcp_out.o
                0x0800dd56                tcp_zero_window_probe
 *fill*         0x0800de8e        0x2 
 .text.tcpip_tcp_timer
                0x0800de90       0x48 build/timeouts.o
 .text.tcp_timer_needed
                0x0800ded8       0x40 build/timeouts.o
                0x0800ded8                tcp_timer_needed
 .text.cyclic_timer
                0x0800df18       0x2c build/timeouts.o
 .text.sys_timeouts_init
                0x0800df44       0x50 build/timeouts.o
                0x0800df44                sys_timeouts_init
 .text.sys_timeout
                0x0800df94      0x148 build/timeouts.o
                0x0800df94                sys_timeout
 .text.sys_check_timeouts
                0x0800e0dc       0xa4 build/timeouts.o
 .text.sys_timeouts_sleeptime
                0x0800e180       0x4c build/timeouts.o
 .text.sys_timeouts_mbox_fetch
                0x0800e1cc       0x4c build/timeouts.o
                0x0800e1cc                sys_timeouts_mbox_fetch
 .text.udp_init
                0x0800e218        0xc build/udp.o
                0x0800e218                udp_init
 .text.udp_input_local_match
                0x0800e224       0x74 build/udp.o
 .text.udp_input
                0x0800e298      0x1cc build/udp.o
                0x0800e298                udp_input
 .text.udp_netif_ip_addr_changed
                0x0800e464       0x5c build/udp.o
                0x0800e464                udp_netif_ip_addr_changed
 .text.etharp_free_entry
                0x0800e4c0       0x64 build/etharp.o
 .text.etharp_tmr
                0x0800e524      0x150 build/etharp.o
                0x0800e524                etharp_tmr
 .text.etharp_find_entry
                0x0800e674      0x294 build/etharp.o
 .text.etharp_update_arp_entry
                0x0800e908      0x14c build/etharp.o
 .text.etharp_cleanup_netif
                0x0800ea54       0x64 build/etharp.o
                0x0800ea54                etharp_cleanup_netif
 .text.etharp_input
                0x0800eab8      0x114 build/etharp.o
                0x0800eab8                etharp_input
 .text.etharp_output_to_arp_index
                0x0800ebcc      0x134 build/etharp.o
 .text.etharp_output
                0x0800ed00      0x1dc build/etharp.o
                0x0800ed00                etharp_output
 .text.etharp_query
                0x0800eedc      0x290 build/etharp.o
                0x0800eedc                etharp_query
 .text.etharp_raw
                0x0800f16c      0x118 build/etharp.o
 .text.etharp_request_dst
                0x0800f284       0x44 build/etharp.o
 .text.etharp_request
                0x0800f2c8       0x24 build/etharp.o
                0x0800f2c8                etharp_request
 .text.icmp_input
                0x0800f2ec      0x20c build/icmp.o
                0x0800f2ec                icmp_input
 .text.icmp_dest_unreach
                0x0800f4f8       0x20 build/icmp.o
                0x0800f4f8                icmp_dest_unreach
 .text.icmp_time_exceeded
                0x0800f518       0x20 build/icmp.o
                0x0800f518                icmp_time_exceeded
 .text.icmp_send_response
                0x0800f538       0xd0 build/icmp.o
 .text.ip4_route
                0x0800f608       0xd4 build/ip4.o
                0x0800f608                ip4_route
 .text.ip4_input
                0x0800f6dc      0x280 build/ip4.o
                0x0800f6dc                ip4_input
 .text.ip4_output_if
                0x0800f95c       0x54 build/ip4.o
                0x0800f95c                ip4_output_if
 .text.ip4_output_if_src
                0x0800f9b0      0x150 build/ip4.o
                0x0800f9b0                ip4_output_if_src
 .text.ip4_addr_isbroadcast_u32
                0x0800fb00       0x80 build/ip4_addr.o
                0x0800fb00                ip4_addr_isbroadcast_u32
 .text.ip_reass_tmr
                0x0800fb80       0x58 build/ip4_frag.o
                0x0800fb80                ip_reass_tmr
 .text.ip_reass_free_complete_datagram
                0x0800fbd8      0x148 build/ip4_frag.o
 .text.ip_reass_remove_oldest_datagram
                0x0800fd20       0xc4 build/ip4_frag.o
 .text.ip_reass_enqueue_new_datagram
                0x0800fde4       0x74 build/ip4_frag.o
 .text.ip_reass_dequeue_datagram
                0x0800fe58       0x5c build/ip4_frag.o
 .text.ip_reass_chain_frag_into_datagram_and_validate
                0x0800feb4      0x2d4 build/ip4_frag.o
 .text.ip4_reass
                0x08010188      0x2a8 build/ip4_frag.o
                0x08010188                ip4_reass
 .text.ip_frag_alloc_pbuf_custom_ref
                0x08010430       0x10 build/ip4_frag.o
 .text.ip_frag_free_pbuf_custom_ref
                0x08010440       0x38 build/ip4_frag.o
 .text.ipfrag_free_pbuf_custom
                0x08010478       0x68 build/ip4_frag.o
 .text.ip4_frag
                0x080104e0      0x240 build/ip4_frag.o
                0x080104e0                ip4_frag
 .text.sys_mbox_new
                0x08010720       0x34 build/sys_arch.o
                0x08010720                sys_mbox_new
 .text.sys_mbox_post
                0x08010754       0x2c build/sys_arch.o
                0x08010754                sys_mbox_post
 .text.sys_mbox_trypost
                0x08010780       0x34 build/sys_arch.o
                0x08010780                sys_mbox_trypost
 .text.sys_arch_mbox_fetch
                0x080107b4       0x62 build/sys_arch.o
                0x080107b4                sys_arch_mbox_fetch
 .text.sys_mbox_valid
                0x08010816       0x20 build/sys_arch.o
                0x08010816                sys_mbox_valid
 *fill*         0x08010836        0x2 
 .text.sys_init
                0x08010838       0x18 build/sys_arch.o
                0x08010838                sys_init
 .text.sys_mutex_new
                0x08010850       0x2c build/sys_arch.o
                0x08010850                sys_mutex_new
 .text.sys_mutex_lock
                0x0801087c       0x1e build/sys_arch.o
                0x0801087c                sys_mutex_lock
 .text.sys_mutex_unlock
                0x0801089a       0x1a build/sys_arch.o
                0x0801089a                sys_mutex_unlock
 .text.sys_thread_new
                0x080108b4       0x40 build/sys_arch.o
                0x080108b4                sys_thread_new
 .text.sys_arch_protect
                0x080108f4       0x1c build/sys_arch.o
                0x080108f4                sys_arch_protect
 .text.sys_arch_unprotect
                0x08010910       0x20 build/sys_arch.o
                0x08010910                sys_arch_unprotect
 .text.Reset_Handler
                0x08010930       0x50 build/startup_stm32f207xx.o
                0x08010930                Reset_Handler
 .text.Default_Handler
                0x08010980        0x2 build/startup_stm32f207xx.o
                0x08010980                RTC_Alarm_IRQHandler
                0x08010980                HASH_RNG_IRQHandler
                0x08010980                EXTI2_IRQHandler
                0x08010980                TIM8_CC_IRQHandler
                0x08010980                TIM1_CC_IRQHandler
                0x08010980                DMA2_Stream5_IRQHandler
                0x08010980                DMA1_Stream5_IRQHandler
                0x08010980                PVD_IRQHandler
                0x08010980                SDIO_IRQHandler
                0x08010980                TAMP_STAMP_IRQHandler
                0x08010980                CAN2_RX1_IRQHandler
                0x08010980                EXTI3_IRQHandler
                0x08010980                TIM8_TRG_COM_TIM14_IRQHandler
                0x08010980                TIM1_UP_TIM10_IRQHandler
                0x08010980                TIM8_UP_TIM13_IRQHandler
                0x08010980                I2C3_ER_IRQHandler
                0x08010980                EXTI0_IRQHandler
                0x08010980                I2C2_EV_IRQHandler
                0x08010980                DMA1_Stream2_IRQHandler
                0x08010980                CAN1_RX0_IRQHandler
                0x08010980                OTG_HS_WKUP_IRQHandler
                0x08010980                CAN2_SCE_IRQHandler
                0x08010980                DMA2_Stream2_IRQHandler
                0x08010980                SPI1_IRQHandler
                0x08010980                TIM6_DAC_IRQHandler
                0x08010980                TIM1_BRK_TIM9_IRQHandler
                0x08010980                DCMI_IRQHandler
                0x08010980                CAN2_RX0_IRQHandler
                0x08010980                DMA2_Stream3_IRQHandler
                0x08010980                USART6_IRQHandler
                0x08010980                USART3_IRQHandler
                0x08010980                CAN1_RX1_IRQHandler
                0x08010980                UART5_IRQHandler
                0x08010980                DMA2_Stream0_IRQHandler
                0x08010980                I2C1_EV_IRQHandler
                0x08010980                DMA1_Stream6_IRQHandler
                0x08010980                DMA1_Stream1_IRQHandler
                0x08010980                UART4_IRQHandler
                0x08010980                TIM3_IRQHandler
                0x08010980                RCC_IRQHandler
                0x08010980                TIM8_BRK_TIM12_IRQHandler
                0x08010980                Default_Handler
                0x08010980                EXTI15_10_IRQHandler
                0x08010980                ADC_IRQHandler
                0x08010980                DMA1_Stream7_IRQHandler
                0x08010980                TIM7_IRQHandler
                0x08010980                CAN2_TX_IRQHandler
                0x08010980                TIM5_IRQHandler
                0x08010980                DMA2_Stream7_IRQHandler
                0x08010980                I2C3_EV_IRQHandler
                0x08010980                EXTI9_5_IRQHandler
                0x08010980                RTC_WKUP_IRQHandler
                0x08010980                ETH_WKUP_IRQHandler
                0x08010980                SPI2_IRQHandler
                0x08010980                OTG_HS_EP1_IN_IRQHandler
                0x08010980                DMA1_Stream0_IRQHandler
                0x08010980                CAN1_TX_IRQHandler
                0x08010980                EXTI4_IRQHandler
                0x08010980                FSMC_IRQHandler
                0x08010980                OTG_HS_EP1_OUT_IRQHandler
                0x08010980                WWDG_IRQHandler
                0x08010980                TIM2_IRQHandler
                0x08010980                OTG_FS_WKUP_IRQHandler
                0x08010980                TIM1_TRG_COM_TIM11_IRQHandler
                0x08010980                OTG_HS_IRQHandler
                0x08010980                EXTI1_IRQHandler
                0x08010980                USART2_IRQHandler
                0x08010980                I2C2_ER_IRQHandler
                0x08010980                DMA2_Stream1_IRQHandler
                0x08010980                CAN1_SCE_IRQHandler
                0x08010980                FLASH_IRQHandler
                0x08010980                DMA2_Stream4_IRQHandler
                0x08010980                USART1_IRQHandler
                0x08010980                OTG_FS_IRQHandler
                0x08010980                SPI3_IRQHandler
                0x08010980                DMA1_Stream4_IRQHandler
                0x08010980                I2C1_ER_IRQHandler
                0x08010980                DMA2_Stream6_IRQHandler
                0x08010980                DMA1_Stream3_IRQHandler
 *fill*         0x08010982        0x2 
 .text.__libc_init_array
                0x08010984       0x48 c:/vsarm/armcc/10 2021.10/bin/../lib/gcc/arm-none-eabi/10.3.1/../../../../arm-none-eabi/lib/thumb/v7-m/nofp\libc_nano.a(lib_a-init.o)
                0x08010984                __libc_init_array
 .text.memcmp   0x080109cc       0x20 c:/vsarm/armcc/10 2021.10/bin/../lib/gcc/arm-none-eabi/10.3.1/../../../../arm-none-eabi/lib/thumb/v7-m/nofp\libc_nano.a(lib_a-memcmp.o)
                0x080109cc                memcmp
 .text.memcpy   0x080109ec       0x1c c:/vsarm/armcc/10 2021.10/bin/../lib/gcc/arm-none-eabi/10.3.1/../../../../arm-none-eabi/lib/thumb/v7-m/nofp\libc_nano.a(lib_a-memcpy-stub.o)
                0x080109ec                memcpy
 .text.memset   0x08010a08       0x10 c:/vsarm/armcc/10 2021.10/bin/../lib/gcc/arm-none-eabi/10.3.1/../../../../arm-none-eabi/lib/thumb/v7-m/nofp\libc_nano.a(lib_a-memset.o)
                0x08010a08                memset
 .text.printf   0x08010a18       0x30 c:/vsarm/armcc/10 2021.10/bin/../lib/gcc/arm-none-eabi/10.3.1/../../../../arm-none-eabi/lib/thumb/v7-m/nofp\libc_nano.a(lib_a-printf.o)
                0x08010a18                iprintf
                0x08010a18                printf
 .text.std      0x08010a48       0x48 c:/vsarm/armcc/10 2021.10/bin/../lib/gcc/arm-none-eabi/10.3.1/../../../../arm-none-eabi/lib/thumb/v7-m/nofp\libc_nano.a(lib_a-findfp.o)
 .text._cleanup_r
                0x08010a90        0xc c:/vsarm/armcc/10 2021.10/bin/../lib/gcc/arm-none-eabi/10.3.1/../../../../arm-none-eabi/lib/thumb/v7-m/nofp\libc_nano.a(lib_a-findfp.o)
                0x08010a90                _cleanup_r
 .text.__sfmoreglue
                0x08010a9c       0x2c c:/vsarm/armcc/10 2021.10/bin/../lib/gcc/arm-none-eabi/10.3.1/../../../../arm-none-eabi/lib/thumb/v7-m/nofp\libc_nano.a(lib_a-findfp.o)
                0x08010a9c                __sfmoreglue
 .text.__sfp_lock_acquire
                0x08010ac8        0xc c:/vsarm/armcc/10 2021.10/bin/../lib/gcc/arm-none-eabi/10.3.1/../../../../arm-none-eabi/lib/thumb/v7-m/nofp\libc_nano.a(lib_a-findfp.o)
                0x08010ac8                __sfp_lock_acquire
 .text.__sfp_lock_release
                0x08010ad4        0xc c:/vsarm/armcc/10 2021.10/bin/../lib/gcc/arm-none-eabi/10.3.1/../../../../arm-none-eabi/lib/thumb/v7-m/nofp\libc_nano.a(lib_a-findfp.o)
                0x08010ad4                __sfp_lock_release
 .text.__sinit_lock_acquire
                0x08010ae0        0xc c:/vsarm/armcc/10 2021.10/bin/../lib/gcc/arm-none-eabi/10.3.1/../../../../arm-none-eabi/lib/thumb/v7-m/nofp\libc_nano.a(lib_a-findfp.o)
                0x08010ae0                __sinit_lock_acquire
 .text.__sinit_lock_release
                0x08010aec        0xc c:/vsarm/armcc/10 2021.10/bin/../lib/gcc/arm-none-eabi/10.3.1/../../../../arm-none-eabi/lib/thumb/v7-m/nofp\libc_nano.a(lib_a-findfp.o)
                0x08010aec                __sinit_lock_release
 .text.__sinit  0x08010af8       0x70 c:/vsarm/armcc/10 2021.10/bin/../lib/gcc/arm-none-eabi/10.3.1/../../../../arm-none-eabi/lib/thumb/v7-m/nofp\libc_nano.a(lib_a-findfp.o)
                0x08010af8                __sinit
 .text.__sfp    0x08010b68       0x8c c:/vsarm/armcc/10 2021.10/bin/../lib/gcc/arm-none-eabi/10.3.1/../../../../arm-none-eabi/lib/thumb/v7-m/nofp\libc_nano.a(lib_a-findfp.o)
                0x08010b68                __sfp
 .text._fwalk_reent
                0x08010bf4       0x3e c:/vsarm/armcc/10 2021.10/bin/../lib/gcc/arm-none-eabi/10.3.1/../../../../arm-none-eabi/lib/thumb/v7-m/nofp\libc_nano.a(lib_a-fwalk.o)
                0x08010bf4                _fwalk_reent
 .text.__retarget_lock_init_recursive
                0x08010c32        0x2 c:/vsarm/armcc/10 2021.10/bin/../lib/gcc/arm-none-eabi/10.3.1/../../../../arm-none-eabi/lib/thumb/v7-m/nofp\libc_nano.a(lib_a-lock.o)
                0x08010c32                __retarget_lock_init_recursive
 .text.__retarget_lock_acquire_recursive
                0x08010c34        0x2 c:/vsarm/armcc/10 2021.10/bin/../lib/gcc/arm-none-eabi/10.3.1/../../../../arm-none-eabi/lib/thumb/v7-m/nofp\libc_nano.a(lib_a-lock.o)
                0x08010c34                __retarget_lock_acquire_recursive
 .text.__retarget_lock_release_recursive
                0x08010c36        0x2 c:/vsarm/armcc/10 2021.10/bin/../lib/gcc/arm-none-eabi/10.3.1/../../../../arm-none-eabi/lib/thumb/v7-m/nofp\libc_nano.a(lib_a-lock.o)
                0x08010c36                __retarget_lock_release_recursive
 .text.sbrk_aligned
                0x08010c38       0x40 c:/vsarm/armcc/10 2021.10/bin/../lib/gcc/arm-none-eabi/10.3.1/../../../../arm-none-eabi/lib/thumb/v7-m/nofp\libc_nano.a(lib_a-nano-mallocr.o)
 .text._malloc_r
                0x08010c78       0xe8 c:/vsarm/armcc/10 2021.10/bin/../lib/gcc/arm-none-eabi/10.3.1/../../../../arm-none-eabi/lib/thumb/v7-m/nofp\libc_nano.a(lib_a-nano-mallocr.o)
                0x08010c78                _malloc_r
 .text.__sfputc_r
                0x08010d60       0x2a c:/vsarm/armcc/10 2021.10/bin/../lib/gcc/arm-none-eabi/10.3.1/../../../../arm-none-eabi/lib/thumb/v7-m/nofp\libc_nano.a(lib_a-nano-vfprintf.o)
 .text.__sfputs_r
                0x08010d8a       0x24 c:/vsarm/armcc/10 2021.10/bin/../lib/gcc/arm-none-eabi/10.3.1/../../../../arm-none-eabi/lib/thumb/v7-m/nofp\libc_nano.a(lib_a-nano-vfprintf.o)
                0x08010d8a                __sfputs_r
 *fill*         0x08010dae        0x2 
 .text._vfprintf_r
                0x08010db0      0x260 c:/vsarm/armcc/10 2021.10/bin/../lib/gcc/arm-none-eabi/10.3.1/../../../../arm-none-eabi/lib/thumb/v7-m/nofp\libc_nano.a(lib_a-nano-vfprintf.o)
                0x08010db0                _vfprintf_r
                0x08010db0                _vfiprintf_r
 .text._printf_common
                0x08011010       0xde c:/vsarm/armcc/10 2021.10/bin/../lib/gcc/arm-none-eabi/10.3.1/../../../../arm-none-eabi/lib/thumb/v7-m/nofp\libc_nano.a(lib_a-nano-vfprintf_i.o)
                0x08011010                _printf_common
 *fill*         0x080110ee        0x2 
 .text._printf_i
                0x080110f0      0x24c c:/vsarm/armcc/10 2021.10/bin/../lib/gcc/arm-none-eabi/10.3.1/../../../../arm-none-eabi/lib/thumb/v7-m/nofp\libc_nano.a(lib_a-nano-vfprintf_i.o)
                0x080110f0                _printf_i
 .text._sbrk_r  0x0801133c       0x20 c:/vsarm/armcc/10 2021.10/bin/../lib/gcc/arm-none-eabi/10.3.1/../../../../arm-none-eabi/lib/thumb/v7-m/nofp\libc_nano.a(lib_a-sbrkr.o)
                0x0801133c                _sbrk_r
 .text.__sread  0x0801135c       0x22 c:/vsarm/armcc/10 2021.10/bin/../lib/gcc/arm-none-eabi/10.3.1/../../../../arm-none-eabi/lib/thumb/v7-m/nofp\libc_nano.a(lib_a-stdio.o)
                0x0801135c                __sread
 .text.__swrite
                0x0801137e       0x38 c:/vsarm/armcc/10 2021.10/bin/../lib/gcc/arm-none-eabi/10.3.1/../../../../arm-none-eabi/lib/thumb/v7-m/nofp\libc_nano.a(lib_a-stdio.o)
                0x0801137e                __swrite
 .text.__sseek  0x080113b6       0x24 c:/vsarm/armcc/10 2021.10/bin/../lib/gcc/arm-none-eabi/10.3.1/../../../../arm-none-eabi/lib/thumb/v7-m/nofp\libc_nano.a(lib_a-stdio.o)
                0x080113b6                __sseek
 .text.__sclose
                0x080113da        0x8 c:/vsarm/armcc/10 2021.10/bin/../lib/gcc/arm-none-eabi/10.3.1/../../../../arm-none-eabi/lib/thumb/v7-m/nofp\libc_nano.a(lib_a-stdio.o)
                0x080113da                __sclose
 *fill*         0x080113e2        0x2 
 .text.__swbuf_r
                0x080113e4       0xa4 c:/vsarm/armcc/10 2021.10/bin/../lib/gcc/arm-none-eabi/10.3.1/../../../../arm-none-eabi/lib/thumb/v7-m/nofp\libc_nano.a(lib_a-wbuf.o)
                0x080113e4                __swbuf_r
 .text._write_r
                0x08011488       0x24 c:/vsarm/armcc/10 2021.10/bin/../lib/gcc/arm-none-eabi/10.3.1/../../../../arm-none-eabi/lib/thumb/v7-m/nofp\libc_nano.a(lib_a-writer.o)
                0x08011488                _write_r
 .text.__swsetup_r
                0x080114ac       0xdc c:/vsarm/armcc/10 2021.10/bin/../lib/gcc/arm-none-eabi/10.3.1/../../../../arm-none-eabi/lib/thumb/v7-m/nofp\libc_nano.a(lib_a-wsetup.o)
                0x080114ac                __swsetup_r
 .text._close_r
                0x08011588       0x20 c:/vsarm/armcc/10 2021.10/bin/../lib/gcc/arm-none-eabi/10.3.1/../../../../arm-none-eabi/lib/thumb/v7-m/nofp\libc_nano.a(lib_a-closer.o)
                0x08011588                _close_r
 .text.__sflush_r
                0x080115a8      0x104 c:/vsarm/armcc/10 2021.10/bin/../lib/gcc/arm-none-eabi/10.3.1/../../../../arm-none-eabi/lib/thumb/v7-m/nofp\libc_nano.a(lib_a-fflush.o)
                0x080115a8                __sflush_r
 .text._fflush_r
                0x080116ac       0x78 c:/vsarm/armcc/10 2021.10/bin/../lib/gcc/arm-none-eabi/10.3.1/../../../../arm-none-eabi/lib/thumb/v7-m/nofp\libc_nano.a(lib_a-fflush.o)
                0x080116ac                _fflush_r
 .text._lseek_r
                0x08011724       0x24 c:/vsarm/armcc/10 2021.10/bin/../lib/gcc/arm-none-eabi/10.3.1/../../../../arm-none-eabi/lib/thumb/v7-m/nofp\libc_nano.a(lib_a-lseekr.o)
                0x08011724                _lseek_r
 .text.__swhatbuf_r
                0x08011748       0x4a c:/vsarm/armcc/10 2021.10/bin/../lib/gcc/arm-none-eabi/10.3.1/../../../../arm-none-eabi/lib/thumb/v7-m/nofp\libc_nano.a(lib_a-makebuf.o)
                0x08011748                __swhatbuf_r
 *fill*         0x08011792        0x2 
 .text.__smakebuf_r
                0x08011794       0x80 c:/vsarm/armcc/10 2021.10/bin/../lib/gcc/arm-none-eabi/10.3.1/../../../../arm-none-eabi/lib/thumb/v7-m/nofp\libc_nano.a(lib_a-makebuf.o)
                0x08011794                __smakebuf_r
 .text.memchr   0x08011814       0x1c c:/vsarm/armcc/10 2021.10/bin/../lib/gcc/arm-none-eabi/10.3.1/../../../../arm-none-eabi/lib/thumb/v7-m/nofp\libc_nano.a(lib_a-memchr-stub.o)
                0x08011814                memchr
 .text.__malloc_lock
                0x08011830        0xc c:/vsarm/armcc/10 2021.10/bin/../lib/gcc/arm-none-eabi/10.3.1/../../../../arm-none-eabi/lib/thumb/v7-m/nofp\libc_nano.a(lib_a-mlock.o)
                0x08011830                __malloc_lock
 .text.__malloc_unlock
                0x0801183c        0xc c:/vsarm/armcc/10 2021.10/bin/../lib/gcc/arm-none-eabi/10.3.1/../../../../arm-none-eabi/lib/thumb/v7-m/nofp\libc_nano.a(lib_a-mlock.o)
                0x0801183c                __malloc_unlock
 .text._free_r  0x08011848       0x90 c:/vsarm/armcc/10 2021.10/bin/../lib/gcc/arm-none-eabi/10.3.1/../../../../arm-none-eabi/lib/thumb/v7-m/nofp\libc_nano.a(lib_a-nano-freer.o)
                0x08011848                _free_r
 .text._read_r  0x080118d8       0x24 c:/vsarm/armcc/10 2021.10/bin/../lib/gcc/arm-none-eabi/10.3.1/../../../../arm-none-eabi/lib/thumb/v7-m/nofp\libc_nano.a(lib_a-readr.o)
                0x080118d8                _read_r
 .text._fstat_r
                0x080118fc       0x24 c:/vsarm/armcc/10 2021.10/bin/../lib/gcc/arm-none-eabi/10.3.1/../../../../arm-none-eabi/lib/thumb/v7-m/nofp\libc_nano.a(lib_a-fstatr.o)
                0x080118fc                _fstat_r
 .text._isatty_r
                0x08011920       0x20 c:/vsarm/armcc/10 2021.10/bin/../lib/gcc/arm-none-eabi/10.3.1/../../../../arm-none-eabi/lib/thumb/v7-m/nofp\libc_nano.a(lib_a-isattyr.o)
                0x08011920                _isatty_r
 .text._close   0x08011940       0x10 c:/vsarm/armcc/10 2021.10/bin/../lib/gcc/arm-none-eabi/10.3.1/../../../../arm-none-eabi/lib/thumb/v7-m/nofp\libnosys.a(close.o)
                0x08011940                _close
 .text._fstat   0x08011950       0x10 c:/vsarm/armcc/10 2021.10/bin/../lib/gcc/arm-none-eabi/10.3.1/../../../../arm-none-eabi/lib/thumb/v7-m/nofp\libnosys.a(fstat.o)
                0x08011950                _fstat
 .text._isatty  0x08011960       0x10 c:/vsarm/armcc/10 2021.10/bin/../lib/gcc/arm-none-eabi/10.3.1/../../../../arm-none-eabi/lib/thumb/v7-m/nofp\libnosys.a(isatty.o)
                0x08011960                _isatty
 .text._lseek   0x08011970       0x10 c:/vsarm/armcc/10 2021.10/bin/../lib/gcc/arm-none-eabi/10.3.1/../../../../arm-none-eabi/lib/thumb/v7-m/nofp\libnosys.a(lseek.o)
                0x08011970                _lseek
 .text._read    0x08011980       0x10 c:/vsarm/armcc/10 2021.10/bin/../lib/gcc/arm-none-eabi/10.3.1/../../../../arm-none-eabi/lib/thumb/v7-m/nofp\libnosys.a(read.o)
                0x08011980                _read
 .text._sbrk    0x08011990       0x1c c:/vsarm/armcc/10 2021.10/bin/../lib/gcc/arm-none-eabi/10.3.1/../../../../arm-none-eabi/lib/thumb/v7-m/nofp\libnosys.a(sbrk.o)
                0x08011990                _sbrk
 .text._write   0x080119ac       0x10 c:/vsarm/armcc/10 2021.10/bin/../lib/gcc/arm-none-eabi/10.3.1/../../../../arm-none-eabi/lib/thumb/v7-m/nofp\libnosys.a(write.o)
                0x080119ac                _write
 *(.glue_7)
 .glue_7        0x080119bc        0x0 linker stubs
 *(.glue_7t)
 .glue_7t       0x080119bc        0x0 linker stubs
 *(.eh_frame)
 .eh_frame      0x080119bc        0x0 c:/vsarm/armcc/10 2021.10/bin/../lib/gcc/arm-none-eabi/10.3.1/thumb/v7-m/nofp/crtbegin.o
 *(.init)
 .init          0x080119bc        0x4 c:/vsarm/armcc/10 2021.10/bin/../lib/gcc/arm-none-eabi/10.3.1/thumb/v7-m/nofp/crti.o
                0x080119bc                _init
 .init          0x080119c0        0x8 c:/vsarm/armcc/10 2021.10/bin/../lib/gcc/arm-none-eabi/10.3.1/thumb/v7-m/nofp/crtn.o
 *(.fini)
 .fini          0x080119c8        0x4 c:/vsarm/armcc/10 2021.10/bin/../lib/gcc/arm-none-eabi/10.3.1/thumb/v7-m/nofp/crti.o
                0x080119c8                _fini
 .fini          0x080119cc        0x8 c:/vsarm/armcc/10 2021.10/bin/../lib/gcc/arm-none-eabi/10.3.1/thumb/v7-m/nofp/crtn.o
                0x080119d4                . = ALIGN (0x4)
                0x080119d4                _etext = .

.vfp11_veneer   0x080119d4        0x0
 .vfp11_veneer  0x080119d4        0x0 linker stubs

.v4_bx          0x080119d4        0x0
 .v4_bx         0x080119d4        0x0 linker stubs

.iplt           0x080119d4        0x0
 .iplt          0x080119d4        0x0 c:/vsarm/armcc/10 2021.10/bin/../lib/gcc/arm-none-eabi/10.3.1/thumb/v7-m/nofp/crtbegin.o

.rodata         0x080119d4     0x1fb8
                0x080119d4                . = ALIGN (0x4)
 *(.rodata)
 .rodata        0x080119d4        0xc build/main.o
 .rodata        0x080119e0       0x5c build/ethernetif.o
 .rodata        0x08011a3c        0x8 build/lwip.o
 .rodata        0x08011a44        0x5 build/tasks.o
 *fill*         0x08011a49        0x3 
 .rodata        0x08011a4c        0xd build/timers.o
 *fill*         0x08011a59        0x3 
 .rodata        0x08011a5c       0x90 build/ethernet.o
 .rodata        0x08011aec       0xdd build/tcpip.o
 *fill*         0x08011bc9        0x3 
 .rodata        0x08011bcc      0x213 build/mem.o
 *fill*         0x08011ddf        0x1 
 .rodata        0x08011de0       0xeb build/memp.o
 *fill*         0x08011ecb        0x1 
 .rodata        0x08011ecc       0x70 build/netif.o
 .rodata        0x08011f3c      0x509 build/pbuf.o
 *fill*         0x08012445        0x3 
 .rodata        0x08012448      0x477 build/tcp.o
 *fill*         0x080128bf        0x1 
 .rodata        0x080128c0      0x381 build/tcp_in.o
 *fill*         0x08012c41        0x3 
 .rodata        0x08012c44      0x43f build/tcp_out.o
 *fill*         0x08013083        0x1 
 .rodata        0x08013084       0x9c build/timeouts.o
 .rodata        0x08013120       0x96 build/udp.o
 *fill*         0x080131b6        0x2 
 .rodata        0x080131b8      0x261 build/etharp.o
 *fill*         0x08013419        0x3 
 .rodata        0x0801341c       0xf4 build/icmp.o
 .rodata        0x08013510       0x95 build/ip4.o
 *fill*         0x080135a5        0x3 
 .rodata        0x080135a8      0x1ec build/ip4_frag.o
 *(.rodata*)
 .rodata.defaultTask_attributes
                0x08013794       0x24 build/main.o
                0x08013794                defaultTask_attributes
 .rodata.AHBPrescTable
                0x080137b8       0x10 build/system_stm32f2xx.o
                0x080137b8                AHBPrescTable
 .rodata.APBPrescTable
                0x080137c8        0x8 build/system_stm32f2xx.o
                0x080137c8                APBPrescTable
 .rodata.ethbroadcast
                0x080137d0        0x6 build/ethernet.o
                0x080137d0                ethbroadcast
 *fill*         0x080137d6        0x2 
 .rodata.ethzero
                0x080137d8        0x6 build/ethernet.o
                0x080137d8                ethzero
 *fill*         0x080137de        0x2 
 .rodata.memp_UDP_PCB
                0x080137e0        0xc build/memp.o
                0x080137e0                memp_UDP_PCB
 .rodata.memp_TCP_PCB
                0x080137ec        0xc build/memp.o
                0x080137ec                memp_TCP_PCB
 .rodata.memp_TCP_PCB_LISTEN
                0x080137f8        0xc build/memp.o
                0x080137f8                memp_TCP_PCB_LISTEN
 .rodata.memp_TCP_SEG
                0x08013804        0xc build/memp.o
                0x08013804                memp_TCP_SEG
 .rodata.memp_REASSDATA
                0x08013810        0xc build/memp.o
                0x08013810                memp_REASSDATA
 .rodata.memp_FRAG_PBUF
                0x0801381c        0xc build/memp.o
                0x0801381c                memp_FRAG_PBUF
 .rodata.memp_NETBUF
                0x08013828        0xc build/memp.o
                0x08013828                memp_NETBUF
 .rodata.memp_NETCONN
                0x08013834        0xc build/memp.o
                0x08013834                memp_NETCONN
 .rodata.memp_TCPIP_MSG_API
                0x08013840        0xc build/memp.o
                0x08013840                memp_TCPIP_MSG_API
 .rodata.memp_TCPIP_MSG_INPKT
                0x0801384c        0xc build/memp.o
                0x0801384c                memp_TCPIP_MSG_INPKT
 .rodata.memp_SYS_TIMEOUT
                0x08013858        0xc build/memp.o
                0x08013858                memp_SYS_TIMEOUT
 .rodata.memp_PBUF
                0x08013864        0xc build/memp.o
                0x08013864                memp_PBUF
 .rodata.memp_PBUF_POOL
                0x08013870        0xc build/memp.o
                0x08013870                memp_PBUF_POOL
 .rodata.memp_pools
                0x0801387c       0x34 build/memp.o
                0x0801387c                memp_pools
 .rodata.tcp_backoff
                0x080138b0        0xd build/tcp.o
 *fill*         0x080138bd        0x3 
 .rodata.tcp_persist_backoff
                0x080138c0        0x7 build/tcp.o
 *fill*         0x080138c7        0x1 
 .rodata.tcp_pcb_lists
                0x080138c8       0x10 build/tcp.o
                0x080138c8                tcp_pcb_lists
 .rodata.lwip_cyclic_timers
                0x080138d8       0x18 build/timeouts.o
                0x080138d8                lwip_cyclic_timers
 .rodata.ip_addr_any
                0x080138f0        0x4 build/ip4_addr.o
                0x080138f0                ip_addr_any
 .rodata._global_impure_ptr
                0x080138f4        0x4 c:/vsarm/armcc/10 2021.10/bin/../lib/gcc/arm-none-eabi/10.3.1/../../../../arm-none-eabi/lib/thumb/v7-m/nofp\libc_nano.a(lib_a-impure.o)
                0x080138f4                _global_impure_ptr
 .rodata.__sf_fake_stderr
                0x080138f8       0x20 c:/vsarm/armcc/10 2021.10/bin/../lib/gcc/arm-none-eabi/10.3.1/../../../../arm-none-eabi/lib/thumb/v7-m/nofp\libc_nano.a(lib_a-findfp.o)
                0x080138f8                __sf_fake_stderr
 .rodata.__sf_fake_stdin
                0x08013918       0x20 c:/vsarm/armcc/10 2021.10/bin/../lib/gcc/arm-none-eabi/10.3.1/../../../../arm-none-eabi/lib/thumb/v7-m/nofp\libc_nano.a(lib_a-findfp.o)
                0x08013918                __sf_fake_stdin
 .rodata.__sf_fake_stdout
                0x08013938       0x20 c:/vsarm/armcc/10 2021.10/bin/../lib/gcc/arm-none-eabi/10.3.1/../../../../arm-none-eabi/lib/thumb/v7-m/nofp\libc_nano.a(lib_a-findfp.o)
                0x08013938                __sf_fake_stdout
 .rodata._vfprintf_r.str1.1
                0x08013958       0x11 c:/vsarm/armcc/10 2021.10/bin/../lib/gcc/arm-none-eabi/10.3.1/../../../../arm-none-eabi/lib/thumb/v7-m/nofp\libc_nano.a(lib_a-nano-vfprintf.o)
 .rodata._printf_i.str1.1
                0x08013969       0x22 c:/vsarm/armcc/10 2021.10/bin/../lib/gcc/arm-none-eabi/10.3.1/../../../../arm-none-eabi/lib/thumb/v7-m/nofp\libc_nano.a(lib_a-nano-vfprintf_i.o)
                0x0801398c                . = ALIGN (0x4)
 *fill*         0x0801398b        0x1 

.ARM.extab
 *(.ARM.extab* .gnu.linkonce.armextab.*)

.ARM            0x0801398c        0x8
                0x0801398c                __exidx_start = .
 *(.ARM.exidx*)
 .ARM.exidx     0x0801398c        0x8 c:/vsarm/armcc/10 2021.10/bin/../lib/gcc/arm-none-eabi/10.3.1/thumb/v7-m/nofp\libgcc.a(_udivmoddi4.o)
                0x08013994                __exidx_end = .

.rel.dyn        0x08013994        0x0
 .rel.iplt      0x08013994        0x0 c:/vsarm/armcc/10 2021.10/bin/../lib/gcc/arm-none-eabi/10.3.1/thumb/v7-m/nofp/crtbegin.o

.preinit_array  0x08013994        0x0
                0x08013994                PROVIDE (__preinit_array_start = .)
 *(.preinit_array*)
                0x08013994                PROVIDE (__preinit_array_end = .)

.init_array     0x08013994        0x4
                0x08013994                PROVIDE (__init_array_start = .)
 *(SORT_BY_NAME(.init_array.*))
 *(.init_array*)
 .init_array    0x08013994        0x4 c:/vsarm/armcc/10 2021.10/bin/../lib/gcc/arm-none-eabi/10.3.1/thumb/v7-m/nofp/crtbegin.o
                0x08013998                PROVIDE (__init_array_end = .)

.fini_array     0x08013998        0x4
                [!provide]                PROVIDE (__fini_array_start = .)
 *(SORT_BY_NAME(.fini_array.*))
 *(.fini_array*)
 .fini_array    0x08013998        0x4 c:/vsarm/armcc/10 2021.10/bin/../lib/gcc/arm-none-eabi/10.3.1/thumb/v7-m/nofp/crtbegin.o
                [!provide]                PROVIDE (__fini_array_end = .)
                0x0801399c                _sidata = LOADADDR (.data)

.data           0x20000000       0x78 load address 0x0801399c
                0x20000000                . = ALIGN (0x4)
                0x20000000                _sdata = .
 *(.data)
 *(.data*)
 .data.uwTickPrio
                0x20000000        0x4 build/stm32f2xx_hal.o
                0x20000000                uwTickPrio
 .data.uwTickFreq
                0x20000004        0x1 build/stm32f2xx_hal.o
                0x20000004                uwTickFreq
 *fill*         0x20000005        0x3 
 .data.SystemCoreClock
                0x20000008        0x4 build/system_stm32f2xx.o
                0x20000008                SystemCoreClock
 .data.uxCriticalNesting
                0x2000000c        0x4 build/port.o
 .data.iss.0    0x20000010        0x4 build/tcp.o
 .data._impure_ptr
                0x20000014        0x4 c:/vsarm/armcc/10 2021.10/bin/../lib/gcc/arm-none-eabi/10.3.1/../../../../arm-none-eabi/lib/thumb/v7-m/nofp\libc_nano.a(lib_a-impure.o)
                0x20000014                _impure_ptr
 .data.impure_data
                0x20000018       0x60 c:/vsarm/armcc/10 2021.10/bin/../lib/gcc/arm-none-eabi/10.3.1/../../../../arm-none-eabi/lib/thumb/v7-m/nofp\libc_nano.a(lib_a-impure.o)
                0x20000078                . = ALIGN (0x4)
                0x20000078                _edata = .

.igot.plt       0x20000078        0x0 load address 0x08013a14
 .igot.plt      0x20000078        0x0 c:/vsarm/armcc/10 2021.10/bin/../lib/gcc/arm-none-eabi/10.3.1/thumb/v7-m/nofp/crtbegin.o
                0x20000078                . = ALIGN (0x4)

.bss            0x20000078     0xb434 load address 0x08013a14
                0x20000078                _sbss = .
                0x20000078                __bss_start__ = _sbss
 *(.bss)
 .bss           0x20000078       0x1c c:/vsarm/armcc/10 2021.10/bin/../lib/gcc/arm-none-eabi/10.3.1/thumb/v7-m/nofp/crtbegin.o
 *(.bss*)
 .bss.huart3    0x20000094       0x44 build/main.o
                0x20000094                huart3
 .bss.defaultTaskHandle
                0x200000d8        0x4 build/main.o
                0x200000d8                defaultTaskHandle
 .bss.htim4     0x200000dc       0x48 build/stm32f2xx_hal_timebase_tim.o
                0x200000dc                htim4
 .bss.DMARxDscrTab
                0x20000124       0x80 build/ethernetif.o
                0x20000124                DMARxDscrTab
 .bss.DMATxDscrTab
                0x200001a4       0x80 build/ethernetif.o
                0x200001a4                DMATxDscrTab
 .bss.Rx_Buff   0x20000224     0x17d0 build/ethernetif.o
                0x20000224                Rx_Buff
 .bss.Tx_Buff   0x200019f4     0x17d0 build/ethernetif.o
                0x200019f4                Tx_Buff
 .bss.s_xSemaphore
                0x200031c4        0x4 build/ethernetif.o
                0x200031c4                s_xSemaphore
 .bss.heth      0x200031c8       0x48 build/ethernetif.o
                0x200031c8                heth
 .bss.Netif_LinkSemaphore
                0x20003210        0x4 build/lwip.o
                0x20003210                Netif_LinkSemaphore
 .bss.link_arg  0x20003214        0x8 build/lwip.o
                0x20003214                link_arg
 .bss.gnetif    0x2000321c       0x34 build/lwip.o
                0x2000321c                gnetif
 .bss.ipaddr    0x20003250        0x4 build/lwip.o
                0x20003250                ipaddr
 .bss.netmask   0x20003254        0x4 build/lwip.o
                0x20003254                netmask
 .bss.gw        0x20003258        0x4 build/lwip.o
                0x20003258                gw
 .bss.IP_ADDRESS
                0x2000325c        0x4 build/lwip.o
                0x2000325c                IP_ADDRESS
 .bss.NETMASK_ADDRESS
                0x20003260        0x4 build/lwip.o
                0x20003260                NETMASK_ADDRESS
 .bss.GATEWAY_ADDRESS
                0x20003264        0x4 build/lwip.o
                0x20003264                GATEWAY_ADDRESS
 .bss.attributes
                0x20003268       0x24 build/lwip.o
                0x20003268                attributes
 .bss.uwTick    0x2000328c        0x4 build/stm32f2xx_hal.o
                0x2000328c                uwTick
 .bss.xQueueRegistry
                0x20003290       0x40 build/queue.o
                0x20003290                xQueueRegistry
 .bss.pxCurrentTCB
                0x200032d0        0x4 build/tasks.o
                0x200032d0                pxCurrentTCB
 .bss.pxReadyTasksLists
                0x200032d4      0x460 build/tasks.o
 .bss.xDelayedTaskList1
                0x20003734       0x14 build/tasks.o
 .bss.xDelayedTaskList2
                0x20003748       0x14 build/tasks.o
 .bss.pxDelayedTaskList
                0x2000375c        0x4 build/tasks.o
 .bss.pxOverflowDelayedTaskList
                0x20003760        0x4 build/tasks.o
 .bss.xPendingReadyList
                0x20003764       0x14 build/tasks.o
 .bss.xTasksWaitingTermination
                0x20003778       0x14 build/tasks.o
 .bss.uxDeletedTasksWaitingCleanUp
                0x2000378c        0x4 build/tasks.o
 .bss.xSuspendedTaskList
                0x20003790       0x14 build/tasks.o
 .bss.uxCurrentNumberOfTasks
                0x200037a4        0x4 build/tasks.o
 .bss.xTickCount
                0x200037a8        0x4 build/tasks.o
 .bss.uxTopReadyPriority
                0x200037ac        0x4 build/tasks.o
 .bss.xSchedulerRunning
                0x200037b0        0x4 build/tasks.o
 .bss.uxPendedTicks
                0x200037b4        0x4 build/tasks.o
 .bss.xYieldPending
                0x200037b8        0x4 build/tasks.o
 .bss.xNumOfOverflows
                0x200037bc        0x4 build/tasks.o
 .bss.uxTaskNumber
                0x200037c0        0x4 build/tasks.o
 .bss.xNextTaskUnblockTime
                0x200037c4        0x4 build/tasks.o
 .bss.xIdleTaskHandle
                0x200037c8        0x4 build/tasks.o
 .bss.uxSchedulerSuspended
                0x200037cc        0x4 build/tasks.o
 .bss.xActiveTimerList1
                0x200037d0       0x14 build/timers.o
 .bss.xActiveTimerList2
                0x200037e4       0x14 build/timers.o
 .bss.pxCurrentTimerList
                0x200037f8        0x4 build/timers.o
 .bss.pxOverflowTimerList
                0x200037fc        0x4 build/timers.o
 .bss.xTimerQueue
                0x20003800        0x4 build/timers.o
 .bss.xTimerTaskHandle
                0x20003804        0x4 build/timers.o
 .bss.xLastTime.2
                0x20003808        0x4 build/timers.o
 .bss.ucStaticTimerQueueStorage.1
                0x2000380c       0xa0 build/timers.o
 .bss.xStaticTimerQueue.0
                0x200038ac       0x50 build/timers.o
 .bss.KernelState
                0x200038fc        0x4 build/cmsis_os2.o
 .bss.Idle_TCB  0x20003900       0x5c build/cmsis_os2.o
 .bss.Idle_Stack
                0x2000395c      0x200 build/cmsis_os2.o
 .bss.Timer_TCB
                0x20003b5c       0x5c build/cmsis_os2.o
 .bss.Timer_Stack
                0x20003bb8      0x400 build/cmsis_os2.o
 .bss.ucHeap    0x20003fb8     0x3c00 build/heap_4.o
 .bss.xStart    0x20007bb8        0x8 build/heap_4.o
 .bss.pxEnd     0x20007bc0        0x4 build/heap_4.o
 .bss.xFreeBytesRemaining
                0x20007bc4        0x4 build/heap_4.o
 .bss.xMinimumEverFreeBytesRemaining
                0x20007bc8        0x4 build/heap_4.o
 .bss.xBlockAllocatedBit
                0x20007bcc        0x4 build/heap_4.o
 .bss.ucMaxSysCallPriority
                0x20007bd0        0x1 build/port.o
 *fill*         0x20007bd1        0x3 
 .bss.ulMaxPRIGROUPValue
                0x20007bd4        0x4 build/port.o
 .bss.tcpip_init_done
                0x20007bd8        0x4 build/tcpip.o
 .bss.tcpip_init_done_arg
                0x20007bdc        0x4 build/tcpip.o
 .bss.mbox      0x20007be0        0x4 build/tcpip.o
 .bss.lock_tcpip_core
                0x20007be4        0x4 build/tcpip.o
                0x20007be4                lock_tcpip_core
 .bss.ip_data   0x20007be8       0x18 build/ip.o
                0x20007be8                ip_data
 .bss.ram_heap  0x20007c00      0x653 build/mem.o
                0x20007c00                ram_heap
 *fill*         0x20008253        0x1 
 .bss.ram       0x20008254        0x4 build/mem.o
 .bss.ram_end   0x20008258        0x4 build/mem.o
 .bss.lfree     0x2000825c        0x4 build/mem.o
 .bss.mem_mutex
                0x20008260        0x4 build/mem.o
 .bss.memp_memory_UDP_PCB_base
                0x20008264       0x83 build/memp.o
                0x20008264                memp_memory_UDP_PCB_base
 *fill*         0x200082e7        0x1 
 .bss.memp_tab_UDP_PCB
                0x200082e8        0x4 build/memp.o
 .bss.memp_memory_TCP_PCB_base
                0x200082ec      0x2fb build/memp.o
                0x200082ec                memp_memory_TCP_PCB_base
 *fill*         0x200085e7        0x1 
 .bss.memp_tab_TCP_PCB
                0x200085e8        0x4 build/memp.o
 .bss.memp_memory_TCP_PCB_LISTEN_base
                0x200085ec       0xe3 build/memp.o
                0x200085ec                memp_memory_TCP_PCB_LISTEN_base
 *fill*         0x200086cf        0x1 
 .bss.memp_tab_TCP_PCB_LISTEN
                0x200086d0        0x4 build/memp.o
 .bss.memp_memory_TCP_SEG_base
                0x200086d4      0x103 build/memp.o
                0x200086d4                memp_memory_TCP_SEG_base
 *fill*         0x200087d7        0x1 
 .bss.memp_tab_TCP_SEG
                0x200087d8        0x4 build/memp.o
 .bss.memp_memory_REASSDATA_base
                0x200087dc       0xa3 build/memp.o
                0x200087dc                memp_memory_REASSDATA_base
 *fill*         0x2000887f        0x1 
 .bss.memp_tab_REASSDATA
                0x20008880        0x4 build/memp.o
 .bss.memp_memory_FRAG_PBUF_base
                0x20008884      0x16b build/memp.o
                0x20008884                memp_memory_FRAG_PBUF_base
 *fill*         0x200089ef        0x1 
 .bss.memp_tab_FRAG_PBUF
                0x200089f0        0x4 build/memp.o
 .bss.memp_memory_NETBUF_base
                0x200089f4       0x23 build/memp.o
                0x200089f4                memp_memory_NETBUF_base
 *fill*         0x20008a17        0x1 
 .bss.memp_tab_NETBUF
                0x20008a18        0x4 build/memp.o
 .bss.memp_memory_NETCONN_base
                0x20008a1c       0xb3 build/memp.o
                0x20008a1c                memp_memory_NETCONN_base
 *fill*         0x20008acf        0x1 
 .bss.memp_tab_NETCONN
                0x20008ad0        0x4 build/memp.o
 .bss.memp_memory_TCPIP_MSG_API_base
                0x20008ad4       0x83 build/memp.o
                0x20008ad4                memp_memory_TCPIP_MSG_API_base
 *fill*         0x20008b57        0x1 
 .bss.memp_tab_TCPIP_MSG_API
                0x20008b58        0x4 build/memp.o
 .bss.memp_memory_TCPIP_MSG_INPKT_base
                0x20008b5c       0x83 build/memp.o
                0x20008b5c                memp_memory_TCPIP_MSG_INPKT_base
 *fill*         0x20008bdf        0x1 
 .bss.memp_tab_TCPIP_MSG_INPKT
                0x20008be0        0x4 build/memp.o
 .bss.memp_memory_SYS_TIMEOUT_base
                0x20008be4       0x33 build/memp.o
                0x20008be4                memp_memory_SYS_TIMEOUT_base
 *fill*         0x20008c17        0x1 
 .bss.memp_tab_SYS_TIMEOUT
                0x20008c18        0x4 build/memp.o
 .bss.memp_memory_PBUF_base
                0x20008c1c      0x103 build/memp.o
                0x20008c1c                memp_memory_PBUF_base
 *fill*         0x20008d1f        0x1 
 .bss.memp_tab_PBUF
                0x20008d20        0x4 build/memp.o
 .bss.memp_memory_PBUF_POOL_base
                0x20008d24     0x2603 build/memp.o
                0x20008d24                memp_memory_PBUF_POOL_base
 *fill*         0x2000b327        0x1 
 .bss.memp_tab_PBUF_POOL
                0x2000b328        0x4 build/memp.o
 .bss.netif_list
                0x2000b32c        0x4 build/netif.o
                0x2000b32c                netif_list
 .bss.netif_default
                0x2000b330        0x4 build/netif.o
                0x2000b330                netif_default
 .bss.netif_num
                0x2000b334        0x1 build/netif.o
 .bss.pbuf_free_ooseq_pending
                0x2000b335        0x1 build/pbuf.o
                0x2000b335                pbuf_free_ooseq_pending
 *fill*         0x2000b336        0x2 
 .bss.tcp_ticks
                0x2000b338        0x4 build/tcp.o
                0x2000b338                tcp_ticks
 .bss.tcp_bound_pcbs
                0x2000b33c        0x4 build/tcp.o
                0x2000b33c                tcp_bound_pcbs
 .bss.tcp_listen_pcbs
                0x2000b340        0x4 build/tcp.o
                0x2000b340                tcp_listen_pcbs
 .bss.tcp_active_pcbs
                0x2000b344        0x4 build/tcp.o
                0x2000b344                tcp_active_pcbs
 .bss.tcp_tw_pcbs
                0x2000b348        0x4 build/tcp.o
                0x2000b348                tcp_tw_pcbs
 .bss.tcp_active_pcbs_changed
                0x2000b34c        0x1 build/tcp.o
                0x2000b34c                tcp_active_pcbs_changed
 .bss.tcp_timer
                0x2000b34d        0x1 build/tcp.o
 .bss.tcp_timer_ctr
                0x2000b34e        0x1 build/tcp.o
 *fill*         0x2000b34f        0x1 
 .bss.inseg     0x2000b350       0x10 build/tcp_in.o
 .bss.tcphdr    0x2000b360        0x4 build/tcp_in.o
 .bss.tcphdr_optlen
                0x2000b364        0x2 build/tcp_in.o
 .bss.tcphdr_opt1len
                0x2000b366        0x2 build/tcp_in.o
 .bss.tcphdr_opt2
                0x2000b368        0x4 build/tcp_in.o
 .bss.tcp_optidx
                0x2000b36c        0x2 build/tcp_in.o
 *fill*         0x2000b36e        0x2 
 .bss.seqno     0x2000b370        0x4 build/tcp_in.o
 .bss.ackno     0x2000b374        0x4 build/tcp_in.o
 .bss.recv_acked
                0x2000b378        0x2 build/tcp_in.o
 .bss.tcplen    0x2000b37a        0x2 build/tcp_in.o
 .bss.flags     0x2000b37c        0x1 build/tcp_in.o
 .bss.recv_flags
                0x2000b37d        0x1 build/tcp_in.o
 *fill*         0x2000b37e        0x2 
 .bss.recv_data
                0x2000b380        0x4 build/tcp_in.o
 .bss.tcp_input_pcb
                0x2000b384        0x4 build/tcp_in.o
                0x2000b384                tcp_input_pcb
 .bss.next_timeout
                0x2000b388        0x4 build/timeouts.o
 .bss.timeouts_last_time
                0x2000b38c        0x4 build/timeouts.o
 .bss.tcpip_tcp_timer_active
                0x2000b390        0x4 build/timeouts.o
 .bss.udp_pcbs  0x2000b394        0x4 build/udp.o
                0x2000b394                udp_pcbs
 .bss.arp_table
                0x2000b398       0xf0 build/etharp.o
 .bss.etharp_cached_entry
                0x2000b488        0x1 build/etharp.o
 *fill*         0x2000b489        0x1 
 .bss.ip_id     0x2000b48a        0x2 build/ip4.o
 .bss.reassdatagrams
                0x2000b48c        0x4 build/ip4_frag.o
 .bss.ip_reass_pbufcount
                0x2000b490        0x2 build/ip4_frag.o
 *fill*         0x2000b492        0x2 
 .bss.errno     0x2000b494        0x4 build/sys_arch.o
                0x2000b494                errno
 .bss.lwip_sys_mutex
                0x2000b498        0x4 build/sys_arch.o
                0x2000b498                lwip_sys_mutex
 .bss.__lock___malloc_recursive_mutex
                0x2000b49c        0x1 c:/vsarm/armcc/10 2021.10/bin/../lib/gcc/arm-none-eabi/10.3.1/../../../../arm-none-eabi/lib/thumb/v7-m/nofp\libc_nano.a(lib_a-lock.o)
                0x2000b49c                __lock___malloc_recursive_mutex
 .bss.__lock___sfp_recursive_mutex
                0x2000b49d        0x1 c:/vsarm/armcc/10 2021.10/bin/../lib/gcc/arm-none-eabi/10.3.1/../../../../arm-none-eabi/lib/thumb/v7-m/nofp\libc_nano.a(lib_a-lock.o)
                0x2000b49d                __lock___sfp_recursive_mutex
 .bss.__lock___sinit_recursive_mutex
                0x2000b49e        0x1 c:/vsarm/armcc/10 2021.10/bin/../lib/gcc/arm-none-eabi/10.3.1/../../../../arm-none-eabi/lib/thumb/v7-m/nofp\libc_nano.a(lib_a-lock.o)
                0x2000b49e                __lock___sinit_recursive_mutex
 *fill*         0x2000b49f        0x1 
 .bss.__malloc_free_list
                0x2000b4a0        0x4 c:/vsarm/armcc/10 2021.10/bin/../lib/gcc/arm-none-eabi/10.3.1/../../../../arm-none-eabi/lib/thumb/v7-m/nofp\libc_nano.a(lib_a-nano-mallocr.o)
                0x2000b4a0                __malloc_free_list
 .bss.__malloc_sbrk_start
                0x2000b4a4        0x4 c:/vsarm/armcc/10 2021.10/bin/../lib/gcc/arm-none-eabi/10.3.1/../../../../arm-none-eabi/lib/thumb/v7-m/nofp\libc_nano.a(lib_a-nano-mallocr.o)
                0x2000b4a4                __malloc_sbrk_start
 .bss.heap_end.0
                0x2000b4a8        0x4 c:/vsarm/armcc/10 2021.10/bin/../lib/gcc/arm-none-eabi/10.3.1/../../../../arm-none-eabi/lib/thumb/v7-m/nofp\libnosys.a(sbrk.o)
 *(COMMON)
                0x2000b4ac                . = ALIGN (0x4)
                0x2000b4ac                _ebss = .
                0x2000b4ac                __bss_end__ = _ebss

._user_heap_stack
                0x2000b4ac     0x6004 load address 0x08013a14
                0x2000b4b0                . = ALIGN (0x8)
 *fill*         0x2000b4ac        0x4 
                0x2000b4b0                PROVIDE (end = .)
                [!provide]                PROVIDE (_end = .)
                0x2000d4b0                . = (. + _Min_Heap_Size)
 *fill*         0x2000b4b0     0x2000 
                0x200114b0                . = (. + _Min_Stack_Size)
 *fill*         0x2000d4b0     0x4000 
                0x200114b0                . = ALIGN (0x8)

/DISCARD/
 libc.a(*)
 libm.a(*)
 libgcc.a(*)

.ARM.attributes
                0x00000000       0x29
 *(.ARM.attributes)
 .ARM.attributes
                0x00000000       0x1d c:/vsarm/armcc/10 2021.10/bin/../lib/gcc/arm-none-eabi/10.3.1/thumb/v7-m/nofp/crti.o
 .ARM.attributes
                0x0000001d       0x2d c:/vsarm/armcc/10 2021.10/bin/../lib/gcc/arm-none-eabi/10.3.1/thumb/v7-m/nofp/crtbegin.o
 .ARM.attributes
                0x0000004a       0x2d build/main.o
 .ARM.attributes
                0x00000077       0x2d build/stm32f2xx_it.o
 .ARM.attributes
                0x000000a4       0x2d build/stm32f2xx_hal_msp.o
 .ARM.attributes
                0x000000d1       0x2d build/stm32f2xx_hal_timebase_tim.o
 .ARM.attributes
                0x000000fe       0x2d build/ethernetif.o
 .ARM.attributes
                0x0000012b       0x2d build/lwip.o
 .ARM.attributes
                0x00000158       0x2d build/stm32f2xx_hal_eth.o