Archive member included to satisfy reference by file (symbol)

c:/vsarm/armcc/10 2021.10/bin/../lib/gcc/arm-none-eabi/10.3.1/../../../../arm-none-eabi/lib/thumb/v7-m/nofp\libc_nano.a(lib_a-exit.o)
                              c:/vsarm/armcc/10 2021.10/bin/../lib/gcc/arm-none-eabi/10.3.1/../../../../arm-none-eabi/lib/thumb/v7-m/nofp/crt0.o (exit)
c:/vsarm/armcc/10 2021.10/bin/../lib/gcc/arm-none-eabi/10.3.1/../../../../arm-none-eabi/lib/thumb/v7-m/nofp\libc_nano.a(lib_a-impure.o)
                              c:/vsarm/armcc/10 2021.10/bin/../lib/gcc/arm-none-eabi/10.3.1/../../../../arm-none-eabi/lib/thumb/v7-m/nofp\libc_nano.a(lib_a-exit.o) (_global_impure_ptr)
c:/vsarm/armcc/10 2021.10/bin/../lib/gcc/arm-none-eabi/10.3.1/../../../../arm-none-eabi/lib/thumb/v7-m/nofp\libc_nano.a(lib_a-init.o)
                              c:/vsarm/armcc/10 2021.10/bin/../lib/gcc/arm-none-eabi/10.3.1/../../../../arm-none-eabi/lib/thumb/v7-m/nofp/crt0.o (__libc_init_array)
c:/vsarm/armcc/10 2021.10/bin/../lib/gcc/arm-none-eabi/10.3.1/../../../../arm-none-eabi/lib/thumb/v7-m/nofp\libc_nano.a(lib_a-memcmp.o)
                              build/main.o (memcmp)
c:/vsarm/armcc/10 2021.10/bin/../lib/gcc/arm-none-eabi/10.3.1/../../../../arm-none-eabi/lib/thumb/v7-m/nofp\libc_nano.a(lib_a-memcpy-stub.o)
                              build/main.o (memcpy)
c:/vsarm/armcc/10 2021.10/bin/../lib/gcc/arm-none-eabi/10.3.1/../../../../arm-none-eabi/lib/thumb/v7-m/nofp\libc_nano.a(lib_a-memset.o)
                              c:/vsarm/armcc/10 2021.10/bin/../lib/gcc/arm-none-eabi/10.3.1/../../../../arm-none-eabi/lib/thumb/v7-m/nofp/crt0.o (memset)
c:/vsarm/armcc/10 2021.10/bin/../lib/gcc/arm-none-eabi/10.3.1/../../../../arm-none-eabi/lib/thumb/v7-m/nofp\libc_nano.a(lib_a-printf.o)
                              build/sio.o (printf)
c:/vsarm/armcc/10 2021.10/bin/../lib/gcc/arm-none-eabi/10.3.1/../../../../arm-none-eabi/lib/thumb/v7-m/nofp\libc_nano.a(lib_a-sprintf.o)
                              build/main.o (sprintf)
c:/vsarm/armcc/10 2021.10/bin/../lib/gcc/arm-none-eabi/10.3.1/../../../../arm-none-eabi/lib/thumb/v7-m/nofp\libc_nano.a(lib_a-strlen.o)
                              build/main.o (strlen)
c:/vsarm/armcc/10 2021.10/bin/../lib/gcc/arm-none-eabi/10.3.1/../../../../arm-none-eabi/lib/thumb/v7-m/nofp\libc_nano.a(lib_a-strncmp.o)
                              build/def.o (strncmp)
c:/vsarm/armcc/10 2021.10/bin/../lib/gcc/arm-none-eabi/10.3.1/../../../../arm-none-eabi/lib/thumb/v7-m/nofp\libc_nano.a(lib_a-findfp.o)
                              c:/vsarm/armcc/10 2021.10/bin/../lib/gcc/arm-none-eabi/10.3.1/../../../../arm-none-eabi/lib/thumb/v7-m/nofp\libc_nano.a(lib_a-printf.o) (__sinit)
c:/vsarm/armcc/10 2021.10/bin/../lib/gcc/arm-none-eabi/10.3.1/../../../../arm-none-eabi/lib/thumb/v7-m/nofp\libc_nano.a(lib_a-fwalk.o)
                              c:/vsarm/armcc/10 2021.10/bin/../lib/gcc/arm-none-eabi/10.3.1/../../../../arm-none-eabi/lib/thumb/v7-m/nofp\libc_nano.a(lib_a-findfp.o) (_fwalk)
c:/vsarm/armcc/10 2021.10/bin/../lib/gcc/arm-none-eabi/10.3.1/../../../../arm-none-eabi/lib/thumb/v7-m/nofp\libc_nano.a(lib_a-lock.o)
                              c:/vsarm/armcc/10 2021.10/bin/../lib/gcc/arm-none-eabi/10.3.1/../../../../arm-none-eabi/lib/thumb/v7-m/nofp\libc_nano.a(lib_a-findfp.o) (__retarget_lock_init_recursive)
c:/vsarm/armcc/10 2021.10/bin/../lib/gcc/arm-none-eabi/10.3.1/../../../../arm-none-eabi/lib/thumb/v7-m/nofp\libc_nano.a(lib_a-nano-mallocr.o)
                              c:/vsarm/armcc/10 2021.10/bin/../lib/gcc/arm-none-eabi/10.3.1/../../../../arm-none-eabi/lib/thumb/v7-m/nofp\libc_nano.a(lib_a-findfp.o) (_malloc_r)
c:/vsarm/armcc/10 2021.10/bin/../lib/gcc/arm-none-eabi/10.3.1/../../../../arm-none-eabi/lib/thumb/v7-m/nofp\libc_nano.a(lib_a-nano-svfprintf.o)
                              c:/vsarm/armcc/10 2021.10/bin/../lib/gcc/arm-none-eabi/10.3.1/../../../../arm-none-eabi/lib/thumb/v7-m/nofp\libc_nano.a(lib_a-sprintf.o) (_svfprintf_r)
c:/vsarm/armcc/10 2021.10/bin/../lib/gcc/arm-none-eabi/10.3.1/../../../../arm-none-eabi/lib/thumb/v7-m/nofp\libc_nano.a(lib_a-nano-vfprintf.o)
                              c:/vsarm/armcc/10 2021.10/bin/../lib/gcc/arm-none-eabi/10.3.1/../../../../arm-none-eabi/lib/thumb/v7-m/nofp\libc_nano.a(lib_a-printf.o) (_vfprintf_r)
c:/vsarm/armcc/10 2021.10/bin/../lib/gcc/arm-none-eabi/10.3.1/../../../../arm-none-eabi/lib/thumb/v7-m/nofp\libc_nano.a(lib_a-nano-vfprintf_i.o)
                              c:/vsarm/armcc/10 2021.10/bin/../lib/gcc/arm-none-eabi/10.3.1/../../../../arm-none-eabi/lib/thumb/v7-m/nofp\libc_nano.a(lib_a-nano-svfprintf.o) (_printf_i)
c:/vsarm/armcc/10 2021.10/bin/../lib/gcc/arm-none-eabi/10.3.1/../../../../arm-none-eabi/lib/thumb/v7-m/nofp\libc_nano.a(lib_a-sbrkr.o)
                              c:/vsarm/armcc/10 2021.10/bin/../lib/gcc/arm-none-eabi/10.3.1/../../../../arm-none-eabi/lib/thumb/v7-m/nofp\libc_nano.a(lib_a-nano-mallocr.o) (_sbrk_r)
[...]
Memory Configuration

Name             Origin             Length             Attributes
RAM              0x20000000         0x00020000         xrw
FLASH            0x08000000         0x00100000         xr
*default*        0x00000000         0xffffffff

Linker script and memory map

LOAD c:/vsarm/armcc/10 2021.10/bin/../lib/gcc/arm-none-eabi/10.3.1/thumb/v7-m/nofp/crti.o
LOAD c:/vsarm/armcc/10 2021.10/bin/../lib/gcc/arm-none-eabi/10.3.1/thumb/v7-m/nofp/crtbegin.o
LOAD c:/vsarm/armcc/10 2021.10/bin/../lib/gcc/arm-none-eabi/10.3.1/../../../../arm-none-eabi/lib/thumb/v7-m/nofp/crt0.o
LOAD build/main.o
LOAD build/telnet_server.o
LOAD build/mcli.o
LOAD build/sio.o
LOAD build/freertos.o
LOAD build/stm32f2xx_it.o
LOAD build/stm32f2xx_hal_msp.o
LOAD build/stm32f2xx_hal_timebase_tim.o
LOAD build/ethernetif.o
LOAD build/lwip.o
LOAD build/stm32f2xx_hal_eth.o
LOAD build/stm32f2xx_hal.o
LOAD build/stm32f2xx_hal_rcc.o
LOAD build/stm32f2xx_hal_rcc_ex.o
LOAD build/stm32f2xx_hal_cortex.o
LOAD build/stm32f2xx_hal_flash.o
LOAD build/stm32f2xx_hal_flash_ex.o
LOAD build/stm32f2xx_hal_pwr.o
LOAD build/stm32f2xx_hal_pwr_ex.o
LOAD build/stm32f2xx_hal_gpio.o
LOAD build/stm32f2xx_hal_dma.o
LOAD build/stm32f2xx_hal_dma_ex.o
LOAD build/stm32f2xx_hal_exti.o
LOAD build/stm32f2xx_hal_tim.o
LOAD build/stm32f2xx_hal_tim_ex.o
LOAD build/stm32f2xx_hal_uart.o
LOAD build/system_stm32f2xx.o
LOAD build/croutine.o
LOAD build/event_groups.o
LOAD build/list.o
LOAD build/queue.o
LOAD build/stream_buffer.o
LOAD build/tasks.o
LOAD build/timers.o
LOAD build/cmsis_os2.o
LOAD build/heap_4.o
LOAD build/port.o
LOAD build/auth.o
LOAD build/ccp.o
LOAD build/chap_ms.o
LOAD build/chap-md5.o
LOAD build/chap-new.o
LOAD build/demand.o
LOAD build/eap.o
LOAD build/eui64.o
LOAD build/fsm.o
LOAD build/ipcp.o
LOAD build/ipv6cp.o
LOAD build/lcp.o
LOAD build/magic.o
LOAD build/mppe.o
LOAD build/multilink.o
LOAD build/ppp.o
LOAD build/pppapi.o
LOAD build/pppcrypt.o
LOAD build/pppoe.o
LOAD build/pppol2tp.o
LOAD build/pppos.o
LOAD build/upap.o
LOAD build/utils.o
LOAD build/vj.o
LOAD build/ethernet.o
LOAD build/slipif.o
LOAD build/lowpan6.o
LOAD build/ecp.o
LOAD build/api_lib.o
LOAD build/api_msg.o
LOAD build/err.o
LOAD build/netbuf.o
LOAD build/netdb.o
LOAD build/netifapi.o
LOAD build/sockets.o
LOAD build/tcpip.o
LOAD build/def.o
LOAD build/dns.o
LOAD build/inet_chksum.o
LOAD build/init.o
LOAD build/ip.o
LOAD build/mem.o
LOAD build/memp.o
LOAD build/netif.o
LOAD build/pbuf.o
LOAD build/raw.o
LOAD build/stats.o
LOAD build/sys.o
LOAD build/tcp.o
LOAD build/tcp_in.o
LOAD build/tcp_out.o
LOAD build/timeouts.o
LOAD build/udp.o
LOAD build/autoip.o
LOAD build/dhcp.o
LOAD build/etharp.o
LOAD build/icmp.o
LOAD build/igmp.o
LOAD build/ip4.o
LOAD build/ip4_addr.o
LOAD build/ip4_frag.o
LOAD build/dhcp6.o
LOAD build/ethip6.o
LOAD build/icmp6.o
LOAD build/inet6.o
LOAD build/ip6.o
LOAD build/ip6_addr.o
LOAD build/ip6_frag.o
LOAD build/mld6.o
LOAD build/nd6.o
LOAD build/sys_arch.o
LOAD build/mqtt.o
LOAD build/startup_stm32f207xx.o
LOAD c:/vsarm/armcc/10 2021.10/bin/../lib/gcc/arm-none-eabi/10.3.1/../../../../arm-none-eabi/lib/thumb/v7-m/nofp\libc_nano.a
LOAD c:/vsarm/armcc/10 2021.10/bin/../lib/gcc/arm-none-eabi/10.3.1/../../../../arm-none-eabi/lib/thumb/v7-m/nofp\libm.a
LOAD c:/vsarm/armcc/10 2021.10/bin/../lib/gcc/arm-none-eabi/10.3.1/../../../../arm-none-eabi/lib/thumb/v7-m/nofp\libnosys.a
START GROUP
LOAD c:/vsarm/armcc/10 2021.10/bin/../lib/gcc/arm-none-eabi/10.3.1/thumb/v7-m/nofp\libgcc.a
LOAD c:/vsarm/armcc/10 2021.10/bin/../lib/gcc/arm-none-eabi/10.3.1/../../../../arm-none-eabi/lib/thumb/v7-m/nofp\libc_nano.a
END GROUP
START GROUP
LOAD c:/vsarm/armcc/10 2021.10/bin/../lib/gcc/arm-none-eabi/10.3.1/thumb/v7-m/nofp\libgcc.a
LOAD c:/vsarm/armcc/10 2021.10/bin/../lib/gcc/arm-none-eabi/10.3.1/../../../../arm-none-eabi/lib/thumb/v7-m/nofp\libc_nano.a
END GROUP
LOAD c:/vsarm/armcc/10 2021.10/bin/../lib/gcc/arm-none-eabi/10.3.1/thumb/v7-m/nofp/crtend.o
LOAD c:/vsarm/armcc/10 2021.10/bin/../lib/gcc/arm-none-eabi/10.3.1/thumb/v7-m/nofp/crtn.o
                0x20020000                _estack = (ORIGIN (RAM) + LENGTH (RAM))
                0x00002000                _Min_Heap_Size = 0x2000
                0x00004000                _Min_Stack_Size = 0x4000

.isr_vector     0x08000000      0x184
                0x08000000                . = ALIGN (0x4)
 *(.isr_vector)
 .isr_vector    0x08000000      0x184 build/startup_stm32f207xx.o
                0x08000000                g_pfnVectors
                0x08000184                . = ALIGN (0x4)

.text           0x08000190    0x12d6c
                0x08000190                . = ALIGN (0x4)
 *(.text)
 .text          0x08000190       0x40 c:/vsarm/armcc/10 2021.10/bin/../lib/gcc/arm-none-eabi/10.3.1/thumb/v7-m/nofp/crtbegin.o
 .text          0x080001d0       0x30 c:/vsarm/armcc/10 2021.10/bin/../lib/gcc/arm-none-eabi/10.3.1/thumb/v7-m/nofp\libgcc.a(_aeabi_uldivmod.o)
                0x080001d0                __aeabi_uldivmod
 .text          0x08000200      0x2d4 c:/vsarm/armcc/10 2021.10/bin/../lib/gcc/arm-none-eabi/10.3.1/thumb/v7-m/nofp\libgcc.a(_udivmoddi4.o)
                0x08000200                __udivmoddi4
 .text          0x080004d4        0x4 c:/vsarm/armcc/10 2021.10/bin/../lib/gcc/arm-none-eabi/10.3.1/thumb/v7-m/nofp\libgcc.a(_dvmd_tls.o)
                0x080004d4                __aeabi_idiv0
                0x080004d4                __aeabi_ldiv0
 *(.text*)
 .text.main     0x080004d8       0x4c build/main.o
                0x080004d8                main
 .text.SystemClock_Config
                0x08000524       0x8c build/main.o
                0x08000524                SystemClock_Config
 .text.MX_USART3_UART_Init
                0x080005b0       0x54 build/main.o
 .text.MX_GPIO_Init
                0x08000604      0x118 build/main.o
 .text.StartDefaultTask
                0x0800071c       0x48 build/main.o
                0x0800071c                StartDefaultTask
 .text.HAL_TIM_PeriodElapsedCallback
                0x08000764       0x24 build/main.o
                0x08000764                HAL_TIM_PeriodElapsedCallback
 .text.Error_Handler
                0x08000788        0xa build/main.o
                0x08000788                Error_Handler
 *fill*         0x08000792        0x2 
 .text.sio_open
                0x08000794       0x68 build/sio.o
                0x08000794                sio_open
 .text.sio_send
                0x080007fc       0x24 build/sio.o
                0x080007fc                sio_send
 .text.sio_recv
                0x08000820       0x34 build/sio.o
                0x08000820                sio_recv
 .text.sio_read
                0x08000854       0x3a build/sio.o
                0x08000854                sio_read
 .text.sio_tryread
                0x0800088e       0x20 build/sio.o
                0x0800088e                sio_tryread
 *fill*         0x080008ae        0x2 
 .text.HAL_UART_RxCpltCallback
                0x080008b0       0x64 build/sio.o
                0x080008b0                HAL_UART_RxCpltCallback
 .text.task_rrintErrorUart
                0x08000914       0x3c build/sio.o
                0x08000914                task_rrintErrorUart
 .text.NMI_Handler
                0x08000950        0x6 build/stm32f2xx_it.o
                0x08000950                NMI_Handler
 .text.HardFault_Handler
                0x08000956        0x6 build/stm32f2xx_it.o
                0x08000956                HardFault_Handler
 .text.MemManage_Handler
                0x0800095c        0x6 build/stm32f2xx_it.o
                0x0800095c                MemManage_Handler
 .text.BusFault_Handler
                0x08000962        0x6 build/stm32f2xx_it.o
                0x08000962                BusFault_Handler
 .text.UsageFault_Handler
                0x08000968        0x6 build/stm32f2xx_it.o
                0x08000968                UsageFault_Handler
 .text.DebugMon_Handler
                0x0800096e        0xc build/stm32f2xx_it.o
                0x0800096e                DebugMon_Handler
 *fill*         0x0800097a        0x2 
 .text.TIM4_IRQHandler
                0x0800097c       0x14 build/stm32f2xx_it.o
                0x0800097c                TIM4_IRQHandler
 .text.USART3_IRQHandler
                0x08000990       0x14 build/stm32f2xx_it.o
                0x08000990                USART3_IRQHandler
 .text.ETH_IRQHandler
                0x080009a4       0x14 build/stm32f2xx_it.o
                0x080009a4                ETH_IRQHandler
 .text.HAL_MspInit
                0x080009b8       0x58 build/stm32f2xx_hal_msp.o
                0x080009b8                HAL_MspInit
 .text.HAL_UART_MspInit
                0x08000a10       0xa0 build/stm32f2xx_hal_msp.o
                0x08000a10                HAL_UART_MspInit
 .text.HAL_InitTick
                0x08000ab0       0xf8 build/stm32f2xx_hal_timebase_tim.o
                0x08000ab0                HAL_InitTick
 .text.HAL_ETH_MspInit
                0x08000ba8      0x19c build/ethernetif.o
                0x08000ba8                HAL_ETH_MspInit
 .text.HAL_ETH_RxCpltCallback
                0x08000d44       0x20 build/ethernetif.o
                0x08000d44                HAL_ETH_RxCpltCallback
 .text.low_level_init
                0x08000d64      0x1a8 build/ethernetif.o
 .text.low_level_output
                0x08000f0c      0x13c build/ethernetif.o
 .text.low_level_input
                0x08001048      0x164 build/ethernetif.o
 .text.ethernetif_input
                0x080011ac       0x60 build/ethernetif.o
                0x080011ac                ethernetif_input
 .text.ethernetif_init
                0x0800120c       0x5c build/ethernetif.o
                0x0800120c                ethernetif_init
 .text.sys_now  0x08001268        0xe build/ethernetif.o
                0x08001268                sys_now
 *fill*         0x08001276        0x2 
 .text.ethernetif_set_link
                0x08001278       0x78 build/ethernetif.o
                0x08001278                ethernetif_set_link
 .text.ethernetif_update_config
                0x080012f0       0xf8 build/ethernetif.o
                0x080012f0                ethernetif_update_config
 .text.ethernetif_notify_conn_changed
                0x080013e8       0x12 build/ethernetif.o
                0x080013e8                ethernetif_notify_conn_changed
 *fill*         0x080013fa        0x2 
 .text.MX_LWIP_Init
                0x080013fc      0x2c4 build/lwip.o
                0x080013fc                MX_LWIP_Init
 .text.HAL_ETH_Init
                0x080016c0      0x318 build/stm32f2xx_hal_eth.o
                0x080016c0                HAL_ETH_Init
 .text.HAL_ETH_DMATxDescListInit
                0x080019d8       0xce build/stm32f2xx_hal_eth.o
                0x080019d8                HAL_ETH_DMATxDescListInit
 .text.HAL_ETH_DMARxDescListInit
                0x08001aa6       0xd6 build/stm32f2xx_hal_eth.o
                0x08001aa6                HAL_ETH_DMARxDescListInit
 .text.HAL_ETH_TransmitFrame
                0x08001b7c      0x1d0 build/stm32f2xx_hal_eth.o
                0x08001b7c                HAL_ETH_TransmitFrame
 .text.HAL_ETH_GetReceivedFrame_IT
                0x08001d4c      0x10e build/stm32f2xx_hal_eth.o
                0x08001d4c                HAL_ETH_GetReceivedFrame_IT
 .text.HAL_ETH_IRQHandler
                0x08001e5a       0xc8 build/stm32f2xx_hal_eth.o
                0x08001e5a                HAL_ETH_IRQHandler
 .text.HAL_ETH_TxCpltCallback
                0x08001f22       0x12 build/stm32f2xx_hal_eth.o
                0x08001f22                HAL_ETH_TxCpltCallback
 .text.HAL_ETH_ErrorCallback
                0x08001f34       0x12 build/stm32f2xx_hal_eth.o
                0x08001f34                HAL_ETH_ErrorCallback
 .text.HAL_ETH_ReadPHYRegister
                0x08001f46       0xd0 build/stm32f2xx_hal_eth.o
                0x08001f46                HAL_ETH_ReadPHYRegister
 .text.HAL_ETH_WritePHYRegister
                0x08002016       0xcc build/stm32f2xx_hal_eth.o
                0x08002016                HAL_ETH_WritePHYRegister
 .text.HAL_ETH_Start
                0x080020e2       0x5e build/stm32f2xx_hal_eth.o
                0x080020e2                HAL_ETH_Start
 .text.HAL_ETH_Stop
                0x08002140       0x5e build/stm32f2xx_hal_eth.o
                0x08002140                HAL_ETH_Stop
 *fill*         0x0800219e        0x2 
 .text.HAL_ETH_ConfigMAC
                0x080021a0      0x1f4 build/stm32f2xx_hal_eth.o
                0x080021a0                HAL_ETH_ConfigMAC
 .text.ETH_MACDMAConfig
                0x08002394      0x38c build/stm32f2xx_hal_eth.o
 .text.ETH_MACAddressConfig
                0x08002720       0x6c build/stm32f2xx_hal_eth.o
 .text.ETH_MACTransmissionEnable
                0x0800278c       0x3a build/stm32f2xx_hal_eth.o
 .text.ETH_MACTransmissionDisable
                0x080027c6       0x3a build/stm32f2xx_hal_eth.o
 .text.ETH_MACReceptionEnable
                0x08002800       0x3a build/stm32f2xx_hal_eth.o
 .text.ETH_MACReceptionDisable
                0x0800283a       0x3a build/stm32f2xx_hal_eth.o
 .text.ETH_DMATransmissionEnable
                0x08002874       0x2a build/stm32f2xx_hal_eth.o
 .text.ETH_DMATransmissionDisable
                0x0800289e       0x2a build/stm32f2xx_hal_eth.o
 .text.ETH_DMAReceptionEnable
                0x080028c8       0x2a build/stm32f2xx_hal_eth.o
 .text.ETH_DMAReceptionDisable
                0x080028f2       0x2a build/stm32f2xx_hal_eth.o
 .text.ETH_FlushTransmitFIFO
                0x0800291c       0x4a build/stm32f2xx_hal_eth.o
 *fill*         0x08002966        0x2 
 .text.ETH_Delay
                0x08002968       0x3c build/stm32f2xx_hal_eth.o
 .text.HAL_Init
                0x080029a4       0x44 build/stm32f2xx_hal.o
                0x080029a4                HAL_Init
 .text.HAL_IncTick
                0x080029e8       0x24 build/stm32f2xx_hal.o
                0x080029e8                HAL_IncTick
 .text.HAL_GetTick
                0x08002a0c       0x14 build/stm32f2xx_hal.o
                0x08002a0c                HAL_GetTick
 .text.HAL_Delay
                0x08002a20       0x48 build/stm32f2xx_hal.o
                0x08002a20                HAL_Delay
 .text.HAL_RCC_OscConfig
                0x08002a68      0x49c build/stm32f2xx_hal_rcc.o
                0x08002a68                HAL_RCC_OscConfig
 .text.HAL_RCC_ClockConfig
                0x08002f04      0x1d8 build/stm32f2xx_hal_rcc.o
                0x08002f04                HAL_RCC_ClockConfig
 .text.HAL_RCC_GetSysClockFreq
                0x080030dc      0x218 build/stm32f2xx_hal_rcc.o
                0x080030dc                HAL_RCC_GetSysClockFreq
 .text.HAL_RCC_GetHCLKFreq
                0x080032f4       0x14 build/stm32f2xx_hal_rcc.o
                0x080032f4                HAL_RCC_GetHCLKFreq
 .text.HAL_RCC_GetPCLK1Freq
                0x08003308       0x44 build/stm32f2xx_hal_rcc.o
                0x08003308                HAL_RCC_GetPCLK1Freq
 .text.HAL_RCC_GetPCLK2Freq
                0x0800334c       0x44 build/stm32f2xx_hal_rcc.o
                0x0800334c                HAL_RCC_GetPCLK2Freq
 .text.HAL_RCC_GetClockConfig
                0x08003390       0x60 build/stm32f2xx_hal_rcc.o
                0x08003390                HAL_RCC_GetClockConfig
 .text.__NVIC_SetPriorityGrouping
                0x080033f0       0x48 build/stm32f2xx_hal_cortex.o
 .text.__NVIC_GetPriorityGrouping
                0x08003438       0x1c build/stm32f2xx_hal_cortex.o
 .text.__NVIC_EnableIRQ
                0x08003454       0x38 build/stm32f2xx_hal_cortex.o
 .text.__NVIC_SetPriority
                0x0800348c       0x54 build/stm32f2xx_hal_cortex.o
 .text.NVIC_EncodePriority
                0x080034e0       0x64 build/stm32f2xx_hal_cortex.o
 .text.HAL_NVIC_SetPriorityGrouping
                0x08003544       0x16 build/stm32f2xx_hal_cortex.o
                0x08003544                HAL_NVIC_SetPriorityGrouping
 .text.HAL_NVIC_SetPriority
                0x0800355a       0x38 build/stm32f2xx_hal_cortex.o
                0x0800355a                HAL_NVIC_SetPriority
 .text.HAL_NVIC_EnableIRQ
                0x08003592       0x1c build/stm32f2xx_hal_cortex.o
                0x08003592                HAL_NVIC_EnableIRQ
 *fill*         0x080035ae        0x2 
 .text.HAL_GPIO_Init
                0x080035b0      0x33c build/stm32f2xx_hal_gpio.o
                0x080035b0                HAL_GPIO_Init
 .text.HAL_GPIO_WritePin
                0x080038ec       0x30 build/stm32f2xx_hal_gpio.o
                0x080038ec                HAL_GPIO_WritePin
 .text.HAL_DMA_Abort
                0x0800391c       0xe0 build/stm32f2xx_hal_dma.o
                0x0800391c                HAL_DMA_Abort
 .text.HAL_DMA_Abort_IT
                0x080039fc       0x42 build/stm32f2xx_hal_dma.o
                0x080039fc                HAL_DMA_Abort_IT
 .text.HAL_TIM_Base_Init
                0x08003a3e       0x9e build/stm32f2xx_hal_tim.o
                0x08003a3e                HAL_TIM_Base_Init
 .text.HAL_TIM_Base_MspInit
                0x08003adc       0x12 build/stm32f2xx_hal_tim.o
                0x08003adc                HAL_TIM_Base_MspInit
 *fill*         0x08003aee        0x2 
 .text.HAL_TIM_Base_Start_IT
                0x08003af0       0xdc build/stm32f2xx_hal_tim.o
                0x08003af0                HAL_TIM_Base_Start_IT
 .text.HAL_TIM_IRQHandler
                0x08003bcc      0x210 build/stm32f2xx_hal_tim.o
                0x08003bcc                HAL_TIM_IRQHandler
 .text.HAL_TIM_OC_DelayElapsedCallback
                0x08003ddc       0x12 build/stm32f2xx_hal_tim.o
                0x08003ddc                HAL_TIM_OC_DelayElapsedCallback
 .text.HAL_TIM_IC_CaptureCallback
                0x08003dee       0x12 build/stm32f2xx_hal_tim.o
                0x08003dee                HAL_TIM_IC_CaptureCallback
 .text.HAL_TIM_PWM_PulseFinishedCallback
                0x08003e00       0x12 build/stm32f2xx_hal_tim.o
                0x08003e00                HAL_TIM_PWM_PulseFinishedCallback
 .text.HAL_TIM_TriggerCallback
                0x08003e12       0x12 build/stm32f2xx_hal_tim.o
                0x08003e12                HAL_TIM_TriggerCallback
 .text.TIM_Base_SetConfig
                0x08003e24      0x13c build/stm32f2xx_hal_tim.o
                0x08003e24                TIM_Base_SetConfig
 .text.HAL_TIMEx_CommutCallback
                0x08003f60       0x12 build/stm32f2xx_hal_tim_ex.o
                0x08003f60                HAL_TIMEx_CommutCallback
 .text.HAL_TIMEx_BreakCallback
                0x08003f72       0x12 build/stm32f2xx_hal_tim_ex.o
                0x08003f72                HAL_TIMEx_BreakCallback
 .text.HAL_UART_Init
                0x08003f84       0x9a build/stm32f2xx_hal_uart.o
                0x08003f84                HAL_UART_Init
 .text.HAL_UART_Transmit
                0x0800401e      0x124 build/stm32f2xx_hal_uart.o
                0x0800401e                HAL_UART_Transmit
 .text.HAL_UART_Receive_IT
                0x08004142       0x60 build/stm32f2xx_hal_uart.o
                0x08004142                HAL_UART_Receive_IT
 *fill*         0x080041a2        0x2 
 .text.HAL_UART_IRQHandler
                0x080041a4      0x358 build/stm32f2xx_hal_uart.o
                0x080041a4                HAL_UART_IRQHandler
 .text.HAL_UART_TxCpltCallback
                0x080044fc       0x12 build/stm32f2xx_hal_uart.o
                0x080044fc                HAL_UART_TxCpltCallback
 .text.HAL_UART_ErrorCallback
                0x0800450e       0x12 build/stm32f2xx_hal_uart.o
                0x0800450e                HAL_UART_ErrorCallback
 .text.HAL_UARTEx_RxEventCallback
                0x08004520       0x16 build/stm32f2xx_hal_uart.o
                0x08004520                HAL_UARTEx_RxEventCallback
 .text.UART_WaitOnFlagUntilTimeout
                0x08004536       0x94 build/stm32f2xx_hal_uart.o
 .text.UART_Start_Receive_IT
                0x080045ca       0x72 build/stm32f2xx_hal_uart.o
                0x080045ca                UART_Start_Receive_IT
 .text.UART_EndRxTransfer
                0x0800463c       0x58 build/stm32f2xx_hal_uart.o
 .text.UART_DMAAbortOnError
                0x08004694       0x28 build/stm32f2xx_hal_uart.o
 .text.UART_Transmit_IT
                0x080046bc       0x9e build/stm32f2xx_hal_uart.o
 .text.UART_EndTransmit_IT
                0x0800475a       0x30 build/stm32f2xx_hal_uart.o
 .text.UART_Receive_IT
                0x0800478a      0x152 build/stm32f2xx_hal_uart.o
 .text.UART_SetConfig
                0x080048dc      0x1d4 build/stm32f2xx_hal_uart.o
 .text.SystemInit
                0x08004ab0        0xc build/system_stm32f2xx.o
                0x08004ab0                SystemInit
 .text.vListInitialise
                0x08004abc       0x3e build/list.o
                0x08004abc                vListInitialise
 .text.vListInitialiseItem
                0x08004afa       0x18 build/list.o
                0x08004afa                vListInitialiseItem
 .text.vListInsertEnd
                0x08004b12       0x46 build/list.o
                0x08004b12                vListInsertEnd
 .text.vListInsert
                0x08004b58       0x70 build/list.o
                0x08004b58                vListInsert
 .text.uxListRemove
                0x08004bc8       0x52 build/list.o
                0x08004bc8                uxListRemove
 *fill*         0x08004c1a        0x2 
 .text.xQueueGenericReset
                0x08004c1c       0xd0 build/queue.o
                0x08004c1c                xQueueGenericReset
 .text.xQueueGenericCreateStatic
                0x08004cec       0xee build/queue.o
                0x08004cec                xQueueGenericCreateStatic
 .text.xQueueGenericCreate
                0x08004dda       0x7c build/queue.o
                0x08004dda                xQueueGenericCreate
 .text.prvInitialiseNewQueue
                0x08004e56       0x46 build/queue.o
 .text.prvInitialiseMutex
                0x08004e9c       0x34 build/queue.o
 .text.xQueueCreateMutex
                0x08004ed0       0x30 build/queue.o
                0x08004ed0                xQueueCreateMutex
 .text.xQueueCreateMutexStatic
                0x08004f00       0x36 build/queue.o
                0x08004f00                xQueueCreateMutexStatic
 .text.xQueueGiveMutexRecursive
                0x08004f36       0x68 build/queue.o
                0x08004f36                xQueueGiveMutexRecursive
 .text.xQueueTakeMutexRecursive
                0x08004f9e       0x6c build/queue.o
                0x08004f9e                xQueueTakeMutexRecursive
 .text.xQueueCreateCountingSemaphoreStatic
                0x0800500a       0x6e build/queue.o
                0x0800500a                xQueueCreateCountingSemaphoreStatic
 .text.xQueueCreateCountingSemaphore
                0x08005078       0x66 build/queue.o
                0x08005078                xQueueCreateCountingSemaphore
 *fill*         0x080050de        0x2 
 .text.xQueueGenericSend
                0x080050e0      0x1fc build/queue.o
                0x080050e0                xQueueGenericSend
 .text.xQueueGenericSendFromISR
                0x080052dc      0x130 build/queue.o
                0x080052dc                xQueueGenericSendFromISR
 .text.xQueueGiveFromISR
                0x0800540c      0x11a build/queue.o
                0x0800540c                xQueueGiveFromISR
 *fill*         0x08005526        0x2 
 .text.xQueueReceive
                0x08005528      0x1c0 build/queue.o
                0x08005528                xQueueReceive
 .text.xQueueSemaphoreTake
                0x080056e8      0x218 build/queue.o
                0x080056e8                xQueueSemaphoreTake
 .text.xQueueReceiveFromISR
                0x08005900      0x100 build/queue.o
                0x08005900                xQueueReceiveFromISR
 .text.vQueueDelete
                0x08005a00       0x46 build/queue.o
                0x08005a00                vQueueDelete
 .text.prvGetDisinheritPriorityAfterTimeout
                0x08005a46       0x2e build/queue.o
 .text.prvCopyDataToQueue
                0x08005a74       0xd4 build/queue.o
 .text.prvCopyDataFromQueue
                0x08005b48       0x4c build/queue.o
 .text.prvUnlockQueue
                0x08005b94       0xa4 build/queue.o
 .text.prvIsQueueEmpty
                0x08005c38       0x2c build/queue.o
 .text.prvIsQueueFull
                0x08005c64       0x30 build/queue.o
 .text.vQueueAddToRegistry
                0x08005c94       0x50 build/queue.o
                0x08005c94                vQueueAddToRegistry
 .text.vQueueUnregisterQueue
                0x08005ce4       0x54 build/queue.o
                0x08005ce4                vQueueUnregisterQueue
 .text.vQueueWaitForMessageRestricted
                0x08005d38       0x68 build/queue.o
                0x08005d38                vQueueWaitForMessageRestricted
 .text.xTaskCreateStatic
                0x08005da0       0xb8 build/tasks.o
                0x08005da0                xTaskCreateStatic
 .text.xTaskCreate
                0x08005e58       0x8a build/tasks.o
                0x08005e58                xTaskCreate
 .text.prvInitialiseNewTask
                0x08005ee2      0x10e build/tasks.o
 .text.prvAddNewTaskToReadyList
                0x08005ff0       0xe0 build/tasks.o
 .text.vTaskDelay
                0x080060d0       0x68 build/tasks.o
                0x080060d0                vTaskDelay
 .text.vTaskStartScheduler
                0x08006138       0xcc build/tasks.o
                0x08006138                vTaskStartScheduler
 .text.vTaskSuspendAll
                0x08006204       0x1c build/tasks.o
                0x08006204                vTaskSuspendAll
 .text.xTaskResumeAll
                0x08006220      0x13c build/tasks.o
                0x08006220                xTaskResumeAll
 .text.xTaskGetTickCount
                0x0800635c       0x1c build/tasks.o
                0x0800635c                xTaskGetTickCount
 .text.xTaskGetTickCountFromISR
                0x08006378       0x24 build/tasks.o
                0x08006378                xTaskGetTickCountFromISR
 .text.xTaskIncrementTick
                0x0800639c      0x17c build/tasks.o
                0x0800639c                xTaskIncrementTick
 .text.vTaskSwitchContext
                0x08006518       0xb8 build/tasks.o
                0x08006518                vTaskSwitchContext
 .text.vTaskPlaceOnEventList
                0x080065d0       0x48 build/tasks.o
                0x080065d0                vTaskPlaceOnEventList
 .text.vTaskPlaceOnEventListRestricted
                0x08006618       0x58 build/tasks.o
                0x08006618                vTaskPlaceOnEventListRestricted
 .text.xTaskRemoveFromEventList
                0x08006670       0xc8 build/tasks.o
                0x08006670                xTaskRemoveFromEventList
 .text.vTaskInternalSetTimeOutState
                0x08006738       0x2c build/tasks.o
                0x08006738                vTaskInternalSetTimeOutState
 .text.xTaskCheckForTimeOut
                0x08006764       0xc4 build/tasks.o
                0x08006764                xTaskCheckForTimeOut
 .text.vTaskMissedYield
                0x08006828       0x18 build/tasks.o
                0x08006828                vTaskMissedYield
 .text.prvIdleTask
                0x08006840       0x30 build/tasks.o
 .text.prvInitialiseTaskLists
                0x08006870       0x80 build/tasks.o
 .text.prvCheckTasksWaitingTermination
                0x080068f0       0x5c build/tasks.o
 .text.prvDeleteTCB
                0x0800694c       0x5e build/tasks.o
 *fill*         0x080069aa        0x2 
 .text.prvResetNextTaskUnblockTime
                0x080069ac       0x48 build/tasks.o
 .text.xTaskGetCurrentTaskHandle
                0x080069f4       0x1c build/tasks.o
                0x080069f4                xTaskGetCurrentTaskHandle
 .text.xTaskGetSchedulerState
                0x08006a10       0x3c build/tasks.o
                0x08006a10                xTaskGetSchedulerState
 .text.xTaskPriorityInherit
                0x08006a4c       0xdc build/tasks.o
                0x08006a4c                xTaskPriorityInherit
 .text.xTaskPriorityDisinherit
                0x08006b28       0xdc build/tasks.o
                0x08006b28                xTaskPriorityDisinherit
 .text.vTaskPriorityDisinheritAfterTimeout
                0x08006c04      0x10c build/tasks.o
                0x08006c04                vTaskPriorityDisinheritAfterTimeout
 .text.pvTaskIncrementMutexHeldCount
                0x08006d10       0x28 build/tasks.o
                0x08006d10                pvTaskIncrementMutexHeldCount
 .text.prvAddCurrentTaskToDelayedList
                0x08006d38       0xa8 build/tasks.o
 .text.xTimerCreateTimerTask
                0x08006de0       0x90 build/timers.o
                0x08006de0                xTimerCreateTimerTask
 .text.xTimerGenericCommand
                0x08006e70       0x9c build/timers.o
                0x08006e70                xTimerGenericCommand
 .text.prvProcessExpiredTimer
                0x08006f0c       0x80 build/timers.o
 .text.prvTimerTask
                0x08006f8c       0x24 build/timers.o
 .text.prvProcessTimerOrBlockTask
                0x08006fb0       0x9c build/timers.o
 .text.prvGetNextExpireTime
                0x0800704c       0x48 build/timers.o
 .text.prvSampleTimeNow
                0x08007094       0x40 build/timers.o
 .text.prvInsertTimerInActiveList
                0x080070d4       0x84 build/timers.o
 .text.prvProcessReceivedCommands
                0x08007158      0x168 build/timers.o
 .text.prvSwitchTimerLists
                0x080072c0       0xc4 build/timers.o
 .text.prvCheckForValidListAndQueue
                0x08007384       0x80 build/timers.o
 .text.osKernelInitialize
                0x08007404       0x64 build/cmsis_os2.o
                0x08007404                osKernelInitialize
 .text.osKernelStart
                0x08007468       0x68 build/cmsis_os2.o
                0x08007468                osKernelStart
 .text.osKernelGetTickCount
                0x080074d0       0x50 build/cmsis_os2.o
                0x080074d0                osKernelGetTickCount
 .text.osThreadNew
                0x08007520      0x154 build/cmsis_os2.o
                0x08007520                osThreadNew
 .text.osDelay  0x08007674       0x5c build/cmsis_os2.o
                0x08007674                osDelay
 .text.osMutexNew
                0x080076d0      0x134 build/cmsis_os2.o
                0x080076d0                osMutexNew
 .text.osMutexAcquire
                0x08007804       0xbc build/cmsis_os2.o
                0x08007804                osMutexAcquire
 .text.osMutexRelease
                0x080078c0       0xa0 build/cmsis_os2.o
                0x080078c0                osMutexRelease
 .text.osSemaphoreNew
                0x08007960      0x138 build/cmsis_os2.o
                0x08007960                osSemaphoreNew
 .text.osSemaphoreAcquire
                0x08007a98       0xcc build/cmsis_os2.o
                0x08007a98                osSemaphoreAcquire
 .text.osSemaphoreRelease
                0x08007b64       0xb0 build/cmsis_os2.o
                0x08007b64                osSemaphoreRelease
 .text.osMessageQueueNew
                0x08007c14      0x10c build/cmsis_os2.o
                0x08007c14                osMessageQueueNew
 .text.osMessageQueuePut
                0x08007d20       0xe8 build/cmsis_os2.o
                0x08007d20                osMessageQueuePut
 .text.osMessageQueueGet
                0x08007e08       0xe4 build/cmsis_os2.o
                0x08007e08                osMessageQueueGet
 .text.vApplicationGetIdleTaskMemory
                0x08007eec       0x30 build/cmsis_os2.o
                0x08007eec                vApplicationGetIdleTaskMemory
 .text.vApplicationGetTimerTaskMemory
                0x08007f1c       0x34 build/cmsis_os2.o
                0x08007f1c                vApplicationGetTimerTaskMemory
 .text.pvPortMalloc
                0x08007f50      0x188 build/heap_4.o
                0x08007f50                pvPortMalloc
 .text.vPortFree
                0x080080d8       0xb4 build/heap_4.o
                0x080080d8                vPortFree
 .text.prvHeapInit
                0x0800818c       0xc4 build/heap_4.o
 .text.prvInsertBlockIntoFreeList
                0x08008250       0xb0 build/heap_4.o
 .text.pxPortInitialiseStack
                0x08008300       0x58 build/port.o
                0x08008300                pxPortInitialiseStack
 .text.prvTaskExitError
                0x08008358       0x58 build/port.o
 .text.SVC_Handler
                0x080083b0       0x28 build/port.o
                0x080083b0                SVC_Handler
 .text.prvPortStartFirstTask
                0x080083d8       0x20 build/port.o
 .text.xPortStartScheduler
                0x080083f8       0xe4 build/port.o
                0x080083f8                xPortStartScheduler
 .text.vPortEnterCritical
                0x080084dc       0x60 build/port.o
                0x080084dc                vPortEnterCritical
 .text.vPortExitCritical
                0x0800853c       0x50 build/port.o
                0x0800853c                vPortExitCritical
 *fill*         0x0800858c        0x4 
 .text.PendSV_Handler
                0x08008590       0x48 build/port.o
                0x08008590                PendSV_Handler
 .text.SysTick_Handler
                0x080085d8       0x44 build/port.o
                0x080085d8                SysTick_Handler
 .text.vPortSetupTimerInterrupt
                0x0800861c       0x44 build/port.o
                0x0800861c                vPortSetupTimerInterrupt
 .text.vPortValidateInterruptPriority
                0x08008660       0x7c build/port.o
                0x08008660                vPortValidateInterruptPriority
 .text.ethernet_input
                0x080086dc      0x12c build/ethernet.o
                0x080086dc                ethernet_input
 .text.ethernet_output
                0x08008808       0x90 build/ethernet.o
                0x08008808                ethernet_output
 .text.slipif_output
                0x08008898      0x104 build/slipif.o
 .text.slipif_output_v4
                0x0800899c       0x1e build/slipif.o
 *fill*         0x080089ba        0x2 
 .text.slipif_rxbyte
                0x080089bc      0x19c build/slipif.o
 .text.slipif_rxbyte_input
                0x08008b58       0x3c build/slipif.o
 .text.slipif_loop_thread
                0x08008b94       0x34 build/slipif.o
 .text.slipif_init
                0x08008bc8       0xc8 build/slipif.o
                0x08008bc8                slipif_init
 .text.slipif_poll
                0x08008c90       0x74 build/slipif.o
                0x08008c90                slipif_poll
 .text.tcpip_thread
                0x08008d04       0xd4 build/tcpip.o
 .text.tcpip_inpkt
                0x08008dd8       0x88 build/tcpip.o
                0x08008dd8                tcpip_inpkt
 .text.tcpip_input
                0x08008e60       0x44 build/tcpip.o
                0x08008e60                tcpip_input
 .text.tcpip_callback_with_block
                0x08008ea4       0x94 build/tcpip.o
                0x08008ea4                tcpip_callback_with_block
 .text.tcpip_init
                0x08008f38       0x94 build/tcpip.o
                0x08008f38                tcpip_init
 .text.lwip_htons
                0x08008fcc       0x1a build/def.o
                0x08008fcc                lwip_htons
 .text.lwip_htonl
                0x08008fe6       0x30 build/def.o
                0x08008fe6                lwip_htonl
 .text.lwip_init
                0x08009016       0x2e build/init.o
                0x08009016                lwip_init
 .text.plug_holes
                0x08009044      0x130 build/mem.o
 .text.mem_init
                0x08009174       0xa0 build/mem.o
                0x08009174                mem_init
 .text.mem_free
                0x08009214       0xdc build/mem.o
                0x08009214                mem_free
 .text.mem_trim
                0x080092f0      0x1d4 build/mem.o
                0x080092f0                mem_trim
 .text.mem_malloc
                0x080094c4      0x1e8 build/mem.o
                0x080094c4                mem_malloc
 .text.memp_init_pool
                0x080096ac       0x5e build/memp.o
                0x080096ac                memp_init_pool
 *fill*         0x0800970a        0x2 
 .text.memp_init
                0x0800970c       0x34 build/memp.o
                0x0800970c                memp_init
 .text.do_memp_malloc_pool
                0x08009740       0x64 build/memp.o
 .text.memp_malloc
                0x080097a4       0x4c build/memp.o
                0x080097a4                memp_malloc
 .text.do_memp_free_pool
                0x080097f0       0x58 build/memp.o
 .text.memp_free
                0x08009848       0x54 build/memp.o
                0x08009848                memp_free
 .text.netif_init
                0x0800989c        0xc build/netif.o
                0x0800989c                netif_init
 .text.netif_add
                0x080098a8       0xb0 build/netif.o
                0x080098a8                netif_add
 .text.netif_set_addr
                0x08009958       0x58 build/netif.o
                0x08009958                netif_set_addr
 .text.netif_set_ipaddr
                0x080099b0       0x70 build/netif.o
                0x080099b0                netif_set_ipaddr
 .text.netif_set_gw
                0x08009a20       0x26 build/netif.o
                0x08009a20                netif_set_gw
 .text.netif_set_netmask
                0x08009a46       0x26 build/netif.o
                0x08009a46                netif_set_netmask
 .text.netif_set_default
                0x08009a6c       0x1c build/netif.o
                0x08009a6c                netif_set_default
 .text.netif_set_up
                0x08009a88       0x46 build/netif.o
                0x08009a88                netif_set_up
 .text.netif_issue_reports
                0x08009ace       0x42 build/netif.o
 .text.netif_set_down
                0x08009b10       0x44 build/netif.o
                0x08009b10                netif_set_down
 .text.netif_set_link_up
                0x08009b54       0x56 build/netif.o
                0x08009b54                netif_set_link_up
 .text.netif_set_link_down
                0x08009baa       0x40 build/netif.o
                0x08009baa                netif_set_link_down
 .text.netif_set_link_callback
                0x08009bea       0x20 build/netif.o
                0x08009bea                netif_set_link_callback
 *fill*         0x08009c0a        0x2 
 .text.pbuf_free_ooseq
                0x08009c0c       0x54 build/pbuf.o
 .text.pbuf_free_ooseq_callback
                0x08009c60       0x14 build/pbuf.o
 .text.pbuf_pool_is_empty
                0x08009c74       0x58 build/pbuf.o
 .text.pbuf_alloc
                0x08009ccc      0x334 build/pbuf.o
                0x08009ccc                pbuf_alloc
 .text.pbuf_alloced_custom
                0x0800a000       0xd4 build/pbuf.o
                0x0800a000                pbuf_alloced_custom
 .text.pbuf_realloc
                0x0800a0d4      0x15c build/pbuf.o
                0x0800a0d4                pbuf_realloc
 .text.pbuf_header_impl
                0x0800a230      0x144 build/pbuf.o
 .text.pbuf_header
                0x0800a374       0x24 build/pbuf.o
                0x0800a374                pbuf_header
 .text.pbuf_header_force
                0x0800a398       0x24 build/pbuf.o
                0x0800a398                pbuf_header_force
 .text.pbuf_free
                0x0800a3bc      0x134 build/pbuf.o
                0x0800a3bc                pbuf_free
 .text.pbuf_clen
                0x0800a4f0       0x2c build/pbuf.o
                0x0800a4f0                pbuf_clen
 .text.pbuf_ref
                0x0800a51c       0x50 build/pbuf.o
                0x0800a51c                pbuf_ref
 .text.pbuf_cat
                0x0800a56c       0xac build/pbuf.o
                0x0800a56c                pbuf_cat
 .text.pbuf_copy
                0x0800a618      0x198 build/pbuf.o
                0x0800a618                pbuf_copy
 .text.pbuf_copy_partial
                0x0800a7b0       0xf4 build/pbuf.o
                0x0800a7b0                pbuf_copy_partial
 .text.tcp_init
                0x0800a8a4        0xc build/tcp.o
                0x0800a8a4                tcp_init
 .text.tcp_tmr  0x0800a8b0       0x2c build/tcp.o
                0x0800a8b0                tcp_tmr
 .text.tcp_remove_listener
                0x0800a8dc       0x38 build/tcp.o
 .text.tcp_listen_closed
                0x0800a914       0x70 build/tcp.o
 .text.tcp_close_shutdown
                0x0800a984      0x1d4 build/tcp.o
 .text.tcp_close_shutdown_fin
                0x0800ab58       0xd4 build/tcp.o
 .text.tcp_close
                0x0800ac2c       0x30 build/tcp.o
                0x0800ac2c                tcp_close
 .text.tcp_abandon
                0x0800ac5c      0x164 build/tcp.o
                0x0800ac5c                tcp_abandon
 .text.tcp_abort
                0x0800adc0       0x18 build/tcp.o
                0x0800adc0                tcp_abort
 .text.tcp_update_rcv_ann_wnd
                0x0800add8       0x9c build/tcp.o
                0x0800add8                tcp_update_rcv_ann_wnd
 .text.tcp_recved
                0x0800ae74       0xb4 build/tcp.o
                0x0800ae74                tcp_recved
 .text.tcp_slowtmr
                0x0800af28      0x584 build/tcp.o
                0x0800af28                tcp_slowtmr
 .text.tcp_fasttmr
                0x0800b4ac       0xc8 build/tcp.o
                0x0800b4ac                tcp_fasttmr
 .text.tcp_process_refused_data
                0x0800b574       0xd2 build/tcp.o
                0x0800b574                tcp_process_refused_data
 .text.tcp_segs_free
                0x0800b646       0x2a build/tcp.o
                0x0800b646                tcp_segs_free
 .text.tcp_seg_free
                0x0800b670       0x30 build/tcp.o
                0x0800b670                tcp_seg_free
 .text.tcp_seg_copy
                0x0800b6a0       0x38 build/tcp.o
                0x0800b6a0                tcp_seg_copy
 .text.tcp_recv_null
                0x0800b6d8       0x44 build/tcp.o
                0x0800b6d8                tcp_recv_null
 .text.tcp_kill_prio
                0x0800b71c       0x84 build/tcp.o
 .text.tcp_kill_state
                0x0800b7a0       0x94 build/tcp.o
 .text.tcp_kill_timewait
                0x0800b834       0x60 build/tcp.o
 .text.tcp_alloc
                0x0800b894      0x104 build/tcp.o
                0x0800b894                tcp_alloc
 .text.tcp_pcb_purge
                0x0800b998       0x82 build/tcp.o
                0x0800b998                tcp_pcb_purge
 *fill*         0x0800ba1a        0x2 
 .text.tcp_pcb_remove
                0x0800ba1c       0xf8 build/tcp.o
                0x0800ba1c                tcp_pcb_remove
 .text.tcp_next_iss
                0x0800bb14       0x2c build/tcp.o
                0x0800bb14                tcp_next_iss
 .text.tcp_eff_send_mss_impl
                0x0800bb40       0x48 build/tcp.o
                0x0800bb40                tcp_eff_send_mss_impl
 .text.tcp_netif_ip_addr_changed_pcblist
                0x0800bb88       0x44 build/tcp.o
 .text.tcp_netif_ip_addr_changed
                0x0800bbcc       0x80 build/tcp.o
                0x0800bbcc                tcp_netif_ip_addr_changed
 .text.tcp_input
                0x0800bc4c      0x790 build/tcp_in.o
                0x0800bc4c                tcp_input
 .text.tcp_input_delayed_close
                0x0800c3dc       0x64 build/tcp_in.o
 .text.tcp_listen_input
                0x0800c440      0x1c0 build/tcp_in.o
 .text.tcp_timewait_input
                0x0800c600       0xd0 build/tcp_in.o
 .text.tcp_process
                0x0800c6d0      0x768 build/tcp_in.o
 .text.tcp_oos_insert_segment
                0x0800ce38       0xec build/tcp_in.o
 .text.tcp_receive
                0x0800cf24      0xff4 build/tcp_in.o
 .text.tcp_getoptbyte
                0x0800df18       0x74 build/tcp_in.o
 .text.tcp_parseopt
                0x0800df8c       0xcc build/tcp_in.o
 .text.tcp_trigger_input_pcb_close
                0x0800e058       0x20 build/tcp_in.o
                0x0800e058                tcp_trigger_input_pcb_close
 .text.tcp_output_alloc_header
                0x0800e078       0xf4 build/tcp_out.o
 .text.tcp_send_fin
                0x0800e16c       0x7e build/tcp_out.o
                0x0800e16c                tcp_send_fin
 *fill*         0x0800e1ea        0x2 
 .text.tcp_create_segment
                0x0800e1ec      0x110 build/tcp_out.o
 .text.tcp_enqueue_flags
                0x0800e2fc      0x1f8 build/tcp_out.o
                0x0800e2fc                tcp_enqueue_flags
 .text.tcp_send_empty_ack
                0x0800e4f4       0xb8 build/tcp_out.o
                0x0800e4f4                tcp_send_empty_ack
 .text.tcp_output
                0x0800e5ac      0x3cc build/tcp_out.o
                0x0800e5ac                tcp_output
 .text.tcp_output_segment
                0x0800e978      0x13c build/tcp_out.o
 .text.tcp_rst  0x0800eab4       0xec build/tcp_out.o
                0x0800eab4                tcp_rst
 .text.tcp_rexmit_rto
                0x0800eba0       0x6c build/tcp_out.o
                0x0800eba0                tcp_rexmit_rto
 .text.tcp_rexmit
                0x0800ec0c       0xa0 build/tcp_out.o
                0x0800ec0c                tcp_rexmit
 .text.tcp_rexmit_fast
                0x0800ecac       0x9c build/tcp_out.o
                0x0800ecac                tcp_rexmit_fast
 .text.tcp_keepalive
                0x0800ed48       0x7a build/tcp_out.o
                0x0800ed48                tcp_keepalive
 .text.tcp_zero_window_probe
                0x0800edc2      0x138 build/tcp_out.o
                0x0800edc2                tcp_zero_window_probe
 *fill*         0x0800eefa        0x2 
 .text.tcpip_tcp_timer
                0x0800eefc       0x48 build/timeouts.o
 .text.tcp_timer_needed
                0x0800ef44       0x40 build/timeouts.o
                0x0800ef44                tcp_timer_needed
 .text.cyclic_timer
                0x0800ef84       0x2c build/timeouts.o
 .text.sys_timeouts_init
                0x0800efb0       0x50 build/timeouts.o
                0x0800efb0                sys_timeouts_init
 .text.sys_timeout
                0x0800f000      0x148 build/timeouts.o
                0x0800f000                sys_timeout
 .text.sys_check_timeouts
                0x0800f148       0xa4 build/timeouts.o
 .text.sys_timeouts_sleeptime
                0x0800f1ec       0x4c build/timeouts.o
 .text.sys_timeouts_mbox_fetch
                0x0800f238       0x4c build/timeouts.o
                0x0800f238                sys_timeouts_mbox_fetch
 .text.udp_init
                0x0800f284        0xc build/udp.o
                0x0800f284                udp_init
 .text.udp_input_local_match
                0x0800f290       0x74 build/udp.o
 .text.udp_input
                0x0800f304      0x1cc build/udp.o
                0x0800f304                udp_input
 .text.udp_netif_ip_addr_changed
                0x0800f4d0       0x5c build/udp.o
                0x0800f4d0                udp_netif_ip_addr_changed
 .text.etharp_free_entry
                0x0800f52c       0x64 build/etharp.o
 .text.etharp_tmr
                0x0800f590      0x150 build/etharp.o
                0x0800f590                etharp_tmr
 .text.etharp_find_entry
                0x0800f6e0      0x294 build/etharp.o
 .text.etharp_update_arp_entry
                0x0800f974      0x14c build/etharp.o
 .text.etharp_cleanup_netif
                0x0800fac0       0x64 build/etharp.o
                0x0800fac0                etharp_cleanup_netif
 .text.etharp_input
                0x0800fb24      0x114 build/etharp.o
                0x0800fb24                etharp_input
 .text.etharp_output_to_arp_index
                0x0800fc38      0x134 build/etharp.o
 .text.etharp_output
                0x0800fd6c      0x1dc build/etharp.o
                0x0800fd6c                etharp_output
 .text.etharp_query
                0x0800ff48      0x290 build/etharp.o
                0x0800ff48                etharp_query
 .text.etharp_raw
                0x080101d8      0x118 build/etharp.o
 .text.etharp_request_dst
                0x080102f0       0x44 build/etharp.o
 .text.etharp_request
                0x08010334       0x24 build/etharp.o
                0x08010334                etharp_request
 .text.icmp_input
                0x08010358      0x20c build/icmp.o
                0x08010358                icmp_input
 .text.icmp_dest_unreach
                0x08010564       0x20 build/icmp.o
                0x08010564                icmp_dest_unreach
 .text.icmp_time_exceeded
                0x08010584       0x20 build/icmp.o
                0x08010584                icmp_time_exceeded
 .text.icmp_send_response
                0x080105a4       0xd0 build/icmp.o
 .text.ip4_route
                0x08010674       0xd4 build/ip4.o
                0x08010674                ip4_route
 .text.ip4_input
                0x08010748      0x280 build/ip4.o
                0x08010748                ip4_input
 .text.ip4_output_if
                0x080109c8       0x54 build/ip4.o
                0x080109c8                ip4_output_if
 .text.ip4_output_if_src
                0x08010a1c      0x150 build/ip4.o
                0x08010a1c                ip4_output_if_src
 .text.ip4_addr_isbroadcast_u32
                0x08010b6c       0x80 build/ip4_addr.o
                0x08010b6c                ip4_addr_isbroadcast_u32
 .text.ip4addr_ntoa
                0x08010bec       0x20 build/ip4_addr.o
                0x08010bec                ip4addr_ntoa
 .text.ip4addr_ntoa_r
                0x08010c0c      0x100 build/ip4_addr.o
                0x08010c0c                ip4addr_ntoa_r
 .text.ip_reass_tmr
                0x08010d0c       0x58 build/ip4_frag.o
                0x08010d0c                ip_reass_tmr
 .text.ip_reass_free_complete_datagram
                0x08010d64      0x148 build/ip4_frag.o
 .text.ip_reass_remove_oldest_datagram
                0x08010eac       0xc4 build/ip4_frag.o
 .text.ip_reass_enqueue_new_datagram
                0x08010f70       0x74 build/ip4_frag.o
 .text.ip_reass_dequeue_datagram
                0x08010fe4       0x5c build/ip4_frag.o
 .text.ip_reass_chain_frag_into_datagram_and_validate
                0x08011040      0x2d4 build/ip4_frag.o
 .text.ip4_reass
                0x08011314      0x2a8 build/ip4_frag.o
                0x08011314                ip4_reass
 .text.ip_frag_alloc_pbuf_custom_ref
                0x080115bc       0x10 build/ip4_frag.o
 .text.ip_frag_free_pbuf_custom_ref
                0x080115cc       0x38 build/ip4_frag.o
 .text.ipfrag_free_pbuf_custom
                0x08011604       0x68 build/ip4_frag.o
 .text.ip4_frag
                0x0801166c      0x240 build/ip4_frag.o
                0x0801166c                ip4_frag
 .text.sys_mbox_new
                0x080118ac       0x34 build/sys_arch.o
                0x080118ac                sys_mbox_new
 .text.sys_mbox_post
                0x080118e0       0x2c build/sys_arch.o
                0x080118e0                sys_mbox_post
 .text.sys_mbox_trypost
                0x0801190c       0x34 build/sys_arch.o
                0x0801190c                sys_mbox_trypost
 .text.sys_arch_mbox_fetch
                0x08011940       0x62 build/sys_arch.o
                0x08011940                sys_arch_mbox_fetch
 .text.sys_mbox_valid
                0x080119a2       0x20 build/sys_arch.o
                0x080119a2                sys_mbox_valid
 *fill*         0x080119c2        0x2 
 .text.sys_init
                0x080119c4       0x18 build/sys_arch.o
                0x080119c4                sys_init
 .text.sys_mutex_new
                0x080119dc       0x2c build/sys_arch.o
                0x080119dc                sys_mutex_new
 .text.sys_mutex_lock
                0x08011a08       0x1e build/sys_arch.o
                0x08011a08                sys_mutex_lock
 .text.sys_mutex_unlock
                0x08011a26       0x1a build/sys_arch.o
                0x08011a26                sys_mutex_unlock
 .text.sys_thread_new
                0x08011a40       0x40 build/sys_arch.o
                0x08011a40                sys_thread_new
 .text.sys_arch_protect
                0x08011a80       0x1c build/sys_arch.o
                0x08011a80                sys_arch_protect
 .text.sys_arch_unprotect
                0x08011a9c       0x20 build/sys_arch.o
                0x08011a9c                sys_arch_unprotect
 .text.Reset_Handler
                0x08011abc       0x50 build/startup_stm32f207xx.o
                0x08011abc                Reset_Handler
 .text.Default_Handler
                0x08011b0c        0x2 build/startup_stm32f207xx.o
                0x08011b0c                RTC_Alarm_IRQHandler
                0x08011b0c                HASH_RNG_IRQHandler
                0x08011b0c                EXTI2_IRQHandler
                0x08011b0c                TIM8_CC_IRQHandler
                0x08011b0c                TIM1_CC_IRQHandler
                0x08011b0c                DMA2_Stream5_IRQHandler
                0x08011b0c                DMA1_Stream5_IRQHandler
                0x08011b0c                PVD_IRQHandler
                0x08011b0c                SDIO_IRQHandler
                0x08011b0c                TAMP_STAMP_IRQHandler
                0x08011b0c                CAN2_RX1_IRQHandler
                0x08011b0c                EXTI3_IRQHandler
                0x08011b0c                TIM8_TRG_COM_TIM14_IRQHandler
                0x08011b0c                TIM1_UP_TIM10_IRQHandler
                0x08011b0c                TIM8_UP_TIM13_IRQHandler
                0x08011b0c                I2C3_ER_IRQHandler
                0x08011b0c                EXTI0_IRQHandler
                0x08011b0c                I2C2_EV_IRQHandler
                0x08011b0c                DMA1_Stream2_IRQHandler
                0x08011b0c                CAN1_RX0_IRQHandler
                0x08011b0c                OTG_HS_WKUP_IRQHandler
                0x08011b0c                CAN2_SCE_IRQHandler
                0x08011b0c                DMA2_Stream2_IRQHandler
                0x08011b0c                SPI1_IRQHandler
                0x08011b0c                TIM6_DAC_IRQHandler
                0x08011b0c                TIM1_BRK_TIM9_IRQHandler
                0x08011b0c                DCMI_IRQHandler
                0x08011b0c                CAN2_RX0_IRQHandler
                0x08011b0c                DMA2_Stream3_IRQHandler
                0x08011b0c                USART6_IRQHandler
                0x08011b0c                CAN1_RX1_IRQHandler
                0x08011b0c                UART5_IRQHandler
                0x08011b0c                DMA2_Stream0_IRQHandler
                0x08011b0c                I2C1_EV_IRQHandler
                0x08011b0c                DMA1_Stream6_IRQHandler
                0x08011b0c                DMA1_Stream1_IRQHandler
                0x08011b0c                UART4_IRQHandler
                0x08011b0c                TIM3_IRQHandler
                0x08011b0c                RCC_IRQHandler
                0x08011b0c                TIM8_BRK_TIM12_IRQHandler
                0x08011b0c                Default_Handler
                0x08011b0c                EXTI15_10_IRQHandler
                0x08011b0c                ADC_IRQHandler
                0x08011b0c                DMA1_Stream7_IRQHandler
                0x08011b0c                TIM7_IRQHandler
                0x08011b0c                CAN2_TX_IRQHandler
                0x08011b0c                TIM5_IRQHandler
                0x08011b0c                DMA2_Stream7_IRQHandler
                0x08011b0c                I2C3_EV_IRQHandler
                0x08011b0c                EXTI9_5_IRQHandler
                0x08011b0c                RTC_WKUP_IRQHandler
                0x08011b0c                ETH_WKUP_IRQHandler
                0x08011b0c                SPI2_IRQHandler
                0x08011b0c                OTG_HS_EP1_IN_IRQHandler
                0x08011b0c                DMA1_Stream0_IRQHandler
                0x08011b0c                CAN1_TX_IRQHandler
                0x08011b0c                EXTI4_IRQHandler
                0x08011b0c                FSMC_IRQHandler
                0x08011b0c                OTG_HS_EP1_OUT_IRQHandler
                0x08011b0c                WWDG_IRQHandler
                0x08011b0c                TIM2_IRQHandler
                0x08011b0c                OTG_FS_WKUP_IRQHandler
                0x08011b0c                TIM1_TRG_COM_TIM11_IRQHandler
                0x08011b0c                OTG_HS_IRQHandler
                0x08011b0c                EXTI1_IRQHandler
                0x08011b0c                USART2_IRQHandler
                0x08011b0c                I2C2_ER_IRQHandler
                0x08011b0c                DMA2_Stream1_IRQHandler
                0x08011b0c                CAN1_SCE_IRQHandler
                0x08011b0c                FLASH_IRQHandler
                0x08011b0c                DMA2_Stream4_IRQHandler
                0x08011b0c                USART1_IRQHandler
                0x08011b0c                OTG_FS_IRQHandler
                0x08011b0c                SPI3_IRQHandler
                0x08011b0c                DMA1_Stream4_IRQHandler
                0x08011b0c                I2C1_ER_IRQHandler
                0x08011b0c                DMA2_Stream6_IRQHandler
                0x08011b0c                DMA1_Stream3_IRQHandler
 *fill*         0x08011b0e        0x2 
 .text.__libc_init_array
                0x08011b10       0x48 c:/vsarm/armcc/10 2021.10/bin/../lib/gcc/arm-none-eabi/10.3.1/../../../../arm-none-eabi/lib/thumb/v7-m/nofp\libc_nano.a(lib_a-init.o)
                0x08011b10                __libc_init_array
 .text.memcmp   0x08011b58       0x20 c:/vsarm/armcc/10 2021.10/bin/../lib/gcc/arm-none-eabi/10.3.1/../../../../arm-none-eabi/lib/thumb/v7-m/nofp\libc_nano.a(lib_a-memcmp.o)
                0x08011b58                memcmp
 .text.memcpy   0x08011b78       0x1c c:/vsarm/armcc/10 2021.10/bin/../lib/gcc/arm-none-eabi/10.3.1/../../../../arm-none-eabi/lib/thumb/v7-m/nofp\libc_nano.a(lib_a-memcpy-stub.o)
                0x08011b78                memcpy
 .text.memset   0x08011b94       0x10 c:/vsarm/armcc/10 2021.10/bin/../lib/gcc/arm-none-eabi/10.3.1/../../../../arm-none-eabi/lib/thumb/v7-m/nofp\libc_nano.a(lib_a-memset.o)
                0x08011b94                memset
 .text.printf   0x08011ba4       0x30 c:/vsarm/armcc/10 2021.10/bin/../lib/gcc/arm-none-eabi/10.3.1/../../../../arm-none-eabi/lib/thumb/v7-m/nofp\libc_nano.a(lib_a-printf.o)
                0x08011ba4                iprintf
                0x08011ba4                printf
 .text.sprintf  0x08011bd4       0x40 c:/vsarm/armcc/10 2021.10/bin/../lib/gcc/arm-none-eabi/10.3.1/../../../../arm-none-eabi/lib/thumb/v7-m/nofp\libc_nano.a(lib_a-sprintf.o)
                0x08011bd4                siprintf
                0x08011bd4                sprintf
 .text.std      0x08011c14       0x48 c:/vsarm/armcc/10 2021.10/bin/../lib/gcc/arm-none-eabi/10.3.1/../../../../arm-none-eabi/lib/thumb/v7-m/nofp\libc_nano.a(lib_a-findfp.o)
 .text._cleanup_r
                0x08011c5c        0xc c:/vsarm/armcc/10 2021.10/bin/../lib/gcc/arm-none-eabi/10.3.1/../../../../arm-none-eabi/lib/thumb/v7-m/nofp\libc_nano.a(lib_a-findfp.o)
                0x08011c5c                _cleanup_r
 .text.__sfmoreglue
                0x08011c68       0x2c c:/vsarm/armcc/10 2021.10/bin/../lib/gcc/arm-none-eabi/10.3.1/../../../../arm-none-eabi/lib/thumb/v7-m/nofp\libc_nano.a(lib_a-findfp.o)
                0x08011c68                __sfmoreglue
 .text.__sfp_lock_acquire
                0x08011c94        0xc c:/vsarm/armcc/10 2021.10/bin/../lib/gcc/arm-none-eabi/10.3.1/../../../../arm-none-eabi/lib/thumb/v7-m/nofp\libc_nano.a(lib_a-findfp.o)
                0x08011c94                __sfp_lock_acquire
 .text.__sfp_lock_release
                0x08011ca0        0xc c:/vsarm/armcc/10 2021.10/bin/../lib/gcc/arm-none-eabi/10.3.1/../../../../arm-none-eabi/lib/thumb/v7-m/nofp\libc_nano.a(lib_a-findfp.o)
                0x08011ca0                __sfp_lock_release
 .text.__sinit_lock_acquire
                0x08011cac        0xc c:/vsarm/armcc/10 2021.10/bin/../lib/gcc/arm-none-eabi/10.3.1/../../../../arm-none-eabi/lib/thumb/v7-m/nofp\libc_nano.a(lib_a-findfp.o)
                0x08011cac                __sinit_lock_acquire
 .text.__sinit_lock_release
                0x08011cb8        0xc c:/vsarm/armcc/10 2021.10/bin/../lib/gcc/arm-none-eabi/10.3.1/../../../../arm-none-eabi/lib/thumb/v7-m/nofp\libc_nano.a(lib_a-findfp.o)
                0x08011cb8                __sinit_lock_release
 .text.__sinit  0x08011cc4       0x70 c:/vsarm/armcc/10 2021.10/bin/../lib/gcc/arm-none-eabi/10.3.1/../../../../arm-none-eabi/lib/thumb/v7-m/nofp\libc_nano.a(lib_a-findfp.o)
                0x08011cc4                __sinit
 .text.__sfp    0x08011d34       0x8c c:/vsarm/armcc/10 2021.10/bin/../lib/gcc/arm-none-eabi/10.3.1/../../../../arm-none-eabi/lib/thumb/v7-m/nofp\libc_nano.a(lib_a-findfp.o)
                0x08011d34                __sfp
 .text._fwalk_reent
                0x08011dc0       0x3e c:/vsarm/armcc/10 2021.10/bin/../lib/gcc/arm-none-eabi/10.3.1/../../../../arm-none-eabi/lib/thumb/v7-m/nofp\libc_nano.a(lib_a-fwalk.o)
                0x08011dc0                _fwalk_reent
 .text.__retarget_lock_init_recursive
                0x08011dfe        0x2 c:/vsarm/armcc/10 2021.10/bin/../lib/gcc/arm-none-eabi/10.3.1/../../../../arm-none-eabi/lib/thumb/v7-m/nofp\libc_nano.a(lib_a-lock.o)
                0x08011dfe                __retarget_lock_init_recursive
 .text.__retarget_lock_acquire_recursive
                0x08011e00        0x2 c:/vsarm/armcc/10 2021.10/bin/../lib/gcc/arm-none-eabi/10.3.1/../../../../arm-none-eabi/lib/thumb/v7-m/nofp\libc_nano.a(lib_a-lock.o)
                0x08011e00                __retarget_lock_acquire_recursive
 .text.__retarget_lock_release_recursive
                0x08011e02        0x2 c:/vsarm/armcc/10 2021.10/bin/../lib/gcc/arm-none-eabi/10.3.1/../../../../arm-none-eabi/lib/thumb/v7-m/nofp\libc_nano.a(lib_a-lock.o)
                0x08011e02                __retarget_lock_release_recursive
 .text.sbrk_aligned
                0x08011e04       0x40 c:/vsarm/armcc/10 2021.10/bin/../lib/gcc/arm-none-eabi/10.3.1/../../../../arm-none-eabi/lib/thumb/v7-m/nofp\libc_nano.a(lib_a-nano-mallocr.o)
 .text._malloc_r
                0x08011e44       0xe8 c:/vsarm/armcc/10 2021.10/bin/../lib/gcc/arm-none-eabi/10.3.1/../../../../arm-none-eabi/lib/thumb/v7-m/nofp\libc_nano.a(lib_a-nano-mallocr.o)
                0x08011e44                _malloc_r
 .text.__ssputs_r
                0x08011f2c       0xb6 c:/vsarm/armcc/10 2021.10/bin/../lib/gcc/arm-none-eabi/10.3.1/../../../../arm-none-eabi/lib/thumb/v7-m/nofp\libc_nano.a(lib_a-nano-svfprintf.o)
                0x08011f2c                __ssputs_r
 *fill*         0x08011fe2        0x2 
 .text._svfprintf_r
                0x08011fe4      0x200 c:/vsarm/armcc/10 2021.10/bin/../lib/gcc/arm-none-eabi/10.3.1/../../../../arm-none-eabi/lib/thumb/v7-m/nofp\libc_nano.a(lib_a-nano-svfprintf.o)
                0x08011fe4                _svfiprintf_r
                0x08011fe4                _svfprintf_r
 .text.__sfputc_r
                0x080121e4       0x2a c:/vsarm/armcc/10 2021.10/bin/../lib/gcc/arm-none-eabi/10.3.1/../../../../arm-none-eabi/lib/thumb/v7-m/nofp\libc_nano.a(lib_a-nano-vfprintf.o)
 .text.__sfputs_r
                0x0801220e       0x24 c:/vsarm/armcc/10 2021.10/bin/../lib/gcc/arm-none-eabi/10.3.1/../../../../arm-none-eabi/lib/thumb/v7-m/nofp\libc_nano.a(lib_a-nano-vfprintf.o)
                0x0801220e                __sfputs_r
 *fill*         0x08012232        0x2 
 .text._vfprintf_r
                0x08012234      0x260 c:/vsarm/armcc/10 2021.10/bin/../lib/gcc/arm-none-eabi/10.3.1/../../../../arm-none-eabi/lib/thumb/v7-m/nofp\libc_nano.a(lib_a-nano-vfprintf.o)
                0x08012234                _vfprintf_r
                0x08012234                _vfiprintf_r
 .text._printf_common
                0x08012494       0xde c:/vsarm/armcc/10 2021.10/bin/../lib/gcc/arm-none-eabi/10.3.1/../../../../arm-none-eabi/lib/thumb/v7-m/nofp\libc_nano.a(lib_a-nano-vfprintf_i.o)
                0x08012494                _printf_common
 *fill*         0x08012572        0x2 
 .text._printf_i
                0x08012574      0x24c c:/vsarm/armcc/10 2021.10/bin/../lib/gcc/arm-none-eabi/10.3.1/../../../../arm-none-eabi/lib/thumb/v7-m/nofp\libc_nano.a(lib_a-nano-vfprintf_i.o)
                0x08012574                _printf_i
 .text._sbrk_r  0x080127c0       0x20 c:/vsarm/armcc/10 2021.10/bin/../lib/gcc/arm-none-eabi/10.3.1/../../../../arm-none-eabi/lib/thumb/v7-m/nofp\libc_nano.a(lib_a-sbrkr.o)
                0x080127c0                _sbrk_r
 .text.__sread  0x080127e0       0x22 c:/vsarm/armcc/10 2021.10/bin/../lib/gcc/arm-none-eabi/10.3.1/../../../../arm-none-eabi/lib/thumb/v7-m/nofp\libc_nano.a(lib_a-stdio.o)
                0x080127e0                __sread
 .text.__swrite
                0x08012802       0x38 c:/vsarm/armcc/10 2021.10/bin/../lib/gcc/arm-none-eabi/10.3.1/../../../../arm-none-eabi/lib/thumb/v7-m/nofp\libc_nano.a(lib_a-stdio.o)
                0x08012802                __swrite
 .text.__sseek  0x0801283a       0x24 c:/vsarm/armcc/10 2021.10/bin/../lib/gcc/arm-none-eabi/10.3.1/../../../../arm-none-eabi/lib/thumb/v7-m/nofp\libc_nano.a(lib_a-stdio.o)
                0x0801283a                __sseek
 .text.__sclose
                0x0801285e        0x8 c:/vsarm/armcc/10 2021.10/bin/../lib/gcc/arm-none-eabi/10.3.1/../../../../arm-none-eabi/lib/thumb/v7-m/nofp\libc_nano.a(lib_a-stdio.o)
                0x0801285e                __sclose
 *fill*         0x08012866        0x2 
 .text.__swbuf_r
                0x08012868       0xa4 c:/vsarm/armcc/10 2021.10/bin/../lib/gcc/arm-none-eabi/10.3.1/../../../../arm-none-eabi/lib/thumb/v7-m/nofp\libc_nano.a(lib_a-wbuf.o)
                0x08012868                __swbuf_r
 .text._write_r
                0x0801290c       0x24 c:/vsarm/armcc/10 2021.10/bin/../lib/gcc/arm-none-eabi/10.3.1/../../../../arm-none-eabi/lib/thumb/v7-m/nofp\libc_nano.a(lib_a-writer.o)
                0x0801290c                _write_r
 .text.__swsetup_r
                0x08012930       0xdc c:/vsarm/armcc/10 2021.10/bin/../lib/gcc/arm-none-eabi/10.3.1/../../../../arm-none-eabi/lib/thumb/v7-m/nofp\libc_nano.a(lib_a-wsetup.o)
                0x08012930                __swsetup_r
 .text._close_r
                0x08012a0c       0x20 c:/vsarm/armcc/10 2021.10/bin/../lib/gcc/arm-none-eabi/10.3.1/../../../../arm-none-eabi/lib/thumb/v7-m/nofp\libc_nano.a(lib_a-closer.o)
                0x08012a0c                _close_r
 .text.__sflush_r
                0x08012a2c      0x104 c:/vsarm/armcc/10 2021.10/bin/../lib/gcc/arm-none-eabi/10.3.1/../../../../arm-none-eabi/lib/thumb/v7-m/nofp\libc_nano.a(lib_a-fflush.o)
                0x08012a2c                __sflush_r
 .text._fflush_r
                0x08012b30       0x78 c:/vsarm/armcc/10 2021.10/bin/../lib/gcc/arm-none-eabi/10.3.1/../../../../arm-none-eabi/lib/thumb/v7-m/nofp\libc_nano.a(lib_a-fflush.o)
                0x08012b30                _fflush_r
 .text._lseek_r
                0x08012ba8       0x24 c:/vsarm/armcc/10 2021.10/bin/../lib/gcc/arm-none-eabi/10.3.1/../../../../arm-none-eabi/lib/thumb/v7-m/nofp\libc_nano.a(lib_a-lseekr.o)
                0x08012ba8                _lseek_r
 .text.__swhatbuf_r
                0x08012bcc       0x4a c:/vsarm/armcc/10 2021.10/bin/../lib/gcc/arm-none-eabi/10.3.1/../../../../arm-none-eabi/lib/thumb/v7-m/nofp\libc_nano.a(lib_a-makebuf.o)
                0x08012bcc                __swhatbuf_r
 *fill*         0x08012c16        0x2 
 .text.__smakebuf_r
                0x08012c18       0x80 c:/vsarm/armcc/10 2021.10/bin/../lib/gcc/arm-none-eabi/10.3.1/../../../../arm-none-eabi/lib/thumb/v7-m/nofp\libc_nano.a(lib_a-makebuf.o)
                0x08012c18                __smakebuf_r
 .text.memchr   0x08012c98       0x1c c:/vsarm/armcc/10 2021.10/bin/../lib/gcc/arm-none-eabi/10.3.1/../../../../arm-none-eabi/lib/thumb/v7-m/nofp\libc_nano.a(lib_a-memchr-stub.o)
                0x08012c98                memchr
 .text.memmove  0x08012cb4       0x34 c:/vsarm/armcc/10 2021.10/bin/../lib/gcc/arm-none-eabi/10.3.1/../../../../arm-none-eabi/lib/thumb/v7-m/nofp\libc_nano.a(lib_a-memmove.o)
                0x08012cb4                memmove
 .text.__malloc_lock
                0x08012ce8        0xc c:/vsarm/armcc/10 2021.10/bin/../lib/gcc/arm-none-eabi/10.3.1/../../../../arm-none-eabi/lib/thumb/v7-m/nofp\libc_nano.a(lib_a-mlock.o)
                0x08012ce8                __malloc_lock
 .text.__malloc_unlock
                0x08012cf4        0xc c:/vsarm/armcc/10 2021.10/bin/../lib/gcc/arm-none-eabi/10.3.1/../../../../arm-none-eabi/lib/thumb/v7-m/nofp\libc_nano.a(lib_a-mlock.o)
                0x08012cf4                __malloc_unlock
 .text._free_r  0x08012d00       0x90 c:/vsarm/armcc/10 2021.10/bin/../lib/gcc/arm-none-eabi/10.3.1/../../../../arm-none-eabi/lib/thumb/v7-m/nofp\libc_nano.a(lib_a-nano-freer.o)
                0x08012d00                _free_r
 .text._realloc_r
                0x08012d90       0x5e c:/vsarm/armcc/10 2021.10/bin/../lib/gcc/arm-none-eabi/10.3.1/../../../../arm-none-eabi/lib/thumb/v7-m/nofp\libc_nano.a(lib_a-nano-reallocr.o)
                0x08012d90                _realloc_r
 *fill*         0x08012dee        0x2 
 .text._read_r  0x08012df0       0x24 c:/vsarm/armcc/10 2021.10/bin/../lib/gcc/arm-none-eabi/10.3.1/../../../../arm-none-eabi/lib/thumb/v7-m/nofp\libc_nano.a(lib_a-readr.o)
                0x08012df0                _read_r
 .text._fstat_r
                0x08012e14       0x24 c:/vsarm/armcc/10 2021.10/bin/../lib/gcc/arm-none-eabi/10.3.1/../../../../arm-none-eabi/lib/thumb/v7-m/nofp\libc_nano.a(lib_a-fstatr.o)
                0x08012e14                _fstat_r
 .text._isatty_r
                0x08012e38       0x20 c:/vsarm/armcc/10 2021.10/bin/../lib/gcc/arm-none-eabi/10.3.1/../../../../arm-none-eabi/lib/thumb/v7-m/nofp\libc_nano.a(lib_a-isattyr.o)
                0x08012e38                _isatty_r
 .text._malloc_usable_size_r
                0x08012e58       0x10 c:/vsarm/armcc/10 2021.10/bin/../lib/gcc/arm-none-eabi/10.3.1/../../../../arm-none-eabi/lib/thumb/v7-m/nofp\libc_nano.a(lib_a-nano-msizer.o)
                0x08012e58                _malloc_usable_size_r
 .text._close   0x08012e68       0x10 c:/vsarm/armcc/10 2021.10/bin/../lib/gcc/arm-none-eabi/10.3.1/../../../../arm-none-eabi/lib/thumb/v7-m/nofp\libnosys.a(close.o)
                0x08012e68                _close
 .text._fstat   0x08012e78       0x10 c:/vsarm/armcc/10 2021.10/bin/../lib/gcc/arm-none-eabi/10.3.1/../../../../arm-none-eabi/lib/thumb/v7-m/nofp\libnosys.a(fstat.o)
                0x08012e78                _fstat
 .text._isatty  0x08012e88       0x10 c:/vsarm/armcc/10 2021.10/bin/../lib/gcc/arm-none-eabi/10.3.1/../../../../arm-none-eabi/lib/thumb/v7-m/nofp\libnosys.a(isatty.o)
                0x08012e88                _isatty
 .text._lseek   0x08012e98       0x10 c:/vsarm/armcc/10 2021.10/bin/../lib/gcc/arm-none-eabi/10.3.1/../../../../arm-none-eabi/lib/thumb/v7-m/nofp\libnosys.a(lseek.o)
                0x08012e98                _lseek
 .text._read    0x08012ea8       0x10 c:/vsarm/armcc/10 2021.10/bin/../lib/gcc/arm-none-eabi/10.3.1/../../../../arm-none-eabi/lib/thumb/v7-m/nofp\libnosys.a(read.o)
                0x08012ea8                _read
 .text._sbrk    0x08012eb8       0x1c c:/vsarm/armcc/10 2021.10/bin/../lib/gcc/arm-none-eabi/10.3.1/../../../../arm-none-eabi/lib/thumb/v7-m/nofp\libnosys.a(sbrk.o)
                0x08012eb8                _sbrk
 .text._write   0x08012ed4       0x10 c:/vsarm/armcc/10 2021.10/bin/../lib/gcc/arm-none-eabi/10.3.1/../../../../arm-none-eabi/lib/thumb/v7-m/nofp\libnosys.a(write.o)
                0x08012ed4                _write
 *(.glue_7)
 .glue_7        0x08012ee4        0x0 linker stubs
 *(.glue_7t)
 .glue_7t       0x08012ee4        0x0 linker stubs
 *(.eh_frame)
 .eh_frame      0x08012ee4        0x0 c:/vsarm/armcc/10 2021.10/bin/../lib/gcc/arm-none-eabi/10.3.1/thumb/v7-m/nofp/crtbegin.o
 *(.init)
 .init          0x08012ee4        0x4 c:/vsarm/armcc/10 2021.10/bin/../lib/gcc/arm-none-eabi/10.3.1/thumb/v7-m/nofp/crti.o
                0x08012ee4                _init
 .init          0x08012ee8        0x8 c:/vsarm/armcc/10 2021.10/bin/../lib/gcc/arm-none-eabi/10.3.1/thumb/v7-m/nofp/crtn.o
 *(.fini)
 .fini          0x08012ef0        0x4 c:/vsarm/armcc/10 2021.10/bin/../lib/gcc/arm-none-eabi/10.3.1/thumb/v7-m/nofp/crti.o
                0x08012ef0                _fini
 .fini          0x08012ef4        0x8 c:/vsarm/armcc/10 2021.10/bin/../lib/gcc/arm-none-eabi/10.3.1/thumb/v7-m/nofp/crtn.o
                0x08012efc                . = ALIGN (0x4)
                0x08012efc                _etext = .

.vfp11_veneer   0x08012efc        0x0
 .vfp11_veneer  0x08012efc        0x0 linker stubs

.v4_bx          0x08012efc        0x0
 .v4_bx         0x08012efc        0x0 linker stubs

.iplt           0x08012efc        0x0
 .iplt          0x08012efc        0x0 c:/vsarm/armcc/10 2021.10/bin/../lib/gcc/arm-none-eabi/10.3.1/thumb/v7-m/nofp/crtbegin.o

.rodata         0x08012efc     0x2484
                0x08012efc                . = ALIGN (0x4)
 *(.rodata)
 .rodata        0x08012efc      0x38c build/main.o
 .rodata        0x08013288       0xb1 build/sio.o
 *fill*         0x08013339        0x3 
 .rodata        0x0801333c       0x5c build/ethernetif.o
 .rodata        0x08013398        0x8 build/lwip.o
 .rodata        0x080133a0        0x5 build/tasks.o
 *fill*         0x080133a5        0x3 
 .rodata        0x080133a8        0xd build/timers.o
 *fill*         0x080133b5        0x3 
 .rodata        0x080133b8       0x90 build/ethernet.o
 .rodata        0x08013448       0x98 build/slipif.o
 .rodata        0x080134e0       0xdd build/tcpip.o
 *fill*         0x080135bd        0x3 
 .rodata        0x080135c0      0x213 build/mem.o
 *fill*         0x080137d3        0x1 
 .rodata        0x080137d4       0xeb build/memp.o
 *fill*         0x080138bf        0x1 
 .rodata        0x080138c0       0x70 build/netif.o
 .rodata        0x08013930      0x509 build/pbuf.o
 *fill*         0x08013e39        0x3 
 .rodata        0x08013e3c      0x477 build/tcp.o
 *fill*         0x080142b3        0x1 
 .rodata        0x080142b4      0x381 build/tcp_in.o
 *fill*         0x08014635        0x3 
 .rodata        0x08014638      0x43f build/tcp_out.o
 *fill*         0x08014a77        0x1 
 .rodata        0x08014a78       0x9c build/timeouts.o
 .rodata        0x08014b14       0x96 build/udp.o
 *fill*         0x08014baa        0x2 
 .rodata        0x08014bac      0x261 build/etharp.o
 *fill*         0x08014e0d        0x3 
 .rodata        0x08014e10       0xf4 build/icmp.o
 .rodata        0x08014f04       0x95 build/ip4.o
 *fill*         0x08014f99        0x3 
 .rodata        0x08014f9c      0x1ec build/ip4_frag.o
 *(.rodata*)
 .rodata.defaultTask_attributes
                0x08015188       0x24 build/main.o
                0x08015188                defaultTask_attributes
 .rodata.AHBPrescTable
                0x080151ac       0x10 build/system_stm32f2xx.o
                0x080151ac                AHBPrescTable
 .rodata.APBPrescTable
                0x080151bc        0x8 build/system_stm32f2xx.o
                0x080151bc                APBPrescTable
 .rodata.ethbroadcast
                0x080151c4        0x6 build/ethernet.o
                0x080151c4                ethbroadcast
 *fill*         0x080151ca        0x2 
 .rodata.ethzero
                0x080151cc        0x6 build/ethernet.o
                0x080151cc                ethzero
 *fill*         0x080151d2        0x2 
 .rodata.memp_UDP_PCB
                0x080151d4        0xc build/memp.o
                0x080151d4                memp_UDP_PCB
 .rodata.memp_TCP_PCB
                0x080151e0        0xc build/memp.o
                0x080151e0                memp_TCP_PCB
 .rodata.memp_TCP_PCB_LISTEN
                0x080151ec        0xc build/memp.o
                0x080151ec                memp_TCP_PCB_LISTEN
 .rodata.memp_TCP_SEG
                0x080151f8        0xc build/memp.o
                0x080151f8                memp_TCP_SEG
 .rodata.memp_REASSDATA
                0x08015204        0xc build/memp.o
                0x08015204                memp_REASSDATA
 .rodata.memp_FRAG_PBUF
                0x08015210        0xc build/memp.o
                0x08015210                memp_FRAG_PBUF
 .rodata.memp_NETBUF
                0x0801521c        0xc build/memp.o
                0x0801521c                memp_NETBUF
 .rodata.memp_NETCONN
                0x08015228        0xc build/memp.o
                0x08015228                memp_NETCONN
 .rodata.memp_TCPIP_MSG_API
                0x08015234        0xc build/memp.o
                0x08015234                memp_TCPIP_MSG_API
 .rodata.memp_TCPIP_MSG_INPKT
                0x08015240        0xc build/memp.o
                0x08015240                memp_TCPIP_MSG_INPKT
 .rodata.memp_SYS_TIMEOUT
                0x0801524c        0xc build/memp.o
                0x0801524c                memp_SYS_TIMEOUT
 .rodata.memp_PBUF
                0x08015258        0xc build/memp.o
                0x08015258                memp_PBUF
 .rodata.memp_PBUF_POOL
                0x08015264        0xc build/memp.o
                0x08015264                memp_PBUF_POOL
 .rodata.memp_pools
                0x08015270       0x34 build/memp.o
                0x08015270                memp_pools
 .rodata.tcp_backoff
                0x080152a4        0xd build/tcp.o
 *fill*         0x080152b1        0x3 
 .rodata.tcp_persist_backoff
                0x080152b4        0x7 build/tcp.o
 *fill*         0x080152bb        0x1 
 .rodata.tcp_pcb_lists
                0x080152bc       0x10 build/tcp.o
                0x080152bc                tcp_pcb_lists
 .rodata.lwip_cyclic_timers
                0x080152cc       0x18 build/timeouts.o
                0x080152cc                lwip_cyclic_timers
 .rodata.ip_addr_any
                0x080152e4        0x4 build/ip4_addr.o
                0x080152e4                ip_addr_any
 .rodata._global_impure_ptr
                0x080152e8        0x4 c:/vsarm/armcc/10 2021.10/bin/../lib/gcc/arm-none-eabi/10.3.1/../../../../arm-none-eabi/lib/thumb/v7-m/nofp\libc_nano.a(lib_a-impure.o)
                0x080152e8                _global_impure_ptr
 .rodata.__sf_fake_stderr
                0x080152ec       0x20 c:/vsarm/armcc/10 2021.10/bin/../lib/gcc/arm-none-eabi/10.3.1/../../../../arm-none-eabi/lib/thumb/v7-m/nofp\libc_nano.a(lib_a-findfp.o)
                0x080152ec                __sf_fake_stderr
 .rodata.__sf_fake_stdin
                0x0801530c       0x20 c:/vsarm/armcc/10 2021.10/bin/../lib/gcc/arm-none-eabi/10.3.1/../../../../arm-none-eabi/lib/thumb/v7-m/nofp\libc_nano.a(lib_a-findfp.o)
                0x0801530c                __sf_fake_stdin
 .rodata.__sf_fake_stdout
                0x0801532c       0x20 c:/vsarm/armcc/10 2021.10/bin/../lib/gcc/arm-none-eabi/10.3.1/../../../../arm-none-eabi/lib/thumb/v7-m/nofp\libc_nano.a(lib_a-findfp.o)
                0x0801532c                __sf_fake_stdout
 .rodata._svfprintf_r.str1.1
                0x0801534c       0x11 c:/vsarm/armcc/10 2021.10/bin/../lib/gcc/arm-none-eabi/10.3.1/../../../../arm-none-eabi/lib/thumb/v7-m/nofp\libc_nano.a(lib_a-nano-svfprintf.o)
 .rodata._vfprintf_r.str1.1
                0x0801535d       0x11 c:/vsarm/armcc/10 2021.10/bin/../lib/gcc/arm-none-eabi/10.3.1/../../../../arm-none-eabi/lib/thumb/v7-m/nofp\libc_nano.a(lib_a-nano-vfprintf.o)
 .rodata._printf_i.str1.1
                0x0801535d       0x22 c:/vsarm/armcc/10 2021.10/bin/../lib/gcc/arm-none-eabi/10.3.1/../../../../arm-none-eabi/lib/thumb/v7-m/nofp\libc_nano.a(lib_a-nano-vfprintf_i.o)
                0x08015380                . = ALIGN (0x4)
 *fill*         0x0801537f        0x1 

.ARM.extab
 *(.ARM.extab* .gnu.linkonce.armextab.*)

.ARM            0x08015380        0x8
                0x08015380                __exidx_start = .
 *(.ARM.exidx*)
 .ARM.exidx     0x08015380        0x8 c:/vsarm/armcc/10 2021.10/bin/../lib/gcc/arm-none-eabi/10.3.1/thumb/v7-m/nofp\libgcc.a(_udivmoddi4.o)
                0x08015388                __exidx_end = .

.rel.dyn        0x08015388        0x0
 .rel.iplt      0x08015388        0x0 c:/vsarm/armcc/10 2021.10/bin/../lib/gcc/arm-none-eabi/10.3.1/thumb/v7-m/nofp/crtbegin.o

.preinit_array  0x08015388        0x0
                0x08015388                PROVIDE (__preinit_array_start = .)
 *(.preinit_array*)
                0x08015388                PROVIDE (__preinit_array_end = .)

.init_array     0x08015388        0x4
                0x08015388                PROVIDE (__init_array_start = .)
 *(SORT_BY_NAME(.init_array.*))
 *(.init_array*)
 .init_array    0x08015388        0x4 c:/vsarm/armcc/10 2021.10/bin/../lib/gcc/arm-none-eabi/10.3.1/thumb/v7-m/nofp/crtbegin.o
                0x0801538c                PROVIDE (__init_array_end = .)

.fini_array     0x0801538c        0x4
                [!provide]                PROVIDE (__fini_array_start = .)
 *(SORT_BY_NAME(.fini_array.*))
 *(.fini_array*)
 .fini_array    0x0801538c        0x4 c:/vsarm/armcc/10 2021.10/bin/../lib/gcc/arm-none-eabi/10.3.1/thumb/v7-m/nofp/crtbegin.o
                [!provide]                PROVIDE (__fini_array_end = .)
                0x08015390                _sidata = LOADADDR (.data)

.data           0x20000000       0x78 load address 0x08015390
                0x20000000                . = ALIGN (0x4)
                0x20000000                _sdata = .
 *(.data)
 *(.data*)
 .data.uwTickPrio
                0x20000000        0x4 build/stm32f2xx_hal.o
                0x20000000                uwTickPrio
 .data.uwTickFreq
                0x20000004        0x1 build/stm32f2xx_hal.o
                0x20000004                uwTickFreq
 *fill*         0x20000005        0x3 
 .data.SystemCoreClock
                0x20000008        0x4 build/system_stm32f2xx.o
                0x20000008                SystemCoreClock
 .data.uxCriticalNesting
                0x2000000c        0x4 build/port.o
 .data.iss.0    0x20000010        0x4 build/tcp.o
 .data._impure_ptr
                0x20000014        0x4 c:/vsarm/armcc/10 2021.10/bin/../lib/gcc/arm-none-eabi/10.3.1/../../../../arm-none-eabi/lib/thumb/v7-m/nofp\libc_nano.a(lib_a-impure.o)
                0x20000014                _impure_ptr
 .data.impure_data
                0x20000018       0x60 c:/vsarm/armcc/10 2021.10/bin/../lib/gcc/arm-none-eabi/10.3.1/../../../../arm-none-eabi/lib/thumb/v7-m/nofp\libc_nano.a(lib_a-impure.o)
                0x20000078                . = ALIGN (0x4)
                0x20000078                _edata = .

.igot.plt       0x20000078        0x0 load address 0x08015408
 .igot.plt      0x20000078        0x0 c:/vsarm/armcc/10 2021.10/bin/../lib/gcc/arm-none-eabi/10.3.1/thumb/v7-m/nofp/crtbegin.o
                0x20000078                . = ALIGN (0x4)

.bss            0x20000078     0xf550 load address 0x08015408
                0x20000078                _sbss = .
                0x20000078                __bss_start__ = _sbss
 *(.bss)
 .bss           0x20000078       0x1c c:/vsarm/armcc/10 2021.10/bin/../lib/gcc/arm-none-eabi/10.3.1/thumb/v7-m/nofp/crtbegin.o
 *(.bss*)
 .bss.huart3    0x20000094       0x44 build/main.o
                0x20000094                huart3
 .bss.defaultTaskHandle
                0x200000d8        0x4 build/main.o
                0x200000d8                defaultTaskHandle
 .bss.preBUFF   0x200000dc        0x1 build/main.o
                0x200000dc                preBUFF
 *fill*         0x200000dd        0x3 
 .bss.queueUART
                0x200000e0        0x4 build/sio.o
                0x200000e0                queueUART
 .bss.errorUartSR
                0x200000e4        0x4 build/sio.o
                0x200000e4                errorUartSR
 .bss.htim4     0x200000e8       0x48 build/stm32f2xx_hal_timebase_tim.o
                0x200000e8                htim4
 .bss.DMARxDscrTab
                0x20000130       0x80 build/ethernetif.o
                0x20000130                DMARxDscrTab
 .bss.DMATxDscrTab
                0x200001b0       0x80 build/ethernetif.o
                0x200001b0                DMATxDscrTab
 .bss.Rx_Buff   0x20000230     0x17d0 build/ethernetif.o
                0x20000230                Rx_Buff
 .bss.Tx_Buff   0x20001a00     0x17d0 build/ethernetif.o
                0x20001a00                Tx_Buff
 .bss.s_xSemaphore
                0x200031d0        0x4 build/ethernetif.o
                0x200031d0                s_xSemaphore
 .bss.heth      0x200031d4       0x48 build/ethernetif.o
                0x200031d4                heth
 .bss.Netif_LinkSemaphore
                0x2000321c        0x4 build/lwip.o
                0x2000321c                Netif_LinkSemaphore
 .bss.link_arg  0x20003220        0x8 build/lwip.o
                0x20003220                link_arg
 .bss.gnetif    0x20003228       0x34 build/lwip.o
                0x20003228                gnetif
 .bss.ipaddr    0x2000325c        0x4 build/lwip.o
                0x2000325c                ipaddr
 .bss.netmask   0x20003260        0x4 build/lwip.o
                0x20003260                netmask
 .bss.gw        0x20003264        0x4 build/lwip.o
                0x20003264                gw
 .bss.IP_ADDRESS
                0x20003268        0x4 build/lwip.o
                0x20003268                IP_ADDRESS
 .bss.NETMASK_ADDRESS
                0x2000326c        0x4 build/lwip.o
                0x2000326c                NETMASK_ADDRESS
 .bss.GATEWAY_ADDRESS
                0x20003270        0x4 build/lwip.o
                0x20003270                GATEWAY_ADDRESS
 .bss.attributes
                0x20003274       0x24 build/lwip.o
                0x20003274                attributes
 .bss.uwTick    0x20003298        0x4 build/stm32f2xx_hal.o
                0x20003298                uwTick
 .bss.xQueueRegistry
                0x2000329c       0x40 build/queue.o
                0x2000329c                xQueueRegistry
 .bss.pxCurrentTCB
                0x200032dc        0x4 build/tasks.o
                0x200032dc                pxCurrentTCB
 .bss.pxReadyTasksLists
                0x200032e0      0x460 build/tasks.o
 .bss.xDelayedTaskList1
                0x20003740       0x14 build/tasks.o
 .bss.xDelayedTaskList2
                0x20003754       0x14 build/tasks.o
 .bss.pxDelayedTaskList
                0x20003768        0x4 build/tasks.o
 .bss.pxOverflowDelayedTaskList
                0x2000376c        0x4 build/tasks.o
 .bss.xPendingReadyList
                0x20003770       0x14 build/tasks.o
 .bss.xTasksWaitingTermination
                0x20003784       0x14 build/tasks.o
 .bss.uxDeletedTasksWaitingCleanUp
                0x20003798        0x4 build/tasks.o
 .bss.xSuspendedTaskList
                0x2000379c       0x14 build/tasks.o
 .bss.uxCurrentNumberOfTasks
                0x200037b0        0x4 build/tasks.o
 .bss.xTickCount
                0x200037b4        0x4 build/tasks.o
 .bss.uxTopReadyPriority
                0x200037b8        0x4 build/tasks.o
 .bss.xSchedulerRunning
                0x200037bc        0x4 build/tasks.o
 .bss.uxPendedTicks
                0x200037c0        0x4 build/tasks.o
 .bss.xYieldPending
                0x200037c4        0x4 build/tasks.o
 .bss.xNumOfOverflows
                0x200037c8        0x4 build/tasks.o
 .bss.uxTaskNumber
                0x200037cc        0x4 build/tasks.o
 .bss.xNextTaskUnblockTime
                0x200037d0        0x4 build/tasks.o
 .bss.xIdleTaskHandle
                0x200037d4        0x4 build/tasks.o
 .bss.uxSchedulerSuspended
                0x200037d8        0x4 build/tasks.o
 .bss.xActiveTimerList1
                0x200037dc       0x14 build/timers.o
 .bss.xActiveTimerList2
                0x200037f0       0x14 build/timers.o
 .bss.pxCurrentTimerList
                0x20003804        0x4 build/timers.o
 .bss.pxOverflowTimerList
                0x20003808        0x4 build/timers.o
 .bss.xTimerQueue
                0x2000380c        0x4 build/timers.o
 .bss.xTimerTaskHandle
                0x20003810        0x4 build/timers.o
 .bss.xLastTime.2
                0x20003814        0x4 build/timers.o
 .bss.ucStaticTimerQueueStorage.1
                0x20003818       0xa0 build/timers.o
 .bss.xStaticTimerQueue.0
                0x200038b8       0x50 build/timers.o
 .bss.KernelState
                0x20003908        0x4 build/cmsis_os2.o
 .bss.Idle_TCB  0x2000390c       0x5c build/cmsis_os2.o
 .bss.Idle_Stack
                0x20003968      0x200 build/cmsis_os2.o
 .bss.Timer_TCB
                0x20003b68       0x5c build/cmsis_os2.o
 .bss.Timer_Stack
                0x20003bc4      0x400 build/cmsis_os2.o
 .bss.ucHeap    0x20003fc4     0x7d00 build/heap_4.o
 .bss.xStart    0x2000bcc4        0x8 build/heap_4.o
 .bss.pxEnd     0x2000bccc        0x4 build/heap_4.o
 .bss.xFreeBytesRemaining
                0x2000bcd0        0x4 build/heap_4.o
 .bss.xMinimumEverFreeBytesRemaining
                0x2000bcd4        0x4 build/heap_4.o
 .bss.xBlockAllocatedBit
                0x2000bcd8        0x4 build/heap_4.o
 .bss.ucMaxSysCallPriority
                0x2000bcdc        0x1 build/port.o
 *fill*         0x2000bcdd        0x3 
 .bss.ulMaxPRIGROUPValue
                0x2000bce0        0x4 build/port.o
 .bss.tcpip_init_done
                0x2000bce4        0x4 build/tcpip.o
 .bss.tcpip_init_done_arg
                0x2000bce8        0x4 build/tcpip.o
 .bss.mbox      0x2000bcec        0x4 build/tcpip.o
 .bss.lock_tcpip_core
                0x2000bcf0        0x4 build/tcpip.o
                0x2000bcf0                lock_tcpip_core
 .bss.ip_data   0x2000bcf4       0x18 build/ip.o
                0x2000bcf4                ip_data
 .bss.ram_heap  0x2000bd0c      0x653 build/mem.o
                0x2000bd0c                ram_heap
 *fill*         0x2000c35f        0x1 
 .bss.ram       0x2000c360        0x4 build/mem.o
 .bss.ram_end   0x2000c364        0x4 build/mem.o
 .bss.lfree     0x2000c368        0x4 build/mem.o
 .bss.mem_mutex
                0x2000c36c        0x4 build/mem.o
 .bss.memp_memory_UDP_PCB_base
                0x2000c370       0x83 build/memp.o
                0x2000c370                memp_memory_UDP_PCB_base
 *fill*         0x2000c3f3        0x1 
 .bss.memp_tab_UDP_PCB
                0x2000c3f4        0x4 build/memp.o
 .bss.memp_memory_TCP_PCB_base
                0x2000c3f8      0x2fb build/memp.o
                0x2000c3f8                memp_memory_TCP_PCB_base
 *fill*         0x2000c6f3        0x1 
 .bss.memp_tab_TCP_PCB
                0x2000c6f4        0x4 build/memp.o
 .bss.memp_memory_TCP_PCB_LISTEN_base
                0x2000c6f8       0xe3 build/memp.o
                0x2000c6f8                memp_memory_TCP_PCB_LISTEN_base
 *fill*         0x2000c7db        0x1 
 .bss.memp_tab_TCP_PCB_LISTEN
                0x2000c7dc        0x4 build/memp.o
 .bss.memp_memory_TCP_SEG_base
                0x2000c7e0      0x103 build/memp.o
                0x2000c7e0                memp_memory_TCP_SEG_base
 *fill*         0x2000c8e3        0x1 
 .bss.memp_tab_TCP_SEG
                0x2000c8e4        0x4 build/memp.o
 .bss.memp_memory_REASSDATA_base
                0x2000c8e8       0xa3 build/memp.o
                0x2000c8e8                memp_memory_REASSDATA_base
 *fill*         0x2000c98b        0x1 
 .bss.memp_tab_REASSDATA
                0x2000c98c        0x4 build/memp.o
 .bss.memp_memory_FRAG_PBUF_base
                0x2000c990      0x16b build/memp.o
                0x2000c990                memp_memory_FRAG_PBUF_base
 *fill*         0x2000cafb        0x1 
 .bss.memp_tab_FRAG_PBUF
                0x2000cafc        0x4 build/memp.o
 .bss.memp_memory_NETBUF_base
                0x2000cb00       0x23 build/memp.o
                0x2000cb00                memp_memory_NETBUF_base
 *fill*         0x2000cb23        0x1 
 .bss.memp_tab_NETBUF
                0x2000cb24        0x4 build/memp.o
 .bss.memp_memory_NETCONN_base
                0x2000cb28       0xb3 build/memp.o
                0x2000cb28                memp_memory_NETCONN_base
 *fill*         0x2000cbdb        0x1 
 .bss.memp_tab_NETCONN
                0x2000cbdc        0x4 build/memp.o
 .bss.memp_memory_TCPIP_MSG_API_base
                0x2000cbe0       0x83 build/memp.o
                0x2000cbe0                memp_memory_TCPIP_MSG_API_base
 *fill*         0x2000cc63        0x1 
 .bss.memp_tab_TCPIP_MSG_API
                0x2000cc64        0x4 build/memp.o
 .bss.memp_memory_TCPIP_MSG_INPKT_base
                0x2000cc68       0x83 build/memp.o
                0x2000cc68                memp_memory_TCPIP_MSG_INPKT_base
 *fill*         0x2000cceb        0x1 
 .bss.memp_tab_TCPIP_MSG_INPKT
                0x2000ccec        0x4 build/memp.o
 .bss.memp_memory_SYS_TIMEOUT_base
                0x2000ccf0       0x33 build/memp.o
                0x2000ccf0                memp_memory_SYS_TIMEOUT_base
 *fill*         0x2000cd23        0x1 
 .bss.memp_tab_SYS_TIMEOUT
                0x2000cd24        0x4 build/memp.o
 .bss.memp_memory_PBUF_base
                0x2000cd28      0x103 build/memp.o
                0x2000cd28                memp_memory_PBUF_base
 *fill*         0x2000ce2b        0x1 
 .bss.memp_tab_PBUF
                0x2000ce2c        0x4 build/memp.o
 .bss.memp_memory_PBUF_POOL_base
                0x2000ce30     0x2603 build/memp.o
                0x2000ce30                memp_memory_PBUF_POOL_base
 *fill*         0x2000f433        0x1 
 .bss.memp_tab_PBUF_POOL
                0x2000f434        0x4 build/memp.o
 .bss.netif_list
                0x2000f438        0x4 build/netif.o
                0x2000f438                netif_list
 .bss.netif_default
                0x2000f43c        0x4 build/netif.o
                0x2000f43c                netif_default
 .bss.netif_num
                0x2000f440        0x1 build/netif.o
 .bss.pbuf_free_ooseq_pending