Archive member included to satisfy reference by file (symbol)

c:/vsarm/armcc/10 2021.10/bin/../lib/gcc/arm-none-eabi/10.3.1/../../../../arm-none-eabi/lib/thumb/v7-m/nofp\libc_nano.a(lib_a-exit.o)
                              c:/vsarm/armcc/10 2021.10/bin/../lib/gcc/arm-none-eabi/10.3.1/../../../../arm-none-eabi/lib/thumb/v7-m/nofp/crt0.o (exit)
c:/vsarm/armcc/10 2021.10/bin/../lib/gcc/arm-none-eabi/10.3.1/../../../../arm-none-eabi/lib/thumb/v7-m/nofp\libc_nano.a(lib_a-impure.o)
                              c:/vsarm/armcc/10 2021.10/bin/../lib/gcc/arm-none-eabi/10.3.1/../../../../arm-none-eabi/lib/thumb/v7-m/nofp\libc_nano.a(lib_a-exit.o) (_global_impure_ptr)
c:/vsarm/armcc/10 2021.10/bin/../lib/gcc/arm-none-eabi/10.3.1/../../../../arm-none-eabi/lib/thumb/v7-m/nofp\libc_nano.a(lib_a-init.o)
                              c:/vsarm/armcc/10 2021.10/bin/../lib/gcc/arm-none-eabi/10.3.1/../../../../arm-none-eabi/lib/thumb/v7-m/nofp/crt0.o (__libc_init_array)
c:/vsarm/armcc/10 2021.10/bin/../lib/gcc/arm-none-eabi/10.3.1/../../../../arm-none-eabi/lib/thumb/v7-m/nofp\libc_nano.a(lib_a-memcmp.o)
                              build/main.o (memcmp)
c:/vsarm/armcc/10 2021.10/bin/../lib/gcc/arm-none-eabi/10.3.1/../../../../arm-none-eabi/lib/thumb/v7-m/nofp\libc_nano.a(lib_a-memcpy-stub.o)
                              build/main.o (memcpy)
c:/vsarm/armcc/10 2021.10/bin/../lib/gcc/arm-none-eabi/10.3.1/../../../../arm-none-eabi/lib/thumb/v7-m/nofp\libc_nano.a(lib_a-memset.o)
                              c:/vsarm/armcc/10 2021.10/bin/../lib/gcc/arm-none-eabi/10.3.1/../../../../arm-none-eabi/lib/thumb/v7-m/nofp/crt0.o (memset)
c:/vsarm/armcc/10 2021.10/bin/../lib/gcc/arm-none-eabi/10.3.1/../../../../arm-none-eabi/lib/thumb/v7-m/nofp\libc_nano.a(lib_a-printf.o)
                              build/ethernetif.o (printf)
c:/vsarm/armcc/10 2021.10/bin/../lib/gcc/arm-none-eabi/10.3.1/../../../../arm-none-eabi/lib/thumb/v7-m/nofp\libc_nano.a(lib_a-sprintf.o)
                              build/main.o (sprintf)
c:/vsarm/armcc/10 2021.10/bin/../lib/gcc/arm-none-eabi/10.3.1/../../../../arm-none-eabi/lib/thumb/v7-m/nofp\libc_nano.a(lib_a-strlen.o)
                              build/main.o (strlen)
c:/vsarm/armcc/10 2021.10/bin/../lib/gcc/arm-none-eabi/10.3.1/../../../../arm-none-eabi/lib/thumb/v7-m/nofp\libc_nano.a(lib_a-strncmp.o)
                              build/def.o (strncmp)
c:/vsarm/armcc/10 2021.10/bin/../lib/gcc/arm-none-eabi/10.3.1/../../../../arm-none-eabi/lib/thumb/v7-m/nofp\libc_nano.a(lib_a-findfp.o)
                              c:/vsarm/armcc/10 2021.10/bin/../lib/gcc/arm-none-eabi/10.3.1/../../../../arm-none-eabi/lib/thumb/v7-m/nofp\libc_nano.a(lib_a-printf.o) (__sinit)
c:/vsarm/armcc/10 2021.10/bin/../lib/gcc/arm-none-eabi/10.3.1/../../../../arm-none-eabi/lib/thumb/v7-m/nofp\libc_nano.a(lib_a-fwalk.o)
                              c:/vsarm/armcc/10 2021.10/bin/../lib/gcc/arm-none-eabi/10.3.1/../../../../arm-none-eabi/lib/thumb/v7-m/nofp\libc_nano.a(lib_a-findfp.o) (_fwalk)
c:/vsarm/armcc/10 2021.10/bin/../lib/gcc/arm-none-eabi/10.3.1/../../../../arm-none-eabi/lib/thumb/v7-m/nofp\libc_nano.a(lib_a-lock.o)
                              c:/vsarm/armcc/10 2021.10/bin/../lib/gcc/arm-none-eabi/10.3.1/../../../../arm-none-eabi/lib/thumb/v7-m/nofp\libc_nano.a(lib_a-findfp.o) (__retarget_lock_init_recursive)
c:/vsarm/armcc/10 2021.10/bin/../lib/gcc/arm-none-eabi/10.3.1/../../../../arm-none-eabi/lib/thumb/v7-m/nofp\libc_nano.a(lib_a-nano-mallocr.o)
                              c:/vsarm/armcc/10 2021.10/bin/../lib/gcc/arm-none-eabi/10.3.1/../../../../arm-none-eabi/lib/thumb/v7-m/nofp\libc_nano.a(lib_a-findfp.o) (_malloc_r)
c:/vsarm/armcc/10 2021.10/bin/../lib/gcc/arm-none-eabi/10.3.1/../../../../arm-none-eabi/lib/thumb/v7-m/nofp\libc_nano.a(lib_a-nano-svfprintf.o)
                              c:/vsarm/armcc/10 2021.10/bin/../lib/gcc/arm-none-eabi/10.3.1/../../../../arm-none-eabi/lib/thumb/v7-m/nofp\libc_nano.a(lib_a-sprintf.o) (_svfprintf_r)
c:/vsarm/armcc/10 2021.10/bin/../lib/gcc/arm-none-eabi/10.3.1/../../../../arm-none-eabi/lib/thumb/v7-m/nofp\libc_nano.a(lib_a-nano-vfprintf.o)
                              c:/vsarm/armcc/10 2021.10/bin/../lib/gcc/arm-none-eabi/10.3.1/../../../../arm-none-eabi/lib/thumb/v7-m/nofp\libc_nano.a(lib_a-printf.o) (_vfprintf_r)
c:/vsarm/armcc/10 2021.10/bin/../lib/gcc/arm-none-eabi/10.3.1/../../../../arm-none-eabi/lib/thumb/v7-m/nofp\libc_nano.a(lib_a-nano-vfprintf_i.o)
                              c:/vsarm/armcc/10 2021.10/bin/../lib/gcc/arm-none-eabi/10.3.1/../../../../arm-none-eabi/lib/thumb/v7-m/nofp\libc_nano.a(lib_a-nano-svfprintf.o) (_printf_i)
c:/vsarm/armcc/10 2021.10/bin/../lib/gcc/arm-none-eabi/10.3.1/../../../../arm-none-eabi/lib/thumb/v7-m/nofp\libc_nano.a(lib_a-sbrkr.o)
                              c:/vsarm/armcc/10 2021.10/bin/../lib/gcc/arm-none-eabi/10.3.1/../../../../arm-none-eabi/lib/thumb/v7-m/nofp\libc_nano.a(lib_a-nano-mallocr.o) (_sbrk_r)
[...]
Memory Configuration

Name             Origin             Length             Attributes
RAM              0x20000000         0x00020000         xrw
FLASH            0x08000000         0x00100000         xr
*default*        0x00000000         0xffffffff

Linker script and memory map

LOAD c:/vsarm/armcc/10 2021.10/bin/../lib/gcc/arm-none-eabi/10.3.1/thumb/v7-m/nofp/crti.o
LOAD c:/vsarm/armcc/10 2021.10/bin/../lib/gcc/arm-none-eabi/10.3.1/thumb/v7-m/nofp/crtbegin.o
LOAD c:/vsarm/armcc/10 2021.10/bin/../lib/gcc/arm-none-eabi/10.3.1/../../../../arm-none-eabi/lib/thumb/v7-m/nofp/crt0.o
LOAD build/main.o
LOAD build/telnet_server.o
LOAD build/freertos.o
LOAD build/stm32f2xx_it.o
LOAD build/stm32f2xx_hal_msp.o
LOAD build/stm32f2xx_hal_timebase_tim.o
LOAD build/ethernetif.o
LOAD build/lwip.o
LOAD build/stm32f2xx_hal_eth.o
LOAD build/stm32f2xx_hal.o
LOAD build/stm32f2xx_hal_rcc.o
LOAD build/stm32f2xx_hal_rcc_ex.o
LOAD build/stm32f2xx_hal_cortex.o
LOAD build/stm32f2xx_hal_flash.o
LOAD build/stm32f2xx_hal_flash_ex.o
LOAD build/stm32f2xx_hal_pwr.o
LOAD build/stm32f2xx_hal_pwr_ex.o
LOAD build/stm32f2xx_hal_gpio.o
LOAD build/stm32f2xx_hal_dma.o
LOAD build/stm32f2xx_hal_dma_ex.o
LOAD build/stm32f2xx_hal_exti.o
LOAD build/stm32f2xx_hal_tim.o
LOAD build/stm32f2xx_hal_tim_ex.o
LOAD build/stm32f2xx_hal_uart.o
LOAD build/system_stm32f2xx.o
LOAD build/croutine.o
LOAD build/event_groups.o
LOAD build/list.o
LOAD build/queue.o
LOAD build/stream_buffer.o
LOAD build/tasks.o
LOAD build/timers.o
LOAD build/cmsis_os2.o
LOAD build/heap_4.o
LOAD build/port.o
LOAD build/auth.o
LOAD build/ccp.o
LOAD build/chap_ms.o
LOAD build/chap-md5.o
LOAD build/chap-new.o
LOAD build/demand.o
LOAD build/eap.o
LOAD build/eui64.o
LOAD build/fsm.o
LOAD build/ipcp.o
LOAD build/ipv6cp.o
LOAD build/lcp.o
LOAD build/magic.o
LOAD build/mppe.o
LOAD build/multilink.o
LOAD build/ppp.o
LOAD build/pppapi.o
LOAD build/pppcrypt.o
LOAD build/pppoe.o
LOAD build/pppol2tp.o
LOAD build/pppos.o
LOAD build/upap.o
LOAD build/utils.o
LOAD build/vj.o
LOAD build/ethernet.o
LOAD build/slipif.o
LOAD build/lowpan6.o
LOAD build/ecp.o
LOAD build/api_lib.o
LOAD build/api_msg.o
LOAD build/err.o
LOAD build/netbuf.o
LOAD build/netdb.o
LOAD build/netifapi.o
LOAD build/sockets.o
LOAD build/tcpip.o
LOAD build/def.o
LOAD build/dns.o
LOAD build/inet_chksum.o
LOAD build/init.o
LOAD build/ip.o
LOAD build/mem.o
LOAD build/memp.o
LOAD build/netif.o
LOAD build/pbuf.o
LOAD build/raw.o
LOAD build/stats.o
LOAD build/sys.o
LOAD build/tcp.o
LOAD build/tcp_in.o
LOAD build/tcp_out.o
LOAD build/timeouts.o
LOAD build/udp.o
LOAD build/autoip.o
LOAD build/dhcp.o
LOAD build/etharp.o
LOAD build/icmp.o
LOAD build/igmp.o
LOAD build/ip4.o
LOAD build/ip4_addr.o
LOAD build/ip4_frag.o
LOAD build/dhcp6.o
LOAD build/ethip6.o
LOAD build/icmp6.o
LOAD build/inet6.o
LOAD build/ip6.o
LOAD build/ip6_addr.o
LOAD build/ip6_frag.o
LOAD build/mld6.o
LOAD build/nd6.o
LOAD build/sys_arch.o
LOAD build/mqtt.o
LOAD build/startup_stm32f207xx.o
LOAD c:/vsarm/armcc/10 2021.10/bin/../lib/gcc/arm-none-eabi/10.3.1/../../../../arm-none-eabi/lib/thumb/v7-m/nofp\libc_nano.a
LOAD c:/vsarm/armcc/10 2021.10/bin/../lib/gcc/arm-none-eabi/10.3.1/../../../../arm-none-eabi/lib/thumb/v7-m/nofp\libm.a
LOAD c:/vsarm/armcc/10 2021.10/bin/../lib/gcc/arm-none-eabi/10.3.1/../../../../arm-none-eabi/lib/thumb/v7-m/nofp\libnosys.a
START GROUP
LOAD c:/vsarm/armcc/10 2021.10/bin/../lib/gcc/arm-none-eabi/10.3.1/thumb/v7-m/nofp\libgcc.a
LOAD c:/vsarm/armcc/10 2021.10/bin/../lib/gcc/arm-none-eabi/10.3.1/../../../../arm-none-eabi/lib/thumb/v7-m/nofp\libc_nano.a
END GROUP
START GROUP
LOAD c:/vsarm/armcc/10 2021.10/bin/../lib/gcc/arm-none-eabi/10.3.1/thumb/v7-m/nofp\libgcc.a
LOAD c:/vsarm/armcc/10 2021.10/bin/../lib/gcc/arm-none-eabi/10.3.1/../../../../arm-none-eabi/lib/thumb/v7-m/nofp\libc_nano.a
END GROUP
LOAD c:/vsarm/armcc/10 2021.10/bin/../lib/gcc/arm-none-eabi/10.3.1/thumb/v7-m/nofp/crtend.o
LOAD c:/vsarm/armcc/10 2021.10/bin/../lib/gcc/arm-none-eabi/10.3.1/thumb/v7-m/nofp/crtn.o
                0x20020000                _estack = (ORIGIN (RAM) + LENGTH (RAM))
                0x00002000                _Min_Heap_Size = 0x2000
                0x00004000                _Min_Stack_Size = 0x4000

.isr_vector     0x08000000      0x184
                0x08000000                . = ALIGN (0x4)
 *(.isr_vector)
 .isr_vector    0x08000000      0x184 build/startup_stm32f207xx.o
                0x08000000                g_pfnVectors
                0x08000184                . = ALIGN (0x4)

.text           0x08000190    0x1613c
                0x08000190                . = ALIGN (0x4)
 *(.text)
 .text          0x08000190       0x40 c:/vsarm/armcc/10 2021.10/bin/../lib/gcc/arm-none-eabi/10.3.1/thumb/v7-m/nofp/crtbegin.o
 .text          0x080001d0       0x10 c:/vsarm/armcc/10 2021.10/bin/../lib/gcc/arm-none-eabi/10.3.1/../../../../arm-none-eabi/lib/thumb/v7-m/nofp\libc_nano.a(lib_a-strlen.o)
                0x080001d0                strlen
 .text          0x080001e0       0x30 c:/vsarm/armcc/10 2021.10/bin/../lib/gcc/arm-none-eabi/10.3.1/thumb/v7-m/nofp\libgcc.a(_aeabi_uldivmod.o)
                0x080001e0                __aeabi_uldivmod
 .text          0x08000210      0x2d4 c:/vsarm/armcc/10 2021.10/bin/../lib/gcc/arm-none-eabi/10.3.1/thumb/v7-m/nofp\libgcc.a(_udivmoddi4.o)
                0x08000210                __udivmoddi4
 .text          0x080004e4        0x4 c:/vsarm/armcc/10 2021.10/bin/../lib/gcc/arm-none-eabi/10.3.1/thumb/v7-m/nofp\libgcc.a(_dvmd_tls.o)
                0x080004e4                __aeabi_idiv0
                0x080004e4                __aeabi_ldiv0
 *(.text*)
 .text.TNreceiver_callback
                0x080004e8      0x190 build/main.o
 .text.TNcommand_callback
                0x08000678       0x16 build/main.o
 *fill*         0x0800068e        0x2 
 .text.main     0x08000690       0x3c build/main.o
                0x08000690                main
 .text.SystemClock_Config
                0x080006cc       0x8c build/main.o
                0x080006cc                SystemClock_Config
 .text.MX_USART3_UART_Init
                0x08000758       0x54 build/main.o
 .text.MX_GPIO_Init
                0x080007ac      0x118 build/main.o
 .text.StartDefaultTask
                0x080008c4       0x80 build/main.o
                0x080008c4                StartDefaultTask
 .text.HAL_TIM_PeriodElapsedCallback
                0x08000944       0x24 build/main.o
                0x08000944                HAL_TIM_PeriodElapsedCallback
 .text.Error_Handler
                0x08000968        0xa build/main.o
                0x08000968                Error_Handler
 *fill*         0x08000972        0x2 
 .text.telnet_create
                0x08000974       0xc8 build/telnet_server.o
                0x08000974                telnet_create
 .text.netconn_cb
                0x08000a3c       0x58 build/telnet_server.o
 .text.wrt_task
                0x08000a94      0x100 build/telnet_server.o
 .text.rcv_task
                0x08000b94       0x84 build/telnet_server.o
 .text.telnet_transmit
                0x08000c18       0xb8 build/telnet_server.o
                0x08000c18                telnet_transmit
 .text.process_incoming_bytes
                0x08000cd0      0x188 build/telnet_server.o
 .text.NMI_Handler
                0x08000e58        0x6 build/stm32f2xx_it.o
                0x08000e58                NMI_Handler
 .text.HardFault_Handler
                0x08000e5e        0x6 build/stm32f2xx_it.o
                0x08000e5e                HardFault_Handler
 .text.MemManage_Handler
                0x08000e64        0x6 build/stm32f2xx_it.o
                0x08000e64                MemManage_Handler
 .text.BusFault_Handler
                0x08000e6a        0x6 build/stm32f2xx_it.o
                0x08000e6a                BusFault_Handler
 .text.UsageFault_Handler
                0x08000e70        0x6 build/stm32f2xx_it.o
                0x08000e70                UsageFault_Handler
 .text.DebugMon_Handler
                0x08000e76        0xc build/stm32f2xx_it.o
                0x08000e76                DebugMon_Handler
 *fill*         0x08000e82        0x2 
 .text.TIM4_IRQHandler
                0x08000e84       0x14 build/stm32f2xx_it.o
                0x08000e84                TIM4_IRQHandler
 .text.USART3_IRQHandler
                0x08000e98       0x14 build/stm32f2xx_it.o
                0x08000e98                USART3_IRQHandler
 .text.ETH_IRQHandler
                0x08000eac       0x14 build/stm32f2xx_it.o
                0x08000eac                ETH_IRQHandler
 .text.HAL_MspInit
                0x08000ec0       0x58 build/stm32f2xx_hal_msp.o
                0x08000ec0                HAL_MspInit
 .text.HAL_UART_MspInit
                0x08000f18       0xa0 build/stm32f2xx_hal_msp.o
                0x08000f18                HAL_UART_MspInit
 .text.HAL_InitTick
                0x08000fb8       0xf8 build/stm32f2xx_hal_timebase_tim.o
                0x08000fb8                HAL_InitTick
 .text.HAL_ETH_MspInit
                0x080010b0      0x19c build/ethernetif.o
                0x080010b0                HAL_ETH_MspInit
 .text.HAL_ETH_RxCpltCallback
                0x0800124c       0x20 build/ethernetif.o
                0x0800124c                HAL_ETH_RxCpltCallback
 .text.low_level_init
                0x0800126c      0x1a8 build/ethernetif.o
 .text.low_level_output
                0x08001414      0x13c build/ethernetif.o
 .text.low_level_input
                0x08001550      0x164 build/ethernetif.o
 .text.ethernetif_input
                0x080016b4       0x60 build/ethernetif.o
                0x080016b4                ethernetif_input
 .text.ethernetif_init
                0x08001714       0x5c build/ethernetif.o
                0x08001714                ethernetif_init
 .text.sys_now  0x08001770        0xe build/ethernetif.o
                0x08001770                sys_now
 *fill*         0x0800177e        0x2 
 .text.ethernetif_set_link
                0x08001780       0x78 build/ethernetif.o
                0x08001780                ethernetif_set_link
 .text.ethernetif_update_config
                0x080017f8       0xf8 build/ethernetif.o
                0x080017f8                ethernetif_update_config
 .text.ethernetif_notify_conn_changed
                0x080018f0       0x12 build/ethernetif.o
                0x080018f0                ethernetif_notify_conn_changed
 *fill*         0x08001902        0x2 
 .text.MX_LWIP_Init
                0x08001904      0x2c4 build/lwip.o
                0x08001904                MX_LWIP_Init
 .text.HAL_ETH_Init
                0x08001bc8      0x318 build/stm32f2xx_hal_eth.o
                0x08001bc8                HAL_ETH_Init
 .text.HAL_ETH_DMATxDescListInit
                0x08001ee0       0xce build/stm32f2xx_hal_eth.o
                0x08001ee0                HAL_ETH_DMATxDescListInit
 .text.HAL_ETH_DMARxDescListInit
                0x08001fae       0xd6 build/stm32f2xx_hal_eth.o
                0x08001fae                HAL_ETH_DMARxDescListInit
 .text.HAL_ETH_TransmitFrame
                0x08002084      0x1d0 build/stm32f2xx_hal_eth.o
                0x08002084                HAL_ETH_TransmitFrame
 .text.HAL_ETH_GetReceivedFrame_IT
                0x08002254      0x10e build/stm32f2xx_hal_eth.o
                0x08002254                HAL_ETH_GetReceivedFrame_IT
 .text.HAL_ETH_IRQHandler
                0x08002362       0xc8 build/stm32f2xx_hal_eth.o
                0x08002362                HAL_ETH_IRQHandler
 .text.HAL_ETH_TxCpltCallback
                0x0800242a       0x12 build/stm32f2xx_hal_eth.o
                0x0800242a                HAL_ETH_TxCpltCallback
 .text.HAL_ETH_ErrorCallback
                0x0800243c       0x12 build/stm32f2xx_hal_eth.o
                0x0800243c                HAL_ETH_ErrorCallback
 .text.HAL_ETH_ReadPHYRegister
                0x0800244e       0xd0 build/stm32f2xx_hal_eth.o
                0x0800244e                HAL_ETH_ReadPHYRegister
 .text.HAL_ETH_WritePHYRegister
                0x0800251e       0xcc build/stm32f2xx_hal_eth.o
                0x0800251e                HAL_ETH_WritePHYRegister
 .text.HAL_ETH_Start
                0x080025ea       0x5e build/stm32f2xx_hal_eth.o
                0x080025ea                HAL_ETH_Start
 .text.HAL_ETH_Stop
                0x08002648       0x5e build/stm32f2xx_hal_eth.o
                0x08002648                HAL_ETH_Stop
 *fill*         0x080026a6        0x2 
 .text.HAL_ETH_ConfigMAC
                0x080026a8      0x1f4 build/stm32f2xx_hal_eth.o
                0x080026a8                HAL_ETH_ConfigMAC
 .text.ETH_MACDMAConfig
                0x0800289c      0x38c build/stm32f2xx_hal_eth.o
 .text.ETH_MACAddressConfig
                0x08002c28       0x6c build/stm32f2xx_hal_eth.o
 .text.ETH_MACTransmissionEnable
                0x08002c94       0x3a build/stm32f2xx_hal_eth.o
 .text.ETH_MACTransmissionDisable
                0x08002cce       0x3a build/stm32f2xx_hal_eth.o
 .text.ETH_MACReceptionEnable
                0x08002d08       0x3a build/stm32f2xx_hal_eth.o
 .text.ETH_MACReceptionDisable
                0x08002d42       0x3a build/stm32f2xx_hal_eth.o
 .text.ETH_DMATransmissionEnable
                0x08002d7c       0x2a build/stm32f2xx_hal_eth.o
 .text.ETH_DMATransmissionDisable
                0x08002da6       0x2a build/stm32f2xx_hal_eth.o
 .text.ETH_DMAReceptionEnable
                0x08002dd0       0x2a build/stm32f2xx_hal_eth.o
 .text.ETH_DMAReceptionDisable
                0x08002dfa       0x2a build/stm32f2xx_hal_eth.o
 .text.ETH_FlushTransmitFIFO
                0x08002e24       0x4a build/stm32f2xx_hal_eth.o
 *fill*         0x08002e6e        0x2 
 .text.ETH_Delay
                0x08002e70       0x3c build/stm32f2xx_hal_eth.o
 .text.HAL_Init
                0x08002eac       0x44 build/stm32f2xx_hal.o
                0x08002eac                HAL_Init
 .text.HAL_IncTick
                0x08002ef0       0x24 build/stm32f2xx_hal.o
                0x08002ef0                HAL_IncTick
 .text.HAL_GetTick
                0x08002f14       0x14 build/stm32f2xx_hal.o
                0x08002f14                HAL_GetTick
 .text.HAL_Delay
                0x08002f28       0x48 build/stm32f2xx_hal.o
                0x08002f28                HAL_Delay
 .text.HAL_RCC_OscConfig
                0x08002f70      0x49c build/stm32f2xx_hal_rcc.o
                0x08002f70                HAL_RCC_OscConfig
 .text.HAL_RCC_ClockConfig
                0x0800340c      0x1d8 build/stm32f2xx_hal_rcc.o
                0x0800340c                HAL_RCC_ClockConfig
 .text.HAL_RCC_GetSysClockFreq
                0x080035e4      0x218 build/stm32f2xx_hal_rcc.o
                0x080035e4                HAL_RCC_GetSysClockFreq
 .text.HAL_RCC_GetHCLKFreq
                0x080037fc       0x14 build/stm32f2xx_hal_rcc.o
                0x080037fc                HAL_RCC_GetHCLKFreq
 .text.HAL_RCC_GetPCLK1Freq
                0x08003810       0x44 build/stm32f2xx_hal_rcc.o
                0x08003810                HAL_RCC_GetPCLK1Freq
 .text.HAL_RCC_GetPCLK2Freq
                0x08003854       0x44 build/stm32f2xx_hal_rcc.o
                0x08003854                HAL_RCC_GetPCLK2Freq
 .text.HAL_RCC_GetClockConfig
                0x08003898       0x60 build/stm32f2xx_hal_rcc.o
                0x08003898                HAL_RCC_GetClockConfig
 .text.__NVIC_SetPriorityGrouping
                0x080038f8       0x48 build/stm32f2xx_hal_cortex.o
 .text.__NVIC_GetPriorityGrouping
                0x08003940       0x1c build/stm32f2xx_hal_cortex.o
 .text.__NVIC_EnableIRQ
                0x0800395c       0x38 build/stm32f2xx_hal_cortex.o
 .text.__NVIC_SetPriority
                0x08003994       0x54 build/stm32f2xx_hal_cortex.o
 .text.NVIC_EncodePriority
                0x080039e8       0x64 build/stm32f2xx_hal_cortex.o
 .text.HAL_NVIC_SetPriorityGrouping
                0x08003a4c       0x16 build/stm32f2xx_hal_cortex.o
                0x08003a4c                HAL_NVIC_SetPriorityGrouping
 .text.HAL_NVIC_SetPriority
                0x08003a62       0x38 build/stm32f2xx_hal_cortex.o
                0x08003a62                HAL_NVIC_SetPriority
 .text.HAL_NVIC_EnableIRQ
                0x08003a9a       0x1c build/stm32f2xx_hal_cortex.o
                0x08003a9a                HAL_NVIC_EnableIRQ
 *fill*         0x08003ab6        0x2 
 .text.HAL_GPIO_Init
                0x08003ab8      0x33c build/stm32f2xx_hal_gpio.o
                0x08003ab8                HAL_GPIO_Init
 .text.HAL_GPIO_WritePin
                0x08003df4       0x30 build/stm32f2xx_hal_gpio.o
                0x08003df4                HAL_GPIO_WritePin
 .text.HAL_GPIO_TogglePin
                0x08003e24       0x32 build/stm32f2xx_hal_gpio.o
                0x08003e24                HAL_GPIO_TogglePin
 .text.HAL_DMA_Abort
                0x08003e56       0xe0 build/stm32f2xx_hal_dma.o
                0x08003e56                HAL_DMA_Abort
 .text.HAL_DMA_Abort_IT
                0x08003f36       0x42 build/stm32f2xx_hal_dma.o
                0x08003f36                HAL_DMA_Abort_IT
 .text.HAL_TIM_Base_Init
                0x08003f78       0x9e build/stm32f2xx_hal_tim.o
                0x08003f78                HAL_TIM_Base_Init
 .text.HAL_TIM_Base_MspInit
                0x08004016       0x12 build/stm32f2xx_hal_tim.o
                0x08004016                HAL_TIM_Base_MspInit
 .text.HAL_TIM_Base_Start_IT
                0x08004028       0xdc build/stm32f2xx_hal_tim.o
                0x08004028                HAL_TIM_Base_Start_IT
 .text.HAL_TIM_IRQHandler
                0x08004104      0x210 build/stm32f2xx_hal_tim.o
                0x08004104                HAL_TIM_IRQHandler
 .text.HAL_TIM_OC_DelayElapsedCallback
                0x08004314       0x12 build/stm32f2xx_hal_tim.o
                0x08004314                HAL_TIM_OC_DelayElapsedCallback
 .text.HAL_TIM_IC_CaptureCallback
                0x08004326       0x12 build/stm32f2xx_hal_tim.o
                0x08004326                HAL_TIM_IC_CaptureCallback
 .text.HAL_TIM_PWM_PulseFinishedCallback
                0x08004338       0x12 build/stm32f2xx_hal_tim.o
                0x08004338                HAL_TIM_PWM_PulseFinishedCallback
 .text.HAL_TIM_TriggerCallback
                0x0800434a       0x12 build/stm32f2xx_hal_tim.o
                0x0800434a                HAL_TIM_TriggerCallback
 .text.TIM_Base_SetConfig
                0x0800435c      0x13c build/stm32f2xx_hal_tim.o
                0x0800435c                TIM_Base_SetConfig
 .text.HAL_TIMEx_CommutCallback
                0x08004498       0x12 build/stm32f2xx_hal_tim_ex.o
                0x08004498                HAL_TIMEx_CommutCallback
 .text.HAL_TIMEx_BreakCallback
                0x080044aa       0x12 build/stm32f2xx_hal_tim_ex.o
                0x080044aa                HAL_TIMEx_BreakCallback
 .text.HAL_UART_Init
                0x080044bc       0x9a build/stm32f2xx_hal_uart.o
                0x080044bc                HAL_UART_Init
 .text.HAL_UART_Transmit
                0x08004556      0x124 build/stm32f2xx_hal_uart.o
                0x08004556                HAL_UART_Transmit
 *fill*         0x0800467a        0x2 
 .text.HAL_UART_IRQHandler
                0x0800467c      0x358 build/stm32f2xx_hal_uart.o
                0x0800467c                HAL_UART_IRQHandler
 .text.HAL_UART_TxCpltCallback
                0x080049d4       0x12 build/stm32f2xx_hal_uart.o
                0x080049d4                HAL_UART_TxCpltCallback
 .text.HAL_UART_RxCpltCallback
                0x080049e6       0x12 build/stm32f2xx_hal_uart.o
                0x080049e6                HAL_UART_RxCpltCallback
 .text.HAL_UART_ErrorCallback
                0x080049f8       0x12 build/stm32f2xx_hal_uart.o
                0x080049f8                HAL_UART_ErrorCallback
 .text.HAL_UARTEx_RxEventCallback
                0x08004a0a       0x16 build/stm32f2xx_hal_uart.o
                0x08004a0a                HAL_UARTEx_RxEventCallback
 .text.UART_WaitOnFlagUntilTimeout
                0x08004a20       0x94 build/stm32f2xx_hal_uart.o
 .text.UART_EndRxTransfer
                0x08004ab4       0x58 build/stm32f2xx_hal_uart.o
 .text.UART_DMAAbortOnError
                0x08004b0c       0x28 build/stm32f2xx_hal_uart.o
 .text.UART_Transmit_IT
                0x08004b34       0x9e build/stm32f2xx_hal_uart.o
 .text.UART_EndTransmit_IT
                0x08004bd2       0x30 build/stm32f2xx_hal_uart.o
 .text.UART_Receive_IT
                0x08004c02      0x152 build/stm32f2xx_hal_uart.o
 .text.UART_SetConfig
                0x08004d54      0x1d4 build/stm32f2xx_hal_uart.o
 .text.SystemInit
                0x08004f28        0xc build/system_stm32f2xx.o
                0x08004f28                SystemInit
 .text.vListInitialise
                0x08004f34       0x3e build/list.o
                0x08004f34                vListInitialise
 .text.vListInitialiseItem
                0x08004f72       0x18 build/list.o
                0x08004f72                vListInitialiseItem
 .text.vListInsertEnd
                0x08004f8a       0x46 build/list.o
                0x08004f8a                vListInsertEnd
 .text.vListInsert
                0x08004fd0       0x70 build/list.o
                0x08004fd0                vListInsert
 .text.uxListRemove
                0x08005040       0x52 build/list.o
                0x08005040                uxListRemove
 *fill*         0x08005092        0x2 
 .text.xQueueGenericReset
                0x08005094       0xd0 build/queue.o
                0x08005094                xQueueGenericReset
 .text.xQueueGenericCreateStatic
                0x08005164       0xee build/queue.o
                0x08005164                xQueueGenericCreateStatic
 .text.xQueueGenericCreate
                0x08005252       0x7c build/queue.o
                0x08005252                xQueueGenericCreate
 .text.prvInitialiseNewQueue
                0x080052ce       0x46 build/queue.o
 .text.prvInitialiseMutex
                0x08005314       0x34 build/queue.o
 .text.xQueueCreateMutex
                0x08005348       0x30 build/queue.o
                0x08005348                xQueueCreateMutex
 .text.xQueueCreateMutexStatic
                0x08005378       0x36 build/queue.o
                0x08005378                xQueueCreateMutexStatic
 .text.xQueueGiveMutexRecursive
                0x080053ae       0x68 build/queue.o
                0x080053ae                xQueueGiveMutexRecursive
 .text.xQueueTakeMutexRecursive
                0x08005416       0x6c build/queue.o
                0x08005416                xQueueTakeMutexRecursive
 .text.xQueueCreateCountingSemaphoreStatic
                0x08005482       0x6e build/queue.o
                0x08005482                xQueueCreateCountingSemaphoreStatic
 .text.xQueueCreateCountingSemaphore
                0x080054f0       0x66 build/queue.o
                0x080054f0                xQueueCreateCountingSemaphore
 *fill*         0x08005556        0x2 
 .text.xQueueGenericSend
                0x08005558      0x1fc build/queue.o
                0x08005558                xQueueGenericSend
 .text.xQueueGenericSendFromISR
                0x08005754      0x130 build/queue.o
                0x08005754                xQueueGenericSendFromISR
 .text.xQueueGiveFromISR
                0x08005884      0x11a build/queue.o
                0x08005884                xQueueGiveFromISR
 *fill*         0x0800599e        0x2 
 .text.xQueueReceive
                0x080059a0      0x1c0 build/queue.o
                0x080059a0                xQueueReceive
 .text.xQueueSemaphoreTake
                0x08005b60      0x218 build/queue.o
                0x08005b60                xQueueSemaphoreTake
 .text.xQueueReceiveFromISR
                0x08005d78      0x100 build/queue.o
                0x08005d78                xQueueReceiveFromISR
 .text.uxQueueMessagesWaiting
                0x08005e78       0x3c build/queue.o
                0x08005e78                uxQueueMessagesWaiting
 .text.uxQueueMessagesWaitingFromISR
                0x08005eb4       0x36 build/queue.o
                0x08005eb4                uxQueueMessagesWaitingFromISR
 .text.vQueueDelete
                0x08005eea       0x46 build/queue.o
                0x08005eea                vQueueDelete
 .text.prvGetDisinheritPriorityAfterTimeout
                0x08005f30       0x2e build/queue.o
 .text.prvCopyDataToQueue
                0x08005f5e       0xd4 build/queue.o
 .text.prvCopyDataFromQueue
                0x08006032       0x4c build/queue.o
 .text.prvUnlockQueue
                0x0800607e       0xa4 build/queue.o
 .text.prvIsQueueEmpty
                0x08006122       0x2c build/queue.o
 .text.prvIsQueueFull
                0x0800614e       0x30 build/queue.o
 *fill*         0x0800617e        0x2 
 .text.vQueueAddToRegistry
                0x08006180       0x50 build/queue.o
                0x08006180                vQueueAddToRegistry
 .text.vQueueUnregisterQueue
                0x080061d0       0x54 build/queue.o
                0x080061d0                vQueueUnregisterQueue
 .text.vQueueWaitForMessageRestricted
                0x08006224       0x68 build/queue.o
                0x08006224                vQueueWaitForMessageRestricted
 .text.xTaskCreateStatic
                0x0800628c       0xb8 build/tasks.o
                0x0800628c                xTaskCreateStatic
 .text.xTaskCreate
                0x08006344       0x8a build/tasks.o
                0x08006344                xTaskCreate
 .text.prvInitialiseNewTask
                0x080063ce      0x10e build/tasks.o
 .text.prvAddNewTaskToReadyList
                0x080064dc       0xe0 build/tasks.o
 .text.vTaskDelay
                0x080065bc       0x68 build/tasks.o
                0x080065bc                vTaskDelay
 .text.vTaskStartScheduler
                0x08006624       0xcc build/tasks.o
                0x08006624                vTaskStartScheduler
 .text.vTaskSuspendAll
                0x080066f0       0x1c build/tasks.o
                0x080066f0                vTaskSuspendAll
 .text.xTaskResumeAll
                0x0800670c      0x13c build/tasks.o
                0x0800670c                xTaskResumeAll
 .text.xTaskGetTickCount
                0x08006848       0x1c build/tasks.o
                0x08006848                xTaskGetTickCount
 .text.xTaskGetTickCountFromISR
                0x08006864       0x24 build/tasks.o
                0x08006864                xTaskGetTickCountFromISR
 .text.xTaskIncrementTick
                0x08006888      0x17c build/tasks.o
                0x08006888                xTaskIncrementTick
 .text.vTaskSwitchContext
                0x08006a04       0xb8 build/tasks.o
                0x08006a04                vTaskSwitchContext
 .text.vTaskPlaceOnEventList
                0x08006abc       0x48 build/tasks.o
                0x08006abc                vTaskPlaceOnEventList
 .text.vTaskPlaceOnEventListRestricted
                0x08006b04       0x58 build/tasks.o
                0x08006b04                vTaskPlaceOnEventListRestricted
 .text.xTaskRemoveFromEventList
                0x08006b5c       0xc8 build/tasks.o
                0x08006b5c                xTaskRemoveFromEventList
 .text.vTaskInternalSetTimeOutState
                0x08006c24       0x2c build/tasks.o
                0x08006c24                vTaskInternalSetTimeOutState
 .text.xTaskCheckForTimeOut
                0x08006c50       0xc4 build/tasks.o
                0x08006c50                xTaskCheckForTimeOut
 .text.vTaskMissedYield
                0x08006d14       0x18 build/tasks.o
                0x08006d14                vTaskMissedYield
 .text.prvIdleTask
                0x08006d2c       0x30 build/tasks.o
 .text.prvInitialiseTaskLists
                0x08006d5c       0x80 build/tasks.o
 .text.prvCheckTasksWaitingTermination
                0x08006ddc       0x5c build/tasks.o
 .text.prvDeleteTCB
                0x08006e38       0x5e build/tasks.o
 *fill*         0x08006e96        0x2 
 .text.prvResetNextTaskUnblockTime
                0x08006e98       0x48 build/tasks.o
 .text.xTaskGetCurrentTaskHandle
                0x08006ee0       0x1c build/tasks.o
                0x08006ee0                xTaskGetCurrentTaskHandle
 .text.xTaskGetSchedulerState
                0x08006efc       0x3c build/tasks.o
                0x08006efc                xTaskGetSchedulerState
 .text.xTaskPriorityInherit
                0x08006f38       0xdc build/tasks.o
                0x08006f38                xTaskPriorityInherit
 .text.xTaskPriorityDisinherit
                0x08007014       0xdc build/tasks.o
                0x08007014                xTaskPriorityDisinherit
 .text.vTaskPriorityDisinheritAfterTimeout
                0x080070f0      0x10c build/tasks.o
                0x080070f0                vTaskPriorityDisinheritAfterTimeout
 .text.pvTaskIncrementMutexHeldCount
                0x080071fc       0x28 build/tasks.o
                0x080071fc                pvTaskIncrementMutexHeldCount
 .text.prvAddCurrentTaskToDelayedList
                0x08007224       0xa8 build/tasks.o
 .text.xTimerCreateTimerTask
                0x080072cc       0x90 build/timers.o
                0x080072cc                xTimerCreateTimerTask
 .text.xTimerGenericCommand
                0x0800735c       0x9c build/timers.o
                0x0800735c                xTimerGenericCommand
 .text.prvProcessExpiredTimer
                0x080073f8       0x80 build/timers.o
 .text.prvTimerTask
                0x08007478       0x24 build/timers.o
 .text.prvProcessTimerOrBlockTask
                0x0800749c       0x9c build/timers.o
 .text.prvGetNextExpireTime
                0x08007538       0x48 build/timers.o
 .text.prvSampleTimeNow
                0x08007580       0x40 build/timers.o
 .text.prvInsertTimerInActiveList
                0x080075c0       0x84 build/timers.o
 .text.prvProcessReceivedCommands
                0x08007644      0x168 build/timers.o
 .text.prvSwitchTimerLists
                0x080077ac       0xc4 build/timers.o
 .text.prvCheckForValidListAndQueue
                0x08007870       0x80 build/timers.o
 .text.osKernelInitialize
                0x080078f0       0x64 build/cmsis_os2.o
                0x080078f0                osKernelInitialize
 .text.osKernelStart
                0x08007954       0x68 build/cmsis_os2.o
                0x08007954                osKernelStart
 .text.osKernelGetTickCount
                0x080079bc       0x50 build/cmsis_os2.o
                0x080079bc                osKernelGetTickCount
 .text.osThreadNew
                0x08007a0c      0x154 build/cmsis_os2.o
                0x08007a0c                osThreadNew
 .text.osDelay  0x08007b60       0x5c build/cmsis_os2.o
                0x08007b60                osDelay
 .text.osMutexNew
                0x08007bbc      0x134 build/cmsis_os2.o
                0x08007bbc                osMutexNew
 .text.osMutexAcquire
                0x08007cf0       0xbc build/cmsis_os2.o
                0x08007cf0                osMutexAcquire
 .text.osMutexRelease
                0x08007dac       0xa0 build/cmsis_os2.o
                0x08007dac                osMutexRelease
 .text.osSemaphoreNew
                0x08007e4c      0x138 build/cmsis_os2.o
                0x08007e4c                osSemaphoreNew
 .text.osSemaphoreAcquire
                0x08007f84       0xcc build/cmsis_os2.o
                0x08007f84                osSemaphoreAcquire
 .text.osSemaphoreRelease
                0x08008050       0xb0 build/cmsis_os2.o
                0x08008050                osSemaphoreRelease
 .text.osSemaphoreDelete
                0x08008100       0x6c build/cmsis_os2.o
                0x08008100                osSemaphoreDelete
 .text.osMessageQueueNew
                0x0800816c      0x10c build/cmsis_os2.o
                0x0800816c                osMessageQueueNew
 .text.osMessageQueuePut
                0x08008278       0xe8 build/cmsis_os2.o
                0x08008278                osMessageQueuePut
 .text.osMessageQueueGet
                0x08008360       0xe4 build/cmsis_os2.o
                0x08008360                osMessageQueueGet
 .text.osMessageQueueGetCount
                0x08008444       0x64 build/cmsis_os2.o
                0x08008444                osMessageQueueGetCount
 .text.osMessageQueueDelete
                0x080084a8       0x6c build/cmsis_os2.o
                0x080084a8                osMessageQueueDelete
 .text.vApplicationGetIdleTaskMemory
                0x08008514       0x30 build/cmsis_os2.o
                0x08008514                vApplicationGetIdleTaskMemory
 .text.vApplicationGetTimerTaskMemory
                0x08008544       0x34 build/cmsis_os2.o
                0x08008544                vApplicationGetTimerTaskMemory
 .text.pvPortMalloc
                0x08008578      0x188 build/heap_4.o
                0x08008578                pvPortMalloc
 .text.vPortFree
                0x08008700       0xb4 build/heap_4.o
                0x08008700                vPortFree
 .text.prvHeapInit
                0x080087b4       0xc4 build/heap_4.o
 .text.prvInsertBlockIntoFreeList
                0x08008878       0xb0 build/heap_4.o
 .text.pxPortInitialiseStack
                0x08008928       0x58 build/port.o
                0x08008928                pxPortInitialiseStack
 .text.prvTaskExitError
                0x08008980       0x58 build/port.o
 *fill*         0x080089d8        0x8 
 .text.SVC_Handler
                0x080089e0       0x28 build/port.o
                0x080089e0                SVC_Handler
 .text.prvPortStartFirstTask
                0x08008a08       0x20 build/port.o
 .text.xPortStartScheduler
                0x08008a28       0xe4 build/port.o
                0x08008a28                xPortStartScheduler
 .text.vPortEnterCritical
                0x08008b0c       0x60 build/port.o
                0x08008b0c                vPortEnterCritical
 .text.vPortExitCritical
                0x08008b6c       0x50 build/port.o
                0x08008b6c                vPortExitCritical
 *fill*         0x08008bbc        0x4 
 .text.PendSV_Handler
                0x08008bc0       0x48 build/port.o
                0x08008bc0                PendSV_Handler
 .text.SysTick_Handler
                0x08008c08       0x44 build/port.o
                0x08008c08                SysTick_Handler
 .text.vPortSetupTimerInterrupt
                0x08008c4c       0x44 build/port.o
                0x08008c4c                vPortSetupTimerInterrupt
 .text.vPortValidateInterruptPriority
                0x08008c90       0x7c build/port.o
                0x08008c90                vPortValidateInterruptPriority
 .text.ethernet_input
                0x08008d0c      0x12c build/ethernet.o
                0x08008d0c                ethernet_input
 .text.ethernet_output
                0x08008e38       0x90 build/ethernet.o
                0x08008e38                ethernet_output
 .text.netconn_apimsg
                0x08008ec8       0x3a build/api_lib.o
 *fill*         0x08008f02        0x2 
 .text.netconn_new_with_proto_and_callback
                0x08008f04       0xf4 build/api_lib.o
                0x08008f04                netconn_new_with_proto_and_callback
 .text.netconn_delete
                0x08008ff8       0x4c build/api_lib.o
                0x08008ff8                netconn_delete
 .text.netconn_bind
                0x08009044       0x70 build/api_lib.o
                0x08009044                netconn_bind
 .text.netconn_listen_with_backlog
                0x080090b4       0x58 build/api_lib.o
                0x080090b4                netconn_listen_with_backlog
 .text.netconn_accept
                0x0800910c       0xf8 build/api_lib.o
                0x0800910c                netconn_accept
 .text.netconn_recv_data
                0x08009204      0x1a4 build/api_lib.o
 .text.netconn_recv
                0x080093a8       0xf0 build/api_lib.o
                0x080093a8                netconn_recv
 .text.netconn_write_partly
                0x08009498       0xf0 build/api_lib.o
                0x08009498                netconn_write_partly
 .text.netconn_close_shutdown
                0x08009588       0x60 build/api_lib.o
 .text.netconn_close
                0x080095e8       0x1a build/api_lib.o
                0x080095e8                netconn_close
 *fill*         0x08009602        0x2 
 .text.recv_udp
                0x08009604       0xfc build/api_msg.o
 .text.recv_tcp
                0x08009700      0x110 build/api_msg.o
 .text.poll_tcp
                0x08009810       0xc8 build/api_msg.o
 .text.sent_tcp
                0x080098d8       0xa8 build/api_msg.o
 .text.err_tcp  0x08009980      0x1e0 build/api_msg.o
 .text.setup_tcp
                0x08009b60       0x50 build/api_msg.o
 .text.accept_function
                0x08009bb0      0x148 build/api_msg.o
 .text.pcb_new  0x08009cf8       0xd4 build/api_msg.o
 .text.lwip_netconn_do_newconn
                0x08009dcc       0x58 build/api_msg.o
                0x08009dcc                lwip_netconn_do_newconn
 .text.netconn_alloc
                0x08009e24       0xe0 build/api_msg.o
                0x08009e24                netconn_alloc
 .text.netconn_free
                0x08009f04       0x94 build/api_msg.o
                0x08009f04                netconn_free
 .text.netconn_drain
                0x08009f98      0x100 build/api_msg.o
 .text.lwip_netconn_do_close_internal
                0x0800a098      0x2f8 build/api_msg.o
 .text.lwip_netconn_do_delconn
                0x0800a390      0x204 build/api_msg.o
                0x0800a390                lwip_netconn_do_delconn
 .text.lwip_netconn_do_bind
                0x0800a594       0xc2 build/api_msg.o
                0x0800a594                lwip_netconn_do_bind
 *fill*         0x0800a656        0x2 
 .text.lwip_netconn_do_listen
                0x0800a658      0x184 build/api_msg.o
                0x0800a658                lwip_netconn_do_listen
 .text.lwip_netconn_do_recv
                0x0800a7dc       0x98 build/api_msg.o
                0x0800a7dc                lwip_netconn_do_recv
 .text.lwip_netconn_do_writemore
                0x0800a874      0x348 build/api_msg.o
 .text.lwip_netconn_do_write
                0x0800abbc      0x160 build/api_msg.o
                0x0800abbc                lwip_netconn_do_write
 .text.lwip_netconn_do_close
                0x0800ad1c      0x150 build/api_msg.o
                0x0800ad1c                lwip_netconn_do_close
 .text.netbuf_delete
                0x0800ae6c       0x3e build/netbuf.o
                0x0800ae6c                netbuf_delete
 *fill*         0x0800aeaa        0x2 
 .text.netbuf_data
                0x0800aeac       0x94 build/netbuf.o
                0x0800aeac                netbuf_data
 .text.netbuf_next
                0x0800af40       0x60 build/netbuf.o
                0x0800af40                netbuf_next
 .text.tcpip_thread
                0x0800afa0       0xd4 build/tcpip.o
 .text.tcpip_inpkt
                0x0800b074       0x88 build/tcpip.o
                0x0800b074                tcpip_inpkt
 .text.tcpip_input
                0x0800b0fc       0x44 build/tcpip.o
                0x0800b0fc                tcpip_input
 .text.tcpip_callback_with_block
                0x0800b140       0x94 build/tcpip.o
                0x0800b140                tcpip_callback_with_block
 .text.tcpip_send_msg_wait_sem
                0x0800b1d4       0x2c build/tcpip.o
                0x0800b1d4                tcpip_send_msg_wait_sem
 .text.tcpip_init
                0x0800b200       0x94 build/tcpip.o
                0x0800b200                tcpip_init
 .text.lwip_htons
                0x0800b294       0x1a build/def.o
                0x0800b294                lwip_htons
 .text.lwip_htonl
                0x0800b2ae       0x30 build/def.o
                0x0800b2ae                lwip_htonl
 .text.lwip_init
                0x0800b2de       0x2e build/init.o
                0x0800b2de                lwip_init
 .text.plug_holes
                0x0800b30c      0x130 build/mem.o
 .text.mem_init
                0x0800b43c       0xa0 build/mem.o
                0x0800b43c                mem_init
 .text.mem_free
                0x0800b4dc       0xdc build/mem.o
                0x0800b4dc                mem_free
 .text.mem_trim
                0x0800b5b8      0x1d4 build/mem.o
                0x0800b5b8                mem_trim
 .text.mem_malloc
                0x0800b78c      0x1e8 build/mem.o
                0x0800b78c                mem_malloc
 .text.memp_init_pool
                0x0800b974       0x5e build/memp.o
                0x0800b974                memp_init_pool
 *fill*         0x0800b9d2        0x2 
 .text.memp_init
                0x0800b9d4       0x34 build/memp.o
                0x0800b9d4                memp_init
 .text.do_memp_malloc_pool
                0x0800ba08       0x64 build/memp.o
 .text.memp_malloc
                0x0800ba6c       0x4c build/memp.o
                0x0800ba6c                memp_malloc
 .text.do_memp_free_pool
                0x0800bab8       0x58 build/memp.o
 .text.memp_free
                0x0800bb10       0x54 build/memp.o
                0x0800bb10                memp_free
 .text.netif_init
                0x0800bb64        0xc build/netif.o
                0x0800bb64                netif_init
 .text.netif_add
                0x0800bb70       0xb0 build/netif.o
                0x0800bb70                netif_add
 .text.netif_set_addr
                0x0800bc20       0x58 build/netif.o
                0x0800bc20                netif_set_addr
 .text.netif_set_ipaddr
                0x0800bc78       0x70 build/netif.o
                0x0800bc78                netif_set_ipaddr
 .text.netif_set_gw
                0x0800bce8       0x26 build/netif.o
                0x0800bce8                netif_set_gw
 .text.netif_set_netmask
                0x0800bd0e       0x26 build/netif.o
                0x0800bd0e                netif_set_netmask
 .text.netif_set_default
                0x0800bd34       0x1c build/netif.o
                0x0800bd34                netif_set_default
 .text.netif_set_up
                0x0800bd50       0x46 build/netif.o
                0x0800bd50                netif_set_up
 .text.netif_issue_reports
                0x0800bd96       0x42 build/netif.o
 .text.netif_set_down
                0x0800bdd8       0x44 build/netif.o
                0x0800bdd8                netif_set_down
 .text.netif_set_link_up
                0x0800be1c       0x56 build/netif.o
                0x0800be1c                netif_set_link_up
 .text.netif_set_link_down
                0x0800be72       0x40 build/netif.o
                0x0800be72                netif_set_link_down
 .text.netif_set_link_callback
                0x0800beb2       0x20 build/netif.o
                0x0800beb2                netif_set_link_callback
 *fill*         0x0800bed2        0x2 
 .text.pbuf_free_ooseq
                0x0800bed4       0x54 build/pbuf.o
 .text.pbuf_free_ooseq_callback
                0x0800bf28       0x14 build/pbuf.o
 .text.pbuf_pool_is_empty
                0x0800bf3c       0x58 build/pbuf.o
 .text.pbuf_alloc
                0x0800bf94      0x334 build/pbuf.o
                0x0800bf94                pbuf_alloc
 .text.pbuf_alloced_custom
                0x0800c2c8       0xd4 build/pbuf.o
                0x0800c2c8                pbuf_alloced_custom
 .text.pbuf_realloc
                0x0800c39c      0x15c build/pbuf.o
                0x0800c39c                pbuf_realloc
 .text.pbuf_header_impl
                0x0800c4f8      0x144 build/pbuf.o
 .text.pbuf_header
                0x0800c63c       0x24 build/pbuf.o
                0x0800c63c                pbuf_header
 .text.pbuf_header_force
                0x0800c660       0x24 build/pbuf.o
                0x0800c660                pbuf_header_force
 .text.pbuf_free
                0x0800c684      0x134 build/pbuf.o
                0x0800c684                pbuf_free
 .text.pbuf_clen
                0x0800c7b8       0x2c build/pbuf.o
                0x0800c7b8                pbuf_clen
 .text.pbuf_ref
                0x0800c7e4       0x50 build/pbuf.o
                0x0800c7e4                pbuf_ref
 .text.pbuf_cat
                0x0800c834       0xac build/pbuf.o
                0x0800c834                pbuf_cat
 .text.pbuf_copy
                0x0800c8e0      0x198 build/pbuf.o
                0x0800c8e0                pbuf_copy
 .text.pbuf_copy_partial
                0x0800ca78       0xf4 build/pbuf.o
                0x0800ca78                pbuf_copy_partial
 .text.tcp_init
                0x0800cb6c        0xc build/tcp.o
                0x0800cb6c                tcp_init
 .text.tcp_tmr  0x0800cb78       0x2c build/tcp.o
                0x0800cb78                tcp_tmr
 .text.tcp_remove_listener
                0x0800cba4       0x38 build/tcp.o
 .text.tcp_listen_closed
                0x0800cbdc       0x70 build/tcp.o
 .text.tcp_close_shutdown
                0x0800cc4c      0x1d4 build/tcp.o
 .text.tcp_close_shutdown_fin
                0x0800ce20       0xd4 build/tcp.o
 .text.tcp_close
                0x0800cef4       0x30 build/tcp.o
                0x0800cef4                tcp_close
 .text.tcp_shutdown
                0x0800cf24       0x90 build/tcp.o
                0x0800cf24                tcp_shutdown
 .text.tcp_abandon
                0x0800cfb4      0x164 build/tcp.o
                0x0800cfb4                tcp_abandon
 .text.tcp_abort
                0x0800d118       0x18 build/tcp.o
                0x0800d118                tcp_abort
 .text.tcp_bind
                0x0800d130      0x124 build/tcp.o
                0x0800d130                tcp_bind
 .text.tcp_accept_null
                0x0800d254       0x20 build/tcp.o
 .text.tcp_listen_with_backlog_and_err
                0x0800d274      0x130 build/tcp.o
                0x0800d274                tcp_listen_with_backlog_and_err
 .text.tcp_update_rcv_ann_wnd
                0x0800d3a4       0x9c build/tcp.o
                0x0800d3a4                tcp_update_rcv_ann_wnd
 .text.tcp_recved
                0x0800d440       0xb4 build/tcp.o
                0x0800d440                tcp_recved
 .text.tcp_new_port
                0x0800d4f4       0x88 build/tcp.o
 .text.tcp_slowtmr
                0x0800d57c      0x584 build/tcp.o
                0x0800d57c                tcp_slowtmr
 .text.tcp_fasttmr
                0x0800db00       0xc8 build/tcp.o
                0x0800db00                tcp_fasttmr
 .text.tcp_process_refused_data
                0x0800dbc8       0xd2 build/tcp.o
                0x0800dbc8                tcp_process_refused_data
 .text.tcp_segs_free
                0x0800dc9a       0x2a build/tcp.o
                0x0800dc9a                tcp_segs_free
 .text.tcp_seg_free
                0x0800dcc4       0x30 build/tcp.o
                0x0800dcc4                tcp_seg_free
 .text.tcp_seg_copy
                0x0800dcf4       0x38 build/tcp.o
                0x0800dcf4                tcp_seg_copy
 .text.tcp_recv_null
                0x0800dd2c       0x44 build/tcp.o
                0x0800dd2c                tcp_recv_null
 .text.tcp_kill_prio
                0x0800dd70       0x84 build/tcp.o
 .text.tcp_kill_state
                0x0800ddf4       0x94 build/tcp.o
 .text.tcp_kill_timewait
                0x0800de88       0x60 build/tcp.o
 .text.tcp_alloc
                0x0800dee8      0x104 build/tcp.o
                0x0800dee8                tcp_alloc
 .text.tcp_new_ip_type
                0x0800dfec       0x1c build/tcp.o
                0x0800dfec                tcp_new_ip_type
 .text.tcp_arg  0x0800e008       0x20 build/tcp.o
                0x0800e008                tcp_arg
 .text.tcp_recv
                0x0800e028       0x44 build/tcp.o
                0x0800e028                tcp_recv
 .text.tcp_sent
                0x0800e06c       0x40 build/tcp.o
                0x0800e06c                tcp_sent
 .text.tcp_err  0x0800e0ac       0x44 build/tcp.o
                0x0800e0ac                tcp_err
 .text.tcp_accept
                0x0800e0f0       0x2c build/tcp.o
                0x0800e0f0                tcp_accept
 .text.tcp_poll
                0x0800e11c       0x48 build/tcp.o
                0x0800e11c                tcp_poll
 .text.tcp_pcb_purge
                0x0800e164       0x82 build/tcp.o
                0x0800e164                tcp_pcb_purge
 *fill*         0x0800e1e6        0x2 
 .text.tcp_pcb_remove
                0x0800e1e8       0xf8 build/tcp.o
                0x0800e1e8                tcp_pcb_remove
 .text.tcp_next_iss
                0x0800e2e0       0x2c build/tcp.o
                0x0800e2e0                tcp_next_iss
 .text.tcp_eff_send_mss_impl
                0x0800e30c       0x48 build/tcp.o
                0x0800e30c                tcp_eff_send_mss_impl
 .text.tcp_netif_ip_addr_changed_pcblist
                0x0800e354       0x44 build/tcp.o
 .text.tcp_netif_ip_addr_changed
                0x0800e398       0x80 build/tcp.o
                0x0800e398                tcp_netif_ip_addr_changed
 .text.tcp_input
                0x0800e418      0x790 build/tcp_in.o
                0x0800e418                tcp_input
 .text.tcp_input_delayed_close
                0x0800eba8       0x64 build/tcp_in.o
 .text.tcp_listen_input
                0x0800ec0c      0x1c0 build/tcp_in.o
 .text.tcp_timewait_input
                0x0800edcc       0xd0 build/tcp_in.o
 .text.tcp_process
                0x0800ee9c      0x768 build/tcp_in.o
 .text.tcp_oos_insert_segment
                0x0800f604       0xec build/tcp_in.o
 .text.tcp_receive
                0x0800f6f0      0xff4 build/tcp_in.o
 .text.tcp_getoptbyte
                0x080106e4       0x74 build/tcp_in.o
 .text.tcp_parseopt
                0x08010758       0xcc build/tcp_in.o
 .text.tcp_trigger_input_pcb_close
                0x08010824       0x20 build/tcp_in.o
                0x08010824                tcp_trigger_input_pcb_close
 .text.tcp_output_alloc_header
                0x08010844       0xf4 build/tcp_out.o
 .text.tcp_send_fin
                0x08010938       0x7e build/tcp_out.o
                0x08010938                tcp_send_fin
 *fill*         0x080109b6        0x2 
 .text.tcp_create_segment
                0x080109b8      0x110 build/tcp_out.o
 .text.tcp_pbuf_prealloc
                0x08010ac8       0xc4 build/tcp_out.o
 .text.tcp_write_checks
                0x08010b8c       0xec build/tcp_out.o
 .text.tcp_write
                0x08010c78      0x6b4 build/tcp_out.o
                0x08010c78                tcp_write
 .text.tcp_enqueue_flags
                0x0801132c      0x1f8 build/tcp_out.o
                0x0801132c                tcp_enqueue_flags
 .text.tcp_send_empty_ack
                0x08011524       0xb8 build/tcp_out.o
                0x08011524                tcp_send_empty_ack
 .text.tcp_output
                0x080115dc      0x3cc build/tcp_out.o
                0x080115dc                tcp_output
 .text.tcp_output_segment
                0x080119a8      0x13c build/tcp_out.o
 .text.tcp_rst  0x08011ae4       0xec build/tcp_out.o
                0x08011ae4                tcp_rst
 .text.tcp_rexmit_rto
                0x08011bd0       0x6c build/tcp_out.o
                0x08011bd0                tcp_rexmit_rto
 .text.tcp_rexmit
                0x08011c3c       0xa0 build/tcp_out.o
                0x08011c3c                tcp_rexmit
 .text.tcp_rexmit_fast
                0x08011cdc       0x9c build/tcp_out.o
                0x08011cdc                tcp_rexmit_fast
 .text.tcp_keepalive
                0x08011d78       0x7a build/tcp_out.o
                0x08011d78                tcp_keepalive
 .text.tcp_zero_window_probe
                0x08011df2      0x138 build/tcp_out.o
                0x08011df2                tcp_zero_window_probe
 *fill*         0x08011f2a        0x2 
 .text.tcpip_tcp_timer
                0x08011f2c       0x48 build/timeouts.o
 .text.tcp_timer_needed
                0x08011f74       0x40 build/timeouts.o
                0x08011f74                tcp_timer_needed
 .text.cyclic_timer
                0x08011fb4       0x2c build/timeouts.o
 .text.sys_timeouts_init
                0x08011fe0       0x50 build/timeouts.o
                0x08011fe0                sys_timeouts_init
 .text.sys_timeout
                0x08012030      0x148 build/timeouts.o
                0x08012030                sys_timeout
 .text.sys_check_timeouts
                0x08012178       0xa4 build/timeouts.o
 .text.sys_timeouts_sleeptime
                0x0801221c       0x4c build/timeouts.o
 .text.sys_timeouts_mbox_fetch
                0x08012268       0x4c build/timeouts.o
                0x08012268                sys_timeouts_mbox_fetch
 .text.udp_init
                0x080122b4        0xc build/udp.o
                0x080122b4                udp_init
 .text.udp_new_port
                0x080122c0       0x70 build/udp.o
 .text.udp_input_local_match
                0x08012330       0x74 build/udp.o
 .text.udp_input
                0x080123a4      0x1cc build/udp.o
                0x080123a4                udp_input
 .text.udp_bind
                0x08012570       0xe0 build/udp.o
                0x08012570                udp_bind
 .text.udp_recv
                0x08012650       0x22 build/udp.o
                0x08012650                udp_recv
 *fill*         0x08012672        0x2 
 .text.udp_remove
                0x08012674       0x64 build/udp.o
                0x08012674                udp_remove
 .text.udp_new  0x080126d8       0x2e build/udp.o
                0x080126d8                udp_new
 .text.udp_new_ip_type
                0x08012706       0x1a build/udp.o
                0x08012706                udp_new_ip_type
 .text.udp_netif_ip_addr_changed
                0x08012720       0x5c build/udp.o
                0x08012720                udp_netif_ip_addr_changed
 .text.etharp_free_entry
                0x0801277c       0x64 build/etharp.o
 .text.etharp_tmr
                0x080127e0      0x150 build/etharp.o
                0x080127e0                etharp_tmr
 .text.etharp_find_entry
                0x08012930      0x294 build/etharp.o
 .text.etharp_update_arp_entry
                0x08012bc4      0x14c build/etharp.o
 .text.etharp_cleanup_netif
                0x08012d10       0x64 build/etharp.o
                0x08012d10                etharp_cleanup_netif
 .text.etharp_input
                0x08012d74      0x114 build/etharp.o
                0x08012d74                etharp_input
 .text.etharp_output_to_arp_index
                0x08012e88      0x134 build/etharp.o
 .text.etharp_output
                0x08012fbc      0x1dc build/etharp.o
                0x08012fbc                etharp_output
 .text.etharp_query
                0x08013198      0x290 build/etharp.o
                0x08013198                etharp_query
 .text.etharp_raw
                0x08013428      0x118 build/etharp.o
 .text.etharp_request_dst
                0x08013540       0x44 build/etharp.o
 .text.etharp_request
                0x08013584       0x24 build/etharp.o
                0x08013584                etharp_request
 .text.icmp_input
                0x080135a8      0x20c build/icmp.o
                0x080135a8                icmp_input
 .text.icmp_dest_unreach
                0x080137b4       0x20 build/icmp.o
                0x080137b4                icmp_dest_unreach
 .text.icmp_time_exceeded
                0x080137d4       0x20 build/icmp.o
                0x080137d4                icmp_time_exceeded
 .text.icmp_send_response
                0x080137f4       0xd0 build/icmp.o
 .text.ip4_route
                0x080138c4       0xd4 build/ip4.o
                0x080138c4                ip4_route
 .text.ip4_input
                0x08013998      0x280 build/ip4.o
                0x08013998                ip4_input
 .text.ip4_output_if
                0x08013c18       0x54 build/ip4.o
                0x08013c18                ip4_output_if
 .text.ip4_output_if_src
                0x08013c6c      0x150 build/ip4.o
                0x08013c6c                ip4_output_if_src
 .text.ip4_addr_isbroadcast_u32
                0x08013dbc       0x80 build/ip4_addr.o
                0x08013dbc                ip4_addr_isbroadcast_u32
 .text.ip4addr_ntoa
                0x08013e3c       0x20 build/ip4_addr.o
                0x08013e3c                ip4addr_ntoa
 .text.ip4addr_ntoa_r
                0x08013e5c      0x100 build/ip4_addr.o
                0x08013e5c                ip4addr_ntoa_r
 .text.ip_reass_tmr
                0x08013f5c       0x58 build/ip4_frag.o
                0x08013f5c                ip_reass_tmr
 .text.ip_reass_free_complete_datagram
                0x08013fb4      0x148 build/ip4_frag.o
 .text.ip_reass_remove_oldest_datagram
                0x080140fc       0xc4 build/ip4_frag.o
 .text.ip_reass_enqueue_new_datagram
                0x080141c0       0x74 build/ip4_frag.o
 .text.ip_reass_dequeue_datagram
                0x08014234       0x5c build/ip4_frag.o
 .text.ip_reass_chain_frag_into_datagram_and_validate
                0x08014290      0x2d4 build/ip4_frag.o
 .text.ip4_reass
                0x08014564      0x2a8 build/ip4_frag.o
                0x08014564                ip4_reass
 .text.ip_frag_alloc_pbuf_custom_ref
                0x0801480c       0x10 build/ip4_frag.o
 .text.ip_frag_free_pbuf_custom_ref
                0x0801481c       0x38 build/ip4_frag.o
 .text.ipfrag_free_pbuf_custom
                0x08014854       0x68 build/ip4_frag.o
 .text.ip4_frag
                0x080148bc      0x240 build/ip4_frag.o
                0x080148bc                ip4_frag
 .text.sys_mbox_new
                0x08014afc       0x34 build/sys_arch.o
                0x08014afc                sys_mbox_new
 .text.sys_mbox_free
                0x08014b30       0x24 build/sys_arch.o
                0x08014b30                sys_mbox_free
 .text.sys_mbox_post
                0x08014b54       0x2c build/sys_arch.o
                0x08014b54                sys_mbox_post
 .text.sys_mbox_trypost
                0x08014b80       0x34 build/sys_arch.o
                0x08014b80                sys_mbox_trypost
 .text.sys_arch_mbox_fetch
                0x08014bb4       0x62 build/sys_arch.o
                0x08014bb4                sys_arch_mbox_fetch
 .text.sys_arch_mbox_tryfetch
                0x08014c16       0x2e build/sys_arch.o
                0x08014c16                sys_arch_mbox_tryfetch
 .text.sys_mbox_valid
                0x08014c44       0x20 build/sys_arch.o
                0x08014c44                sys_mbox_valid
 .text.sys_mbox_set_invalid
                0x08014c64       0x18 build/sys_arch.o
                0x08014c64                sys_mbox_set_invalid
 .text.sys_sem_new
                0x08014c7c       0x4a build/sys_arch.o
                0x08014c7c                sys_sem_new
 .text.sys_arch_sem_wait
                0x08014cc6       0x62 build/sys_arch.o
                0x08014cc6                sys_arch_sem_wait
 .text.sys_sem_signal
                0x08014d28       0x1a build/sys_arch.o
                0x08014d28                sys_sem_signal
 .text.sys_sem_free
                0x08014d42       0x1a build/sys_arch.o
                0x08014d42                sys_sem_free
 .text.sys_sem_valid
                0x08014d5c       0x20 build/sys_arch.o
                0x08014d5c                sys_sem_valid
 .text.sys_sem_set_invalid
                0x08014d7c       0x18 build/sys_arch.o
                0x08014d7c                sys_sem_set_invalid
 .text.sys_init
                0x08014d94       0x18 build/sys_arch.o
                0x08014d94                sys_init
 .text.sys_mutex_new
                0x08014dac       0x2c build/sys_arch.o
                0x08014dac                sys_mutex_new
 .text.sys_mutex_lock
                0x08014dd8       0x1e build/sys_arch.o
                0x08014dd8                sys_mutex_lock
 .text.sys_mutex_unlock
                0x08014df6       0x1a build/sys_arch.o
                0x08014df6                sys_mutex_unlock
 .text.sys_thread_new
                0x08014e10       0x40 build/sys_arch.o
                0x08014e10                sys_thread_new
 .text.sys_arch_protect
                0x08014e50       0x1c build/sys_arch.o
                0x08014e50                sys_arch_protect
 .text.sys_arch_unprotect
                0x08014e6c       0x20 build/sys_arch.o
                0x08014e6c                sys_arch_unprotect
 .text.Reset_Handler
                0x08014e8c       0x50 build/startup_stm32f207xx.o
                0x08014e8c                Reset_Handler
 .text.Default_Handler
                0x08014edc        0x2 build/startup_stm32f207xx.o
                0x08014edc                RTC_Alarm_IRQHandler
                0x08014edc                HASH_RNG_IRQHandler
                0x08014edc                EXTI2_IRQHandler
                0x08014edc                TIM8_CC_IRQHandler
                0x08014edc                TIM1_CC_IRQHandler
                0x08014edc                DMA2_Stream5_IRQHandler
                0x08014edc                DMA1_Stream5_IRQHandler
                0x08014edc                PVD_IRQHandler
                0x08014edc                SDIO_IRQHandler
                0x08014edc                TAMP_STAMP_IRQHandler
                0x08014edc                CAN2_RX1_IRQHandler
                0x08014edc                EXTI3_IRQHandler
                0x08014edc                TIM8_TRG_COM_TIM14_IRQHandler
                0x08014edc                TIM1_UP_TIM10_IRQHandler
                0x08014edc                TIM8_UP_TIM13_IRQHandler
                0x08014edc                I2C3_ER_IRQHandler
                0x08014edc                EXTI0_IRQHandler
                0x08014edc                I2C2_EV_IRQHandler
                0x08014edc                DMA1_Stream2_IRQHandler
                0x08014edc                CAN1_RX0_IRQHandler
                0x08014edc                OTG_HS_WKUP_IRQHandler
                0x08014edc                CAN2_SCE_IRQHandler
                0x08014edc                DMA2_Stream2_IRQHandler
                0x08014edc                SPI1_IRQHandler
                0x08014edc                TIM6_DAC_IRQHandler
                0x08014edc                TIM1_BRK_TIM9_IRQHandler
                0x08014edc                DCMI_IRQHandler
                0x08014edc                CAN2_RX0_IRQHandler
                0x08014edc                DMA2_Stream3_IRQHandler
                0x08014edc                USART6_IRQHandler
                0x08014edc                CAN1_RX1_IRQHandler
                0x08014edc                UART5_IRQHandler
                0x08014edc                DMA2_Stream0_IRQHandler
                0x08014edc                I2C1_EV_IRQHandler
                0x08014edc                DMA1_Stream6_IRQHandler
                0x08014edc                DMA1_Stream1_IRQHandler
                0x08014edc                UART4_IRQHandler
                0x08014edc                TIM3_IRQHandler
                0x08014edc                RCC_IRQHandler
                0x08014edc                TIM8_BRK_TIM12_IRQHandler
                0x08014edc                Default_Handler
                0x08014edc                EXTI15_10_IRQHandler
                0x08014edc                ADC_IRQHandler
                0x08014edc                DMA1_Stream7_IRQHandler
                0x08014edc                TIM7_IRQHandler
                0x08014edc                CAN2_TX_IRQHandler
                0x08014edc                TIM5_IRQHandler
                0x08014edc                DMA2_Stream7_IRQHandler
                0x08014edc                I2C3_EV_IRQHandler
                0x08014edc                EXTI9_5_IRQHandler
                0x08014edc                RTC_WKUP_IRQHandler
                0x08014edc                ETH_WKUP_IRQHandler
                0x08014edc                SPI2_IRQHandler
                0x08014edc                OTG_HS_EP1_IN_IRQHandler
                0x08014edc                DMA1_Stream0_IRQHandler
                0x08014edc                CAN1_TX_IRQHandler
                0x08014edc                EXTI4_IRQHandler
                0x08014edc                FSMC_IRQHandler
                0x08014edc                OTG_HS_EP1_OUT_IRQHandler
                0x08014edc                WWDG_IRQHandler
                0x08014edc                TIM2_IRQHandler
                0x08014edc                OTG_FS_WKUP_IRQHandler
                0x08014edc                TIM1_TRG_COM_TIM11_IRQHandler
                0x08014edc                OTG_HS_IRQHandler
                0x08014edc                EXTI1_IRQHandler
                0x08014edc                USART2_IRQHandler
                0x08014edc                I2C2_ER_IRQHandler
                0x08014edc                DMA2_Stream1_IRQHandler
                0x08014edc                CAN1_SCE_IRQHandler
                0x08014edc                FLASH_IRQHandler
                0x08014edc                DMA2_Stream4_IRQHandler
                0x08014edc                USART1_IRQHandler
                0x08014edc                OTG_FS_IRQHandler
                0x08014edc                SPI3_IRQHandler
                0x08014edc                DMA1_Stream4_IRQHandler
                0x08014edc                I2C1_ER_IRQHandler
                0x08014edc                DMA2_Stream6_IRQHandler
                0x08014edc                DMA1_Stream3_IRQHandler
 *fill*         0x08014ede        0x2 
 .text.__libc_init_array
                0x08014ee0       0x48 c:/vsarm/armcc/10 2021.10/bin/../lib/gcc/arm-none-eabi/10.3.1/../../../../arm-none-eabi/lib/thumb/v7-m/nofp\libc_nano.a(lib_a-init.o)
                0x08014ee0                __libc_init_array
 .text.memcmp   0x08014f28       0x20 c:/vsarm/armcc/10 2021.10/bin/../lib/gcc/arm-none-eabi/10.3.1/../../../../arm-none-eabi/lib/thumb/v7-m/nofp\libc_nano.a(lib_a-memcmp.o)
                0x08014f28                memcmp
 .text.memcpy   0x08014f48       0x1c c:/vsarm/armcc/10 2021.10/bin/../lib/gcc/arm-none-eabi/10.3.1/../../../../arm-none-eabi/lib/thumb/v7-m/nofp\libc_nano.a(lib_a-memcpy-stub.o)
                0x08014f48                memcpy
 .text.memset   0x08014f64       0x10 c:/vsarm/armcc/10 2021.10/bin/../lib/gcc/arm-none-eabi/10.3.1/../../../../arm-none-eabi/lib/thumb/v7-m/nofp\libc_nano.a(lib_a-memset.o)
                0x08014f64                memset
 .text.printf   0x08014f74       0x30 c:/vsarm/armcc/10 2021.10/bin/../lib/gcc/arm-none-eabi/10.3.1/../../../../arm-none-eabi/lib/thumb/v7-m/nofp\libc_nano.a(lib_a-printf.o)
                0x08014f74                iprintf
                0x08014f74                printf
 .text.sprintf  0x08014fa4       0x40 c:/vsarm/armcc/10 2021.10/bin/../lib/gcc/arm-none-eabi/10.3.1/../../../../arm-none-eabi/lib/thumb/v7-m/nofp\libc_nano.a(lib_a-sprintf.o)
                0x08014fa4                siprintf
                0x08014fa4                sprintf
 .text.std      0x08014fe4       0x48 c:/vsarm/armcc/10 2021.10/bin/../lib/gcc/arm-none-eabi/10.3.1/../../../../arm-none-eabi/lib/thumb/v7-m/nofp\libc_nano.a(lib_a-findfp.o)
 .text._cleanup_r
                0x0801502c        0xc c:/vsarm/armcc/10 2021.10/bin/../lib/gcc/arm-none-eabi/10.3.1/../../../../arm-none-eabi/lib/thumb/v7-m/nofp\libc_nano.a(lib_a-findfp.o)
                0x0801502c                _cleanup_r
 .text.__sfmoreglue
                0x08015038       0x2c c:/vsarm/armcc/10 2021.10/bin/../lib/gcc/arm-none-eabi/10.3.1/../../../../arm-none-eabi/lib/thumb/v7-m/nofp\libc_nano.a(lib_a-findfp.o)
                0x08015038                __sfmoreglue
 .text.__sfp_lock_acquire
                0x08015064        0xc c:/vsarm/armcc/10 2021.10/bin/../lib/gcc/arm-none-eabi/10.3.1/../../../../arm-none-eabi/lib/thumb/v7-m/nofp\libc_nano.a(lib_a-findfp.o)
                0x08015064                __sfp_lock_acquire
 .text.__sfp_lock_release
                0x08015070        0xc c:/vsarm/armcc/10 2021.10/bin/../lib/gcc/arm-none-eabi/10.3.1/../../../../arm-none-eabi/lib/thumb/v7-m/nofp\libc_nano.a(lib_a-findfp.o)
                0x08015070                __sfp_lock_release
 .text.__sinit_lock_acquire
                0x0801507c        0xc c:/vsarm/armcc/10 2021.10/bin/../lib/gcc/arm-none-eabi/10.3.1/../../../../arm-none-eabi/lib/thumb/v7-m/nofp\libc_nano.a(lib_a-findfp.o)
                0x0801507c                __sinit_lock_acquire
 .text.__sinit_lock_release
                0x08015088        0xc c:/vsarm/armcc/10 2021.10/bin/../lib/gcc/arm-none-eabi/10.3.1/../../../../arm-none-eabi/lib/thumb/v7-m/nofp\libc_nano.a(lib_a-findfp.o)
                0x08015088                __sinit_lock_release
 .text.__sinit  0x08015094       0x70 c:/vsarm/armcc/10 2021.10/bin/../lib/gcc/arm-none-eabi/10.3.1/../../../../arm-none-eabi/lib/thumb/v7-m/nofp\libc_nano.a(lib_a-findfp.o)
                0x08015094                __sinit
 .text.__sfp    0x08015104       0x8c c:/vsarm/armcc/10 2021.10/bin/../lib/gcc/arm-none-eabi/10.3.1/../../../../arm-none-eabi/lib/thumb/v7-m/nofp\libc_nano.a(lib_a-findfp.o)
                0x08015104                __sfp
 .text._fwalk_reent
                0x08015190       0x3e c:/vsarm/armcc/10 2021.10/bin/../lib/gcc/arm-none-eabi/10.3.1/../../../../arm-none-eabi/lib/thumb/v7-m/nofp\libc_nano.a(lib_a-fwalk.o)
                0x08015190                _fwalk_reent
 .text.__retarget_lock_init_recursive
                0x080151ce        0x2 c:/vsarm/armcc/10 2021.10/bin/../lib/gcc/arm-none-eabi/10.3.1/../../../../arm-none-eabi/lib/thumb/v7-m/nofp\libc_nano.a(lib_a-lock.o)
                0x080151ce                __retarget_lock_init_recursive
 .text.__retarget_lock_acquire_recursive
                0x080151d0        0x2 c:/vsarm/armcc/10 2021.10/bin/../lib/gcc/arm-none-eabi/10.3.1/../../../../arm-none-eabi/lib/thumb/v7-m/nofp\libc_nano.a(lib_a-lock.o)
                0x080151d0                __retarget_lock_acquire_recursive
 .text.__retarget_lock_release_recursive
                0x080151d2        0x2 c:/vsarm/armcc/10 2021.10/bin/../lib/gcc/arm-none-eabi/10.3.1/../../../../arm-none-eabi/lib/thumb/v7-m/nofp\libc_nano.a(lib_a-lock.o)
                0x080151d2                __retarget_lock_release_recursive
 .text.sbrk_aligned
                0x080151d4       0x40 c:/vsarm/armcc/10 2021.10/bin/../lib/gcc/arm-none-eabi/10.3.1/../../../../arm-none-eabi/lib/thumb/v7-m/nofp\libc_nano.a(lib_a-nano-mallocr.o)
 .text._malloc_r
                0x08015214       0xe8 c:/vsarm/armcc/10 2021.10/bin/../lib/gcc/arm-none-eabi/10.3.1/../../../../arm-none-eabi/lib/thumb/v7-m/nofp\libc_nano.a(lib_a-nano-mallocr.o)
                0x08015214                _malloc_r
 .text.__ssputs_r
                0x080152fc       0xb6 c:/vsarm/armcc/10 2021.10/bin/../lib/gcc/arm-none-eabi/10.3.1/../../../../arm-none-eabi/lib/thumb/v7-m/nofp\libc_nano.a(lib_a-nano-svfprintf.o)
                0x080152fc                __ssputs_r
 *fill*         0x080153b2        0x2 
 .text._svfprintf_r
                0x080153b4      0x200 c:/vsarm/armcc/10 2021.10/bin/../lib/gcc/arm-none-eabi/10.3.1/../../../../arm-none-eabi/lib/thumb/v7-m/nofp\libc_nano.a(lib_a-nano-svfprintf.o)
                0x080153b4                _svfiprintf_r
                0x080153b4                _svfprintf_r
 .text.__sfputc_r
                0x080155b4       0x2a c:/vsarm/armcc/10 2021.10/bin/../lib/gcc/arm-none-eabi/10.3.1/../../../../arm-none-eabi/lib/thumb/v7-m/nofp\libc_nano.a(lib_a-nano-vfprintf.o)
 .text.__sfputs_r
                0x080155de       0x24 c:/vsarm/armcc/10 2021.10/bin/../lib/gcc/arm-none-eabi/10.3.1/../../../../arm-none-eabi/lib/thumb/v7-m/nofp\libc_nano.a(lib_a-nano-vfprintf.o)
                0x080155de                __sfputs_r
 *fill*         0x08015602        0x2 
 .text._vfprintf_r
                0x08015604      0x260 c:/vsarm/armcc/10 2021.10/bin/../lib/gcc/arm-none-eabi/10.3.1/../../../../arm-none-eabi/lib/thumb/v7-m/nofp\libc_nano.a(lib_a-nano-vfprintf.o)
                0x08015604                _vfprintf_r
                0x08015604                _vfiprintf_r
 .text._printf_common
                0x08015864       0xde c:/vsarm/armcc/10 2021.10/bin/../lib/gcc/arm-none-eabi/10.3.1/../../../../arm-none-eabi/lib/thumb/v7-m/nofp\libc_nano.a(lib_a-nano-vfprintf_i.o)
                0x08015864                _printf_common
 *fill*         0x08015942        0x2 
 .text._printf_i
                0x08015944      0x24c c:/vsarm/armcc/10 2021.10/bin/../lib/gcc/arm-none-eabi/10.3.1/../../../../arm-none-eabi/lib/thumb/v7-m/nofp\libc_nano.a(lib_a-nano-vfprintf_i.o)
                0x08015944                _printf_i
 .text._sbrk_r  0x08015b90       0x20 c:/vsarm/armcc/10 2021.10/bin/../lib/gcc/arm-none-eabi/10.3.1/../../../../arm-none-eabi/lib/thumb/v7-m/nofp\libc_nano.a(lib_a-sbrkr.o)
                0x08015b90                _sbrk_r
 .text.__sread  0x08015bb0       0x22 c:/vsarm/armcc/10 2021.10/bin/../lib/gcc/arm-none-eabi/10.3.1/../../../../arm-none-eabi/lib/thumb/v7-m/nofp\libc_nano.a(lib_a-stdio.o)
                0x08015bb0                __sread
 .text.__swrite
                0x08015bd2       0x38 c:/vsarm/armcc/10 2021.10/bin/../lib/gcc/arm-none-eabi/10.3.1/../../../../arm-none-eabi/lib/thumb/v7-m/nofp\libc_nano.a(lib_a-stdio.o)
                0x08015bd2                __swrite
 .text.__sseek  0x08015c0a       0x24 c:/vsarm/armcc/10 2021.10/bin/../lib/gcc/arm-none-eabi/10.3.1/../../../../arm-none-eabi/lib/thumb/v7-m/nofp\libc_nano.a(lib_a-stdio.o)
                0x08015c0a                __sseek
 .text.__sclose
                0x08015c2e        0x8 c:/vsarm/armcc/10 2021.10/bin/../lib/gcc/arm-none-eabi/10.3.1/../../../../arm-none-eabi/lib/thumb/v7-m/nofp\libc_nano.a(lib_a-stdio.o)
                0x08015c2e                __sclose
 *fill*         0x08015c36        0x2 
 .text.__swbuf_r
                0x08015c38       0xa4 c:/vsarm/armcc/10 2021.10/bin/../lib/gcc/arm-none-eabi/10.3.1/../../../../arm-none-eabi/lib/thumb/v7-m/nofp\libc_nano.a(lib_a-wbuf.o)
                0x08015c38                __swbuf_r
 .text._write_r
                0x08015cdc       0x24 c:/vsarm/armcc/10 2021.10/bin/../lib/gcc/arm-none-eabi/10.3.1/../../../../arm-none-eabi/lib/thumb/v7-m/nofp\libc_nano.a(lib_a-writer.o)
                0x08015cdc                _write_r
 .text.__swsetup_r
                0x08015d00       0xdc c:/vsarm/armcc/10 2021.10/bin/../lib/gcc/arm-none-eabi/10.3.1/../../../../arm-none-eabi/lib/thumb/v7-m/nofp\libc_nano.a(lib_a-wsetup.o)
                0x08015d00                __swsetup_r
 .text._close_r
                0x08015ddc       0x20 c:/vsarm/armcc/10 2021.10/bin/../lib/gcc/arm-none-eabi/10.3.1/../../../../arm-none-eabi/lib/thumb/v7-m/nofp\libc_nano.a(lib_a-closer.o)
                0x08015ddc                _close_r
 .text.__sflush_r
                0x08015dfc      0x104 c:/vsarm/armcc/10 2021.10/bin/../lib/gcc/arm-none-eabi/10.3.1/../../../../arm-none-eabi/lib/thumb/v7-m/nofp\libc_nano.a(lib_a-fflush.o)
                0x08015dfc                __sflush_r
 .text._fflush_r
                0x08015f00       0x78 c:/vsarm/armcc/10 2021.10/bin/../lib/gcc/arm-none-eabi/10.3.1/../../../../arm-none-eabi/lib/thumb/v7-m/nofp\libc_nano.a(lib_a-fflush.o)
                0x08015f00                _fflush_r
 .text._lseek_r
                0x08015f78       0x24 c:/vsarm/armcc/10 2021.10/bin/../lib/gcc/arm-none-eabi/10.3.1/../../../../arm-none-eabi/lib/thumb/v7-m/nofp\libc_nano.a(lib_a-lseekr.o)
                0x08015f78                _lseek_r
 .text.__swhatbuf_r
                0x08015f9c       0x4a c:/vsarm/armcc/10 2021.10/bin/../lib/gcc/arm-none-eabi/10.3.1/../../../../arm-none-eabi/lib/thumb/v7-m/nofp\libc_nano.a(lib_a-makebuf.o)
                0x08015f9c                __swhatbuf_r
 *fill*         0x08015fe6        0x2 
 .text.__smakebuf_r
                0x08015fe8       0x80 c:/vsarm/armcc/10 2021.10/bin/../lib/gcc/arm-none-eabi/10.3.1/../../../../arm-none-eabi/lib/thumb/v7-m/nofp\libc_nano.a(lib_a-makebuf.o)
                0x08015fe8                __smakebuf_r
 .text.memchr   0x08016068       0x1c c:/vsarm/armcc/10 2021.10/bin/../lib/gcc/arm-none-eabi/10.3.1/../../../../arm-none-eabi/lib/thumb/v7-m/nofp\libc_nano.a(lib_a-memchr-stub.o)
                0x08016068                memchr
 .text.memmove  0x08016084       0x34 c:/vsarm/armcc/10 2021.10/bin/../lib/gcc/arm-none-eabi/10.3.1/../../../../arm-none-eabi/lib/thumb/v7-m/nofp\libc_nano.a(lib_a-memmove.o)
                0x08016084                memmove
 .text.__malloc_lock
                0x080160b8        0xc c:/vsarm/armcc/10 2021.10/bin/../lib/gcc/arm-none-eabi/10.3.1/../../../../arm-none-eabi/lib/thumb/v7-m/nofp\libc_nano.a(lib_a-mlock.o)
                0x080160b8                __malloc_lock
 .text.__malloc_unlock
                0x080160c4        0xc c:/vsarm/armcc/10 2021.10/bin/../lib/gcc/arm-none-eabi/10.3.1/../../../../arm-none-eabi/lib/thumb/v7-m/nofp\libc_nano.a(lib_a-mlock.o)
                0x080160c4                __malloc_unlock
 .text._free_r  0x080160d0       0x90 c:/vsarm/armcc/10 2021.10/bin/../lib/gcc/arm-none-eabi/10.3.1/../../../../arm-none-eabi/lib/thumb/v7-m/nofp\libc_nano.a(lib_a-nano-freer.o)
                0x080160d0                _free_r
 .text._realloc_r
                0x08016160       0x5e c:/vsarm/armcc/10 2021.10/bin/../lib/gcc/arm-none-eabi/10.3.1/../../../../arm-none-eabi/lib/thumb/v7-m/nofp\libc_nano.a(lib_a-nano-reallocr.o)
                0x08016160                _realloc_r
 *fill*         0x080161be        0x2 
 .text._read_r  0x080161c0       0x24 c:/vsarm/armcc/10 2021.10/bin/../lib/gcc/arm-none-eabi/10.3.1/../../../../arm-none-eabi/lib/thumb/v7-m/nofp\libc_nano.a(lib_a-readr.o)
                0x080161c0                _read_r
 .text._fstat_r
                0x080161e4       0x24 c:/vsarm/armcc/10 2021.10/bin/../lib/gcc/arm-none-eabi/10.3.1/../../../../arm-none-eabi/lib/thumb/v7-m/nofp\libc_nano.a(lib_a-fstatr.o)
                0x080161e4                _fstat_r
 .text._isatty_r
                0x08016208       0x20 c:/vsarm/armcc/10 2021.10/bin/../lib/gcc/arm-none-eabi/10.3.1/../../../../arm-none-eabi/lib/thumb/v7-m/nofp\libc_nano.a(lib_a-isattyr.o)
                0x08016208                _isatty_r
 .text._malloc_usable_size_r
                0x08016228       0x10 c:/vsarm/armcc/10 2021.10/bin/../lib/gcc/arm-none-eabi/10.3.1/../../../../arm-none-eabi/lib/thumb/v7-m/nofp\libc_nano.a(lib_a-nano-msizer.o)
                0x08016228                _malloc_usable_size_r
 .text._close   0x08016238       0x10 c:/vsarm/armcc/10 2021.10/bin/../lib/gcc/arm-none-eabi/10.3.1/../../../../arm-none-eabi/lib/thumb/v7-m/nofp\libnosys.a(close.o)
                0x08016238                _close
 .text._fstat   0x08016248       0x10 c:/vsarm/armcc/10 2021.10/bin/../lib/gcc/arm-none-eabi/10.3.1/../../../../arm-none-eabi/lib/thumb/v7-m/nofp\libnosys.a(fstat.o)
                0x08016248                _fstat
 .text._isatty  0x08016258       0x10 c:/vsarm/armcc/10 2021.10/bin/../lib/gcc/arm-none-eabi/10.3.1/../../../../arm-none-eabi/lib/thumb/v7-m/nofp\libnosys.a(isatty.o)
                0x08016258                _isatty
 .text._lseek   0x08016268       0x10 c:/vsarm/armcc/10 2021.10/bin/../lib/gcc/arm-none-eabi/10.3.1/../../../../arm-none-eabi/lib/thumb/v7-m/nofp\libnosys.a(lseek.o)
                0x08016268                _lseek
 .text._read    0x08016278       0x10 c:/vsarm/armcc/10 2021.10/bin/../lib/gcc/arm-none-eabi/10.3.1/../../../../arm-none-eabi/lib/thumb/v7-m/nofp\libnosys.a(read.o)
                0x08016278                _read
 .text._sbrk    0x08016288       0x1c c:/vsarm/armcc/10 2021.10/bin/../lib/gcc/arm-none-eabi/10.3.1/../../../../arm-none-eabi/lib/thumb/v7-m/nofp\libnosys.a(sbrk.o)
                0x08016288                _sbrk
 .text._write   0x080162a4       0x10 c:/vsarm/armcc/10 2021.10/bin/../lib/gcc/arm-none-eabi/10.3.1/../../../../arm-none-eabi/lib/thumb/v7-m/nofp\libnosys.a(write.o)
                0x080162a4                _write
 *(.glue_7)
 .glue_7        0x080162b4        0x0 linker stubs
 *(.glue_7t)
 .glue_7t       0x080162b4        0x0 linker stubs
 *(.eh_frame)
 .eh_frame      0x080162b4        0x0 c:/vsarm/armcc/10 2021.10/bin/../lib/gcc/arm-none-eabi/10.3.1/thumb/v7-m/nofp/crtbegin.o
 *(.init)
 .init          0x080162b4        0x4 c:/vsarm/armcc/10 2021.10/bin/../lib/gcc/arm-none-eabi/10.3.1/thumb/v7-m/nofp/crti.o
                0x080162b4                _init
 .init          0x080162b8        0x8 c:/vsarm/armcc/10 2021.10/bin/../lib/gcc/arm-none-eabi/10.3.1/thumb/v7-m/nofp/crtn.o
 *(.fini)
 .fini          0x080162c0        0x4 c:/vsarm/armcc/10 2021.10/bin/../lib/gcc/arm-none-eabi/10.3.1/thumb/v7-m/nofp/crti.o
                0x080162c0                _fini
 .fini          0x080162c4        0x8 c:/vsarm/armcc/10 2021.10/bin/../lib/gcc/arm-none-eabi/10.3.1/thumb/v7-m/nofp/crtn.o
                0x080162cc                . = ALIGN (0x4)
                0x080162cc                _etext = .

.vfp11_veneer   0x080162cc        0x0
 .vfp11_veneer  0x080162cc        0x0 linker stubs

.v4_bx          0x080162cc        0x0
 .v4_bx         0x080162cc        0x0 linker stubs

.iplt           0x080162cc        0x0
 .iplt          0x080162cc        0x0 c:/vsarm/armcc/10 2021.10/bin/../lib/gcc/arm-none-eabi/10.3.1/thumb/v7-m/nofp/crtbegin.o

.rodata         0x080162cc     0x2a00
                0x080162cc                . = ALIGN (0x4)
 *(.rodata)
 .rodata        0x080162cc       0x94 build/main.o
 .rodata        0x08016360       0x3d build/telnet_server.o
 *fill*         0x0801639d        0x3 
 .rodata        0x080163a0       0x5c build/ethernetif.o
 .rodata        0x080163fc        0x8 build/lwip.o
 .rodata        0x08016404        0x5 build/tasks.o
 *fill*         0x08016409        0x3 
 .rodata        0x0801640c        0xd build/timers.o
 *fill*         0x08016419        0x3 
 .rodata        0x0801641c       0x90 build/ethernet.o
 .rodata        0x080164ac      0x2e0 build/api_lib.o
 .rodata        0x0801678c      0x4c1 build/api_msg.o
 *fill*         0x08016c4d        0x3 
 .rodata        0x08016c50      0x192 build/netbuf.o
 *fill*         0x08016de2        0x2 
 .rodata        0x08016de4       0xdd build/tcpip.o
 *fill*         0x08016ec1        0x3 
 .rodata        0x08016ec4      0x213 build/mem.o
 *fill*         0x080170d7        0x1 
 .rodata        0x080170d8       0xeb build/memp.o
 *fill*         0x080171c3        0x1 
 .rodata        0x080171c4       0x70 build/netif.o
 .rodata        0x08017234      0x509 build/pbuf.o
 *fill*         0x0801773d        0x3 
 .rodata        0x08017740      0x477 build/tcp.o
 *fill*         0x08017bb7        0x1 
 .rodata        0x08017bb8      0x381 build/tcp_in.o
 *fill*         0x08017f39        0x3 
 .rodata        0x08017f3c      0x43f build/tcp_out.o
 *fill*         0x0801837b        0x1 
 .rodata        0x0801837c       0x9c build/timeouts.o
 .rodata        0x08018418       0x96 build/udp.o
 *fill*         0x080184ae        0x2 
 .rodata        0x080184b0      0x261 build/etharp.o
 *fill*         0x08018711        0x3 
 .rodata        0x08018714       0xf4 build/icmp.o
 .rodata        0x08018808       0x95 build/ip4.o
 *fill*         0x0801889d        0x3 
 .rodata        0x080188a0      0x1ec build/ip4_frag.o
 *(.rodata*)
 .rodata.defaultTask_attributes
                0x08018a8c       0x24 build/main.o
                0x08018a8c                defaultTask_attributes
 .rodata.wrt_task_attributes
                0x08018ab0       0x24 build/telnet_server.o
 .rodata.rcv_task_attributes
                0x08018ad4       0x24 build/telnet_server.o
 .rodata.AHBPrescTable
                0x08018af8       0x10 build/system_stm32f2xx.o
                0x08018af8                AHBPrescTable
 .rodata.APBPrescTable
                0x08018b08        0x8 build/system_stm32f2xx.o
                0x08018b08                APBPrescTable
 .rodata.ethbroadcast
                0x08018b10        0x6 build/ethernet.o
                0x08018b10                ethbroadcast
 *fill*         0x08018b16        0x2 
 .rodata.ethzero
                0x08018b18        0x6 build/ethernet.o
                0x08018b18                ethzero
 *fill*         0x08018b1e        0x2 
 .rodata.memp_UDP_PCB
                0x08018b20        0xc build/memp.o
                0x08018b20                memp_UDP_PCB
 .rodata.memp_TCP_PCB
                0x08018b2c        0xc build/memp.o
                0x08018b2c                memp_TCP_PCB
 .rodata.memp_TCP_PCB_LISTEN
                0x08018b38        0xc build/memp.o
                0x08018b38                memp_TCP_PCB_LISTEN
 .rodata.memp_TCP_SEG
                0x08018b44        0xc build/memp.o
                0x08018b44                memp_TCP_SEG
 .rodata.memp_REASSDATA
                0x08018b50        0xc build/memp.o
                0x08018b50                memp_REASSDATA
 .rodata.memp_FRAG_PBUF
                0x08018b5c        0xc build/memp.o
                0x08018b5c                memp_FRAG_PBUF
 .rodata.memp_NETBUF
                0x08018b68        0xc build/memp.o
                0x08018b68                memp_NETBUF
 .rodata.memp_NETCONN
                0x08018b74        0xc build/memp.o
                0x08018b74                memp_NETCONN
 .rodata.memp_TCPIP_MSG_API
                0x08018b80        0xc build/memp.o
                0x08018b80                memp_TCPIP_MSG_API
 .rodata.memp_TCPIP_MSG_INPKT
                0x08018b8c        0xc build/memp.o
                0x08018b8c                memp_TCPIP_MSG_INPKT
 .rodata.memp_SYS_TIMEOUT
                0x08018b98        0xc build/memp.o
                0x08018b98                memp_SYS_TIMEOUT
 .rodata.memp_PBUF
                0x08018ba4        0xc build/memp.o
                0x08018ba4                memp_PBUF
 .rodata.memp_PBUF_POOL
                0x08018bb0        0xc build/memp.o
                0x08018bb0                memp_PBUF_POOL
 .rodata.memp_pools
                0x08018bbc       0x34 build/memp.o
                0x08018bbc                memp_pools
 .rodata.tcp_backoff
                0x08018bf0        0xd build/tcp.o
 *fill*         0x08018bfd        0x3 
 .rodata.tcp_persist_backoff
                0x08018c00        0x7 build/tcp.o
 *fill*         0x08018c07        0x1 
 .rodata.tcp_pcb_lists
                0x08018c08       0x10 build/tcp.o
                0x08018c08                tcp_pcb_lists
 .rodata.lwip_cyclic_timers
                0x08018c18       0x18 build/timeouts.o
                0x08018c18                lwip_cyclic_timers
 .rodata.ip_addr_any
                0x08018c30        0x4 build/ip4_addr.o
                0x08018c30                ip_addr_any
 .rodata._global_impure_ptr
                0x08018c34        0x4 c:/vsarm/armcc/10 2021.10/bin/../lib/gcc/arm-none-eabi/10.3.1/../../../../arm-none-eabi/lib/thumb/v7-m/nofp\libc_nano.a(lib_a-impure.o)
                0x08018c34                _global_impure_ptr
 .rodata.__sf_fake_stderr
                0x08018c38       0x20 c:/vsarm/armcc/10 2021.10/bin/../lib/gcc/arm-none-eabi/10.3.1/../../../../arm-none-eabi/lib/thumb/v7-m/nofp\libc_nano.a(lib_a-findfp.o)
                0x08018c38                __sf_fake_stderr
 .rodata.__sf_fake_stdin
                0x08018c58       0x20 c:/vsarm/armcc/10 2021.10/bin/../lib/gcc/arm-none-eabi/10.3.1/../../../../arm-none-eabi/lib/thumb/v7-m/nofp\libc_nano.a(lib_a-findfp.o)
                0x08018c58                __sf_fake_stdin
 .rodata.__sf_fake_stdout
                0x08018c78       0x20 c:/vsarm/armcc/10 2021.10/bin/../lib/gcc/arm-none-eabi/10.3.1/../../../../arm-none-eabi/lib/thumb/v7-m/nofp\libc_nano.a(lib_a-findfp.o)
                0x08018c78                __sf_fake_stdout
 .rodata._svfprintf_r.str1.1
                0x08018c98       0x11 c:/vsarm/armcc/10 2021.10/bin/../lib/gcc/arm-none-eabi/10.3.1/../../../../arm-none-eabi/lib/thumb/v7-m/nofp\libc_nano.a(lib_a-nano-svfprintf.o)
 .rodata._vfprintf_r.str1.1
                0x08018ca9       0x11 c:/vsarm/armcc/10 2021.10/bin/../lib/gcc/arm-none-eabi/10.3.1/../../../../arm-none-eabi/lib/thumb/v7-m/nofp\libc_nano.a(lib_a-nano-vfprintf.o)
 .rodata._printf_i.str1.1
                0x08018ca9       0x22 c:/vsarm/armcc/10 2021.10/bin/../lib/gcc/arm-none-eabi/10.3.1/../../../../arm-none-eabi/lib/thumb/v7-m/nofp\libc_nano.a(lib_a-nano-vfprintf_i.o)
                0x08018ccc                . = ALIGN (0x4)
 *fill*         0x08018ccb        0x1 

.ARM.extab
 *(.ARM.extab* .gnu.linkonce.armextab.*)

.ARM            0x08018ccc        0x8
                0x08018ccc                __exidx_start = .
 *(.ARM.exidx*)
 .ARM.exidx     0x08018ccc        0x8 c:/vsarm/armcc/10 2021.10/bin/../lib/gcc/arm-none-eabi/10.3.1/thumb/v7-m/nofp\libgcc.a(_udivmoddi4.o)
                0x08018cd4                __exidx_end = .

.rel.dyn        0x08018cd4        0x0
 .rel.iplt      0x08018cd4        0x0 c:/vsarm/armcc/10 2021.10/bin/../lib/gcc/arm-none-eabi/10.3.1/thumb/v7-m/nofp/crtbegin.o

.preinit_array  0x08018cd4        0x0
                0x08018cd4                PROVIDE (__preinit_array_start = .)
 *(.preinit_array*)
                0x08018cd4                PROVIDE (__preinit_array_end = .)

.init_array     0x08018cd4        0x4
                0x08018cd4                PROVIDE (__init_array_start = .)
 *(SORT_BY_NAME(.init_array.*))
 *(.init_array*)
 .init_array    0x08018cd4        0x4 c:/vsarm/armcc/10 2021.10/bin/../lib/gcc/arm-none-eabi/10.3.1/thumb/v7-m/nofp/crtbegin.o
                0x08018cd8                PROVIDE (__init_array_end = .)

.fini_array     0x08018cd8        0x4
                [!provide]                PROVIDE (__fini_array_start = .)
 *(SORT_BY_NAME(.fini_array.*))
 *(.fini_array*)
 .fini_array    0x08018cd8        0x4 c:/vsarm/armcc/10 2021.10/bin/../lib/gcc/arm-none-eabi/10.3.1/thumb/v7-m/nofp/crtbegin.o
                [!provide]                PROVIDE (__fini_array_end = .)
                0x08018cdc                _sidata = LOADADDR (.data)

.data           0x20000000       0x84 load address 0x08018cdc
                0x20000000                . = ALIGN (0x4)
                0x20000000                _sdata = .
 *(.data)
 *(.data*)
 .data.instance
                0x20000000        0x4 build/telnet_server.o
 .data.uwTickPrio
                0x20000004        0x4 build/stm32f2xx_hal.o
                0x20000004                uwTickPrio
 .data.uwTickFreq
                0x20000008        0x1 build/stm32f2xx_hal.o
                0x20000008                uwTickFreq
 *fill*         0x20000009        0x3 
 .data.SystemCoreClock
                0x2000000c        0x4 build/system_stm32f2xx.o
                0x2000000c                SystemCoreClock
 .data.uxCriticalNesting
                0x20000010        0x4 build/port.o
 .data.tcp_port
                0x20000014        0x2 build/tcp.o
 *fill*         0x20000016        0x2 
 .data.iss.0    0x20000018        0x4 build/tcp.o
 .data.udp_port
                0x2000001c        0x2 build/udp.o
 *fill*         0x2000001e        0x2 
 .data._impure_ptr
                0x20000020        0x4 c:/vsarm/armcc/10 2021.10/bin/../lib/gcc/arm-none-eabi/10.3.1/../../../../arm-none-eabi/lib/thumb/v7-m/nofp\libc_nano.a(lib_a-impure.o)
                0x20000020                _impure_ptr
 .data.impure_data
                0x20000024       0x60 c:/vsarm/armcc/10 2021.10/bin/../lib/gcc/arm-none-eabi/10.3.1/../../../../arm-none-eabi/lib/thumb/v7-m/nofp\libc_nano.a(lib_a-impure.o)
                0x20000084                . = ALIGN (0x4)
                0x20000084                _edata = .

.igot.plt       0x20000084        0x0 load address 0x08018d60
 .igot.plt      0x20000084        0x0 c:/vsarm/armcc/10 2021.10/bin/../lib/gcc/arm-none-eabi/10.3.1/thumb/v7-m/nofp/crtbegin.o
                0x20000084                . = ALIGN (0x4)

.bss            0x20000084     0xf5a4 load address 0x08018d60
                0x20000084                _sbss = .
                0x20000084                __bss_start__ = _sbss
 *(.bss)
 .bss           0x20000084       0x1c c:/vsarm/armcc/10 2021.10/bin/../lib/gcc/arm-none-eabi/10.3.1/thumb/v7-m/nofp/crtbegin.o
 *(.bss*)
 .bss.huart3    0x200000a0       0x44 build/main.o
                0x200000a0                huart3
 .bss.defaultTaskHandle
                0x200000e4        0x4 build/main.o
                0x200000e4                defaultTaskHandle
 .bss.tn_client
                0x200000e8       0x21 build/main.o
                0x200000e8                tn_client
 *fill*         0x20000109        0x3 
 .bss.telnet_instance
                0x2000010c       0x38 build/telnet_server.o
 .bss.htim4     0x20000144       0x48 build/stm32f2xx_hal_timebase_tim.o
                0x20000144                htim4
 .bss.DMARxDscrTab
                0x2000018c       0x80 build/ethernetif.o
                0x2000018c                DMARxDscrTab
 .bss.DMATxDscrTab
                0x2000020c       0x80 build/ethernetif.o
                0x2000020c                DMATxDscrTab
 .bss.Rx_Buff   0x2000028c     0x17d0 build/ethernetif.o
                0x2000028c                Rx_Buff
 .bss.Tx_Buff   0x20001a5c     0x17d0 build/ethernetif.o
                0x20001a5c                Tx_Buff
 .bss.s_xSemaphore
                0x2000322c        0x4 build/ethernetif.o
                0x2000322c                s_xSemaphore
 .bss.heth      0x20003230       0x48 build/ethernetif.o
                0x20003230                heth
 .bss.Netif_LinkSemaphore
                0x20003278        0x4 build/lwip.o
                0x20003278                Netif_LinkSemaphore
 .bss.link_arg  0x2000327c        0x8 build/lwip.o
                0x2000327c                link_arg
 .bss.gnetif    0x20003284       0x34 build/lwip.o
                0x20003284                gnetif
 .bss.ipaddr    0x200032b8        0x4 build/lwip.o
                0x200032b8                ipaddr
 .bss.netmask   0x200032bc        0x4 build/lwip.o
                0x200032bc                netmask
 .bss.gw        0x200032c0        0x4 build/lwip.o
                0x200032c0                gw
 .bss.IP_ADDRESS
                0x200032c4        0x4 build/lwip.o
                0x200032c4                IP_ADDRESS
 .bss.NETMASK_ADDRESS
                0x200032c8        0x4 build/lwip.o
                0x200032c8                NETMASK_ADDRESS
 .bss.GATEWAY_ADDRESS