Archive member included to satisfy reference by file (symbol)

c:/vsarm/armcc/10 2021.10/bin/../lib/gcc/arm-none-eabi/10.3.1/../../../../arm-none-eabi/lib/thumb/v7-m/nofp\libc_nano.a(lib_a-exit.o)
                              c:/vsarm/armcc/10 2021.10/bin/../lib/gcc/arm-none-eabi/10.3.1/../../../../arm-none-eabi/lib/thumb/v7-m/nofp/crt0.o (exit)
c:/vsarm/armcc/10 2021.10/bin/../lib/gcc/arm-none-eabi/10.3.1/../../../../arm-none-eabi/lib/thumb/v7-m/nofp\libc_nano.a(lib_a-impure.o)
                              c:/vsarm/armcc/10 2021.10/bin/../lib/gcc/arm-none-eabi/10.3.1/../../../../arm-none-eabi/lib/thumb/v7-m/nofp\libc_nano.a(lib_a-exit.o) (_global_impure_ptr)
c:/vsarm/armcc/10 2021.10/bin/../lib/gcc/arm-none-eabi/10.3.1/../../../../arm-none-eabi/lib/thumb/v7-m/nofp\libc_nano.a(lib_a-init.o)
                              c:/vsarm/armcc/10 2021.10/bin/../lib/gcc/arm-none-eabi/10.3.1/../../../../arm-none-eabi/lib/thumb/v7-m/nofp/crt0.o (__libc_init_array)
c:/vsarm/armcc/10 2021.10/bin/../lib/gcc/arm-none-eabi/10.3.1/../../../../arm-none-eabi/lib/thumb/v7-m/nofp\libc_nano.a(lib_a-memcmp.o)
                              build/main.o (memcmp)
c:/vsarm/armcc/10 2021.10/bin/../lib/gcc/arm-none-eabi/10.3.1/../../../../arm-none-eabi/lib/thumb/v7-m/nofp\libc_nano.a(lib_a-memcpy-stub.o)
                              build/main.o (memcpy)
c:/vsarm/armcc/10 2021.10/bin/../lib/gcc/arm-none-eabi/10.3.1/../../../../arm-none-eabi/lib/thumb/v7-m/nofp\libc_nano.a(lib_a-memset.o)
                              c:/vsarm/armcc/10 2021.10/bin/../lib/gcc/arm-none-eabi/10.3.1/../../../../arm-none-eabi/lib/thumb/v7-m/nofp/crt0.o (memset)
c:/vsarm/armcc/10 2021.10/bin/../lib/gcc/arm-none-eabi/10.3.1/../../../../arm-none-eabi/lib/thumb/v7-m/nofp\libc_nano.a(lib_a-printf.o)
                              build/sio.o (printf)
c:/vsarm/armcc/10 2021.10/bin/../lib/gcc/arm-none-eabi/10.3.1/../../../../arm-none-eabi/lib/thumb/v7-m/nofp\libc_nano.a(lib_a-sprintf.o)
                              build/main.o (sprintf)
c:/vsarm/armcc/10 2021.10/bin/../lib/gcc/arm-none-eabi/10.3.1/../../../../arm-none-eabi/lib/thumb/v7-m/nofp\libc_nano.a(lib_a-strlen.o)
                              build/main.o (strlen)
c:/vsarm/armcc/10 2021.10/bin/../lib/gcc/arm-none-eabi/10.3.1/../../../../arm-none-eabi/lib/thumb/v7-m/nofp\libc_nano.a(lib_a-strncmp.o)
                              build/def.o (strncmp)
c:/vsarm/armcc/10 2021.10/bin/../lib/gcc/arm-none-eabi/10.3.1/../../../../arm-none-eabi/lib/thumb/v7-m/nofp\libc_nano.a(lib_a-findfp.o)
                              c:/vsarm/armcc/10 2021.10/bin/../lib/gcc/arm-none-eabi/10.3.1/../../../../arm-none-eabi/lib/thumb/v7-m/nofp\libc_nano.a(lib_a-printf.o) (__sinit)
c:/vsarm/armcc/10 2021.10/bin/../lib/gcc/arm-none-eabi/10.3.1/../../../../arm-none-eabi/lib/thumb/v7-m/nofp\libc_nano.a(lib_a-fwalk.o)
                              c:/vsarm/armcc/10 2021.10/bin/../lib/gcc/arm-none-eabi/10.3.1/../../../../arm-none-eabi/lib/thumb/v7-m/nofp\libc_nano.a(lib_a-findfp.o) (_fwalk)
c:/vsarm/armcc/10 2021.10/bin/../lib/gcc/arm-none-eabi/10.3.1/../../../../arm-none-eabi/lib/thumb/v7-m/nofp\libc_nano.a(lib_a-lock.o)
                              c:/vsarm/armcc/10 2021.10/bin/../lib/gcc/arm-none-eabi/10.3.1/../../../../arm-none-eabi/lib/thumb/v7-m/nofp\libc_nano.a(lib_a-findfp.o) (__retarget_lock_init_recursive)
c:/vsarm/armcc/10 2021.10/bin/../lib/gcc/arm-none-eabi/10.3.1/../../../../arm-none-eabi/lib/thumb/v7-m/nofp\libc_nano.a(lib_a-nano-mallocr.o)
                              c:/vsarm/armcc/10 2021.10/bin/../lib/gcc/arm-none-eabi/10.3.1/../../../../arm-none-eabi/lib/thumb/v7-m/nofp\libc_nano.a(lib_a-findfp.o) (_malloc_r)
c:/vsarm/armcc/10 2021.10/bin/../lib/gcc/arm-none-eabi/10.3.1/../../../../arm-none-eabi/lib/thumb/v7-m/nofp\libc_nano.a(lib_a-nano-svfprintf.o)
                              c:/vsarm/armcc/10 2021.10/bin/../lib/gcc/arm-none-eabi/10.3.1/../../../../arm-none-eabi/lib/thumb/v7-m/nofp\libc_nano.a(lib_a-sprintf.o) (_svfprintf_r)
c:/vsarm/armcc/10 2021.10/bin/../lib/gcc/arm-none-eabi/10.3.1/../../../../arm-none-eabi/lib/thumb/v7-m/nofp\libc_nano.a(lib_a-nano-vfprintf.o)
                              c:/vsarm/armcc/10 2021.10/bin/../lib/gcc/arm-none-eabi/10.3.1/../../../../arm-none-eabi/lib/thumb/v7-m/nofp\libc_nano.a(lib_a-printf.o) (_vfprintf_r)
c:/vsarm/armcc/10 2021.10/bin/../lib/gcc/arm-none-eabi/10.3.1/../../../../arm-none-eabi/lib/thumb/v7-m/nofp\libc_nano.a(lib_a-nano-vfprintf_i.o)
                              c:/vsarm/armcc/10 2021.10/bin/../lib/gcc/arm-none-eabi/10.3.1/../../../../arm-none-eabi/lib/thumb/v7-m/nofp\libc_nano.a(lib_a-nano-svfprintf.o) (_printf_i)
c:/vsarm/armcc/10 2021.10/bin/../lib/gcc/arm-none-eabi/10.3.1/../../../../arm-none-eabi/lib/thumb/v7-m/nofp\libc_nano.a(lib_a-sbrkr.o)
                              c:/vsarm/armcc/10 2021.10/bin/../lib/gcc/arm-none-eabi/10.3.1/../../../../arm-none-eabi/lib/thumb/v7-m/nofp\libc_nano.a(lib_a-nano-mallocr.o) (_sbrk_r)
[...]
Memory Configuration

Name             Origin             Length             Attributes
RAM              0x20000000         0x00020000         xrw
FLASH            0x08000000         0x00100000         xr
*default*        0x00000000         0xffffffff

Linker script and memory map

LOAD c:/vsarm/armcc/10 2021.10/bin/../lib/gcc/arm-none-eabi/10.3.1/thumb/v7-m/nofp/crti.o
LOAD c:/vsarm/armcc/10 2021.10/bin/../lib/gcc/arm-none-eabi/10.3.1/thumb/v7-m/nofp/crtbegin.o
LOAD c:/vsarm/armcc/10 2021.10/bin/../lib/gcc/arm-none-eabi/10.3.1/../../../../arm-none-eabi/lib/thumb/v7-m/nofp/crt0.o
LOAD build/main.o
LOAD build/telnet_server.o
LOAD build/mcli.o
LOAD build/sio.o
LOAD build/freertos.o
LOAD build/stm32f2xx_it.o
LOAD build/stm32f2xx_hal_msp.o
LOAD build/stm32f2xx_hal_timebase_tim.o
LOAD build/ethernetif.o
LOAD build/lwip.o
LOAD build/stm32f2xx_hal_eth.o
LOAD build/stm32f2xx_hal.o
LOAD build/stm32f2xx_hal_rcc.o
LOAD build/stm32f2xx_hal_rcc_ex.o
LOAD build/stm32f2xx_hal_cortex.o
LOAD build/stm32f2xx_hal_flash.o
LOAD build/stm32f2xx_hal_flash_ex.o
LOAD build/stm32f2xx_hal_pwr.o
LOAD build/stm32f2xx_hal_pwr_ex.o
LOAD build/stm32f2xx_hal_gpio.o
LOAD build/stm32f2xx_hal_dma.o
LOAD build/stm32f2xx_hal_dma_ex.o
LOAD build/stm32f2xx_hal_exti.o
LOAD build/stm32f2xx_hal_tim.o
LOAD build/stm32f2xx_hal_tim_ex.o
LOAD build/stm32f2xx_hal_uart.o
LOAD build/system_stm32f2xx.o
LOAD build/croutine.o
LOAD build/event_groups.o
LOAD build/list.o
LOAD build/queue.o
LOAD build/stream_buffer.o
LOAD build/tasks.o
LOAD build/timers.o
LOAD build/cmsis_os2.o
LOAD build/heap_4.o
LOAD build/port.o
LOAD build/auth.o
LOAD build/ccp.o
LOAD build/chap_ms.o
LOAD build/chap-md5.o
LOAD build/chap-new.o
LOAD build/demand.o
LOAD build/eap.o
LOAD build/eui64.o
LOAD build/fsm.o
LOAD build/ipcp.o
LOAD build/ipv6cp.o
LOAD build/lcp.o
LOAD build/magic.o
LOAD build/mppe.o
LOAD build/multilink.o
LOAD build/ppp.o
LOAD build/pppapi.o
LOAD build/pppcrypt.o
LOAD build/pppoe.o
LOAD build/pppol2tp.o
LOAD build/pppos.o
LOAD build/upap.o
LOAD build/utils.o
LOAD build/vj.o
LOAD build/ethernet.o
LOAD build/slipif.o
LOAD build/lowpan6.o
LOAD build/ecp.o
LOAD build/api_lib.o
LOAD build/api_msg.o
LOAD build/err.o
LOAD build/netbuf.o
LOAD build/netdb.o
LOAD build/netifapi.o
LOAD build/sockets.o
LOAD build/tcpip.o
LOAD build/def.o
LOAD build/dns.o
LOAD build/inet_chksum.o
LOAD build/init.o
LOAD build/ip.o
LOAD build/mem.o
LOAD build/memp.o
LOAD build/netif.o
LOAD build/pbuf.o
LOAD build/raw.o
LOAD build/stats.o
LOAD build/sys.o
LOAD build/tcp.o
LOAD build/tcp_in.o
LOAD build/tcp_out.o
LOAD build/timeouts.o
LOAD build/udp.o
LOAD build/autoip.o
LOAD build/dhcp.o
LOAD build/etharp.o
LOAD build/icmp.o
LOAD build/igmp.o
LOAD build/ip4.o
LOAD build/ip4_addr.o
LOAD build/ip4_frag.o
LOAD build/dhcp6.o
LOAD build/ethip6.o
LOAD build/icmp6.o
LOAD build/inet6.o
LOAD build/ip6.o
LOAD build/ip6_addr.o
LOAD build/ip6_frag.o
LOAD build/mld6.o
LOAD build/nd6.o
LOAD build/sys_arch.o
LOAD build/mqtt.o
LOAD build/startup_stm32f207xx.o
LOAD c:/vsarm/armcc/10 2021.10/bin/../lib/gcc/arm-none-eabi/10.3.1/../../../../arm-none-eabi/lib/thumb/v7-m/nofp\libc_nano.a
LOAD c:/vsarm/armcc/10 2021.10/bin/../lib/gcc/arm-none-eabi/10.3.1/../../../../arm-none-eabi/lib/thumb/v7-m/nofp\libm.a
LOAD c:/vsarm/armcc/10 2021.10/bin/../lib/gcc/arm-none-eabi/10.3.1/../../../../arm-none-eabi/lib/thumb/v7-m/nofp\libnosys.a
START GROUP
LOAD c:/vsarm/armcc/10 2021.10/bin/../lib/gcc/arm-none-eabi/10.3.1/thumb/v7-m/nofp\libgcc.a
LOAD c:/vsarm/armcc/10 2021.10/bin/../lib/gcc/arm-none-eabi/10.3.1/../../../../arm-none-eabi/lib/thumb/v7-m/nofp\libc_nano.a
END GROUP
START GROUP
LOAD c:/vsarm/armcc/10 2021.10/bin/../lib/gcc/arm-none-eabi/10.3.1/thumb/v7-m/nofp\libgcc.a
LOAD c:/vsarm/armcc/10 2021.10/bin/../lib/gcc/arm-none-eabi/10.3.1/../../../../arm-none-eabi/lib/thumb/v7-m/nofp\libc_nano.a
END GROUP
LOAD c:/vsarm/armcc/10 2021.10/bin/../lib/gcc/arm-none-eabi/10.3.1/thumb/v7-m/nofp/crtend.o
LOAD c:/vsarm/armcc/10 2021.10/bin/../lib/gcc/arm-none-eabi/10.3.1/thumb/v7-m/nofp/crtn.o
                0x20020000                _estack = (ORIGIN (RAM) + LENGTH (RAM))
                0x00002000                _Min_Heap_Size = 0x2000
                0x00004000                _Min_Stack_Size = 0x4000

.isr_vector     0x08000000      0x184
                0x08000000                . = ALIGN (0x4)
 *(.isr_vector)
 .isr_vector    0x08000000      0x184 build/startup_stm32f207xx.o
                0x08000000                g_pfnVectors
                0x08000184                . = ALIGN (0x4)

.text           0x08000190    0x16ec0
                0x08000190                . = ALIGN (0x4)
 *(.text)
 .text          0x08000190       0x40 c:/vsarm/armcc/10 2021.10/bin/../lib/gcc/arm-none-eabi/10.3.1/thumb/v7-m/nofp/crtbegin.o
 .text          0x080001d0       0x10 c:/vsarm/armcc/10 2021.10/bin/../lib/gcc/arm-none-eabi/10.3.1/../../../../arm-none-eabi/lib/thumb/v7-m/nofp\libc_nano.a(lib_a-strlen.o)
                0x080001d0                strlen
 .text          0x080001e0       0x30 c:/vsarm/armcc/10 2021.10/bin/../lib/gcc/arm-none-eabi/10.3.1/thumb/v7-m/nofp\libgcc.a(_aeabi_uldivmod.o)
                0x080001e0                __aeabi_uldivmod
 .text          0x08000210      0x2d4 c:/vsarm/armcc/10 2021.10/bin/../lib/gcc/arm-none-eabi/10.3.1/thumb/v7-m/nofp\libgcc.a(_udivmoddi4.o)
                0x08000210                __udivmoddi4
 .text          0x080004e4        0x4 c:/vsarm/armcc/10 2021.10/bin/../lib/gcc/arm-none-eabi/10.3.1/thumb/v7-m/nofp\libgcc.a(_dvmd_tls.o)
                0x080004e4                __aeabi_idiv0
                0x080004e4                __aeabi_ldiv0
 *(.text*)
 .text.TNreceiver_callback
                0x080004e8      0x244 build/main.o
 .text.TNcommand_callback
                0x0800072c       0x16 build/main.o
 *fill*         0x08000742        0x2 
 .text.TNbegin_callback
                0x08000744       0x3c build/main.o
 .text.TNend_callback
                0x08000780       0x44 build/main.o
 .text.fun_cmd_main
                0x080007c4      0x10c build/main.o
 .text.cmd_quit
                0x080008d0       0x74 build/main.o
 .text.cmd_help
                0x08000944      0x188 build/main.o
 .text.cmd_mode_set
                0x08000acc       0x16 build/main.o
 .text.cmd_temp
                0x08000ae2       0x16 build/main.o
 .text.cmd_dist
                0x08000af8       0x16 build/main.o
 .text.cmd_cfg_set
                0x08000b0e       0x16 build/main.o
 .text.cmd_cfg_get
                0x08000b24       0x16 build/main.o
 *fill*         0x08000b3a        0x2 
 .text.main     0x08000b3c       0x3c build/main.o
                0x08000b3c                main
 .text.SystemClock_Config
                0x08000b78       0x8c build/main.o
                0x08000b78                SystemClock_Config
 .text.MX_USART3_UART_Init
                0x08000c04       0x54 build/main.o
 .text.MX_GPIO_Init
                0x08000c58      0x118 build/main.o
 .text.StartDefaultTask
                0x08000d70       0x88 build/main.o
                0x08000d70                StartDefaultTask
 .text.HAL_TIM_PeriodElapsedCallback
                0x08000df8       0x24 build/main.o
                0x08000df8                HAL_TIM_PeriodElapsedCallback
 .text.Error_Handler
                0x08000e1c        0xa build/main.o
                0x08000e1c                Error_Handler
 *fill*         0x08000e26        0x2 
 .text.telnet_create
                0x08000e28       0x44 build/telnet_server.o
                0x08000e28                telnet_create
 .text.netconn_cb
                0x08000e6c       0x58 build/telnet_server.o
 .text.srv_task
                0x08000ec4      0x100 build/telnet_server.o
 .text.wrt_task
                0x08000fc4       0xac build/telnet_server.o
 .text.rcv_task
                0x08001070       0x78 build/telnet_server.o
 .text.telnet_transmit
                0x080010e8       0xac build/telnet_server.o
                0x080010e8                telnet_transmit
 .text.process_incoming_bytes
                0x08001194      0x190 build/telnet_server.o
 .text.mcli_strlen
                0x08001324       0x54 build/mcli.o
                0x08001324                mcli_strlen
 .text.mcli_strcmp
                0x08001378       0x76 build/mcli.o
                0x08001378                mcli_strcmp
 .text._mcli_is_in
                0x080013ee       0x38 build/mcli.o
 .text.mcli_strtok
                0x08001426       0xbc build/mcli.o
                0x08001426                mcli_strtok
 *fill*         0x080014e2        0x2 
 .text.mcli_shell_parse
                0x080014e4      0x178 build/mcli.o
                0x080014e4                mcli_shell_parse
 .text.sio_open
                0x0800165c       0x68 build/sio.o
                0x0800165c                sio_open
 .text.sio_send
                0x080016c4       0x24 build/sio.o
                0x080016c4                sio_send
 .text.sio_recv
                0x080016e8       0x34 build/sio.o
                0x080016e8                sio_recv
 .text.sio_read
                0x0800171c       0x3a build/sio.o
                0x0800171c                sio_read
 *fill*         0x08001756        0x2 
 .text.USART2_IRQHandler
                0x08001758       0x84 build/sio.o
                0x08001758                USART2_IRQHandler
 .text.task_rrintErrorUart
                0x080017dc       0x3c build/sio.o
                0x080017dc                task_rrintErrorUart
 .text.NMI_Handler
                0x08001818        0x6 build/stm32f2xx_it.o
                0x08001818                NMI_Handler
 .text.HardFault_Handler
                0x0800181e        0x6 build/stm32f2xx_it.o
                0x0800181e                HardFault_Handler
 .text.MemManage_Handler
                0x08001824        0x6 build/stm32f2xx_it.o
                0x08001824                MemManage_Handler
 .text.BusFault_Handler
                0x0800182a        0x6 build/stm32f2xx_it.o
                0x0800182a                BusFault_Handler
 .text.UsageFault_Handler
                0x08001830        0x6 build/stm32f2xx_it.o
                0x08001830                UsageFault_Handler
 .text.DebugMon_Handler
                0x08001836        0xc build/stm32f2xx_it.o
                0x08001836                DebugMon_Handler
 *fill*         0x08001842        0x2 
 .text.TIM4_IRQHandler
                0x08001844       0x14 build/stm32f2xx_it.o
                0x08001844                TIM4_IRQHandler
 .text.USART3_IRQHandler
                0x08001858       0x14 build/stm32f2xx_it.o
                0x08001858                USART3_IRQHandler
 .text.ETH_IRQHandler
                0x0800186c       0x14 build/stm32f2xx_it.o
                0x0800186c                ETH_IRQHandler
 .text.HAL_MspInit
                0x08001880       0x58 build/stm32f2xx_hal_msp.o
                0x08001880                HAL_MspInit
 .text.HAL_UART_MspInit
                0x080018d8       0xa0 build/stm32f2xx_hal_msp.o
                0x080018d8                HAL_UART_MspInit
 .text.HAL_InitTick
                0x08001978       0xf8 build/stm32f2xx_hal_timebase_tim.o
                0x08001978                HAL_InitTick
 .text.HAL_ETH_MspInit
                0x08001a70      0x19c build/ethernetif.o
                0x08001a70                HAL_ETH_MspInit
 .text.HAL_ETH_RxCpltCallback
                0x08001c0c       0x20 build/ethernetif.o
                0x08001c0c                HAL_ETH_RxCpltCallback
 .text.low_level_init
                0x08001c2c      0x1a8 build/ethernetif.o
 .text.low_level_output
                0x08001dd4      0x13c build/ethernetif.o
 .text.low_level_input
                0x08001f10      0x164 build/ethernetif.o
 .text.ethernetif_input
                0x08002074       0x60 build/ethernetif.o
                0x08002074                ethernetif_input
 .text.ethernetif_init
                0x080020d4       0x5c build/ethernetif.o
                0x080020d4                ethernetif_init
 .text.sys_now  0x08002130        0xe build/ethernetif.o
                0x08002130                sys_now
 *fill*         0x0800213e        0x2 
 .text.ethernetif_set_link
                0x08002140       0x78 build/ethernetif.o
                0x08002140                ethernetif_set_link
 .text.ethernetif_update_config
                0x080021b8       0xf8 build/ethernetif.o
                0x080021b8                ethernetif_update_config
 .text.ethernetif_notify_conn_changed
                0x080022b0       0x12 build/ethernetif.o
                0x080022b0                ethernetif_notify_conn_changed
 *fill*         0x080022c2        0x2 
 .text.MX_LWIP_Init
                0x080022c4      0x2c4 build/lwip.o
                0x080022c4                MX_LWIP_Init
 .text.HAL_ETH_Init
                0x08002588      0x318 build/stm32f2xx_hal_eth.o
                0x08002588                HAL_ETH_Init
 .text.HAL_ETH_DMATxDescListInit
                0x080028a0       0xce build/stm32f2xx_hal_eth.o
                0x080028a0                HAL_ETH_DMATxDescListInit
 .text.HAL_ETH_DMARxDescListInit
                0x0800296e       0xd6 build/stm32f2xx_hal_eth.o
                0x0800296e                HAL_ETH_DMARxDescListInit
 .text.HAL_ETH_TransmitFrame
                0x08002a44      0x1d0 build/stm32f2xx_hal_eth.o
                0x08002a44                HAL_ETH_TransmitFrame
 .text.HAL_ETH_GetReceivedFrame_IT
                0x08002c14      0x10e build/stm32f2xx_hal_eth.o
                0x08002c14                HAL_ETH_GetReceivedFrame_IT
 .text.HAL_ETH_IRQHandler
                0x08002d22       0xc8 build/stm32f2xx_hal_eth.o
                0x08002d22                HAL_ETH_IRQHandler
 .text.HAL_ETH_TxCpltCallback
                0x08002dea       0x12 build/stm32f2xx_hal_eth.o
                0x08002dea                HAL_ETH_TxCpltCallback
 .text.HAL_ETH_ErrorCallback
                0x08002dfc       0x12 build/stm32f2xx_hal_eth.o
                0x08002dfc                HAL_ETH_ErrorCallback
 .text.HAL_ETH_ReadPHYRegister
                0x08002e0e       0xd0 build/stm32f2xx_hal_eth.o
                0x08002e0e                HAL_ETH_ReadPHYRegister
 .text.HAL_ETH_WritePHYRegister
                0x08002ede       0xcc build/stm32f2xx_hal_eth.o
                0x08002ede                HAL_ETH_WritePHYRegister
 .text.HAL_ETH_Start
                0x08002faa       0x5e build/stm32f2xx_hal_eth.o
                0x08002faa                HAL_ETH_Start
 .text.HAL_ETH_Stop
                0x08003008       0x5e build/stm32f2xx_hal_eth.o
                0x08003008                HAL_ETH_Stop
 *fill*         0x08003066        0x2 
 .text.HAL_ETH_ConfigMAC
                0x08003068      0x1f4 build/stm32f2xx_hal_eth.o
                0x08003068                HAL_ETH_ConfigMAC
 .text.ETH_MACDMAConfig
                0x0800325c      0x38c build/stm32f2xx_hal_eth.o
 .text.ETH_MACAddressConfig
                0x080035e8       0x6c build/stm32f2xx_hal_eth.o
 .text.ETH_MACTransmissionEnable
                0x08003654       0x3a build/stm32f2xx_hal_eth.o
 .text.ETH_MACTransmissionDisable
                0x0800368e       0x3a build/stm32f2xx_hal_eth.o
 .text.ETH_MACReceptionEnable
                0x080036c8       0x3a build/stm32f2xx_hal_eth.o
 .text.ETH_MACReceptionDisable
                0x08003702       0x3a build/stm32f2xx_hal_eth.o
 .text.ETH_DMATransmissionEnable
                0x0800373c       0x2a build/stm32f2xx_hal_eth.o
 .text.ETH_DMATransmissionDisable
                0x08003766       0x2a build/stm32f2xx_hal_eth.o
 .text.ETH_DMAReceptionEnable
                0x08003790       0x2a build/stm32f2xx_hal_eth.o
 .text.ETH_DMAReceptionDisable
                0x080037ba       0x2a build/stm32f2xx_hal_eth.o
 .text.ETH_FlushTransmitFIFO
                0x080037e4       0x4a build/stm32f2xx_hal_eth.o
 *fill*         0x0800382e        0x2 
 .text.ETH_Delay
                0x08003830       0x3c build/stm32f2xx_hal_eth.o
 .text.HAL_Init
                0x0800386c       0x44 build/stm32f2xx_hal.o
                0x0800386c                HAL_Init
 .text.HAL_IncTick
                0x080038b0       0x24 build/stm32f2xx_hal.o
                0x080038b0                HAL_IncTick
 .text.HAL_GetTick
                0x080038d4       0x14 build/stm32f2xx_hal.o
                0x080038d4                HAL_GetTick
 .text.HAL_Delay
                0x080038e8       0x48 build/stm32f2xx_hal.o
                0x080038e8                HAL_Delay
 .text.HAL_RCC_OscConfig
                0x08003930      0x49c build/stm32f2xx_hal_rcc.o
                0x08003930                HAL_RCC_OscConfig
 .text.HAL_RCC_ClockConfig
                0x08003dcc      0x1d8 build/stm32f2xx_hal_rcc.o
                0x08003dcc                HAL_RCC_ClockConfig
 .text.HAL_RCC_GetSysClockFreq
                0x08003fa4      0x218 build/stm32f2xx_hal_rcc.o
                0x08003fa4                HAL_RCC_GetSysClockFreq
 .text.HAL_RCC_GetHCLKFreq
                0x080041bc       0x14 build/stm32f2xx_hal_rcc.o
                0x080041bc                HAL_RCC_GetHCLKFreq
 .text.HAL_RCC_GetPCLK1Freq
                0x080041d0       0x44 build/stm32f2xx_hal_rcc.o
                0x080041d0                HAL_RCC_GetPCLK1Freq
 .text.HAL_RCC_GetPCLK2Freq
                0x08004214       0x44 build/stm32f2xx_hal_rcc.o
                0x08004214                HAL_RCC_GetPCLK2Freq
 .text.HAL_RCC_GetClockConfig
                0x08004258       0x60 build/stm32f2xx_hal_rcc.o
                0x08004258                HAL_RCC_GetClockConfig
 .text.__NVIC_SetPriorityGrouping
                0x080042b8       0x48 build/stm32f2xx_hal_cortex.o
 .text.__NVIC_GetPriorityGrouping
                0x08004300       0x1c build/stm32f2xx_hal_cortex.o
 .text.__NVIC_EnableIRQ
                0x0800431c       0x38 build/stm32f2xx_hal_cortex.o
 .text.__NVIC_SetPriority
                0x08004354       0x54 build/stm32f2xx_hal_cortex.o
 .text.NVIC_EncodePriority
                0x080043a8       0x64 build/stm32f2xx_hal_cortex.o
 .text.HAL_NVIC_SetPriorityGrouping
                0x0800440c       0x16 build/stm32f2xx_hal_cortex.o
                0x0800440c                HAL_NVIC_SetPriorityGrouping
 .text.HAL_NVIC_SetPriority
                0x08004422       0x38 build/stm32f2xx_hal_cortex.o
                0x08004422                HAL_NVIC_SetPriority
 .text.HAL_NVIC_EnableIRQ
                0x0800445a       0x1c build/stm32f2xx_hal_cortex.o
                0x0800445a                HAL_NVIC_EnableIRQ
 *fill*         0x08004476        0x2 
 .text.HAL_GPIO_Init
                0x08004478      0x33c build/stm32f2xx_hal_gpio.o
                0x08004478                HAL_GPIO_Init
 .text.HAL_GPIO_WritePin
                0x080047b4       0x30 build/stm32f2xx_hal_gpio.o
                0x080047b4                HAL_GPIO_WritePin
 .text.HAL_DMA_Abort
                0x080047e4       0xe0 build/stm32f2xx_hal_dma.o
                0x080047e4                HAL_DMA_Abort
 .text.HAL_DMA_Abort_IT
                0x080048c4       0x42 build/stm32f2xx_hal_dma.o
                0x080048c4                HAL_DMA_Abort_IT
 .text.HAL_TIM_Base_Init
                0x08004906       0x9e build/stm32f2xx_hal_tim.o
                0x08004906                HAL_TIM_Base_Init
 .text.HAL_TIM_Base_MspInit
                0x080049a4       0x12 build/stm32f2xx_hal_tim.o
                0x080049a4                HAL_TIM_Base_MspInit
 *fill*         0x080049b6        0x2 
 .text.HAL_TIM_Base_Start_IT
                0x080049b8       0xdc build/stm32f2xx_hal_tim.o
                0x080049b8                HAL_TIM_Base_Start_IT
 .text.HAL_TIM_IRQHandler
                0x08004a94      0x210 build/stm32f2xx_hal_tim.o
                0x08004a94                HAL_TIM_IRQHandler
 .text.HAL_TIM_OC_DelayElapsedCallback
                0x08004ca4       0x12 build/stm32f2xx_hal_tim.o
                0x08004ca4                HAL_TIM_OC_DelayElapsedCallback
 .text.HAL_TIM_IC_CaptureCallback
                0x08004cb6       0x12 build/stm32f2xx_hal_tim.o
                0x08004cb6                HAL_TIM_IC_CaptureCallback
 .text.HAL_TIM_PWM_PulseFinishedCallback
                0x08004cc8       0x12 build/stm32f2xx_hal_tim.o
                0x08004cc8                HAL_TIM_PWM_PulseFinishedCallback
 .text.HAL_TIM_TriggerCallback
                0x08004cda       0x12 build/stm32f2xx_hal_tim.o
                0x08004cda                HAL_TIM_TriggerCallback
 .text.TIM_Base_SetConfig
                0x08004cec      0x13c build/stm32f2xx_hal_tim.o
                0x08004cec                TIM_Base_SetConfig
 .text.HAL_TIMEx_CommutCallback
                0x08004e28       0x12 build/stm32f2xx_hal_tim_ex.o
                0x08004e28                HAL_TIMEx_CommutCallback
 .text.HAL_TIMEx_BreakCallback
                0x08004e3a       0x12 build/stm32f2xx_hal_tim_ex.o
                0x08004e3a                HAL_TIMEx_BreakCallback
 .text.HAL_UART_Init
                0x08004e4c       0x9a build/stm32f2xx_hal_uart.o
                0x08004e4c                HAL_UART_Init
 .text.HAL_UART_Transmit
                0x08004ee6      0x124 build/stm32f2xx_hal_uart.o
                0x08004ee6                HAL_UART_Transmit
 *fill*         0x0800500a        0x2 
 .text.HAL_UART_IRQHandler
                0x0800500c      0x358 build/stm32f2xx_hal_uart.o
                0x0800500c                HAL_UART_IRQHandler
 .text.HAL_UART_TxCpltCallback
                0x08005364       0x12 build/stm32f2xx_hal_uart.o
                0x08005364                HAL_UART_TxCpltCallback
 .text.HAL_UART_RxCpltCallback
                0x08005376       0x12 build/stm32f2xx_hal_uart.o
                0x08005376                HAL_UART_RxCpltCallback
 .text.HAL_UART_ErrorCallback
                0x08005388       0x12 build/stm32f2xx_hal_uart.o
                0x08005388                HAL_UART_ErrorCallback
 .text.HAL_UARTEx_RxEventCallback
                0x0800539a       0x16 build/stm32f2xx_hal_uart.o
                0x0800539a                HAL_UARTEx_RxEventCallback
 .text.UART_WaitOnFlagUntilTimeout
                0x080053b0       0x94 build/stm32f2xx_hal_uart.o
 .text.UART_EndRxTransfer
                0x08005444       0x58 build/stm32f2xx_hal_uart.o
 .text.UART_DMAAbortOnError
                0x0800549c       0x28 build/stm32f2xx_hal_uart.o
 .text.UART_Transmit_IT
                0x080054c4       0x9e build/stm32f2xx_hal_uart.o
 .text.UART_EndTransmit_IT
                0x08005562       0x30 build/stm32f2xx_hal_uart.o
 .text.UART_Receive_IT
                0x08005592      0x152 build/stm32f2xx_hal_uart.o
 .text.UART_SetConfig
                0x080056e4      0x1d4 build/stm32f2xx_hal_uart.o
 .text.SystemInit
                0x080058b8        0xc build/system_stm32f2xx.o
                0x080058b8                SystemInit
 .text.vListInitialise
                0x080058c4       0x3e build/list.o
                0x080058c4                vListInitialise
 .text.vListInitialiseItem
                0x08005902       0x18 build/list.o
                0x08005902                vListInitialiseItem
 .text.vListInsertEnd
                0x0800591a       0x46 build/list.o
                0x0800591a                vListInsertEnd
 .text.vListInsert
                0x08005960       0x70 build/list.o
                0x08005960                vListInsert
 .text.uxListRemove
                0x080059d0       0x52 build/list.o
                0x080059d0                uxListRemove
 *fill*         0x08005a22        0x2 
 .text.xQueueGenericReset
                0x08005a24       0xd0 build/queue.o
                0x08005a24                xQueueGenericReset
 .text.xQueueGenericCreateStatic
                0x08005af4       0xee build/queue.o
                0x08005af4                xQueueGenericCreateStatic
 .text.xQueueGenericCreate
                0x08005be2       0x7c build/queue.o
                0x08005be2                xQueueGenericCreate
 .text.prvInitialiseNewQueue
                0x08005c5e       0x46 build/queue.o
 .text.prvInitialiseMutex
                0x08005ca4       0x34 build/queue.o
 .text.xQueueCreateMutex
                0x08005cd8       0x30 build/queue.o
                0x08005cd8                xQueueCreateMutex
 .text.xQueueCreateMutexStatic
                0x08005d08       0x36 build/queue.o
                0x08005d08                xQueueCreateMutexStatic
 .text.xQueueGiveMutexRecursive
                0x08005d3e       0x68 build/queue.o
                0x08005d3e                xQueueGiveMutexRecursive
 .text.xQueueTakeMutexRecursive
                0x08005da6       0x6c build/queue.o
                0x08005da6                xQueueTakeMutexRecursive
 .text.xQueueCreateCountingSemaphoreStatic
                0x08005e12       0x6e build/queue.o
                0x08005e12                xQueueCreateCountingSemaphoreStatic
 .text.xQueueCreateCountingSemaphore
                0x08005e80       0x66 build/queue.o
                0x08005e80                xQueueCreateCountingSemaphore
 *fill*         0x08005ee6        0x2 
 .text.xQueueGenericSend
                0x08005ee8      0x1fc build/queue.o
                0x08005ee8                xQueueGenericSend
 .text.xQueueGenericSendFromISR
                0x080060e4      0x130 build/queue.o
                0x080060e4                xQueueGenericSendFromISR
 .text.xQueueGiveFromISR
                0x08006214      0x11a build/queue.o
                0x08006214                xQueueGiveFromISR
 *fill*         0x0800632e        0x2 
 .text.xQueueReceive
                0x08006330      0x1c0 build/queue.o
                0x08006330                xQueueReceive
 .text.xQueueSemaphoreTake
                0x080064f0      0x218 build/queue.o
                0x080064f0                xQueueSemaphoreTake
 .text.xQueueReceiveFromISR
                0x08006708      0x100 build/queue.o
                0x08006708                xQueueReceiveFromISR
 .text.uxQueueMessagesWaiting
                0x08006808       0x3c build/queue.o
                0x08006808                uxQueueMessagesWaiting
 .text.uxQueueMessagesWaitingFromISR
                0x08006844       0x36 build/queue.o
                0x08006844                uxQueueMessagesWaitingFromISR
 .text.vQueueDelete
                0x0800687a       0x46 build/queue.o
                0x0800687a                vQueueDelete
 .text.prvGetDisinheritPriorityAfterTimeout
                0x080068c0       0x2e build/queue.o
 .text.prvCopyDataToQueue
                0x080068ee       0xd4 build/queue.o
 .text.prvCopyDataFromQueue
                0x080069c2       0x4c build/queue.o
 .text.prvUnlockQueue
                0x08006a0e       0xa4 build/queue.o
 .text.prvIsQueueEmpty
                0x08006ab2       0x2c build/queue.o
 .text.prvIsQueueFull
                0x08006ade       0x30 build/queue.o
 *fill*         0x08006b0e        0x2 
 .text.vQueueAddToRegistry
                0x08006b10       0x50 build/queue.o
                0x08006b10                vQueueAddToRegistry
 .text.vQueueUnregisterQueue
                0x08006b60       0x54 build/queue.o
                0x08006b60                vQueueUnregisterQueue
 .text.vQueueWaitForMessageRestricted
                0x08006bb4       0x68 build/queue.o
                0x08006bb4                vQueueWaitForMessageRestricted
 .text.xTaskCreateStatic
                0x08006c1c       0xb8 build/tasks.o
                0x08006c1c                xTaskCreateStatic
 .text.xTaskCreate
                0x08006cd4       0x8a build/tasks.o
                0x08006cd4                xTaskCreate
 .text.prvInitialiseNewTask
                0x08006d5e      0x10e build/tasks.o
 .text.prvAddNewTaskToReadyList
                0x08006e6c       0xe0 build/tasks.o
 .text.vTaskDelay
                0x08006f4c       0x68 build/tasks.o
                0x08006f4c                vTaskDelay
 .text.vTaskStartScheduler
                0x08006fb4       0xcc build/tasks.o
                0x08006fb4                vTaskStartScheduler
 .text.vTaskSuspendAll
                0x08007080       0x1c build/tasks.o
                0x08007080                vTaskSuspendAll
 .text.xTaskResumeAll
                0x0800709c      0x13c build/tasks.o
                0x0800709c                xTaskResumeAll
 .text.xTaskGetTickCount
                0x080071d8       0x1c build/tasks.o
                0x080071d8                xTaskGetTickCount
 .text.xTaskGetTickCountFromISR
                0x080071f4       0x24 build/tasks.o
                0x080071f4                xTaskGetTickCountFromISR
 .text.xTaskIncrementTick
                0x08007218      0x17c build/tasks.o
                0x08007218                xTaskIncrementTick
 .text.vTaskSwitchContext
                0x08007394       0xb8 build/tasks.o
                0x08007394                vTaskSwitchContext
 .text.vTaskPlaceOnEventList
                0x0800744c       0x48 build/tasks.o
                0x0800744c                vTaskPlaceOnEventList
 .text.vTaskPlaceOnEventListRestricted
                0x08007494       0x58 build/tasks.o
                0x08007494                vTaskPlaceOnEventListRestricted
 .text.xTaskRemoveFromEventList
                0x080074ec       0xc8 build/tasks.o
                0x080074ec                xTaskRemoveFromEventList
 .text.vTaskInternalSetTimeOutState
                0x080075b4       0x2c build/tasks.o
                0x080075b4                vTaskInternalSetTimeOutState
 .text.xTaskCheckForTimeOut
                0x080075e0       0xc4 build/tasks.o
                0x080075e0                xTaskCheckForTimeOut
 .text.vTaskMissedYield
                0x080076a4       0x18 build/tasks.o
                0x080076a4                vTaskMissedYield
 .text.prvIdleTask
                0x080076bc       0x30 build/tasks.o
 .text.prvInitialiseTaskLists
                0x080076ec       0x80 build/tasks.o
 .text.prvCheckTasksWaitingTermination
                0x0800776c       0x5c build/tasks.o
 .text.prvDeleteTCB
                0x080077c8       0x5e build/tasks.o
 *fill*         0x08007826        0x2 
 .text.prvResetNextTaskUnblockTime
                0x08007828       0x48 build/tasks.o
 .text.xTaskGetCurrentTaskHandle
                0x08007870       0x1c build/tasks.o
                0x08007870                xTaskGetCurrentTaskHandle
 .text.xTaskGetSchedulerState
                0x0800788c       0x3c build/tasks.o
                0x0800788c                xTaskGetSchedulerState
 .text.xTaskPriorityInherit
                0x080078c8       0xdc build/tasks.o
                0x080078c8                xTaskPriorityInherit
 .text.xTaskPriorityDisinherit
                0x080079a4       0xdc build/tasks.o
                0x080079a4                xTaskPriorityDisinherit
 .text.vTaskPriorityDisinheritAfterTimeout
                0x08007a80      0x10c build/tasks.o
                0x08007a80                vTaskPriorityDisinheritAfterTimeout
 .text.pvTaskIncrementMutexHeldCount
                0x08007b8c       0x28 build/tasks.o
                0x08007b8c                pvTaskIncrementMutexHeldCount
 .text.prvAddCurrentTaskToDelayedList
                0x08007bb4       0xa8 build/tasks.o
 .text.xTimerCreateTimerTask
                0x08007c5c       0x90 build/timers.o
                0x08007c5c                xTimerCreateTimerTask
 .text.xTimerGenericCommand
                0x08007cec       0x9c build/timers.o
                0x08007cec                xTimerGenericCommand
 .text.prvProcessExpiredTimer
                0x08007d88       0x80 build/timers.o
 .text.prvTimerTask
                0x08007e08       0x24 build/timers.o
 .text.prvProcessTimerOrBlockTask
                0x08007e2c       0x9c build/timers.o
 .text.prvGetNextExpireTime
                0x08007ec8       0x48 build/timers.o
 .text.prvSampleTimeNow
                0x08007f10       0x40 build/timers.o
 .text.prvInsertTimerInActiveList
                0x08007f50       0x84 build/timers.o
 .text.prvProcessReceivedCommands
                0x08007fd4      0x168 build/timers.o
 .text.prvSwitchTimerLists
                0x0800813c       0xc4 build/timers.o
 .text.prvCheckForValidListAndQueue
                0x08008200       0x80 build/timers.o
 .text.osKernelInitialize
                0x08008280       0x64 build/cmsis_os2.o
                0x08008280                osKernelInitialize
 .text.osKernelStart
                0x080082e4       0x68 build/cmsis_os2.o
                0x080082e4                osKernelStart
 .text.osKernelGetTickCount
                0x0800834c       0x50 build/cmsis_os2.o
                0x0800834c                osKernelGetTickCount
 .text.osThreadNew
                0x0800839c      0x154 build/cmsis_os2.o
                0x0800839c                osThreadNew
 .text.osDelay  0x080084f0       0x5c build/cmsis_os2.o
                0x080084f0                osDelay
 .text.osMutexNew
                0x0800854c      0x134 build/cmsis_os2.o
                0x0800854c                osMutexNew
 .text.osMutexAcquire
                0x08008680       0xbc build/cmsis_os2.o
                0x08008680                osMutexAcquire
 .text.osMutexRelease
                0x0800873c       0xa0 build/cmsis_os2.o
                0x0800873c                osMutexRelease
 .text.osSemaphoreNew
                0x080087dc      0x138 build/cmsis_os2.o
                0x080087dc                osSemaphoreNew
 .text.osSemaphoreAcquire
                0x08008914       0xcc build/cmsis_os2.o
                0x08008914                osSemaphoreAcquire
 .text.osSemaphoreRelease
                0x080089e0       0xb0 build/cmsis_os2.o
                0x080089e0                osSemaphoreRelease
 .text.osSemaphoreDelete
                0x08008a90       0x6c build/cmsis_os2.o
                0x08008a90                osSemaphoreDelete
 .text.osMessageQueueNew
                0x08008afc      0x10c build/cmsis_os2.o
                0x08008afc                osMessageQueueNew
 .text.osMessageQueuePut
                0x08008c08       0xe8 build/cmsis_os2.o
                0x08008c08                osMessageQueuePut
 .text.osMessageQueueGet
                0x08008cf0       0xe4 build/cmsis_os2.o
                0x08008cf0                osMessageQueueGet
 .text.osMessageQueueGetCount
                0x08008dd4       0x64 build/cmsis_os2.o
                0x08008dd4                osMessageQueueGetCount
 .text.osMessageQueueDelete
                0x08008e38       0x6c build/cmsis_os2.o
                0x08008e38                osMessageQueueDelete
 .text.vApplicationGetIdleTaskMemory
                0x08008ea4       0x30 build/cmsis_os2.o
                0x08008ea4                vApplicationGetIdleTaskMemory
 .text.vApplicationGetTimerTaskMemory
                0x08008ed4       0x34 build/cmsis_os2.o
                0x08008ed4                vApplicationGetTimerTaskMemory
 .text.pvPortMalloc
                0x08008f08      0x188 build/heap_4.o
                0x08008f08                pvPortMalloc
 .text.vPortFree
                0x08009090       0xb4 build/heap_4.o
                0x08009090                vPortFree
 .text.prvHeapInit
                0x08009144       0xc4 build/heap_4.o
 .text.prvInsertBlockIntoFreeList
                0x08009208       0xb0 build/heap_4.o
 .text.pxPortInitialiseStack
                0x080092b8       0x58 build/port.o
                0x080092b8                pxPortInitialiseStack
 .text.prvTaskExitError
                0x08009310       0x58 build/port.o
 *fill*         0x08009368        0x8 
 .text.SVC_Handler
                0x08009370       0x28 build/port.o
                0x08009370                SVC_Handler
 .text.prvPortStartFirstTask
                0x08009398       0x20 build/port.o
 .text.xPortStartScheduler
                0x080093b8       0xe4 build/port.o
                0x080093b8                xPortStartScheduler
 .text.vPortEnterCritical
                0x0800949c       0x60 build/port.o
                0x0800949c                vPortEnterCritical
 .text.vPortExitCritical
                0x080094fc       0x50 build/port.o
                0x080094fc                vPortExitCritical
 *fill*         0x0800954c        0x4 
 .text.PendSV_Handler
                0x08009550       0x48 build/port.o
                0x08009550                PendSV_Handler
 .text.SysTick_Handler
                0x08009598       0x44 build/port.o
                0x08009598                SysTick_Handler
 .text.vPortSetupTimerInterrupt
                0x080095dc       0x44 build/port.o
                0x080095dc                vPortSetupTimerInterrupt
 .text.vPortValidateInterruptPriority
                0x08009620       0x7c build/port.o
                0x08009620                vPortValidateInterruptPriority
 .text.ethernet_input
                0x0800969c      0x12c build/ethernet.o
                0x0800969c                ethernet_input
 .text.ethernet_output
                0x080097c8       0x90 build/ethernet.o
                0x080097c8                ethernet_output
 .text.slipif_output
                0x08009858      0x104 build/slipif.o
 .text.slipif_output_v4
                0x0800995c       0x1e build/slipif.o
 *fill*         0x0800997a        0x2 
 .text.slipif_rxbyte
                0x0800997c      0x19c build/slipif.o
 .text.slipif_rxbyte_input
                0x08009b18       0x3c build/slipif.o
 .text.slipif_loop_thread
                0x08009b54       0x34 build/slipif.o
 .text.slipif_init
                0x08009b88       0xc4 build/slipif.o
                0x08009b88                slipif_init
 .text.netconn_apimsg
                0x08009c4c       0x3a build/api_lib.o
 *fill*         0x08009c86        0x2 
 .text.netconn_new_with_proto_and_callback
                0x08009c88       0xf4 build/api_lib.o
                0x08009c88                netconn_new_with_proto_and_callback
 .text.netconn_delete
                0x08009d7c       0x4c build/api_lib.o
                0x08009d7c                netconn_delete
 .text.netconn_bind
                0x08009dc8       0x70 build/api_lib.o
                0x08009dc8                netconn_bind
 .text.netconn_listen_with_backlog
                0x08009e38       0x58 build/api_lib.o
                0x08009e38                netconn_listen_with_backlog
 .text.netconn_accept
                0x08009e90       0xf8 build/api_lib.o
                0x08009e90                netconn_accept
 .text.netconn_recv_data
                0x08009f88      0x1a4 build/api_lib.o
 .text.netconn_recv
                0x0800a12c       0xf0 build/api_lib.o
                0x0800a12c                netconn_recv
 .text.netconn_write_partly
                0x0800a21c       0xf0 build/api_lib.o
                0x0800a21c                netconn_write_partly
 .text.netconn_close_shutdown
                0x0800a30c       0x60 build/api_lib.o
 .text.netconn_close
                0x0800a36c       0x1a build/api_lib.o
                0x0800a36c                netconn_close
 *fill*         0x0800a386        0x2 
 .text.recv_udp
                0x0800a388       0xfc build/api_msg.o
 .text.recv_tcp
                0x0800a484      0x110 build/api_msg.o
 .text.poll_tcp
                0x0800a594       0xc8 build/api_msg.o
 .text.sent_tcp
                0x0800a65c       0xa8 build/api_msg.o
 .text.err_tcp  0x0800a704      0x1e0 build/api_msg.o
 .text.setup_tcp
                0x0800a8e4       0x50 build/api_msg.o
 .text.accept_function
                0x0800a934      0x148 build/api_msg.o
 .text.pcb_new  0x0800aa7c       0xd4 build/api_msg.o
 .text.lwip_netconn_do_newconn
                0x0800ab50       0x58 build/api_msg.o
                0x0800ab50                lwip_netconn_do_newconn
 .text.netconn_alloc
                0x0800aba8       0xe0 build/api_msg.o
                0x0800aba8                netconn_alloc
 .text.netconn_free
                0x0800ac88       0x94 build/api_msg.o
                0x0800ac88                netconn_free
 .text.netconn_drain
                0x0800ad1c      0x100 build/api_msg.o
 .text.lwip_netconn_do_close_internal
                0x0800ae1c      0x2f8 build/api_msg.o
 .text.lwip_netconn_do_delconn
                0x0800b114      0x204 build/api_msg.o
                0x0800b114                lwip_netconn_do_delconn
 .text.lwip_netconn_do_bind
                0x0800b318       0xc2 build/api_msg.o
                0x0800b318                lwip_netconn_do_bind
 *fill*         0x0800b3da        0x2 
 .text.lwip_netconn_do_listen
                0x0800b3dc      0x184 build/api_msg.o
                0x0800b3dc                lwip_netconn_do_listen
 .text.lwip_netconn_do_recv
                0x0800b560       0x98 build/api_msg.o
                0x0800b560                lwip_netconn_do_recv
 .text.lwip_netconn_do_writemore
                0x0800b5f8      0x348 build/api_msg.o
 .text.lwip_netconn_do_write
                0x0800b940      0x160 build/api_msg.o
                0x0800b940                lwip_netconn_do_write
 .text.lwip_netconn_do_close
                0x0800baa0      0x150 build/api_msg.o
                0x0800baa0                lwip_netconn_do_close
 .text.netbuf_delete
                0x0800bbf0       0x3e build/netbuf.o
                0x0800bbf0                netbuf_delete
 *fill*         0x0800bc2e        0x2 
 .text.netbuf_data
                0x0800bc30       0x94 build/netbuf.o
                0x0800bc30                netbuf_data
 .text.netbuf_next
                0x0800bcc4       0x60 build/netbuf.o
                0x0800bcc4                netbuf_next
 .text.tcpip_thread
                0x0800bd24       0xd4 build/tcpip.o
 .text.tcpip_inpkt
                0x0800bdf8       0x88 build/tcpip.o
                0x0800bdf8                tcpip_inpkt
 .text.tcpip_input
                0x0800be80       0x44 build/tcpip.o
                0x0800be80                tcpip_input
 .text.tcpip_callback_with_block
                0x0800bec4       0x94 build/tcpip.o
                0x0800bec4                tcpip_callback_with_block
 .text.tcpip_send_msg_wait_sem
                0x0800bf58       0x2c build/tcpip.o
                0x0800bf58                tcpip_send_msg_wait_sem
 .text.tcpip_init
                0x0800bf84       0x94 build/tcpip.o
                0x0800bf84                tcpip_init
 .text.lwip_htons
                0x0800c018       0x1a build/def.o
                0x0800c018                lwip_htons
 .text.lwip_htonl
                0x0800c032       0x30 build/def.o
                0x0800c032                lwip_htonl
 .text.lwip_init
                0x0800c062       0x2e build/init.o
                0x0800c062                lwip_init
 .text.plug_holes
                0x0800c090      0x130 build/mem.o
 .text.mem_init
                0x0800c1c0       0xa0 build/mem.o
                0x0800c1c0                mem_init
 .text.mem_free
                0x0800c260       0xdc build/mem.o
                0x0800c260                mem_free
 .text.mem_trim
                0x0800c33c      0x1d4 build/mem.o
                0x0800c33c                mem_trim
 .text.mem_malloc
                0x0800c510      0x1e8 build/mem.o
                0x0800c510                mem_malloc
 .text.memp_init_pool
                0x0800c6f8       0x5e build/memp.o
                0x0800c6f8                memp_init_pool
 *fill*         0x0800c756        0x2 
 .text.memp_init
                0x0800c758       0x34 build/memp.o
                0x0800c758                memp_init
 .text.do_memp_malloc_pool
                0x0800c78c       0x64 build/memp.o
 .text.memp_malloc
                0x0800c7f0       0x4c build/memp.o
                0x0800c7f0                memp_malloc
 .text.do_memp_free_pool
                0x0800c83c       0x58 build/memp.o
 .text.memp_free
                0x0800c894       0x54 build/memp.o
                0x0800c894                memp_free
 .text.netif_init
                0x0800c8e8        0xc build/netif.o
                0x0800c8e8                netif_init
 .text.netif_add
                0x0800c8f4       0xb0 build/netif.o
                0x0800c8f4                netif_add
 .text.netif_set_addr
                0x0800c9a4       0x58 build/netif.o
                0x0800c9a4                netif_set_addr
 .text.netif_set_ipaddr
                0x0800c9fc       0x70 build/netif.o
                0x0800c9fc                netif_set_ipaddr
 .text.netif_set_gw
                0x0800ca6c       0x26 build/netif.o
                0x0800ca6c                netif_set_gw
 .text.netif_set_netmask
                0x0800ca92       0x26 build/netif.o
                0x0800ca92                netif_set_netmask
 .text.netif_set_default
                0x0800cab8       0x1c build/netif.o
                0x0800cab8                netif_set_default
 .text.netif_set_up
                0x0800cad4       0x46 build/netif.o
                0x0800cad4                netif_set_up
 .text.netif_issue_reports
                0x0800cb1a       0x42 build/netif.o
 .text.netif_set_down
                0x0800cb5c       0x44 build/netif.o
                0x0800cb5c                netif_set_down
 .text.netif_set_link_up
                0x0800cba0       0x56 build/netif.o
                0x0800cba0                netif_set_link_up
 .text.netif_set_link_down
                0x0800cbf6       0x40 build/netif.o
                0x0800cbf6                netif_set_link_down
 .text.netif_set_link_callback
                0x0800cc36       0x20 build/netif.o
                0x0800cc36                netif_set_link_callback
 *fill*         0x0800cc56        0x2 
 .text.pbuf_free_ooseq
                0x0800cc58       0x54 build/pbuf.o
 .text.pbuf_free_ooseq_callback
                0x0800ccac       0x14 build/pbuf.o
 .text.pbuf_pool_is_empty
                0x0800ccc0       0x58 build/pbuf.o
 .text.pbuf_alloc
                0x0800cd18      0x334 build/pbuf.o
                0x0800cd18                pbuf_alloc
 .text.pbuf_alloced_custom
                0x0800d04c       0xd4 build/pbuf.o
                0x0800d04c                pbuf_alloced_custom
 .text.pbuf_realloc
                0x0800d120      0x15c build/pbuf.o
                0x0800d120                pbuf_realloc
 .text.pbuf_header_impl
                0x0800d27c      0x144 build/pbuf.o
 .text.pbuf_header
                0x0800d3c0       0x24 build/pbuf.o
                0x0800d3c0                pbuf_header
 .text.pbuf_header_force
                0x0800d3e4       0x24 build/pbuf.o
                0x0800d3e4                pbuf_header_force
 .text.pbuf_free
                0x0800d408      0x134 build/pbuf.o
                0x0800d408                pbuf_free
 .text.pbuf_clen
                0x0800d53c       0x2c build/pbuf.o
                0x0800d53c                pbuf_clen
 .text.pbuf_ref
                0x0800d568       0x50 build/pbuf.o
                0x0800d568                pbuf_ref
 .text.pbuf_cat
                0x0800d5b8       0xac build/pbuf.o
                0x0800d5b8                pbuf_cat
 .text.pbuf_copy
                0x0800d664      0x198 build/pbuf.o
                0x0800d664                pbuf_copy
 .text.pbuf_copy_partial
                0x0800d7fc       0xf4 build/pbuf.o
                0x0800d7fc                pbuf_copy_partial
 .text.tcp_init
                0x0800d8f0        0xc build/tcp.o
                0x0800d8f0                tcp_init
 .text.tcp_tmr  0x0800d8fc       0x2c build/tcp.o
                0x0800d8fc                tcp_tmr
 .text.tcp_remove_listener
                0x0800d928       0x38 build/tcp.o
 .text.tcp_listen_closed
                0x0800d960       0x70 build/tcp.o
 .text.tcp_close_shutdown
                0x0800d9d0      0x1d4 build/tcp.o
 .text.tcp_close_shutdown_fin
                0x0800dba4       0xd4 build/tcp.o
 .text.tcp_close
                0x0800dc78       0x30 build/tcp.o
                0x0800dc78                tcp_close
 .text.tcp_shutdown
                0x0800dca8       0x90 build/tcp.o
                0x0800dca8                tcp_shutdown
 .text.tcp_abandon
                0x0800dd38      0x164 build/tcp.o
                0x0800dd38                tcp_abandon
 .text.tcp_abort
                0x0800de9c       0x18 build/tcp.o
                0x0800de9c                tcp_abort
 .text.tcp_bind
                0x0800deb4      0x124 build/tcp.o
                0x0800deb4                tcp_bind
 .text.tcp_accept_null
                0x0800dfd8       0x20 build/tcp.o
 .text.tcp_listen_with_backlog_and_err
                0x0800dff8      0x130 build/tcp.o
                0x0800dff8                tcp_listen_with_backlog_and_err
 .text.tcp_update_rcv_ann_wnd
                0x0800e128       0x9c build/tcp.o
                0x0800e128                tcp_update_rcv_ann_wnd
 .text.tcp_recved
                0x0800e1c4       0xb4 build/tcp.o
                0x0800e1c4                tcp_recved
 .text.tcp_new_port
                0x0800e278       0x88 build/tcp.o
 .text.tcp_slowtmr
                0x0800e300      0x584 build/tcp.o
                0x0800e300                tcp_slowtmr
 .text.tcp_fasttmr
                0x0800e884       0xc8 build/tcp.o
                0x0800e884                tcp_fasttmr
 .text.tcp_process_refused_data
                0x0800e94c       0xd2 build/tcp.o
                0x0800e94c                tcp_process_refused_data
 .text.tcp_segs_free
                0x0800ea1e       0x2a build/tcp.o
                0x0800ea1e                tcp_segs_free
 .text.tcp_seg_free
                0x0800ea48       0x30 build/tcp.o
                0x0800ea48                tcp_seg_free
 .text.tcp_seg_copy
                0x0800ea78       0x38 build/tcp.o
                0x0800ea78                tcp_seg_copy
 .text.tcp_recv_null
                0x0800eab0       0x44 build/tcp.o
                0x0800eab0                tcp_recv_null
 .text.tcp_kill_prio
                0x0800eaf4       0x84 build/tcp.o
 .text.tcp_kill_state
                0x0800eb78       0x94 build/tcp.o
 .text.tcp_kill_timewait
                0x0800ec0c       0x60 build/tcp.o
 .text.tcp_alloc
                0x0800ec6c      0x104 build/tcp.o
                0x0800ec6c                tcp_alloc
 .text.tcp_new_ip_type
                0x0800ed70       0x1c build/tcp.o
                0x0800ed70                tcp_new_ip_type
 .text.tcp_arg  0x0800ed8c       0x20 build/tcp.o
                0x0800ed8c                tcp_arg
 .text.tcp_recv
                0x0800edac       0x44 build/tcp.o
                0x0800edac                tcp_recv
 .text.tcp_sent
                0x0800edf0       0x40 build/tcp.o
                0x0800edf0                tcp_sent
 .text.tcp_err  0x0800ee30       0x44 build/tcp.o
                0x0800ee30                tcp_err
 .text.tcp_accept
                0x0800ee74       0x2c build/tcp.o
                0x0800ee74                tcp_accept
 .text.tcp_poll
                0x0800eea0       0x48 build/tcp.o
                0x0800eea0                tcp_poll
 .text.tcp_pcb_purge
                0x0800eee8       0x82 build/tcp.o
                0x0800eee8                tcp_pcb_purge
 *fill*         0x0800ef6a        0x2 
 .text.tcp_pcb_remove
                0x0800ef6c       0xf8 build/tcp.o
                0x0800ef6c                tcp_pcb_remove
 .text.tcp_next_iss
                0x0800f064       0x2c build/tcp.o
                0x0800f064                tcp_next_iss
 .text.tcp_eff_send_mss_impl
                0x0800f090       0x48 build/tcp.o
                0x0800f090                tcp_eff_send_mss_impl
 .text.tcp_netif_ip_addr_changed_pcblist
                0x0800f0d8       0x44 build/tcp.o
 .text.tcp_netif_ip_addr_changed
                0x0800f11c       0x80 build/tcp.o
                0x0800f11c                tcp_netif_ip_addr_changed
 .text.tcp_input
                0x0800f19c      0x790 build/tcp_in.o
                0x0800f19c                tcp_input
 .text.tcp_input_delayed_close
                0x0800f92c       0x64 build/tcp_in.o
 .text.tcp_listen_input
                0x0800f990      0x1c0 build/tcp_in.o
 .text.tcp_timewait_input
                0x0800fb50       0xd0 build/tcp_in.o
 .text.tcp_process
                0x0800fc20      0x768 build/tcp_in.o
 .text.tcp_oos_insert_segment
                0x08010388       0xec build/tcp_in.o
 .text.tcp_receive
                0x08010474      0xff4 build/tcp_in.o
 .text.tcp_getoptbyte
                0x08011468       0x74 build/tcp_in.o
 .text.tcp_parseopt
                0x080114dc       0xcc build/tcp_in.o
 .text.tcp_trigger_input_pcb_close
                0x080115a8       0x20 build/tcp_in.o
                0x080115a8                tcp_trigger_input_pcb_close
 .text.tcp_output_alloc_header
                0x080115c8       0xf4 build/tcp_out.o
 .text.tcp_send_fin
                0x080116bc       0x7e build/tcp_out.o
                0x080116bc                tcp_send_fin
 *fill*         0x0801173a        0x2 
 .text.tcp_create_segment
                0x0801173c      0x110 build/tcp_out.o
 .text.tcp_pbuf_prealloc
                0x0801184c       0xc4 build/tcp_out.o
 .text.tcp_write_checks
                0x08011910       0xec build/tcp_out.o
 .text.tcp_write
                0x080119fc      0x6b4 build/tcp_out.o
                0x080119fc                tcp_write
 .text.tcp_enqueue_flags
                0x080120b0      0x1f8 build/tcp_out.o
                0x080120b0                tcp_enqueue_flags
 .text.tcp_send_empty_ack
                0x080122a8       0xb8 build/tcp_out.o
                0x080122a8                tcp_send_empty_ack
 .text.tcp_output
                0x08012360      0x3cc build/tcp_out.o
                0x08012360                tcp_output
 .text.tcp_output_segment
                0x0801272c      0x13c build/tcp_out.o
 .text.tcp_rst  0x08012868       0xec build/tcp_out.o
                0x08012868                tcp_rst
 .text.tcp_rexmit_rto
                0x08012954       0x6c build/tcp_out.o
                0x08012954                tcp_rexmit_rto
 .text.tcp_rexmit
                0x080129c0       0xa0 build/tcp_out.o
                0x080129c0                tcp_rexmit
 .text.tcp_rexmit_fast
                0x08012a60       0x9c build/tcp_out.o
                0x08012a60                tcp_rexmit_fast
 .text.tcp_keepalive
                0x08012afc       0x7a build/tcp_out.o
                0x08012afc                tcp_keepalive
 .text.tcp_zero_window_probe
                0x08012b76      0x138 build/tcp_out.o
                0x08012b76                tcp_zero_window_probe
 *fill*         0x08012cae        0x2 
 .text.tcpip_tcp_timer
                0x08012cb0       0x48 build/timeouts.o
 .text.tcp_timer_needed
                0x08012cf8       0x40 build/timeouts.o
                0x08012cf8                tcp_timer_needed
 .text.cyclic_timer
                0x08012d38       0x2c build/timeouts.o
 .text.sys_timeouts_init
                0x08012d64       0x50 build/timeouts.o
                0x08012d64                sys_timeouts_init
 .text.sys_timeout
                0x08012db4      0x148 build/timeouts.o
                0x08012db4                sys_timeout
 .text.sys_check_timeouts
                0x08012efc       0xa4 build/timeouts.o
 .text.sys_timeouts_sleeptime
                0x08012fa0       0x4c build/timeouts.o
 .text.sys_timeouts_mbox_fetch
                0x08012fec       0x4c build/timeouts.o
                0x08012fec                sys_timeouts_mbox_fetch
 .text.udp_init
                0x08013038        0xc build/udp.o
                0x08013038                udp_init
 .text.udp_new_port
                0x08013044       0x70 build/udp.o
 .text.udp_input_local_match
                0x080130b4       0x74 build/udp.o
 .text.udp_input
                0x08013128      0x1cc build/udp.o
                0x08013128                udp_input
 .text.udp_bind
                0x080132f4       0xe0 build/udp.o
                0x080132f4                udp_bind
 .text.udp_recv
                0x080133d4       0x22 build/udp.o
                0x080133d4                udp_recv
 *fill*         0x080133f6        0x2 
 .text.udp_remove
                0x080133f8       0x64 build/udp.o
                0x080133f8                udp_remove
 .text.udp_new  0x0801345c       0x2e build/udp.o
                0x0801345c                udp_new
 .text.udp_new_ip_type
                0x0801348a       0x1a build/udp.o
                0x0801348a                udp_new_ip_type
 .text.udp_netif_ip_addr_changed
                0x080134a4       0x5c build/udp.o
                0x080134a4                udp_netif_ip_addr_changed
 .text.etharp_free_entry
                0x08013500       0x64 build/etharp.o
 .text.etharp_tmr
                0x08013564      0x150 build/etharp.o
                0x08013564                etharp_tmr
 .text.etharp_find_entry
                0x080136b4      0x294 build/etharp.o
 .text.etharp_update_arp_entry
                0x08013948      0x14c build/etharp.o
 .text.etharp_cleanup_netif
                0x08013a94       0x64 build/etharp.o
                0x08013a94                etharp_cleanup_netif
 .text.etharp_input
                0x08013af8      0x114 build/etharp.o
                0x08013af8                etharp_input
 .text.etharp_output_to_arp_index
                0x08013c0c      0x134 build/etharp.o
 .text.etharp_output
                0x08013d40      0x1dc build/etharp.o
                0x08013d40                etharp_output
 .text.etharp_query
                0x08013f1c      0x290 build/etharp.o
                0x08013f1c                etharp_query
 .text.etharp_raw
                0x080141ac      0x118 build/etharp.o
 .text.etharp_request_dst
                0x080142c4       0x44 build/etharp.o
 .text.etharp_request
                0x08014308       0x24 build/etharp.o
                0x08014308                etharp_request
 .text.icmp_input
                0x0801432c      0x20c build/icmp.o
                0x0801432c                icmp_input
 .text.icmp_dest_unreach
                0x08014538       0x20 build/icmp.o
                0x08014538                icmp_dest_unreach
 .text.icmp_time_exceeded
                0x08014558       0x20 build/icmp.o
                0x08014558                icmp_time_exceeded
 .text.icmp_send_response
                0x08014578       0xd0 build/icmp.o
 .text.ip4_route
                0x08014648       0xd4 build/ip4.o
                0x08014648                ip4_route
 .text.ip4_input
                0x0801471c      0x280 build/ip4.o
                0x0801471c                ip4_input
 .text.ip4_output_if
                0x0801499c       0x54 build/ip4.o
                0x0801499c                ip4_output_if
 .text.ip4_output_if_src
                0x080149f0      0x150 build/ip4.o
                0x080149f0                ip4_output_if_src
 .text.ip4_addr_isbroadcast_u32
                0x08014b40       0x80 build/ip4_addr.o
                0x08014b40                ip4_addr_isbroadcast_u32
 .text.ip4addr_ntoa
                0x08014bc0       0x20 build/ip4_addr.o
                0x08014bc0                ip4addr_ntoa
 .text.ip4addr_ntoa_r
                0x08014be0      0x100 build/ip4_addr.o
                0x08014be0                ip4addr_ntoa_r
 .text.ip_reass_tmr
                0x08014ce0       0x58 build/ip4_frag.o
                0x08014ce0                ip_reass_tmr
 .text.ip_reass_free_complete_datagram
                0x08014d38      0x148 build/ip4_frag.o
 .text.ip_reass_remove_oldest_datagram
                0x08014e80       0xc4 build/ip4_frag.o
 .text.ip_reass_enqueue_new_datagram
                0x08014f44       0x74 build/ip4_frag.o
 .text.ip_reass_dequeue_datagram
                0x08014fb8       0x5c build/ip4_frag.o
 .text.ip_reass_chain_frag_into_datagram_and_validate
                0x08015014      0x2d4 build/ip4_frag.o
 .text.ip4_reass
                0x080152e8      0x2a8 build/ip4_frag.o
                0x080152e8                ip4_reass
 .text.ip_frag_alloc_pbuf_custom_ref
                0x08015590       0x10 build/ip4_frag.o
 .text.ip_frag_free_pbuf_custom_ref
                0x080155a0       0x38 build/ip4_frag.o
 .text.ipfrag_free_pbuf_custom
                0x080155d8       0x68 build/ip4_frag.o
 .text.ip4_frag
                0x08015640      0x240 build/ip4_frag.o
                0x08015640                ip4_frag
 .text.sys_mbox_new
                0x08015880       0x34 build/sys_arch.o
                0x08015880                sys_mbox_new
 .text.sys_mbox_free
                0x080158b4       0x24 build/sys_arch.o
                0x080158b4                sys_mbox_free
 .text.sys_mbox_post
                0x080158d8       0x2c build/sys_arch.o
                0x080158d8                sys_mbox_post
 .text.sys_mbox_trypost
                0x08015904       0x34 build/sys_arch.o
                0x08015904                sys_mbox_trypost
 .text.sys_arch_mbox_fetch
                0x08015938       0x62 build/sys_arch.o
                0x08015938                sys_arch_mbox_fetch
 .text.sys_arch_mbox_tryfetch
                0x0801599a       0x2e build/sys_arch.o
                0x0801599a                sys_arch_mbox_tryfetch
 .text.sys_mbox_valid
                0x080159c8       0x20 build/sys_arch.o
                0x080159c8                sys_mbox_valid
 .text.sys_mbox_set_invalid
                0x080159e8       0x18 build/sys_arch.o
                0x080159e8                sys_mbox_set_invalid
 .text.sys_sem_new
                0x08015a00       0x4a build/sys_arch.o
                0x08015a00                sys_sem_new
 .text.sys_arch_sem_wait
                0x08015a4a       0x62 build/sys_arch.o
                0x08015a4a                sys_arch_sem_wait
 .text.sys_sem_signal
                0x08015aac       0x1a build/sys_arch.o
                0x08015aac                sys_sem_signal
 .text.sys_sem_free
                0x08015ac6       0x1a build/sys_arch.o
                0x08015ac6                sys_sem_free
 .text.sys_sem_valid
                0x08015ae0       0x20 build/sys_arch.o
                0x08015ae0                sys_sem_valid
 .text.sys_sem_set_invalid
                0x08015b00       0x18 build/sys_arch.o
                0x08015b00                sys_sem_set_invalid
 .text.sys_init
                0x08015b18       0x18 build/sys_arch.o
                0x08015b18                sys_init
 .text.sys_mutex_new
                0x08015b30       0x2c build/sys_arch.o
                0x08015b30                sys_mutex_new
 .text.sys_mutex_lock
                0x08015b5c       0x1e build/sys_arch.o
                0x08015b5c                sys_mutex_lock
 .text.sys_mutex_unlock
                0x08015b7a       0x1a build/sys_arch.o
                0x08015b7a                sys_mutex_unlock
 .text.sys_thread_new
                0x08015b94       0x40 build/sys_arch.o
                0x08015b94                sys_thread_new
 .text.sys_arch_protect
                0x08015bd4       0x1c build/sys_arch.o
                0x08015bd4                sys_arch_protect
 .text.sys_arch_unprotect
                0x08015bf0       0x20 build/sys_arch.o
                0x08015bf0                sys_arch_unprotect
 .text.Reset_Handler
                0x08015c10       0x50 build/startup_stm32f207xx.o
                0x08015c10                Reset_Handler
 .text.Default_Handler
                0x08015c60        0x2 build/startup_stm32f207xx.o
                0x08015c60                RTC_Alarm_IRQHandler
                0x08015c60                HASH_RNG_IRQHandler
                0x08015c60                EXTI2_IRQHandler
                0x08015c60                TIM8_CC_IRQHandler
                0x08015c60                TIM1_CC_IRQHandler
                0x08015c60                DMA2_Stream5_IRQHandler
                0x08015c60                DMA1_Stream5_IRQHandler
                0x08015c60                PVD_IRQHandler
                0x08015c60                SDIO_IRQHandler
                0x08015c60                TAMP_STAMP_IRQHandler
                0x08015c60                CAN2_RX1_IRQHandler
                0x08015c60                EXTI3_IRQHandler
                0x08015c60                TIM8_TRG_COM_TIM14_IRQHandler
                0x08015c60                TIM1_UP_TIM10_IRQHandler
                0x08015c60                TIM8_UP_TIM13_IRQHandler
                0x08015c60                I2C3_ER_IRQHandler
                0x08015c60                EXTI0_IRQHandler
                0x08015c60                I2C2_EV_IRQHandler
                0x08015c60                DMA1_Stream2_IRQHandler
                0x08015c60                CAN1_RX0_IRQHandler
                0x08015c60                OTG_HS_WKUP_IRQHandler
                0x08015c60                CAN2_SCE_IRQHandler
                0x08015c60                DMA2_Stream2_IRQHandler
                0x08015c60                SPI1_IRQHandler
                0x08015c60                TIM6_DAC_IRQHandler
                0x08015c60                TIM1_BRK_TIM9_IRQHandler
                0x08015c60                DCMI_IRQHandler
                0x08015c60                CAN2_RX0_IRQHandler
                0x08015c60                DMA2_Stream3_IRQHandler
                0x08015c60                USART6_IRQHandler
                0x08015c60                CAN1_RX1_IRQHandler
                0x08015c60                UART5_IRQHandler
                0x08015c60                DMA2_Stream0_IRQHandler
                0x08015c60                I2C1_EV_IRQHandler
                0x08015c60                DMA1_Stream6_IRQHandler
                0x08015c60                DMA1_Stream1_IRQHandler
                0x08015c60                UART4_IRQHandler
                0x08015c60                TIM3_IRQHandler
                0x08015c60                RCC_IRQHandler
                0x08015c60                TIM8_BRK_TIM12_IRQHandler
                0x08015c60                Default_Handler
                0x08015c60                EXTI15_10_IRQHandler
                0x08015c60                ADC_IRQHandler
                0x08015c60                DMA1_Stream7_IRQHandler
                0x08015c60                TIM7_IRQHandler
                0x08015c60                CAN2_TX_IRQHandler
                0x08015c60                TIM5_IRQHandler
                0x08015c60                DMA2_Stream7_IRQHandler
                0x08015c60                I2C3_EV_IRQHandler
                0x08015c60                EXTI9_5_IRQHandler
                0x08015c60                RTC_WKUP_IRQHandler
                0x08015c60                ETH_WKUP_IRQHandler
                0x08015c60                SPI2_IRQHandler
                0x08015c60                OTG_HS_EP1_IN_IRQHandler
                0x08015c60                DMA1_Stream0_IRQHandler
                0x08015c60                CAN1_TX_IRQHandler
                0x08015c60                EXTI4_IRQHandler
                0x08015c60                FSMC_IRQHandler
                0x08015c60                OTG_HS_EP1_OUT_IRQHandler
                0x08015c60                WWDG_IRQHandler
                0x08015c60                TIM2_IRQHandler
                0x08015c60                OTG_FS_WKUP_IRQHandler
                0x08015c60                TIM1_TRG_COM_TIM11_IRQHandler
                0x08015c60                OTG_HS_IRQHandler
                0x08015c60                EXTI1_IRQHandler
                0x08015c60                I2C2_ER_IRQHandler
                0x08015c60                DMA2_Stream1_IRQHandler
                0x08015c60                CAN1_SCE_IRQHandler
                0x08015c60                FLASH_IRQHandler
                0x08015c60                DMA2_Stream4_IRQHandler
                0x08015c60                USART1_IRQHandler
                0x08015c60                OTG_FS_IRQHandler
                0x08015c60                SPI3_IRQHandler
                0x08015c60                DMA1_Stream4_IRQHandler
                0x08015c60                I2C1_ER_IRQHandler
                0x08015c60                DMA2_Stream6_IRQHandler
                0x08015c60                DMA1_Stream3_IRQHandler
 *fill*         0x08015c62        0x2 
 .text.__libc_init_array
                0x08015c64       0x48 c:/vsarm/armcc/10 2021.10/bin/../lib/gcc/arm-none-eabi/10.3.1/../../../../arm-none-eabi/lib/thumb/v7-m/nofp\libc_nano.a(lib_a-init.o)
                0x08015c64                __libc_init_array
 .text.memcmp   0x08015cac       0x20 c:/vsarm/armcc/10 2021.10/bin/../lib/gcc/arm-none-eabi/10.3.1/../../../../arm-none-eabi/lib/thumb/v7-m/nofp\libc_nano.a(lib_a-memcmp.o)
                0x08015cac                memcmp
 .text.memcpy   0x08015ccc       0x1c c:/vsarm/armcc/10 2021.10/bin/../lib/gcc/arm-none-eabi/10.3.1/../../../../arm-none-eabi/lib/thumb/v7-m/nofp\libc_nano.a(lib_a-memcpy-stub.o)
                0x08015ccc                memcpy
 .text.memset   0x08015ce8       0x10 c:/vsarm/armcc/10 2021.10/bin/../lib/gcc/arm-none-eabi/10.3.1/../../../../arm-none-eabi/lib/thumb/v7-m/nofp\libc_nano.a(lib_a-memset.o)
                0x08015ce8                memset
 .text.printf   0x08015cf8       0x30 c:/vsarm/armcc/10 2021.10/bin/../lib/gcc/arm-none-eabi/10.3.1/../../../../arm-none-eabi/lib/thumb/v7-m/nofp\libc_nano.a(lib_a-printf.o)
                0x08015cf8                iprintf
                0x08015cf8                printf
 .text.sprintf  0x08015d28       0x40 c:/vsarm/armcc/10 2021.10/bin/../lib/gcc/arm-none-eabi/10.3.1/../../../../arm-none-eabi/lib/thumb/v7-m/nofp\libc_nano.a(lib_a-sprintf.o)
                0x08015d28                siprintf
                0x08015d28                sprintf
 .text.std      0x08015d68       0x48 c:/vsarm/armcc/10 2021.10/bin/../lib/gcc/arm-none-eabi/10.3.1/../../../../arm-none-eabi/lib/thumb/v7-m/nofp\libc_nano.a(lib_a-findfp.o)
 .text._cleanup_r
                0x08015db0        0xc c:/vsarm/armcc/10 2021.10/bin/../lib/gcc/arm-none-eabi/10.3.1/../../../../arm-none-eabi/lib/thumb/v7-m/nofp\libc_nano.a(lib_a-findfp.o)
                0x08015db0                _cleanup_r
 .text.__sfmoreglue
                0x08015dbc       0x2c c:/vsarm/armcc/10 2021.10/bin/../lib/gcc/arm-none-eabi/10.3.1/../../../../arm-none-eabi/lib/thumb/v7-m/nofp\libc_nano.a(lib_a-findfp.o)
                0x08015dbc                __sfmoreglue
 .text.__sfp_lock_acquire
                0x08015de8        0xc c:/vsarm/armcc/10 2021.10/bin/../lib/gcc/arm-none-eabi/10.3.1/../../../../arm-none-eabi/lib/thumb/v7-m/nofp\libc_nano.a(lib_a-findfp.o)
                0x08015de8                __sfp_lock_acquire
 .text.__sfp_lock_release
                0x08015df4        0xc c:/vsarm/armcc/10 2021.10/bin/../lib/gcc/arm-none-eabi/10.3.1/../../../../arm-none-eabi/lib/thumb/v7-m/nofp\libc_nano.a(lib_a-findfp.o)
                0x08015df4                __sfp_lock_release
 .text.__sinit_lock_acquire
                0x08015e00        0xc c:/vsarm/armcc/10 2021.10/bin/../lib/gcc/arm-none-eabi/10.3.1/../../../../arm-none-eabi/lib/thumb/v7-m/nofp\libc_nano.a(lib_a-findfp.o)
                0x08015e00                __sinit_lock_acquire
 .text.__sinit_lock_release
                0x08015e0c        0xc c:/vsarm/armcc/10 2021.10/bin/../lib/gcc/arm-none-eabi/10.3.1/../../../../arm-none-eabi/lib/thumb/v7-m/nofp\libc_nano.a(lib_a-findfp.o)
                0x08015e0c                __sinit_lock_release
 .text.__sinit  0x08015e18       0x70 c:/vsarm/armcc/10 2021.10/bin/../lib/gcc/arm-none-eabi/10.3.1/../../../../arm-none-eabi/lib/thumb/v7-m/nofp\libc_nano.a(lib_a-findfp.o)
                0x08015e18                __sinit
 .text.__sfp    0x08015e88       0x8c c:/vsarm/armcc/10 2021.10/bin/../lib/gcc/arm-none-eabi/10.3.1/../../../../arm-none-eabi/lib/thumb/v7-m/nofp\libc_nano.a(lib_a-findfp.o)
                0x08015e88                __sfp
 .text._fwalk_reent
                0x08015f14       0x3e c:/vsarm/armcc/10 2021.10/bin/../lib/gcc/arm-none-eabi/10.3.1/../../../../arm-none-eabi/lib/thumb/v7-m/nofp\libc_nano.a(lib_a-fwalk.o)
                0x08015f14                _fwalk_reent
 .text.__retarget_lock_init_recursive
                0x08015f52        0x2 c:/vsarm/armcc/10 2021.10/bin/../lib/gcc/arm-none-eabi/10.3.1/../../../../arm-none-eabi/lib/thumb/v7-m/nofp\libc_nano.a(lib_a-lock.o)
                0x08015f52                __retarget_lock_init_recursive
 .text.__retarget_lock_acquire_recursive
                0x08015f54        0x2 c:/vsarm/armcc/10 2021.10/bin/../lib/gcc/arm-none-eabi/10.3.1/../../../../arm-none-eabi/lib/thumb/v7-m/nofp\libc_nano.a(lib_a-lock.o)
                0x08015f54                __retarget_lock_acquire_recursive
 .text.__retarget_lock_release_recursive
                0x08015f56        0x2 c:/vsarm/armcc/10 2021.10/bin/../lib/gcc/arm-none-eabi/10.3.1/../../../../arm-none-eabi/lib/thumb/v7-m/nofp\libc_nano.a(lib_a-lock.o)
                0x08015f56                __retarget_lock_release_recursive
 .text.sbrk_aligned
                0x08015f58       0x40 c:/vsarm/armcc/10 2021.10/bin/../lib/gcc/arm-none-eabi/10.3.1/../../../../arm-none-eabi/lib/thumb/v7-m/nofp\libc_nano.a(lib_a-nano-mallocr.o)
 .text._malloc_r
                0x08015f98       0xe8 c:/vsarm/armcc/10 2021.10/bin/../lib/gcc/arm-none-eabi/10.3.1/../../../../arm-none-eabi/lib/thumb/v7-m/nofp\libc_nano.a(lib_a-nano-mallocr.o)
                0x08015f98                _malloc_r
 .text.__ssputs_r
                0x08016080       0xb6 c:/vsarm/armcc/10 2021.10/bin/../lib/gcc/arm-none-eabi/10.3.1/../../../../arm-none-eabi/lib/thumb/v7-m/nofp\libc_nano.a(lib_a-nano-svfprintf.o)
                0x08016080                __ssputs_r
 *fill*         0x08016136        0x2 
 .text._svfprintf_r
                0x08016138      0x200 c:/vsarm/armcc/10 2021.10/bin/../lib/gcc/arm-none-eabi/10.3.1/../../../../arm-none-eabi/lib/thumb/v7-m/nofp\libc_nano.a(lib_a-nano-svfprintf.o)
                0x08016138                _svfiprintf_r
                0x08016138                _svfprintf_r
 .text.__sfputc_r
                0x08016338       0x2a c:/vsarm/armcc/10 2021.10/bin/../lib/gcc/arm-none-eabi/10.3.1/../../../../arm-none-eabi/lib/thumb/v7-m/nofp\libc_nano.a(lib_a-nano-vfprintf.o)
 .text.__sfputs_r
                0x08016362       0x24 c:/vsarm/armcc/10 2021.10/bin/../lib/gcc/arm-none-eabi/10.3.1/../../../../arm-none-eabi/lib/thumb/v7-m/nofp\libc_nano.a(lib_a-nano-vfprintf.o)
                0x08016362                __sfputs_r
 *fill*         0x08016386        0x2 
 .text._vfprintf_r
                0x08016388      0x260 c:/vsarm/armcc/10 2021.10/bin/../lib/gcc/arm-none-eabi/10.3.1/../../../../arm-none-eabi/lib/thumb/v7-m/nofp\libc_nano.a(lib_a-nano-vfprintf.o)
                0x08016388                _vfprintf_r
                0x08016388                _vfiprintf_r
 .text._printf_common
                0x080165e8       0xde c:/vsarm/armcc/10 2021.10/bin/../lib/gcc/arm-none-eabi/10.3.1/../../../../arm-none-eabi/lib/thumb/v7-m/nofp\libc_nano.a(lib_a-nano-vfprintf_i.o)
                0x080165e8                _printf_common
 *fill*         0x080166c6        0x2 
 .text._printf_i
                0x080166c8      0x24c c:/vsarm/armcc/10 2021.10/bin/../lib/gcc/arm-none-eabi/10.3.1/../../../../arm-none-eabi/lib/thumb/v7-m/nofp\libc_nano.a(lib_a-nano-vfprintf_i.o)
                0x080166c8                _printf_i
 .text._sbrk_r  0x08016914       0x20 c:/vsarm/armcc/10 2021.10/bin/../lib/gcc/arm-none-eabi/10.3.1/../../../../arm-none-eabi/lib/thumb/v7-m/nofp\libc_nano.a(lib_a-sbrkr.o)
                0x08016914                _sbrk_r
 .text.__sread  0x08016934       0x22 c:/vsarm/armcc/10 2021.10/bin/../lib/gcc/arm-none-eabi/10.3.1/../../../../arm-none-eabi/lib/thumb/v7-m/nofp\libc_nano.a(lib_a-stdio.o)
                0x08016934                __sread
 .text.__swrite
                0x08016956       0x38 c:/vsarm/armcc/10 2021.10/bin/../lib/gcc/arm-none-eabi/10.3.1/../../../../arm-none-eabi/lib/thumb/v7-m/nofp\libc_nano.a(lib_a-stdio.o)
                0x08016956                __swrite
 .text.__sseek  0x0801698e       0x24 c:/vsarm/armcc/10 2021.10/bin/../lib/gcc/arm-none-eabi/10.3.1/../../../../arm-none-eabi/lib/thumb/v7-m/nofp\libc_nano.a(lib_a-stdio.o)
                0x0801698e                __sseek
 .text.__sclose
                0x080169b2        0x8 c:/vsarm/armcc/10 2021.10/bin/../lib/gcc/arm-none-eabi/10.3.1/../../../../arm-none-eabi/lib/thumb/v7-m/nofp\libc_nano.a(lib_a-stdio.o)
                0x080169b2                __sclose
 *fill*         0x080169ba        0x2 
 .text.__swbuf_r
                0x080169bc       0xa4 c:/vsarm/armcc/10 2021.10/bin/../lib/gcc/arm-none-eabi/10.3.1/../../../../arm-none-eabi/lib/thumb/v7-m/nofp\libc_nano.a(lib_a-wbuf.o)
                0x080169bc                __swbuf_r
 .text._write_r
                0x08016a60       0x24 c:/vsarm/armcc/10 2021.10/bin/../lib/gcc/arm-none-eabi/10.3.1/../../../../arm-none-eabi/lib/thumb/v7-m/nofp\libc_nano.a(lib_a-writer.o)
                0x08016a60                _write_r
 .text.__swsetup_r
                0x08016a84       0xdc c:/vsarm/armcc/10 2021.10/bin/../lib/gcc/arm-none-eabi/10.3.1/../../../../arm-none-eabi/lib/thumb/v7-m/nofp\libc_nano.a(lib_a-wsetup.o)
                0x08016a84                __swsetup_r
 .text._close_r
                0x08016b60       0x20 c:/vsarm/armcc/10 2021.10/bin/../lib/gcc/arm-none-eabi/10.3.1/../../../../arm-none-eabi/lib/thumb/v7-m/nofp\libc_nano.a(lib_a-closer.o)
                0x08016b60                _close_r
 .text.__sflush_r
                0x08016b80      0x104 c:/vsarm/armcc/10 2021.10/bin/../lib/gcc/arm-none-eabi/10.3.1/../../../../arm-none-eabi/lib/thumb/v7-m/nofp\libc_nano.a(lib_a-fflush.o)
                0x08016b80                __sflush_r
 .text._fflush_r
                0x08016c84       0x78 c:/vsarm/armcc/10 2021.10/bin/../lib/gcc/arm-none-eabi/10.3.1/../../../../arm-none-eabi/lib/thumb/v7-m/nofp\libc_nano.a(lib_a-fflush.o)
                0x08016c84                _fflush_r
 .text._lseek_r
                0x08016cfc       0x24 c:/vsarm/armcc/10 2021.10/bin/../lib/gcc/arm-none-eabi/10.3.1/../../../../arm-none-eabi/lib/thumb/v7-m/nofp\libc_nano.a(lib_a-lseekr.o)
                0x08016cfc                _lseek_r
 .text.__swhatbuf_r
                0x08016d20       0x4a c:/vsarm/armcc/10 2021.10/bin/../lib/gcc/arm-none-eabi/10.3.1/../../../../arm-none-eabi/lib/thumb/v7-m/nofp\libc_nano.a(lib_a-makebuf.o)
                0x08016d20                __swhatbuf_r
 *fill*         0x08016d6a        0x2 
 .text.__smakebuf_r
                0x08016d6c       0x80 c:/vsarm/armcc/10 2021.10/bin/../lib/gcc/arm-none-eabi/10.3.1/../../../../arm-none-eabi/lib/thumb/v7-m/nofp\libc_nano.a(lib_a-makebuf.o)
                0x08016d6c                __smakebuf_r
 .text.memchr   0x08016dec       0x1c c:/vsarm/armcc/10 2021.10/bin/../lib/gcc/arm-none-eabi/10.3.1/../../../../arm-none-eabi/lib/thumb/v7-m/nofp\libc_nano.a(lib_a-memchr-stub.o)
                0x08016dec                memchr
 .text.memmove  0x08016e08       0x34 c:/vsarm/armcc/10 2021.10/bin/../lib/gcc/arm-none-eabi/10.3.1/../../../../arm-none-eabi/lib/thumb/v7-m/nofp\libc_nano.a(lib_a-memmove.o)
                0x08016e08                memmove
 .text.__malloc_lock
                0x08016e3c        0xc c:/vsarm/armcc/10 2021.10/bin/../lib/gcc/arm-none-eabi/10.3.1/../../../../arm-none-eabi/lib/thumb/v7-m/nofp\libc_nano.a(lib_a-mlock.o)
                0x08016e3c                __malloc_lock
 .text.__malloc_unlock
                0x08016e48        0xc c:/vsarm/armcc/10 2021.10/bin/../lib/gcc/arm-none-eabi/10.3.1/../../../../arm-none-eabi/lib/thumb/v7-m/nofp\libc_nano.a(lib_a-mlock.o)
                0x08016e48                __malloc_unlock
 .text._free_r  0x08016e54       0x90 c:/vsarm/armcc/10 2021.10/bin/../lib/gcc/arm-none-eabi/10.3.1/../../../../arm-none-eabi/lib/thumb/v7-m/nofp\libc_nano.a(lib_a-nano-freer.o)
                0x08016e54                _free_r
 .text._realloc_r
                0x08016ee4       0x5e c:/vsarm/armcc/10 2021.10/bin/../lib/gcc/arm-none-eabi/10.3.1/../../../../arm-none-eabi/lib/thumb/v7-m/nofp\libc_nano.a(lib_a-nano-reallocr.o)
                0x08016ee4                _realloc_r
 *fill*         0x08016f42        0x2 
 .text._read_r  0x08016f44       0x24 c:/vsarm/armcc/10 2021.10/bin/../lib/gcc/arm-none-eabi/10.3.1/../../../../arm-none-eabi/lib/thumb/v7-m/nofp\libc_nano.a(lib_a-readr.o)
                0x08016f44                _read_r
 .text._fstat_r
                0x08016f68       0x24 c:/vsarm/armcc/10 2021.10/bin/../lib/gcc/arm-none-eabi/10.3.1/../../../../arm-none-eabi/lib/thumb/v7-m/nofp\libc_nano.a(lib_a-fstatr.o)
                0x08016f68                _fstat_r
 .text._isatty_r
                0x08016f8c       0x20 c:/vsarm/armcc/10 2021.10/bin/../lib/gcc/arm-none-eabi/10.3.1/../../../../arm-none-eabi/lib/thumb/v7-m/nofp\libc_nano.a(lib_a-isattyr.o)
                0x08016f8c                _isatty_r
 .text._malloc_usable_size_r
                0x08016fac       0x10 c:/vsarm/armcc/10 2021.10/bin/../lib/gcc/arm-none-eabi/10.3.1/../../../../arm-none-eabi/lib/thumb/v7-m/nofp\libc_nano.a(lib_a-nano-msizer.o)
                0x08016fac                _malloc_usable_size_r
 .text._close   0x08016fbc       0x10 c:/vsarm/armcc/10 2021.10/bin/../lib/gcc/arm-none-eabi/10.3.1/../../../../arm-none-eabi/lib/thumb/v7-m/nofp\libnosys.a(close.o)
                0x08016fbc                _close
 .text._fstat   0x08016fcc       0x10 c:/vsarm/armcc/10 2021.10/bin/../lib/gcc/arm-none-eabi/10.3.1/../../../../arm-none-eabi/lib/thumb/v7-m/nofp\libnosys.a(fstat.o)
                0x08016fcc                _fstat
 .text._isatty  0x08016fdc       0x10 c:/vsarm/armcc/10 2021.10/bin/../lib/gcc/arm-none-eabi/10.3.1/../../../../arm-none-eabi/lib/thumb/v7-m/nofp\libnosys.a(isatty.o)
                0x08016fdc                _isatty
 .text._lseek   0x08016fec       0x10 c:/vsarm/armcc/10 2021.10/bin/../lib/gcc/arm-none-eabi/10.3.1/../../../../arm-none-eabi/lib/thumb/v7-m/nofp\libnosys.a(lseek.o)
                0x08016fec                _lseek
 .text._read    0x08016ffc       0x10 c:/vsarm/armcc/10 2021.10/bin/../lib/gcc/arm-none-eabi/10.3.1/../../../../arm-none-eabi/lib/thumb/v7-m/nofp\libnosys.a(read.o)
                0x08016ffc                _read
 .text._sbrk    0x0801700c       0x1c c:/vsarm/armcc/10 2021.10/bin/../lib/gcc/arm-none-eabi/10.3.1/../../../../arm-none-eabi/lib/thumb/v7-m/nofp\libnosys.a(sbrk.o)
                0x0801700c                _sbrk
 .text._write   0x08017028       0x10 c:/vsarm/armcc/10 2021.10/bin/../lib/gcc/arm-none-eabi/10.3.1/../../../../arm-none-eabi/lib/thumb/v7-m/nofp\libnosys.a(write.o)
                0x08017028                _write
 *(.glue_7)
 .glue_7        0x08017038        0x0 linker stubs
 *(.glue_7t)
 .glue_7t       0x08017038        0x0 linker stubs
 *(.eh_frame)
 .eh_frame      0x08017038        0x0 c:/vsarm/armcc/10 2021.10/bin/../lib/gcc/arm-none-eabi/10.3.1/thumb/v7-m/nofp/crtbegin.o
 *(.init)
 .init          0x08017038        0x4 c:/vsarm/armcc/10 2021.10/bin/../lib/gcc/arm-none-eabi/10.3.1/thumb/v7-m/nofp/crti.o
                0x08017038                _init
 .init          0x0801703c        0x8 c:/vsarm/armcc/10 2021.10/bin/../lib/gcc/arm-none-eabi/10.3.1/thumb/v7-m/nofp/crtn.o
 *(.fini)
 .fini          0x08017044        0x4 c:/vsarm/armcc/10 2021.10/bin/../lib/gcc/arm-none-eabi/10.3.1/thumb/v7-m/nofp/crti.o
                0x08017044                _fini
 .fini          0x08017048        0x8 c:/vsarm/armcc/10 2021.10/bin/../lib/gcc/arm-none-eabi/10.3.1/thumb/v7-m/nofp/crtn.o
                0x08017050                . = ALIGN (0x4)
                0x08017050                _etext = .

.vfp11_veneer   0x08017050        0x0
 .vfp11_veneer  0x08017050        0x0 linker stubs

.v4_bx          0x08017050        0x0
 .v4_bx         0x08017050        0x0 linker stubs

.iplt           0x08017050        0x0
 .iplt          0x08017050        0x0 c:/vsarm/armcc/10 2021.10/bin/../lib/gcc/arm-none-eabi/10.3.1/thumb/v7-m/nofp/crtbegin.o

.rodata         0x08017050     0x2e74
                0x08017050                . = ALIGN (0x4)
 *(.rodata)
 .rodata        0x08017050      0x39c build/main.o
 .rodata        0x080173ec       0x32 build/telnet_server.o
 *fill*         0x0801741e        0x2 
 .rodata        0x08017420        0x6 build/mcli.o
 *fill*         0x08017426        0x2 
 .rodata        0x08017428       0xb1 build/sio.o
 *fill*         0x080174d9        0x3 
 .rodata        0x080174dc       0x5c build/ethernetif.o
 .rodata        0x08017538        0x8 build/lwip.o
 .rodata        0x08017540        0x5 build/tasks.o
 *fill*         0x08017545        0x3 
 .rodata        0x08017548        0xd build/timers.o
 *fill*         0x08017555        0x3 
 .rodata        0x08017558       0x90 build/ethernet.o
 .rodata        0x080175e8       0x98 build/slipif.o
 .rodata        0x08017680      0x2e0 build/api_lib.o
 .rodata        0x08017960      0x4c1 build/api_msg.o
 *fill*         0x08017e21        0x3 
 .rodata        0x08017e24      0x192 build/netbuf.o
 *fill*         0x08017fb6        0x2 
 .rodata        0x08017fb8       0xdd build/tcpip.o
 *fill*         0x08018095        0x3 
 .rodata        0x08018098      0x213 build/mem.o
 *fill*         0x080182ab        0x1 
 .rodata        0x080182ac       0xeb build/memp.o
 *fill*         0x08018397        0x1 
 .rodata        0x08018398       0x70 build/netif.o
 .rodata        0x08018408      0x509 build/pbuf.o
 *fill*         0x08018911        0x3 
 .rodata        0x08018914      0x477 build/tcp.o
 *fill*         0x08018d8b        0x1 
 .rodata        0x08018d8c      0x381 build/tcp_in.o
 *fill*         0x0801910d        0x3 
 .rodata        0x08019110      0x43f build/tcp_out.o
 *fill*         0x0801954f        0x1 
 .rodata        0x08019550       0x9c build/timeouts.o
 .rodata        0x080195ec       0x96 build/udp.o
 *fill*         0x08019682        0x2 
 .rodata        0x08019684      0x261 build/etharp.o
 *fill*         0x080198e5        0x3 
 .rodata        0x080198e8       0xf4 build/icmp.o
 .rodata        0x080199dc       0x95 build/ip4.o
 *fill*         0x08019a71        0x3 
 .rodata        0x08019a74      0x1ec build/ip4_frag.o
 *(.rodata*)
 .rodata.defaultTask_attributes
                0x08019c60       0x24 build/main.o
                0x08019c60                defaultTask_attributes
 .rodata.srv_task_attributes
                0x08019c84       0x24 build/telnet_server.o
 .rodata.wrt_task_attributes
                0x08019ca8       0x24 build/telnet_server.o
 .rodata.rcv_task_attributes
                0x08019ccc       0x24 build/telnet_server.o
 .rodata.AHBPrescTable
                0x08019cf0       0x10 build/system_stm32f2xx.o
                0x08019cf0                AHBPrescTable
 .rodata.APBPrescTable
                0x08019d00        0x8 build/system_stm32f2xx.o
                0x08019d00                APBPrescTable
 .rodata.ethbroadcast
                0x08019d08        0x6 build/ethernet.o
                0x08019d08                ethbroadcast
 *fill*         0x08019d0e        0x2 
 .rodata.ethzero
                0x08019d10        0x6 build/ethernet.o
                0x08019d10                ethzero
 *fill*         0x08019d16        0x2 
 .rodata.memp_UDP_PCB
                0x08019d18        0xc build/memp.o
                0x08019d18                memp_UDP_PCB
 .rodata.memp_TCP_PCB
                0x08019d24        0xc build/memp.o
                0x08019d24                memp_TCP_PCB
 .rodata.memp_TCP_PCB_LISTEN
                0x08019d30        0xc build/memp.o
                0x08019d30                memp_TCP_PCB_LISTEN
 .rodata.memp_TCP_SEG
                0x08019d3c        0xc build/memp.o
                0x08019d3c                memp_TCP_SEG
 .rodata.memp_REASSDATA
                0x08019d48        0xc build/memp.o
                0x08019d48                memp_REASSDATA
 .rodata.memp_FRAG_PBUF
                0x08019d54        0xc build/memp.o
                0x08019d54                memp_FRAG_PBUF
 .rodata.memp_NETBUF
                0x08019d60        0xc build/memp.o
                0x08019d60                memp_NETBUF
 .rodata.memp_NETCONN
                0x08019d6c        0xc build/memp.o
                0x08019d6c                memp_NETCONN
 .rodata.memp_TCPIP_MSG_API
                0x08019d78        0xc build/memp.o
                0x08019d78                memp_TCPIP_MSG_API
 .rodata.memp_TCPIP_MSG_INPKT
                0x08019d84        0xc build/memp.o
                0x08019d84                memp_TCPIP_MSG_INPKT
 .rodata.memp_SYS_TIMEOUT
                0x08019d90        0xc build/memp.o
                0x08019d90                memp_SYS_TIMEOUT
 .rodata.memp_PBUF
                0x08019d9c        0xc build/memp.o
                0x08019d9c                memp_PBUF
 .rodata.memp_PBUF_POOL
                0x08019da8        0xc build/memp.o
                0x08019da8                memp_PBUF_POOL
 .rodata.memp_pools
                0x08019db4       0x34 build/memp.o
                0x08019db4                memp_pools
 .rodata.tcp_backoff
                0x08019de8        0xd build/tcp.o
 *fill*         0x08019df5        0x3 
 .rodata.tcp_persist_backoff
                0x08019df8        0x7 build/tcp.o
 *fill*         0x08019dff        0x1 
 .rodata.tcp_pcb_lists
                0x08019e00       0x10 build/tcp.o
                0x08019e00                tcp_pcb_lists
 .rodata.lwip_cyclic_timers
                0x08019e10       0x18 build/timeouts.o
                0x08019e10                lwip_cyclic_timers
 .rodata.ip_addr_any
                0x08019e28        0x4 build/ip4_addr.o
                0x08019e28                ip_addr_any
 .rodata._global_impure_ptr
                0x08019e2c        0x4 c:/vsarm/armcc/10 2021.10/bin/../lib/gcc/arm-none-eabi/10.3.1/../../../../arm-none-eabi/lib/thumb/v7-m/nofp\libc_nano.a(lib_a-impure.o)
                0x08019e2c                _global_impure_ptr
 .rodata.__sf_fake_stderr
                0x08019e30       0x20 c:/vsarm/armcc/10 2021.10/bin/../lib/gcc/arm-none-eabi/10.3.1/../../../../arm-none-eabi/lib/thumb/v7-m/nofp\libc_nano.a(lib_a-findfp.o)
                0x08019e30                __sf_fake_stderr
 .rodata.__sf_fake_stdin
                0x08019e50       0x20 c:/vsarm/armcc/10 2021.10/bin/../lib/gcc/arm-none-eabi/10.3.1/../../../../arm-none-eabi/lib/thumb/v7-m/nofp\libc_nano.a(lib_a-findfp.o)
                0x08019e50                __sf_fake_stdin
 .rodata.__sf_fake_stdout
                0x08019e70       0x20 c:/vsarm/armcc/10 2021.10/bin/../lib/gcc/arm-none-eabi/10.3.1/../../../../arm-none-eabi/lib/thumb/v7-m/nofp\libc_nano.a(lib_a-findfp.o)
                0x08019e70                __sf_fake_stdout
 .rodata._svfprintf_r.str1.1
                0x08019e90       0x11 c:/vsarm/armcc/10 2021.10/bin/../lib/gcc/arm-none-eabi/10.3.1/../../../../arm-none-eabi/lib/thumb/v7-m/nofp\libc_nano.a(lib_a-nano-svfprintf.o)
 .rodata._vfprintf_r.str1.1
                0x08019ea1       0x11 c:/vsarm/armcc/10 2021.10/bin/../lib/gcc/arm-none-eabi/10.3.1/../../../../arm-none-eabi/lib/thumb/v7-m/nofp\libc_nano.a(lib_a-nano-vfprintf.o)
 .rodata._printf_i.str1.1
                0x08019ea1       0x22 c:/vsarm/armcc/10 2021.10/bin/../lib/gcc/arm-none-eabi/10.3.1/../../../../arm-none-eabi/lib/thumb/v7-m/nofp\libc_nano.a(lib_a-nano-vfprintf_i.o)
                0x08019ec4                . = ALIGN (0x4)
 *fill*         0x08019ec3        0x1 

.ARM.extab
 *(.ARM.extab* .gnu.linkonce.armextab.*)

.ARM            0x08019ec4        0x8
                0x08019ec4                __exidx_start = .
 *(.ARM.exidx*)
 .ARM.exidx     0x08019ec4        0x8 c:/vsarm/armcc/10 2021.10/bin/../lib/gcc/arm-none-eabi/10.3.1/thumb/v7-m/nofp\libgcc.a(_udivmoddi4.o)
                0x08019ecc                __exidx_end = .

.rel.dyn        0x08019ecc        0x0
 .rel.iplt      0x08019ecc        0x0 c:/vsarm/armcc/10 2021.10/bin/../lib/gcc/arm-none-eabi/10.3.1/thumb/v7-m/nofp/crtbegin.o

.preinit_array  0x08019ecc        0x0
                0x08019ecc                PROVIDE (__preinit_array_start = .)
 *(.preinit_array*)
                0x08019ecc                PROVIDE (__preinit_array_end = .)

.init_array     0x08019ecc        0x4
                0x08019ecc                PROVIDE (__init_array_start = .)
 *(SORT_BY_NAME(.init_array.*))
 *(.init_array*)
 .init_array    0x08019ecc        0x4 c:/vsarm/armcc/10 2021.10/bin/../lib/gcc/arm-none-eabi/10.3.1/thumb/v7-m/nofp/crtbegin.o
                0x08019ed0                PROVIDE (__init_array_end = .)

.fini_array     0x08019ed0        0x4
                [!provide]                PROVIDE (__fini_array_start = .)
 *(SORT_BY_NAME(.fini_array.*))
 *(.fini_array*)
 .fini_array    0x08019ed0        0x4 c:/vsarm/armcc/10 2021.10/bin/../lib/gcc/arm-none-eabi/10.3.1/thumb/v7-m/nofp/crtbegin.o
                [!provide]                PROVIDE (__fini_array_end = .)
                0x08019ed4                _sidata = LOADADDR (.data)

.data           0x20000000      0x124 load address 0x08019ed4
                0x20000000                . = ALIGN (0x4)
                0x20000000                _sdata = .
 *(.data)
 *(.data*)
 .data.wo_cmd   0x20000000       0x60 build/main.o
                0x20000000                wo_cmd
 .data.wo_shell
                0x20000060       0x10 build/main.o
                0x20000060                wo_shell
 .data.tn_admin
                0x20000070       0x23 build/main.o
                0x20000070                tn_admin
 *fill*         0x20000093        0x1 
 .data.funcCB   0x20000094       0x10 build/main.o
                0x20000094                funcCB
 .data.uwTickPrio
                0x200000a4        0x4 build/stm32f2xx_hal.o
                0x200000a4                uwTickPrio
 .data.uwTickFreq
                0x200000a8        0x1 build/stm32f2xx_hal.o
                0x200000a8                uwTickFreq
 *fill*         0x200000a9        0x3 
 .data.SystemCoreClock
                0x200000ac        0x4 build/system_stm32f2xx.o
                0x200000ac                SystemCoreClock
 .data.uxCriticalNesting
                0x200000b0        0x4 build/port.o
 .data.tcp_port
                0x200000b4        0x2 build/tcp.o
 *fill*         0x200000b6        0x2 
 .data.iss.0    0x200000b8        0x4 build/tcp.o
 .data.udp_port
                0x200000bc        0x2 build/udp.o
 *fill*         0x200000be        0x2 
 .data._impure_ptr