Archive member included to satisfy reference by file (symbol)

c:/vsarm/armcc/10 2021.10/bin/../lib/gcc/arm-none-eabi/10.3.1/../../../../arm-none-eabi/lib/thumb/v7-m/nofp\libc_nano.a(lib_a-exit.o)
                              c:/vsarm/armcc/10 2021.10/bin/../lib/gcc/arm-none-eabi/10.3.1/../../../../arm-none-eabi/lib/thumb/v7-m/nofp/crt0.o (exit)
c:/vsarm/armcc/10 2021.10/bin/../lib/gcc/arm-none-eabi/10.3.1/../../../../arm-none-eabi/lib/thumb/v7-m/nofp\libc_nano.a(lib_a-impure.o)
                              c:/vsarm/armcc/10 2021.10/bin/../lib/gcc/arm-none-eabi/10.3.1/../../../../arm-none-eabi/lib/thumb/v7-m/nofp\libc_nano.a(lib_a-exit.o) (_global_impure_ptr)
c:/vsarm/armcc/10 2021.10/bin/../lib/gcc/arm-none-eabi/10.3.1/../../../../arm-none-eabi/lib/thumb/v7-m/nofp\libc_nano.a(lib_a-init.o)
                              c:/vsarm/armcc/10 2021.10/bin/../lib/gcc/arm-none-eabi/10.3.1/../../../../arm-none-eabi/lib/thumb/v7-m/nofp/crt0.o (__libc_init_array)
c:/vsarm/armcc/10 2021.10/bin/../lib/gcc/arm-none-eabi/10.3.1/../../../../arm-none-eabi/lib/thumb/v7-m/nofp\libc_nano.a(lib_a-memcmp.o)
                              build/main.o (memcmp)
c:/vsarm/armcc/10 2021.10/bin/../lib/gcc/arm-none-eabi/10.3.1/../../../../arm-none-eabi/lib/thumb/v7-m/nofp\libc_nano.a(lib_a-memcpy-stub.o)
                              build/main.o (memcpy)
c:/vsarm/armcc/10 2021.10/bin/../lib/gcc/arm-none-eabi/10.3.1/../../../../arm-none-eabi/lib/thumb/v7-m/nofp\libc_nano.a(lib_a-memset.o)
                              c:/vsarm/armcc/10 2021.10/bin/../lib/gcc/arm-none-eabi/10.3.1/../../../../arm-none-eabi/lib/thumb/v7-m/nofp/crt0.o (memset)
c:/vsarm/armcc/10 2021.10/bin/../lib/gcc/arm-none-eabi/10.3.1/../../../../arm-none-eabi/lib/thumb/v7-m/nofp\libc_nano.a(lib_a-printf.o)
                              build/sio.o (printf)
c:/vsarm/armcc/10 2021.10/bin/../lib/gcc/arm-none-eabi/10.3.1/../../../../arm-none-eabi/lib/thumb/v7-m/nofp\libc_nano.a(lib_a-sprintf.o)
                              build/main.o (sprintf)
c:/vsarm/armcc/10 2021.10/bin/../lib/gcc/arm-none-eabi/10.3.1/../../../../arm-none-eabi/lib/thumb/v7-m/nofp\libc_nano.a(lib_a-strlen.o)
                              build/main.o (strlen)
c:/vsarm/armcc/10 2021.10/bin/../lib/gcc/arm-none-eabi/10.3.1/../../../../arm-none-eabi/lib/thumb/v7-m/nofp\libc_nano.a(lib_a-strncmp.o)
                              build/def.o (strncmp)
c:/vsarm/armcc/10 2021.10/bin/../lib/gcc/arm-none-eabi/10.3.1/../../../../arm-none-eabi/lib/thumb/v7-m/nofp\libc_nano.a(lib_a-findfp.o)
                              c:/vsarm/armcc/10 2021.10/bin/../lib/gcc/arm-none-eabi/10.3.1/../../../../arm-none-eabi/lib/thumb/v7-m/nofp\libc_nano.a(lib_a-printf.o) (__sinit)
c:/vsarm/armcc/10 2021.10/bin/../lib/gcc/arm-none-eabi/10.3.1/../../../../arm-none-eabi/lib/thumb/v7-m/nofp\libc_nano.a(lib_a-fwalk.o)
                              c:/vsarm/armcc/10 2021.10/bin/../lib/gcc/arm-none-eabi/10.3.1/../../../../arm-none-eabi/lib/thumb/v7-m/nofp\libc_nano.a(lib_a-findfp.o) (_fwalk)
c:/vsarm/armcc/10 2021.10/bin/../lib/gcc/arm-none-eabi/10.3.1/../../../../arm-none-eabi/lib/thumb/v7-m/nofp\libc_nano.a(lib_a-lock.o)
                              c:/vsarm/armcc/10 2021.10/bin/../lib/gcc/arm-none-eabi/10.3.1/../../../../arm-none-eabi/lib/thumb/v7-m/nofp\libc_nano.a(lib_a-findfp.o) (__retarget_lock_init_recursive)
c:/vsarm/armcc/10 2021.10/bin/../lib/gcc/arm-none-eabi/10.3.1/../../../../arm-none-eabi/lib/thumb/v7-m/nofp\libc_nano.a(lib_a-nano-mallocr.o)
                              c:/vsarm/armcc/10 2021.10/bin/../lib/gcc/arm-none-eabi/10.3.1/../../../../arm-none-eabi/lib/thumb/v7-m/nofp\libc_nano.a(lib_a-findfp.o) (_malloc_r)
c:/vsarm/armcc/10 2021.10/bin/../lib/gcc/arm-none-eabi/10.3.1/../../../../arm-none-eabi/lib/thumb/v7-m/nofp\libc_nano.a(lib_a-nano-svfprintf.o)
                              c:/vsarm/armcc/10 2021.10/bin/../lib/gcc/arm-none-eabi/10.3.1/../../../../arm-none-eabi/lib/thumb/v7-m/nofp\libc_nano.a(lib_a-sprintf.o) (_svfprintf_r)
c:/vsarm/armcc/10 2021.10/bin/../lib/gcc/arm-none-eabi/10.3.1/../../../../arm-none-eabi/lib/thumb/v7-m/nofp\libc_nano.a(lib_a-nano-vfprintf.o)
                              c:/vsarm/armcc/10 2021.10/bin/../lib/gcc/arm-none-eabi/10.3.1/../../../../arm-none-eabi/lib/thumb/v7-m/nofp\libc_nano.a(lib_a-printf.o) (_vfprintf_r)
c:/vsarm/armcc/10 2021.10/bin/../lib/gcc/arm-none-eabi/10.3.1/../../../../arm-none-eabi/lib/thumb/v7-m/nofp\libc_nano.a(lib_a-nano-vfprintf_i.o)
                              c:/vsarm/armcc/10 2021.10/bin/../lib/gcc/arm-none-eabi/10.3.1/../../../../arm-none-eabi/lib/thumb/v7-m/nofp\libc_nano.a(lib_a-nano-svfprintf.o) (_printf_i)
c:/vsarm/armcc/10 2021.10/bin/../lib/gcc/arm-none-eabi/10.3.1/../../../../arm-none-eabi/lib/thumb/v7-m/nofp\libc_nano.a(lib_a-sbrkr.o)
                              c:/vsarm/armcc/10 2021.10/bin/../lib/gcc/arm-none-eabi/10.3.1/../../../../arm-none-eabi/lib/thumb/v7-m/nofp\libc_nano.a(lib_a-nano-mallocr.o) (_sbrk_r)
[...]
Memory Configuration

Name             Origin             Length             Attributes
RAM              0x20000000         0x00020000         xrw
FLASH            0x08000000         0x00100000         xr
*default*        0x00000000         0xffffffff

Linker script and memory map

LOAD c:/vsarm/armcc/10 2021.10/bin/../lib/gcc/arm-none-eabi/10.3.1/thumb/v7-m/nofp/crti.o
LOAD c:/vsarm/armcc/10 2021.10/bin/../lib/gcc/arm-none-eabi/10.3.1/thumb/v7-m/nofp/crtbegin.o
LOAD c:/vsarm/armcc/10 2021.10/bin/../lib/gcc/arm-none-eabi/10.3.1/../../../../arm-none-eabi/lib/thumb/v7-m/nofp/crt0.o
LOAD build/main.o
LOAD build/telnet_server.o
LOAD build/mcli.o
LOAD build/sio.o
LOAD build/freertos.o
LOAD build/stm32f2xx_it.o
LOAD build/stm32f2xx_hal_msp.o
LOAD build/stm32f2xx_hal_timebase_tim.o
LOAD build/ethernetif.o
LOAD build/lwip.o
LOAD build/stm32f2xx_hal_eth.o
LOAD build/stm32f2xx_hal.o
LOAD build/stm32f2xx_hal_rcc.o
LOAD build/stm32f2xx_hal_rcc_ex.o
LOAD build/stm32f2xx_hal_cortex.o
LOAD build/stm32f2xx_hal_flash.o
LOAD build/stm32f2xx_hal_flash_ex.o
LOAD build/stm32f2xx_hal_pwr.o
LOAD build/stm32f2xx_hal_pwr_ex.o
LOAD build/stm32f2xx_hal_gpio.o
LOAD build/stm32f2xx_hal_dma.o
LOAD build/stm32f2xx_hal_dma_ex.o
LOAD build/stm32f2xx_hal_exti.o
LOAD build/stm32f2xx_hal_tim.o
LOAD build/stm32f2xx_hal_tim_ex.o
LOAD build/stm32f2xx_hal_uart.o
LOAD build/system_stm32f2xx.o
LOAD build/croutine.o
LOAD build/event_groups.o
LOAD build/list.o
LOAD build/queue.o
LOAD build/stream_buffer.o
LOAD build/tasks.o
LOAD build/timers.o
LOAD build/cmsis_os2.o
LOAD build/heap_4.o
LOAD build/port.o
LOAD build/auth.o
LOAD build/ccp.o
LOAD build/chap_ms.o
LOAD build/chap-md5.o
LOAD build/chap-new.o
LOAD build/demand.o
LOAD build/eap.o
LOAD build/eui64.o
LOAD build/fsm.o
LOAD build/ipcp.o
LOAD build/ipv6cp.o
LOAD build/lcp.o
LOAD build/magic.o
LOAD build/mppe.o
LOAD build/multilink.o
LOAD build/ppp.o
LOAD build/pppapi.o
LOAD build/pppcrypt.o
LOAD build/pppoe.o
LOAD build/pppol2tp.o
LOAD build/pppos.o
LOAD build/upap.o
LOAD build/utils.o
LOAD build/vj.o
LOAD build/ethernet.o
LOAD build/slipif.o
LOAD build/lowpan6.o
LOAD build/ecp.o
LOAD build/api_lib.o
LOAD build/api_msg.o
LOAD build/err.o
LOAD build/netbuf.o
LOAD build/netdb.o
LOAD build/netifapi.o
LOAD build/sockets.o
LOAD build/tcpip.o
LOAD build/def.o
LOAD build/dns.o
LOAD build/inet_chksum.o
LOAD build/init.o
LOAD build/ip.o
LOAD build/mem.o
LOAD build/memp.o
LOAD build/netif.o
LOAD build/pbuf.o
LOAD build/raw.o
LOAD build/stats.o
LOAD build/sys.o
LOAD build/tcp.o
LOAD build/tcp_in.o
LOAD build/tcp_out.o
LOAD build/timeouts.o
LOAD build/udp.o
LOAD build/autoip.o
LOAD build/dhcp.o
LOAD build/etharp.o
LOAD build/icmp.o
LOAD build/igmp.o
LOAD build/ip4.o
LOAD build/ip4_addr.o
LOAD build/ip4_frag.o
LOAD build/dhcp6.o
LOAD build/ethip6.o
LOAD build/icmp6.o
LOAD build/inet6.o
LOAD build/ip6.o
LOAD build/ip6_addr.o
LOAD build/ip6_frag.o
LOAD build/mld6.o
LOAD build/nd6.o
LOAD build/sys_arch.o
LOAD build/mqtt.o
LOAD build/startup_stm32f207xx.o
LOAD c:/vsarm/armcc/10 2021.10/bin/../lib/gcc/arm-none-eabi/10.3.1/../../../../arm-none-eabi/lib/thumb/v7-m/nofp\libc_nano.a
LOAD c:/vsarm/armcc/10 2021.10/bin/../lib/gcc/arm-none-eabi/10.3.1/../../../../arm-none-eabi/lib/thumb/v7-m/nofp\libm.a
LOAD c:/vsarm/armcc/10 2021.10/bin/../lib/gcc/arm-none-eabi/10.3.1/../../../../arm-none-eabi/lib/thumb/v7-m/nofp\libnosys.a
START GROUP
LOAD c:/vsarm/armcc/10 2021.10/bin/../lib/gcc/arm-none-eabi/10.3.1/thumb/v7-m/nofp\libgcc.a
LOAD c:/vsarm/armcc/10 2021.10/bin/../lib/gcc/arm-none-eabi/10.3.1/../../../../arm-none-eabi/lib/thumb/v7-m/nofp\libc_nano.a
END GROUP
START GROUP
LOAD c:/vsarm/armcc/10 2021.10/bin/../lib/gcc/arm-none-eabi/10.3.1/thumb/v7-m/nofp\libgcc.a
LOAD c:/vsarm/armcc/10 2021.10/bin/../lib/gcc/arm-none-eabi/10.3.1/../../../../arm-none-eabi/lib/thumb/v7-m/nofp\libc_nano.a
END GROUP
LOAD c:/vsarm/armcc/10 2021.10/bin/../lib/gcc/arm-none-eabi/10.3.1/thumb/v7-m/nofp/crtend.o
LOAD c:/vsarm/armcc/10 2021.10/bin/../lib/gcc/arm-none-eabi/10.3.1/thumb/v7-m/nofp/crtn.o
                0x20020000                _estack = (ORIGIN (RAM) + LENGTH (RAM))
                0x00002000                _Min_Heap_Size = 0x2000
                0x00004000                _Min_Stack_Size = 0x4000

.isr_vector     0x08000000      0x184
                0x08000000                . = ALIGN (0x4)
 *(.isr_vector)
 .isr_vector    0x08000000      0x184 build/startup_stm32f207xx.o
                0x08000000                g_pfnVectors
                0x08000184                . = ALIGN (0x4)

.text           0x08000190    0x128e0
                0x08000190                . = ALIGN (0x4)
 *(.text)
 .text          0x08000190       0x40 c:/vsarm/armcc/10 2021.10/bin/../lib/gcc/arm-none-eabi/10.3.1/thumb/v7-m/nofp/crtbegin.o
 .text          0x080001d0       0x30 c:/vsarm/armcc/10 2021.10/bin/../lib/gcc/arm-none-eabi/10.3.1/thumb/v7-m/nofp\libgcc.a(_aeabi_uldivmod.o)
                0x080001d0                __aeabi_uldivmod
 .text          0x08000200      0x2d4 c:/vsarm/armcc/10 2021.10/bin/../lib/gcc/arm-none-eabi/10.3.1/thumb/v7-m/nofp\libgcc.a(_udivmoddi4.o)
                0x08000200                __udivmoddi4
 .text          0x080004d4        0x4 c:/vsarm/armcc/10 2021.10/bin/../lib/gcc/arm-none-eabi/10.3.1/thumb/v7-m/nofp\libgcc.a(_dvmd_tls.o)
                0x080004d4                __aeabi_idiv0
                0x080004d4                __aeabi_ldiv0
 *(.text*)
 .text.main     0x080004d8       0x64 build/main.o
                0x080004d8                main
 .text.SystemClock_Config
                0x0800053c       0x8c build/main.o
                0x0800053c                SystemClock_Config
 .text.MX_USART2_UART_Init
                0x080005c8       0x54 build/main.o
 .text.MX_USART3_UART_Init
                0x0800061c       0x54 build/main.o
 .text.MX_GPIO_Init
                0x08000670      0x118 build/main.o
 .text.StartDefaultTask
                0x08000788       0x28 build/main.o
                0x08000788                StartDefaultTask
 .text.HAL_TIM_PeriodElapsedCallback
                0x080007b0       0x24 build/main.o
                0x080007b0                HAL_TIM_PeriodElapsedCallback
 .text.Error_Handler
                0x080007d4        0xa build/main.o
                0x080007d4                Error_Handler
 *fill*         0x080007de        0x2 
 .text.sio_open
                0x080007e0       0x4c build/sio.o
                0x080007e0                sio_open
 .text.sio_send
                0x0800082c       0x34 build/sio.o
                0x0800082c                sio_send
 .text.sio_recv
                0x08000860       0x34 build/sio.o
                0x08000860                sio_recv
 .text.sio_read
                0x08000894       0x3a build/sio.o
                0x08000894                sio_read
 *fill*         0x080008ce        0x2 
 .text.HAL_UART_RxCpltCallback
                0x080008d0       0x64 build/sio.o
                0x080008d0                HAL_UART_RxCpltCallback
 .text.NMI_Handler
                0x08000934        0x6 build/stm32f2xx_it.o
                0x08000934                NMI_Handler
 .text.HardFault_Handler
                0x0800093a        0x6 build/stm32f2xx_it.o
                0x0800093a                HardFault_Handler
 .text.MemManage_Handler
                0x08000940        0x6 build/stm32f2xx_it.o
                0x08000940                MemManage_Handler
 .text.BusFault_Handler
                0x08000946        0x6 build/stm32f2xx_it.o
                0x08000946                BusFault_Handler
 .text.UsageFault_Handler
                0x0800094c        0x6 build/stm32f2xx_it.o
                0x0800094c                UsageFault_Handler
 .text.DebugMon_Handler
                0x08000952        0xc build/stm32f2xx_it.o
                0x08000952                DebugMon_Handler
 *fill*         0x0800095e        0x2 
 .text.TIM4_IRQHandler
                0x08000960       0x14 build/stm32f2xx_it.o
                0x08000960                TIM4_IRQHandler
 .text.USART2_IRQHandler
                0x08000974       0x14 build/stm32f2xx_it.o
                0x08000974                USART2_IRQHandler
 .text.USART3_IRQHandler
                0x08000988       0x14 build/stm32f2xx_it.o
                0x08000988                USART3_IRQHandler
 .text.ETH_IRQHandler
                0x0800099c       0x14 build/stm32f2xx_it.o
                0x0800099c                ETH_IRQHandler
 .text.HAL_MspInit
                0x080009b0       0x58 build/stm32f2xx_hal_msp.o
                0x080009b0                HAL_MspInit
 .text.HAL_UART_MspInit
                0x08000a08      0x118 build/stm32f2xx_hal_msp.o
                0x08000a08                HAL_UART_MspInit
 .text.HAL_InitTick
                0x08000b20       0xf8 build/stm32f2xx_hal_timebase_tim.o
                0x08000b20                HAL_InitTick
 .text.HAL_ETH_MspInit
                0x08000c18      0x19c build/ethernetif.o
                0x08000c18                HAL_ETH_MspInit
 .text.HAL_ETH_RxCpltCallback
                0x08000db4       0x20 build/ethernetif.o
                0x08000db4                HAL_ETH_RxCpltCallback
 .text.low_level_init
                0x08000dd4      0x1a8 build/ethernetif.o
 .text.low_level_output
                0x08000f7c      0x13c build/ethernetif.o
 .text.low_level_input
                0x080010b8      0x164 build/ethernetif.o
 .text.ethernetif_input
                0x0800121c       0x60 build/ethernetif.o
                0x0800121c                ethernetif_input
 .text.ethernetif_init
                0x0800127c       0x5c build/ethernetif.o
                0x0800127c                ethernetif_init
 .text.sys_now  0x080012d8        0xe build/ethernetif.o
                0x080012d8                sys_now
 *fill*         0x080012e6        0x2 
 .text.ethernetif_set_link
                0x080012e8       0x78 build/ethernetif.o
                0x080012e8                ethernetif_set_link
 .text.ethernetif_update_config
                0x08001360       0xf8 build/ethernetif.o
                0x08001360                ethernetif_update_config
 .text.ethernetif_notify_conn_changed
                0x08001458       0x12 build/ethernetif.o
                0x08001458                ethernetif_notify_conn_changed
 *fill*         0x0800146a        0x2 
 .text.MX_LWIP_Init
                0x0800146c      0x2c4 build/lwip.o
                0x0800146c                MX_LWIP_Init
 .text.HAL_ETH_Init
                0x08001730      0x318 build/stm32f2xx_hal_eth.o
                0x08001730                HAL_ETH_Init
 .text.HAL_ETH_DMATxDescListInit
                0x08001a48       0xce build/stm32f2xx_hal_eth.o
                0x08001a48                HAL_ETH_DMATxDescListInit
 .text.HAL_ETH_DMARxDescListInit
                0x08001b16       0xd6 build/stm32f2xx_hal_eth.o
                0x08001b16                HAL_ETH_DMARxDescListInit
 .text.HAL_ETH_TransmitFrame
                0x08001bec      0x1d0 build/stm32f2xx_hal_eth.o
                0x08001bec                HAL_ETH_TransmitFrame
 .text.HAL_ETH_GetReceivedFrame_IT
                0x08001dbc      0x10e build/stm32f2xx_hal_eth.o
                0x08001dbc                HAL_ETH_GetReceivedFrame_IT
 .text.HAL_ETH_IRQHandler
                0x08001eca       0xc8 build/stm32f2xx_hal_eth.o
                0x08001eca                HAL_ETH_IRQHandler
 .text.HAL_ETH_TxCpltCallback
                0x08001f92       0x12 build/stm32f2xx_hal_eth.o
                0x08001f92                HAL_ETH_TxCpltCallback
 .text.HAL_ETH_ErrorCallback
                0x08001fa4       0x12 build/stm32f2xx_hal_eth.o
                0x08001fa4                HAL_ETH_ErrorCallback
 .text.HAL_ETH_ReadPHYRegister
                0x08001fb6       0xd0 build/stm32f2xx_hal_eth.o
                0x08001fb6                HAL_ETH_ReadPHYRegister
 .text.HAL_ETH_WritePHYRegister
                0x08002086       0xcc build/stm32f2xx_hal_eth.o
                0x08002086                HAL_ETH_WritePHYRegister
 .text.HAL_ETH_Start
                0x08002152       0x5e build/stm32f2xx_hal_eth.o
                0x08002152                HAL_ETH_Start
 .text.HAL_ETH_Stop
                0x080021b0       0x5e build/stm32f2xx_hal_eth.o
                0x080021b0                HAL_ETH_Stop
 *fill*         0x0800220e        0x2 
 .text.HAL_ETH_ConfigMAC
                0x08002210      0x1f4 build/stm32f2xx_hal_eth.o
                0x08002210                HAL_ETH_ConfigMAC
 .text.ETH_MACDMAConfig
                0x08002404      0x38c build/stm32f2xx_hal_eth.o
 .text.ETH_MACAddressConfig
                0x08002790       0x6c build/stm32f2xx_hal_eth.o
 .text.ETH_MACTransmissionEnable
                0x080027fc       0x3a build/stm32f2xx_hal_eth.o
 .text.ETH_MACTransmissionDisable
                0x08002836       0x3a build/stm32f2xx_hal_eth.o
 .text.ETH_MACReceptionEnable
                0x08002870       0x3a build/stm32f2xx_hal_eth.o
 .text.ETH_MACReceptionDisable
                0x080028aa       0x3a build/stm32f2xx_hal_eth.o
 .text.ETH_DMATransmissionEnable
                0x080028e4       0x2a build/stm32f2xx_hal_eth.o
 .text.ETH_DMATransmissionDisable
                0x0800290e       0x2a build/stm32f2xx_hal_eth.o
 .text.ETH_DMAReceptionEnable
                0x08002938       0x2a build/stm32f2xx_hal_eth.o
 .text.ETH_DMAReceptionDisable
                0x08002962       0x2a build/stm32f2xx_hal_eth.o
 .text.ETH_FlushTransmitFIFO
                0x0800298c       0x4a build/stm32f2xx_hal_eth.o
 *fill*         0x080029d6        0x2 
 .text.ETH_Delay
                0x080029d8       0x3c build/stm32f2xx_hal_eth.o
 .text.HAL_Init
                0x08002a14       0x44 build/stm32f2xx_hal.o
                0x08002a14                HAL_Init
 .text.HAL_IncTick
                0x08002a58       0x24 build/stm32f2xx_hal.o
                0x08002a58                HAL_IncTick
 .text.HAL_GetTick
                0x08002a7c       0x14 build/stm32f2xx_hal.o
                0x08002a7c                HAL_GetTick
 .text.HAL_Delay
                0x08002a90       0x48 build/stm32f2xx_hal.o
                0x08002a90                HAL_Delay
 .text.HAL_RCC_OscConfig
                0x08002ad8      0x49c build/stm32f2xx_hal_rcc.o
                0x08002ad8                HAL_RCC_OscConfig
 .text.HAL_RCC_ClockConfig
                0x08002f74      0x1d8 build/stm32f2xx_hal_rcc.o
                0x08002f74                HAL_RCC_ClockConfig
 .text.HAL_RCC_GetSysClockFreq
                0x0800314c      0x218 build/stm32f2xx_hal_rcc.o
                0x0800314c                HAL_RCC_GetSysClockFreq
 .text.HAL_RCC_GetHCLKFreq
                0x08003364       0x14 build/stm32f2xx_hal_rcc.o
                0x08003364                HAL_RCC_GetHCLKFreq
 .text.HAL_RCC_GetPCLK1Freq
                0x08003378       0x44 build/stm32f2xx_hal_rcc.o
                0x08003378                HAL_RCC_GetPCLK1Freq
 .text.HAL_RCC_GetPCLK2Freq
                0x080033bc       0x44 build/stm32f2xx_hal_rcc.o
                0x080033bc                HAL_RCC_GetPCLK2Freq
 .text.HAL_RCC_GetClockConfig
                0x08003400       0x60 build/stm32f2xx_hal_rcc.o
                0x08003400                HAL_RCC_GetClockConfig
 .text.__NVIC_SetPriorityGrouping
                0x08003460       0x48 build/stm32f2xx_hal_cortex.o
 .text.__NVIC_GetPriorityGrouping
                0x080034a8       0x1c build/stm32f2xx_hal_cortex.o
 .text.__NVIC_EnableIRQ
                0x080034c4       0x38 build/stm32f2xx_hal_cortex.o
 .text.__NVIC_SetPriority
                0x080034fc       0x54 build/stm32f2xx_hal_cortex.o
 .text.NVIC_EncodePriority
                0x08003550       0x64 build/stm32f2xx_hal_cortex.o
 .text.HAL_NVIC_SetPriorityGrouping
                0x080035b4       0x16 build/stm32f2xx_hal_cortex.o
                0x080035b4                HAL_NVIC_SetPriorityGrouping
 .text.HAL_NVIC_SetPriority
                0x080035ca       0x38 build/stm32f2xx_hal_cortex.o
                0x080035ca                HAL_NVIC_SetPriority
 .text.HAL_NVIC_EnableIRQ
                0x08003602       0x1c build/stm32f2xx_hal_cortex.o
                0x08003602                HAL_NVIC_EnableIRQ
 *fill*         0x0800361e        0x2 
 .text.HAL_GPIO_Init
                0x08003620      0x33c build/stm32f2xx_hal_gpio.o
                0x08003620                HAL_GPIO_Init
 .text.HAL_GPIO_WritePin
                0x0800395c       0x30 build/stm32f2xx_hal_gpio.o
                0x0800395c                HAL_GPIO_WritePin
 .text.HAL_GPIO_TogglePin
                0x0800398c       0x32 build/stm32f2xx_hal_gpio.o
                0x0800398c                HAL_GPIO_TogglePin
 .text.HAL_DMA_Abort
                0x080039be       0xe0 build/stm32f2xx_hal_dma.o
                0x080039be                HAL_DMA_Abort
 .text.HAL_DMA_Abort_IT
                0x08003a9e       0x42 build/stm32f2xx_hal_dma.o
                0x08003a9e                HAL_DMA_Abort_IT
 .text.HAL_TIM_Base_Init
                0x08003ae0       0x9e build/stm32f2xx_hal_tim.o
                0x08003ae0                HAL_TIM_Base_Init
 .text.HAL_TIM_Base_MspInit
                0x08003b7e       0x12 build/stm32f2xx_hal_tim.o
                0x08003b7e                HAL_TIM_Base_MspInit
 .text.HAL_TIM_Base_Start_IT
                0x08003b90       0xdc build/stm32f2xx_hal_tim.o
                0x08003b90                HAL_TIM_Base_Start_IT
 .text.HAL_TIM_IRQHandler
                0x08003c6c      0x210 build/stm32f2xx_hal_tim.o
                0x08003c6c                HAL_TIM_IRQHandler
 .text.HAL_TIM_OC_DelayElapsedCallback
                0x08003e7c       0x12 build/stm32f2xx_hal_tim.o
                0x08003e7c                HAL_TIM_OC_DelayElapsedCallback
 .text.HAL_TIM_IC_CaptureCallback
                0x08003e8e       0x12 build/stm32f2xx_hal_tim.o
                0x08003e8e                HAL_TIM_IC_CaptureCallback
 .text.HAL_TIM_PWM_PulseFinishedCallback
                0x08003ea0       0x12 build/stm32f2xx_hal_tim.o
                0x08003ea0                HAL_TIM_PWM_PulseFinishedCallback
 .text.HAL_TIM_TriggerCallback
                0x08003eb2       0x12 build/stm32f2xx_hal_tim.o
                0x08003eb2                HAL_TIM_TriggerCallback
 .text.TIM_Base_SetConfig
                0x08003ec4      0x13c build/stm32f2xx_hal_tim.o
                0x08003ec4                TIM_Base_SetConfig
 .text.HAL_TIMEx_CommutCallback
                0x08004000       0x12 build/stm32f2xx_hal_tim_ex.o
                0x08004000                HAL_TIMEx_CommutCallback
 .text.HAL_TIMEx_BreakCallback
                0x08004012       0x12 build/stm32f2xx_hal_tim_ex.o
                0x08004012                HAL_TIMEx_BreakCallback
 .text.HAL_UART_Init
                0x08004024       0x9a build/stm32f2xx_hal_uart.o
                0x08004024                HAL_UART_Init
 .text.HAL_UART_Transmit
                0x080040be      0x124 build/stm32f2xx_hal_uart.o
                0x080040be                HAL_UART_Transmit
 .text.HAL_UART_Receive_IT
                0x080041e2       0x60 build/stm32f2xx_hal_uart.o
                0x080041e2                HAL_UART_Receive_IT
 *fill*         0x08004242        0x2 
 .text.HAL_UART_IRQHandler
                0x08004244      0x358 build/stm32f2xx_hal_uart.o
                0x08004244                HAL_UART_IRQHandler
 .text.HAL_UART_TxCpltCallback
                0x0800459c       0x12 build/stm32f2xx_hal_uart.o
                0x0800459c                HAL_UART_TxCpltCallback
 .text.HAL_UART_ErrorCallback
                0x080045ae       0x12 build/stm32f2xx_hal_uart.o
                0x080045ae                HAL_UART_ErrorCallback
 .text.HAL_UARTEx_RxEventCallback
                0x080045c0       0x16 build/stm32f2xx_hal_uart.o
                0x080045c0                HAL_UARTEx_RxEventCallback
 .text.UART_WaitOnFlagUntilTimeout
                0x080045d6       0x94 build/stm32f2xx_hal_uart.o
 .text.UART_Start_Receive_IT
                0x0800466a       0x72 build/stm32f2xx_hal_uart.o
                0x0800466a                UART_Start_Receive_IT
 .text.UART_EndRxTransfer
                0x080046dc       0x58 build/stm32f2xx_hal_uart.o
 .text.UART_DMAAbortOnError
                0x08004734       0x28 build/stm32f2xx_hal_uart.o
 .text.UART_Transmit_IT
                0x0800475c       0x9e build/stm32f2xx_hal_uart.o
 .text.UART_EndTransmit_IT
                0x080047fa       0x30 build/stm32f2xx_hal_uart.o
 .text.UART_Receive_IT
                0x0800482a      0x152 build/stm32f2xx_hal_uart.o
 .text.UART_SetConfig
                0x0800497c      0x1d4 build/stm32f2xx_hal_uart.o
 .text.SystemInit
                0x08004b50        0xc build/system_stm32f2xx.o
                0x08004b50                SystemInit
 .text.vListInitialise
                0x08004b5c       0x3e build/list.o
                0x08004b5c                vListInitialise
 .text.vListInitialiseItem
                0x08004b9a       0x18 build/list.o
                0x08004b9a                vListInitialiseItem
 .text.vListInsertEnd
                0x08004bb2       0x46 build/list.o
                0x08004bb2                vListInsertEnd
 .text.vListInsert
                0x08004bf8       0x70 build/list.o
                0x08004bf8                vListInsert
 .text.uxListRemove
                0x08004c68       0x52 build/list.o
                0x08004c68                uxListRemove
 *fill*         0x08004cba        0x2 
 .text.xQueueGenericReset
                0x08004cbc       0xd0 build/queue.o
                0x08004cbc                xQueueGenericReset
 .text.xQueueGenericCreateStatic
                0x08004d8c       0xee build/queue.o
                0x08004d8c                xQueueGenericCreateStatic
 .text.xQueueGenericCreate
                0x08004e7a       0x7c build/queue.o
                0x08004e7a                xQueueGenericCreate
 .text.prvInitialiseNewQueue
                0x08004ef6       0x46 build/queue.o
 .text.prvInitialiseMutex
                0x08004f3c       0x34 build/queue.o
 .text.xQueueCreateMutex
                0x08004f70       0x30 build/queue.o
                0x08004f70                xQueueCreateMutex
 .text.xQueueCreateMutexStatic
                0x08004fa0       0x36 build/queue.o
                0x08004fa0                xQueueCreateMutexStatic
 .text.xQueueGiveMutexRecursive
                0x08004fd6       0x68 build/queue.o
                0x08004fd6                xQueueGiveMutexRecursive
 .text.xQueueTakeMutexRecursive
                0x0800503e       0x6c build/queue.o
                0x0800503e                xQueueTakeMutexRecursive
 .text.xQueueCreateCountingSemaphoreStatic
                0x080050aa       0x6e build/queue.o
                0x080050aa                xQueueCreateCountingSemaphoreStatic
 .text.xQueueCreateCountingSemaphore
                0x08005118       0x66 build/queue.o
                0x08005118                xQueueCreateCountingSemaphore
 *fill*         0x0800517e        0x2 
 .text.xQueueGenericSend
                0x08005180      0x1fc build/queue.o
                0x08005180                xQueueGenericSend
 .text.xQueueGenericSendFromISR
                0x0800537c      0x130 build/queue.o
                0x0800537c                xQueueGenericSendFromISR
 .text.xQueueGiveFromISR
                0x080054ac      0x11a build/queue.o
                0x080054ac                xQueueGiveFromISR
 *fill*         0x080055c6        0x2 
 .text.xQueueReceive
                0x080055c8      0x1c0 build/queue.o
                0x080055c8                xQueueReceive
 .text.xQueueSemaphoreTake
                0x08005788      0x218 build/queue.o
                0x08005788                xQueueSemaphoreTake
 .text.xQueueReceiveFromISR
                0x080059a0      0x100 build/queue.o
                0x080059a0                xQueueReceiveFromISR
 .text.vQueueDelete
                0x08005aa0       0x46 build/queue.o
                0x08005aa0                vQueueDelete
 .text.prvGetDisinheritPriorityAfterTimeout
                0x08005ae6       0x2e build/queue.o
 .text.prvCopyDataToQueue
                0x08005b14       0xd4 build/queue.o
 .text.prvCopyDataFromQueue
                0x08005be8       0x4c build/queue.o
 .text.prvUnlockQueue
                0x08005c34       0xa4 build/queue.o
 .text.prvIsQueueEmpty
                0x08005cd8       0x2c build/queue.o
 .text.prvIsQueueFull
                0x08005d04       0x30 build/queue.o
 .text.vQueueAddToRegistry
                0x08005d34       0x50 build/queue.o
                0x08005d34                vQueueAddToRegistry
 .text.vQueueUnregisterQueue
                0x08005d84       0x54 build/queue.o
                0x08005d84                vQueueUnregisterQueue
 .text.vQueueWaitForMessageRestricted
                0x08005dd8       0x68 build/queue.o
                0x08005dd8                vQueueWaitForMessageRestricted
 .text.xTaskCreateStatic
                0x08005e40       0xb8 build/tasks.o
                0x08005e40                xTaskCreateStatic
 .text.xTaskCreate
                0x08005ef8       0x8a build/tasks.o
                0x08005ef8                xTaskCreate
 .text.prvInitialiseNewTask
                0x08005f82      0x10e build/tasks.o
 .text.prvAddNewTaskToReadyList
                0x08006090       0xe0 build/tasks.o
 .text.vTaskDelay
                0x08006170       0x68 build/tasks.o
                0x08006170                vTaskDelay
 .text.vTaskStartScheduler
                0x080061d8       0xcc build/tasks.o
                0x080061d8                vTaskStartScheduler
 .text.vTaskSuspendAll
                0x080062a4       0x1c build/tasks.o
                0x080062a4                vTaskSuspendAll
 .text.xTaskResumeAll
                0x080062c0      0x13c build/tasks.o
                0x080062c0                xTaskResumeAll
 .text.xTaskGetTickCount
                0x080063fc       0x1c build/tasks.o
                0x080063fc                xTaskGetTickCount
 .text.xTaskGetTickCountFromISR
                0x08006418       0x24 build/tasks.o
                0x08006418                xTaskGetTickCountFromISR
 .text.xTaskIncrementTick
                0x0800643c      0x17c build/tasks.o
                0x0800643c                xTaskIncrementTick
 .text.vTaskSwitchContext
                0x080065b8       0xb8 build/tasks.o
                0x080065b8                vTaskSwitchContext
 .text.vTaskPlaceOnEventList
                0x08006670       0x48 build/tasks.o
                0x08006670                vTaskPlaceOnEventList
 .text.vTaskPlaceOnEventListRestricted
                0x080066b8       0x58 build/tasks.o
                0x080066b8                vTaskPlaceOnEventListRestricted
 .text.xTaskRemoveFromEventList
                0x08006710       0xc8 build/tasks.o
                0x08006710                xTaskRemoveFromEventList
 .text.vTaskInternalSetTimeOutState
                0x080067d8       0x2c build/tasks.o
                0x080067d8                vTaskInternalSetTimeOutState
 .text.xTaskCheckForTimeOut
                0x08006804       0xc4 build/tasks.o
                0x08006804                xTaskCheckForTimeOut
 .text.vTaskMissedYield
                0x080068c8       0x18 build/tasks.o
                0x080068c8                vTaskMissedYield
 .text.prvIdleTask
                0x080068e0       0x30 build/tasks.o
 .text.prvInitialiseTaskLists
                0x08006910       0x80 build/tasks.o
 .text.prvCheckTasksWaitingTermination
                0x08006990       0x5c build/tasks.o
 .text.prvDeleteTCB
                0x080069ec       0x5e build/tasks.o
 *fill*         0x08006a4a        0x2 
 .text.prvResetNextTaskUnblockTime
                0x08006a4c       0x48 build/tasks.o
 .text.xTaskGetCurrentTaskHandle
                0x08006a94       0x1c build/tasks.o
                0x08006a94                xTaskGetCurrentTaskHandle
 .text.xTaskGetSchedulerState
                0x08006ab0       0x3c build/tasks.o
                0x08006ab0                xTaskGetSchedulerState
 .text.xTaskPriorityInherit
                0x08006aec       0xdc build/tasks.o
                0x08006aec                xTaskPriorityInherit
 .text.xTaskPriorityDisinherit
                0x08006bc8       0xdc build/tasks.o
                0x08006bc8                xTaskPriorityDisinherit
 .text.vTaskPriorityDisinheritAfterTimeout
                0x08006ca4      0x10c build/tasks.o
                0x08006ca4                vTaskPriorityDisinheritAfterTimeout
 .text.pvTaskIncrementMutexHeldCount
                0x08006db0       0x28 build/tasks.o
                0x08006db0                pvTaskIncrementMutexHeldCount
 .text.prvAddCurrentTaskToDelayedList
                0x08006dd8       0xa8 build/tasks.o
 .text.xTimerCreateTimerTask
                0x08006e80       0x90 build/timers.o
                0x08006e80                xTimerCreateTimerTask
 .text.xTimerGenericCommand
                0x08006f10       0x9c build/timers.o
                0x08006f10                xTimerGenericCommand
 .text.prvProcessExpiredTimer
                0x08006fac       0x80 build/timers.o
 .text.prvTimerTask
                0x0800702c       0x24 build/timers.o
 .text.prvProcessTimerOrBlockTask
                0x08007050       0x9c build/timers.o
 .text.prvGetNextExpireTime
                0x080070ec       0x48 build/timers.o
 .text.prvSampleTimeNow
                0x08007134       0x40 build/timers.o
 .text.prvInsertTimerInActiveList
                0x08007174       0x84 build/timers.o
 .text.prvProcessReceivedCommands
                0x080071f8      0x168 build/timers.o
 .text.prvSwitchTimerLists
                0x08007360       0xc4 build/timers.o
 .text.prvCheckForValidListAndQueue
                0x08007424       0x80 build/timers.o
 .text.osKernelInitialize
                0x080074a4       0x64 build/cmsis_os2.o
                0x080074a4                osKernelInitialize
 .text.osKernelStart
                0x08007508       0x68 build/cmsis_os2.o
                0x08007508                osKernelStart
 .text.osKernelGetTickCount
                0x08007570       0x50 build/cmsis_os2.o
                0x08007570                osKernelGetTickCount
 .text.osThreadNew
                0x080075c0      0x154 build/cmsis_os2.o
                0x080075c0                osThreadNew
 .text.osDelay  0x08007714       0x5c build/cmsis_os2.o
                0x08007714                osDelay
 .text.osMutexNew
                0x08007770      0x134 build/cmsis_os2.o
                0x08007770                osMutexNew
 .text.osMutexAcquire
                0x080078a4       0xbc build/cmsis_os2.o
                0x080078a4                osMutexAcquire
 .text.osMutexRelease
                0x08007960       0xa0 build/cmsis_os2.o
                0x08007960                osMutexRelease
 .text.osSemaphoreNew
                0x08007a00      0x138 build/cmsis_os2.o
                0x08007a00                osSemaphoreNew
 .text.osSemaphoreAcquire
                0x08007b38       0xcc build/cmsis_os2.o
                0x08007b38                osSemaphoreAcquire
 .text.osSemaphoreRelease
                0x08007c04       0xb0 build/cmsis_os2.o
                0x08007c04                osSemaphoreRelease
 .text.osMessageQueueNew
                0x08007cb4      0x10c build/cmsis_os2.o
                0x08007cb4                osMessageQueueNew
 .text.osMessageQueuePut
                0x08007dc0       0xe8 build/cmsis_os2.o
                0x08007dc0                osMessageQueuePut
 .text.osMessageQueueGet
                0x08007ea8       0xe4 build/cmsis_os2.o
                0x08007ea8                osMessageQueueGet
 .text.vApplicationGetIdleTaskMemory
                0x08007f8c       0x30 build/cmsis_os2.o
                0x08007f8c                vApplicationGetIdleTaskMemory
 .text.vApplicationGetTimerTaskMemory
                0x08007fbc       0x34 build/cmsis_os2.o
                0x08007fbc                vApplicationGetTimerTaskMemory
 .text.pvPortMalloc
                0x08007ff0      0x188 build/heap_4.o
                0x08007ff0                pvPortMalloc
 .text.vPortFree
                0x08008178       0xb4 build/heap_4.o
                0x08008178                vPortFree
 .text.prvHeapInit
                0x0800822c       0xc4 build/heap_4.o
 .text.prvInsertBlockIntoFreeList
                0x080082f0       0xb0 build/heap_4.o
 .text.pxPortInitialiseStack
                0x080083a0       0x58 build/port.o
                0x080083a0                pxPortInitialiseStack
 .text.prvTaskExitError
                0x080083f8       0x58 build/port.o
 .text.SVC_Handler
                0x08008450       0x28 build/port.o
                0x08008450                SVC_Handler
 .text.prvPortStartFirstTask
                0x08008478       0x20 build/port.o
 .text.xPortStartScheduler
                0x08008498       0xe4 build/port.o
                0x08008498                xPortStartScheduler
 .text.vPortEnterCritical
                0x0800857c       0x60 build/port.o
                0x0800857c                vPortEnterCritical
 .text.vPortExitCritical
                0x080085dc       0x50 build/port.o
                0x080085dc                vPortExitCritical
 *fill*         0x0800862c        0x4 
 .text.PendSV_Handler
                0x08008630       0x48 build/port.o
                0x08008630                PendSV_Handler
 .text.SysTick_Handler
                0x08008678       0x44 build/port.o
                0x08008678                SysTick_Handler
 .text.vPortSetupTimerInterrupt
                0x080086bc       0x44 build/port.o
                0x080086bc                vPortSetupTimerInterrupt
 .text.vPortValidateInterruptPriority
                0x08008700       0x7c build/port.o
                0x08008700                vPortValidateInterruptPriority
 .text.ethernet_input
                0x0800877c      0x12c build/ethernet.o
                0x0800877c                ethernet_input
 .text.ethernet_output
                0x080088a8       0x90 build/ethernet.o
                0x080088a8                ethernet_output
 .text.slipif_output
                0x08008938      0x104 build/slipif.o
 .text.slipif_output_v4
                0x08008a3c       0x1e build/slipif.o
 *fill*         0x08008a5a        0x2 
 .text.slipif_rxbyte
                0x08008a5c      0x19c build/slipif.o
 .text.slipif_rxbyte_input
                0x08008bf8       0x40 build/slipif.o
 .text.slipif_loop_thread
                0x08008c38       0x34 build/slipif.o
 .text.slipif_init
                0x08008c6c       0xc8 build/slipif.o
                0x08008c6c                slipif_init
 .text.tcpip_thread
                0x08008d34       0xd4 build/tcpip.o
 .text.tcpip_inpkt
                0x08008e08       0x88 build/tcpip.o
                0x08008e08                tcpip_inpkt
 .text.tcpip_input
                0x08008e90       0x44 build/tcpip.o
                0x08008e90                tcpip_input
 .text.tcpip_callback_with_block
                0x08008ed4       0x94 build/tcpip.o
                0x08008ed4                tcpip_callback_with_block
 .text.tcpip_init
                0x08008f68       0x94 build/tcpip.o
                0x08008f68                tcpip_init
 .text.lwip_htons
                0x08008ffc       0x1a build/def.o
                0x08008ffc                lwip_htons
 .text.lwip_htonl
                0x08009016       0x30 build/def.o
                0x08009016                lwip_htonl
 .text.lwip_init
                0x08009046       0x2e build/init.o
                0x08009046                lwip_init
 .text.plug_holes
                0x08009074      0x130 build/mem.o
 .text.mem_init
                0x080091a4       0xa0 build/mem.o
                0x080091a4                mem_init
 .text.mem_free
                0x08009244       0xdc build/mem.o
                0x08009244                mem_free
 .text.mem_trim
                0x08009320      0x1d4 build/mem.o
                0x08009320                mem_trim
 .text.mem_malloc
                0x080094f4      0x1e8 build/mem.o
                0x080094f4                mem_malloc
 .text.memp_init_pool
                0x080096dc       0x5e build/memp.o
                0x080096dc                memp_init_pool
 *fill*         0x0800973a        0x2 
 .text.memp_init
                0x0800973c       0x34 build/memp.o
                0x0800973c                memp_init
 .text.do_memp_malloc_pool
                0x08009770       0x64 build/memp.o
 .text.memp_malloc
                0x080097d4       0x4c build/memp.o
                0x080097d4                memp_malloc
 .text.do_memp_free_pool
                0x08009820       0x58 build/memp.o
 .text.memp_free
                0x08009878       0x54 build/memp.o
                0x08009878                memp_free
 .text.netif_init
                0x080098cc        0xc build/netif.o
                0x080098cc                netif_init
 .text.netif_add
                0x080098d8       0xb0 build/netif.o
                0x080098d8                netif_add
 .text.netif_set_addr
                0x08009988       0x58 build/netif.o
                0x08009988                netif_set_addr
 .text.netif_set_ipaddr
                0x080099e0       0x70 build/netif.o
                0x080099e0                netif_set_ipaddr
 .text.netif_set_gw
                0x08009a50       0x26 build/netif.o
                0x08009a50                netif_set_gw
 .text.netif_set_netmask
                0x08009a76       0x26 build/netif.o
                0x08009a76                netif_set_netmask
 .text.netif_set_default
                0x08009a9c       0x1c build/netif.o
                0x08009a9c                netif_set_default
 .text.netif_set_up
                0x08009ab8       0x46 build/netif.o
                0x08009ab8                netif_set_up
 .text.netif_issue_reports
                0x08009afe       0x42 build/netif.o
 .text.netif_set_down
                0x08009b40       0x44 build/netif.o
                0x08009b40                netif_set_down
 .text.netif_set_link_up
                0x08009b84       0x56 build/netif.o
                0x08009b84                netif_set_link_up
 .text.netif_set_link_down
                0x08009bda       0x40 build/netif.o
                0x08009bda                netif_set_link_down
 .text.netif_set_link_callback
                0x08009c1a       0x20 build/netif.o
                0x08009c1a                netif_set_link_callback
 *fill*         0x08009c3a        0x2 
 .text.pbuf_free_ooseq
                0x08009c3c       0x54 build/pbuf.o
 .text.pbuf_free_ooseq_callback
                0x08009c90       0x14 build/pbuf.o
 .text.pbuf_pool_is_empty
                0x08009ca4       0x58 build/pbuf.o
 .text.pbuf_alloc
                0x08009cfc      0x334 build/pbuf.o
                0x08009cfc                pbuf_alloc
 .text.pbuf_alloced_custom
                0x0800a030       0xd4 build/pbuf.o
                0x0800a030                pbuf_alloced_custom
 .text.pbuf_realloc
                0x0800a104      0x15c build/pbuf.o
                0x0800a104                pbuf_realloc
 .text.pbuf_header_impl
                0x0800a260      0x144 build/pbuf.o
 .text.pbuf_header
                0x0800a3a4       0x24 build/pbuf.o
                0x0800a3a4                pbuf_header
 .text.pbuf_header_force
                0x0800a3c8       0x24 build/pbuf.o
                0x0800a3c8                pbuf_header_force
 .text.pbuf_free
                0x0800a3ec      0x134 build/pbuf.o
                0x0800a3ec                pbuf_free
 .text.pbuf_clen
                0x0800a520       0x2c build/pbuf.o
                0x0800a520                pbuf_clen
 .text.pbuf_ref
                0x0800a54c       0x50 build/pbuf.o
                0x0800a54c                pbuf_ref
 .text.pbuf_cat
                0x0800a59c       0xac build/pbuf.o
                0x0800a59c                pbuf_cat
 .text.pbuf_copy
                0x0800a648      0x198 build/pbuf.o
                0x0800a648                pbuf_copy
 .text.pbuf_copy_partial
                0x0800a7e0       0xf4 build/pbuf.o
                0x0800a7e0                pbuf_copy_partial
 .text.tcp_init
                0x0800a8d4        0xc build/tcp.o
                0x0800a8d4                tcp_init
 .text.tcp_tmr  0x0800a8e0       0x2c build/tcp.o
                0x0800a8e0                tcp_tmr
 .text.tcp_remove_listener
                0x0800a90c       0x38 build/tcp.o
 .text.tcp_listen_closed
                0x0800a944       0x70 build/tcp.o
 .text.tcp_close_shutdown
                0x0800a9b4      0x1d4 build/tcp.o
 .text.tcp_close_shutdown_fin
                0x0800ab88       0xd4 build/tcp.o
 .text.tcp_close
                0x0800ac5c       0x30 build/tcp.o
                0x0800ac5c                tcp_close
 .text.tcp_abandon
                0x0800ac8c      0x164 build/tcp.o
                0x0800ac8c                tcp_abandon
 .text.tcp_abort
                0x0800adf0       0x18 build/tcp.o
                0x0800adf0                tcp_abort
 .text.tcp_update_rcv_ann_wnd
                0x0800ae08       0x9c build/tcp.o
                0x0800ae08                tcp_update_rcv_ann_wnd
 .text.tcp_recved
                0x0800aea4       0xb4 build/tcp.o
                0x0800aea4                tcp_recved
 .text.tcp_slowtmr
                0x0800af58      0x584 build/tcp.o
                0x0800af58                tcp_slowtmr
 .text.tcp_fasttmr
                0x0800b4dc       0xc8 build/tcp.o
                0x0800b4dc                tcp_fasttmr
 .text.tcp_process_refused_data
                0x0800b5a4       0xd2 build/tcp.o
                0x0800b5a4                tcp_process_refused_data
 .text.tcp_segs_free
                0x0800b676       0x2a build/tcp.o
                0x0800b676                tcp_segs_free
 .text.tcp_seg_free
                0x0800b6a0       0x30 build/tcp.o
                0x0800b6a0                tcp_seg_free
 .text.tcp_seg_copy
                0x0800b6d0       0x38 build/tcp.o
                0x0800b6d0                tcp_seg_copy
 .text.tcp_recv_null
                0x0800b708       0x44 build/tcp.o
                0x0800b708                tcp_recv_null
 .text.tcp_kill_prio
                0x0800b74c       0x84 build/tcp.o
 .text.tcp_kill_state
                0x0800b7d0       0x94 build/tcp.o
 .text.tcp_kill_timewait
                0x0800b864       0x60 build/tcp.o
 .text.tcp_alloc
                0x0800b8c4      0x104 build/tcp.o
                0x0800b8c4                tcp_alloc
 .text.tcp_pcb_purge
                0x0800b9c8       0x82 build/tcp.o
                0x0800b9c8                tcp_pcb_purge
 *fill*         0x0800ba4a        0x2 
 .text.tcp_pcb_remove
                0x0800ba4c       0xf8 build/tcp.o
                0x0800ba4c                tcp_pcb_remove
 .text.tcp_next_iss
                0x0800bb44       0x2c build/tcp.o
                0x0800bb44                tcp_next_iss
 .text.tcp_eff_send_mss_impl
                0x0800bb70       0x48 build/tcp.o
                0x0800bb70                tcp_eff_send_mss_impl
 .text.tcp_netif_ip_addr_changed_pcblist
                0x0800bbb8       0x44 build/tcp.o
 .text.tcp_netif_ip_addr_changed
                0x0800bbfc       0x80 build/tcp.o
                0x0800bbfc                tcp_netif_ip_addr_changed
 .text.tcp_input
                0x0800bc7c      0x790 build/tcp_in.o
                0x0800bc7c                tcp_input
 .text.tcp_input_delayed_close
                0x0800c40c       0x64 build/tcp_in.o
 .text.tcp_listen_input
                0x0800c470      0x1c0 build/tcp_in.o
 .text.tcp_timewait_input
                0x0800c630       0xd0 build/tcp_in.o
 .text.tcp_process
                0x0800c700      0x768 build/tcp_in.o
 .text.tcp_oos_insert_segment
                0x0800ce68       0xec build/tcp_in.o
 .text.tcp_receive
                0x0800cf54      0xff4 build/tcp_in.o
 .text.tcp_getoptbyte
                0x0800df48       0x74 build/tcp_in.o
 .text.tcp_parseopt
                0x0800dfbc       0xcc build/tcp_in.o
 .text.tcp_trigger_input_pcb_close
                0x0800e088       0x20 build/tcp_in.o
                0x0800e088                tcp_trigger_input_pcb_close
 .text.tcp_output_alloc_header
                0x0800e0a8       0xf4 build/tcp_out.o
 .text.tcp_send_fin
                0x0800e19c       0x7e build/tcp_out.o
                0x0800e19c                tcp_send_fin
 *fill*         0x0800e21a        0x2 
 .text.tcp_create_segment
                0x0800e21c      0x110 build/tcp_out.o
 .text.tcp_enqueue_flags
                0x0800e32c      0x1f8 build/tcp_out.o
                0x0800e32c                tcp_enqueue_flags
 .text.tcp_send_empty_ack
                0x0800e524       0xb8 build/tcp_out.o
                0x0800e524                tcp_send_empty_ack
 .text.tcp_output
                0x0800e5dc      0x3cc build/tcp_out.o
                0x0800e5dc                tcp_output
 .text.tcp_output_segment
                0x0800e9a8      0x13c build/tcp_out.o
 .text.tcp_rst  0x0800eae4       0xec build/tcp_out.o
                0x0800eae4                tcp_rst
 .text.tcp_rexmit_rto
                0x0800ebd0       0x6c build/tcp_out.o
                0x0800ebd0                tcp_rexmit_rto
 .text.tcp_rexmit
                0x0800ec3c       0xa0 build/tcp_out.o
                0x0800ec3c                tcp_rexmit
 .text.tcp_rexmit_fast
                0x0800ecdc       0x9c build/tcp_out.o
                0x0800ecdc                tcp_rexmit_fast
 .text.tcp_keepalive
                0x0800ed78       0x7a build/tcp_out.o
                0x0800ed78                tcp_keepalive
 .text.tcp_zero_window_probe
                0x0800edf2      0x138 build/tcp_out.o
                0x0800edf2                tcp_zero_window_probe
 *fill*         0x0800ef2a        0x2 
 .text.tcpip_tcp_timer
                0x0800ef2c       0x48 build/timeouts.o
 .text.tcp_timer_needed
                0x0800ef74       0x40 build/timeouts.o
                0x0800ef74                tcp_timer_needed
 .text.cyclic_timer
                0x0800efb4       0x2c build/timeouts.o
 .text.sys_timeouts_init
                0x0800efe0       0x50 build/timeouts.o
                0x0800efe0                sys_timeouts_init
 .text.sys_timeout
                0x0800f030      0x148 build/timeouts.o
                0x0800f030                sys_timeout
 .text.sys_check_timeouts
                0x0800f178       0xa4 build/timeouts.o
 .text.sys_timeouts_sleeptime
                0x0800f21c       0x4c build/timeouts.o
 .text.sys_timeouts_mbox_fetch
                0x0800f268       0x4c build/timeouts.o
                0x0800f268                sys_timeouts_mbox_fetch
 .text.udp_init
                0x0800f2b4        0xc build/udp.o
                0x0800f2b4                udp_init
 .text.udp_input_local_match
                0x0800f2c0       0x74 build/udp.o
 .text.udp_input
                0x0800f334      0x1cc build/udp.o
                0x0800f334                udp_input
 .text.udp_netif_ip_addr_changed
                0x0800f500       0x5c build/udp.o
                0x0800f500                udp_netif_ip_addr_changed
 .text.etharp_free_entry
                0x0800f55c       0x64 build/etharp.o
 .text.etharp_tmr
                0x0800f5c0      0x150 build/etharp.o
                0x0800f5c0                etharp_tmr
 .text.etharp_find_entry
                0x0800f710      0x294 build/etharp.o
 .text.etharp_update_arp_entry
                0x0800f9a4      0x14c build/etharp.o
 .text.etharp_cleanup_netif
                0x0800faf0       0x64 build/etharp.o
                0x0800faf0                etharp_cleanup_netif
 .text.etharp_input
                0x0800fb54      0x114 build/etharp.o
                0x0800fb54                etharp_input
 .text.etharp_output_to_arp_index
                0x0800fc68      0x134 build/etharp.o
 .text.etharp_output
                0x0800fd9c      0x1dc build/etharp.o
                0x0800fd9c                etharp_output
 .text.etharp_query
                0x0800ff78      0x290 build/etharp.o
                0x0800ff78                etharp_query
 .text.etharp_raw
                0x08010208      0x118 build/etharp.o
 .text.etharp_request_dst
                0x08010320       0x44 build/etharp.o
 .text.etharp_request
                0x08010364       0x24 build/etharp.o
                0x08010364                etharp_request
 .text.icmp_input
                0x08010388      0x20c build/icmp.o
                0x08010388                icmp_input
 .text.icmp_dest_unreach
                0x08010594       0x20 build/icmp.o
                0x08010594                icmp_dest_unreach
 .text.icmp_time_exceeded
                0x080105b4       0x20 build/icmp.o
                0x080105b4                icmp_time_exceeded
 .text.icmp_send_response
                0x080105d4       0xd0 build/icmp.o
 .text.ip4_route
                0x080106a4       0xd4 build/ip4.o
                0x080106a4                ip4_route
 .text.ip4_input
                0x08010778      0x280 build/ip4.o
                0x08010778                ip4_input
 .text.ip4_output_if
                0x080109f8       0x54 build/ip4.o
                0x080109f8                ip4_output_if
 .text.ip4_output_if_src
                0x08010a4c      0x150 build/ip4.o
                0x08010a4c                ip4_output_if_src
 .text.ip4_addr_isbroadcast_u32
                0x08010b9c       0x80 build/ip4_addr.o
                0x08010b9c                ip4_addr_isbroadcast_u32
 .text.ip_reass_tmr
                0x08010c1c       0x58 build/ip4_frag.o
                0x08010c1c                ip_reass_tmr
 .text.ip_reass_free_complete_datagram
                0x08010c74      0x148 build/ip4_frag.o
 .text.ip_reass_remove_oldest_datagram
                0x08010dbc       0xc4 build/ip4_frag.o
 .text.ip_reass_enqueue_new_datagram
                0x08010e80       0x74 build/ip4_frag.o
 .text.ip_reass_dequeue_datagram
                0x08010ef4       0x5c build/ip4_frag.o
 .text.ip_reass_chain_frag_into_datagram_and_validate
                0x08010f50      0x2d4 build/ip4_frag.o
 .text.ip4_reass
                0x08011224      0x2a8 build/ip4_frag.o
                0x08011224                ip4_reass
 .text.ip_frag_alloc_pbuf_custom_ref
                0x080114cc       0x10 build/ip4_frag.o
 .text.ip_frag_free_pbuf_custom_ref
                0x080114dc       0x38 build/ip4_frag.o
 .text.ipfrag_free_pbuf_custom
                0x08011514       0x68 build/ip4_frag.o
 .text.ip4_frag
                0x0801157c      0x240 build/ip4_frag.o
                0x0801157c                ip4_frag
 .text.sys_mbox_new
                0x080117bc       0x34 build/sys_arch.o
                0x080117bc                sys_mbox_new
 .text.sys_mbox_post
                0x080117f0       0x2c build/sys_arch.o
                0x080117f0                sys_mbox_post
 .text.sys_mbox_trypost
                0x0801181c       0x34 build/sys_arch.o
                0x0801181c                sys_mbox_trypost
 .text.sys_arch_mbox_fetch
                0x08011850       0x62 build/sys_arch.o
                0x08011850                sys_arch_mbox_fetch
 .text.sys_mbox_valid
                0x080118b2       0x20 build/sys_arch.o
                0x080118b2                sys_mbox_valid
 *fill*         0x080118d2        0x2 
 .text.sys_init
                0x080118d4       0x18 build/sys_arch.o
                0x080118d4                sys_init
 .text.sys_mutex_new
                0x080118ec       0x2c build/sys_arch.o
                0x080118ec                sys_mutex_new
 .text.sys_mutex_lock
                0x08011918       0x1e build/sys_arch.o
                0x08011918                sys_mutex_lock
 .text.sys_mutex_unlock
                0x08011936       0x1a build/sys_arch.o
                0x08011936                sys_mutex_unlock
 .text.sys_thread_new
                0x08011950       0x40 build/sys_arch.o
                0x08011950                sys_thread_new
 .text.sys_arch_protect
                0x08011990       0x1c build/sys_arch.o
                0x08011990                sys_arch_protect
 .text.sys_arch_unprotect
                0x080119ac       0x20 build/sys_arch.o
                0x080119ac                sys_arch_unprotect
 .text.Reset_Handler
                0x080119cc       0x50 build/startup_stm32f207xx.o
                0x080119cc                Reset_Handler
 .text.Default_Handler
                0x08011a1c        0x2 build/startup_stm32f207xx.o
                0x08011a1c                RTC_Alarm_IRQHandler
                0x08011a1c                HASH_RNG_IRQHandler
                0x08011a1c                EXTI2_IRQHandler
                0x08011a1c                TIM8_CC_IRQHandler
                0x08011a1c                TIM1_CC_IRQHandler
                0x08011a1c                DMA2_Stream5_IRQHandler
                0x08011a1c                DMA1_Stream5_IRQHandler
                0x08011a1c                PVD_IRQHandler
                0x08011a1c                SDIO_IRQHandler
                0x08011a1c                TAMP_STAMP_IRQHandler
                0x08011a1c                CAN2_RX1_IRQHandler
                0x08011a1c                EXTI3_IRQHandler
                0x08011a1c                TIM8_TRG_COM_TIM14_IRQHandler
                0x08011a1c                TIM1_UP_TIM10_IRQHandler
                0x08011a1c                TIM8_UP_TIM13_IRQHandler
                0x08011a1c                I2C3_ER_IRQHandler
                0x08011a1c                EXTI0_IRQHandler
                0x08011a1c                I2C2_EV_IRQHandler
                0x08011a1c                DMA1_Stream2_IRQHandler
                0x08011a1c                CAN1_RX0_IRQHandler
                0x08011a1c                OTG_HS_WKUP_IRQHandler
                0x08011a1c                CAN2_SCE_IRQHandler
                0x08011a1c                DMA2_Stream2_IRQHandler
                0x08011a1c                SPI1_IRQHandler
                0x08011a1c                TIM6_DAC_IRQHandler
                0x08011a1c                TIM1_BRK_TIM9_IRQHandler
                0x08011a1c                DCMI_IRQHandler
                0x08011a1c                CAN2_RX0_IRQHandler
                0x08011a1c                DMA2_Stream3_IRQHandler
                0x08011a1c                USART6_IRQHandler
                0x08011a1c                CAN1_RX1_IRQHandler
                0x08011a1c                UART5_IRQHandler
                0x08011a1c                DMA2_Stream0_IRQHandler
                0x08011a1c                I2C1_EV_IRQHandler
                0x08011a1c                DMA1_Stream6_IRQHandler
                0x08011a1c                DMA1_Stream1_IRQHandler
                0x08011a1c                UART4_IRQHandler
                0x08011a1c                TIM3_IRQHandler
                0x08011a1c                RCC_IRQHandler
                0x08011a1c                TIM8_BRK_TIM12_IRQHandler
                0x08011a1c                Default_Handler
                0x08011a1c                EXTI15_10_IRQHandler
                0x08011a1c                ADC_IRQHandler
                0x08011a1c                DMA1_Stream7_IRQHandler
                0x08011a1c                TIM7_IRQHandler
                0x08011a1c                CAN2_TX_IRQHandler
                0x08011a1c                TIM5_IRQHandler
                0x08011a1c                DMA2_Stream7_IRQHandler
                0x08011a1c                I2C3_EV_IRQHandler
                0x08011a1c                EXTI9_5_IRQHandler
                0x08011a1c                RTC_WKUP_IRQHandler
                0x08011a1c                ETH_WKUP_IRQHandler
                0x08011a1c                SPI2_IRQHandler
                0x08011a1c                OTG_HS_EP1_IN_IRQHandler
                0x08011a1c                DMA1_Stream0_IRQHandler
                0x08011a1c                CAN1_TX_IRQHandler
                0x08011a1c                EXTI4_IRQHandler
                0x08011a1c                FSMC_IRQHandler
                0x08011a1c                OTG_HS_EP1_OUT_IRQHandler
                0x08011a1c                WWDG_IRQHandler
                0x08011a1c                TIM2_IRQHandler
                0x08011a1c                OTG_FS_WKUP_IRQHandler
                0x08011a1c                TIM1_TRG_COM_TIM11_IRQHandler
                0x08011a1c                OTG_HS_IRQHandler
                0x08011a1c                EXTI1_IRQHandler
                0x08011a1c                I2C2_ER_IRQHandler
                0x08011a1c                DMA2_Stream1_IRQHandler
                0x08011a1c                CAN1_SCE_IRQHandler
                0x08011a1c                FLASH_IRQHandler
                0x08011a1c                DMA2_Stream4_IRQHandler
                0x08011a1c                USART1_IRQHandler
                0x08011a1c                OTG_FS_IRQHandler
                0x08011a1c                SPI3_IRQHandler
                0x08011a1c                DMA1_Stream4_IRQHandler
                0x08011a1c                I2C1_ER_IRQHandler
                0x08011a1c                DMA2_Stream6_IRQHandler
                0x08011a1c                DMA1_Stream3_IRQHandler
 *fill*         0x08011a1e        0x2 
 .text.__libc_init_array
                0x08011a20       0x48 c:/vsarm/armcc/10 2021.10/bin/../lib/gcc/arm-none-eabi/10.3.1/../../../../arm-none-eabi/lib/thumb/v7-m/nofp\libc_nano.a(lib_a-init.o)
                0x08011a20                __libc_init_array
 .text.memcmp   0x08011a68       0x20 c:/vsarm/armcc/10 2021.10/bin/../lib/gcc/arm-none-eabi/10.3.1/../../../../arm-none-eabi/lib/thumb/v7-m/nofp\libc_nano.a(lib_a-memcmp.o)
                0x08011a68                memcmp
 .text.memcpy   0x08011a88       0x1c c:/vsarm/armcc/10 2021.10/bin/../lib/gcc/arm-none-eabi/10.3.1/../../../../arm-none-eabi/lib/thumb/v7-m/nofp\libc_nano.a(lib_a-memcpy-stub.o)
                0x08011a88                memcpy
 .text.memset   0x08011aa4       0x10 c:/vsarm/armcc/10 2021.10/bin/../lib/gcc/arm-none-eabi/10.3.1/../../../../arm-none-eabi/lib/thumb/v7-m/nofp\libc_nano.a(lib_a-memset.o)
                0x08011aa4                memset
 .text.printf   0x08011ab4       0x30 c:/vsarm/armcc/10 2021.10/bin/../lib/gcc/arm-none-eabi/10.3.1/../../../../arm-none-eabi/lib/thumb/v7-m/nofp\libc_nano.a(lib_a-printf.o)
                0x08011ab4                iprintf
                0x08011ab4                printf
 .text.std      0x08011ae4       0x48 c:/vsarm/armcc/10 2021.10/bin/../lib/gcc/arm-none-eabi/10.3.1/../../../../arm-none-eabi/lib/thumb/v7-m/nofp\libc_nano.a(lib_a-findfp.o)
 .text._cleanup_r
                0x08011b2c        0xc c:/vsarm/armcc/10 2021.10/bin/../lib/gcc/arm-none-eabi/10.3.1/../../../../arm-none-eabi/lib/thumb/v7-m/nofp\libc_nano.a(lib_a-findfp.o)
                0x08011b2c                _cleanup_r
 .text.__sfmoreglue
                0x08011b38       0x2c c:/vsarm/armcc/10 2021.10/bin/../lib/gcc/arm-none-eabi/10.3.1/../../../../arm-none-eabi/lib/thumb/v7-m/nofp\libc_nano.a(lib_a-findfp.o)
                0x08011b38                __sfmoreglue
 .text.__sfp_lock_acquire
                0x08011b64        0xc c:/vsarm/armcc/10 2021.10/bin/../lib/gcc/arm-none-eabi/10.3.1/../../../../arm-none-eabi/lib/thumb/v7-m/nofp\libc_nano.a(lib_a-findfp.o)
                0x08011b64                __sfp_lock_acquire
 .text.__sfp_lock_release
                0x08011b70        0xc c:/vsarm/armcc/10 2021.10/bin/../lib/gcc/arm-none-eabi/10.3.1/../../../../arm-none-eabi/lib/thumb/v7-m/nofp\libc_nano.a(lib_a-findfp.o)
                0x08011b70                __sfp_lock_release
 .text.__sinit_lock_acquire
                0x08011b7c        0xc c:/vsarm/armcc/10 2021.10/bin/../lib/gcc/arm-none-eabi/10.3.1/../../../../arm-none-eabi/lib/thumb/v7-m/nofp\libc_nano.a(lib_a-findfp.o)
                0x08011b7c                __sinit_lock_acquire
 .text.__sinit_lock_release
                0x08011b88        0xc c:/vsarm/armcc/10 2021.10/bin/../lib/gcc/arm-none-eabi/10.3.1/../../../../arm-none-eabi/lib/thumb/v7-m/nofp\libc_nano.a(lib_a-findfp.o)
                0x08011b88                __sinit_lock_release
 .text.__sinit  0x08011b94       0x70 c:/vsarm/armcc/10 2021.10/bin/../lib/gcc/arm-none-eabi/10.3.1/../../../../arm-none-eabi/lib/thumb/v7-m/nofp\libc_nano.a(lib_a-findfp.o)
                0x08011b94                __sinit
 .text.__sfp    0x08011c04       0x8c c:/vsarm/armcc/10 2021.10/bin/../lib/gcc/arm-none-eabi/10.3.1/../../../../arm-none-eabi/lib/thumb/v7-m/nofp\libc_nano.a(lib_a-findfp.o)
                0x08011c04                __sfp
 .text._fwalk_reent
                0x08011c90       0x3e c:/vsarm/armcc/10 2021.10/bin/../lib/gcc/arm-none-eabi/10.3.1/../../../../arm-none-eabi/lib/thumb/v7-m/nofp\libc_nano.a(lib_a-fwalk.o)
                0x08011c90                _fwalk_reent
 .text.__retarget_lock_init_recursive
                0x08011cce        0x2 c:/vsarm/armcc/10 2021.10/bin/../lib/gcc/arm-none-eabi/10.3.1/../../../../arm-none-eabi/lib/thumb/v7-m/nofp\libc_nano.a(lib_a-lock.o)
                0x08011cce                __retarget_lock_init_recursive
 .text.__retarget_lock_acquire_recursive
                0x08011cd0        0x2 c:/vsarm/armcc/10 2021.10/bin/../lib/gcc/arm-none-eabi/10.3.1/../../../../arm-none-eabi/lib/thumb/v7-m/nofp\libc_nano.a(lib_a-lock.o)
                0x08011cd0                __retarget_lock_acquire_recursive
 .text.__retarget_lock_release_recursive
                0x08011cd2        0x2 c:/vsarm/armcc/10 2021.10/bin/../lib/gcc/arm-none-eabi/10.3.1/../../../../arm-none-eabi/lib/thumb/v7-m/nofp\libc_nano.a(lib_a-lock.o)
                0x08011cd2                __retarget_lock_release_recursive
 .text.sbrk_aligned
                0x08011cd4       0x40 c:/vsarm/armcc/10 2021.10/bin/../lib/gcc/arm-none-eabi/10.3.1/../../../../arm-none-eabi/lib/thumb/v7-m/nofp\libc_nano.a(lib_a-nano-mallocr.o)
 .text._malloc_r
                0x08011d14       0xe8 c:/vsarm/armcc/10 2021.10/bin/../lib/gcc/arm-none-eabi/10.3.1/../../../../arm-none-eabi/lib/thumb/v7-m/nofp\libc_nano.a(lib_a-nano-mallocr.o)
                0x08011d14                _malloc_r
 .text.__sfputc_r
                0x08011dfc       0x2a c:/vsarm/armcc/10 2021.10/bin/../lib/gcc/arm-none-eabi/10.3.1/../../../../arm-none-eabi/lib/thumb/v7-m/nofp\libc_nano.a(lib_a-nano-vfprintf.o)
 .text.__sfputs_r
                0x08011e26       0x24 c:/vsarm/armcc/10 2021.10/bin/../lib/gcc/arm-none-eabi/10.3.1/../../../../arm-none-eabi/lib/thumb/v7-m/nofp\libc_nano.a(lib_a-nano-vfprintf.o)
                0x08011e26                __sfputs_r
 *fill*         0x08011e4a        0x2 
 .text._vfprintf_r
                0x08011e4c      0x260 c:/vsarm/armcc/10 2021.10/bin/../lib/gcc/arm-none-eabi/10.3.1/../../../../arm-none-eabi/lib/thumb/v7-m/nofp\libc_nano.a(lib_a-nano-vfprintf.o)
                0x08011e4c                _vfprintf_r
                0x08011e4c                _vfiprintf_r
 .text._printf_common
                0x080120ac       0xde c:/vsarm/armcc/10 2021.10/bin/../lib/gcc/arm-none-eabi/10.3.1/../../../../arm-none-eabi/lib/thumb/v7-m/nofp\libc_nano.a(lib_a-nano-vfprintf_i.o)
                0x080120ac                _printf_common
 *fill*         0x0801218a        0x2 
 .text._printf_i
                0x0801218c      0x24c c:/vsarm/armcc/10 2021.10/bin/../lib/gcc/arm-none-eabi/10.3.1/../../../../arm-none-eabi/lib/thumb/v7-m/nofp\libc_nano.a(lib_a-nano-vfprintf_i.o)
                0x0801218c                _printf_i
 .text._sbrk_r  0x080123d8       0x20 c:/vsarm/armcc/10 2021.10/bin/../lib/gcc/arm-none-eabi/10.3.1/../../../../arm-none-eabi/lib/thumb/v7-m/nofp\libc_nano.a(lib_a-sbrkr.o)
                0x080123d8                _sbrk_r
 .text.__sread  0x080123f8       0x22 c:/vsarm/armcc/10 2021.10/bin/../lib/gcc/arm-none-eabi/10.3.1/../../../../arm-none-eabi/lib/thumb/v7-m/nofp\libc_nano.a(lib_a-stdio.o)
                0x080123f8                __sread
 .text.__swrite
                0x0801241a       0x38 c:/vsarm/armcc/10 2021.10/bin/../lib/gcc/arm-none-eabi/10.3.1/../../../../arm-none-eabi/lib/thumb/v7-m/nofp\libc_nano.a(lib_a-stdio.o)
                0x0801241a                __swrite
 .text.__sseek  0x08012452       0x24 c:/vsarm/armcc/10 2021.10/bin/../lib/gcc/arm-none-eabi/10.3.1/../../../../arm-none-eabi/lib/thumb/v7-m/nofp\libc_nano.a(lib_a-stdio.o)
                0x08012452                __sseek
 .text.__sclose
                0x08012476        0x8 c:/vsarm/armcc/10 2021.10/bin/../lib/gcc/arm-none-eabi/10.3.1/../../../../arm-none-eabi/lib/thumb/v7-m/nofp\libc_nano.a(lib_a-stdio.o)
                0x08012476                __sclose
 *fill*         0x0801247e        0x2 
 .text.__swbuf_r
                0x08012480       0xa4 c:/vsarm/armcc/10 2021.10/bin/../lib/gcc/arm-none-eabi/10.3.1/../../../../arm-none-eabi/lib/thumb/v7-m/nofp\libc_nano.a(lib_a-wbuf.o)
                0x08012480                __swbuf_r
 .text._write_r
                0x08012524       0x24 c:/vsarm/armcc/10 2021.10/bin/../lib/gcc/arm-none-eabi/10.3.1/../../../../arm-none-eabi/lib/thumb/v7-m/nofp\libc_nano.a(lib_a-writer.o)
                0x08012524                _write_r
 .text.__swsetup_r
                0x08012548       0xdc c:/vsarm/armcc/10 2021.10/bin/../lib/gcc/arm-none-eabi/10.3.1/../../../../arm-none-eabi/lib/thumb/v7-m/nofp\libc_nano.a(lib_a-wsetup.o)
                0x08012548                __swsetup_r
 .text._close_r
                0x08012624       0x20 c:/vsarm/armcc/10 2021.10/bin/../lib/gcc/arm-none-eabi/10.3.1/../../../../arm-none-eabi/lib/thumb/v7-m/nofp\libc_nano.a(lib_a-closer.o)
                0x08012624                _close_r
 .text.__sflush_r
                0x08012644      0x104 c:/vsarm/armcc/10 2021.10/bin/../lib/gcc/arm-none-eabi/10.3.1/../../../../arm-none-eabi/lib/thumb/v7-m/nofp\libc_nano.a(lib_a-fflush.o)
                0x08012644                __sflush_r
 .text._fflush_r
                0x08012748       0x78 c:/vsarm/armcc/10 2021.10/bin/../lib/gcc/arm-none-eabi/10.3.1/../../../../arm-none-eabi/lib/thumb/v7-m/nofp\libc_nano.a(lib_a-fflush.o)
                0x08012748                _fflush_r
 .text._lseek_r
                0x080127c0       0x24 c:/vsarm/armcc/10 2021.10/bin/../lib/gcc/arm-none-eabi/10.3.1/../../../../arm-none-eabi/lib/thumb/v7-m/nofp\libc_nano.a(lib_a-lseekr.o)
                0x080127c0                _lseek_r
 .text.__swhatbuf_r
                0x080127e4       0x4a c:/vsarm/armcc/10 2021.10/bin/../lib/gcc/arm-none-eabi/10.3.1/../../../../arm-none-eabi/lib/thumb/v7-m/nofp\libc_nano.a(lib_a-makebuf.o)
                0x080127e4                __swhatbuf_r
 *fill*         0x0801282e        0x2 
 .text.__smakebuf_r
                0x08012830       0x80 c:/vsarm/armcc/10 2021.10/bin/../lib/gcc/arm-none-eabi/10.3.1/../../../../arm-none-eabi/lib/thumb/v7-m/nofp\libc_nano.a(lib_a-makebuf.o)
                0x08012830                __smakebuf_r
 .text.memchr   0x080128b0       0x1c c:/vsarm/armcc/10 2021.10/bin/../lib/gcc/arm-none-eabi/10.3.1/../../../../arm-none-eabi/lib/thumb/v7-m/nofp\libc_nano.a(lib_a-memchr-stub.o)
                0x080128b0                memchr
 .text.__malloc_lock
                0x080128cc        0xc c:/vsarm/armcc/10 2021.10/bin/../lib/gcc/arm-none-eabi/10.3.1/../../../../arm-none-eabi/lib/thumb/v7-m/nofp\libc_nano.a(lib_a-mlock.o)
                0x080128cc                __malloc_lock
 .text.__malloc_unlock
                0x080128d8        0xc c:/vsarm/armcc/10 2021.10/bin/../lib/gcc/arm-none-eabi/10.3.1/../../../../arm-none-eabi/lib/thumb/v7-m/nofp\libc_nano.a(lib_a-mlock.o)
                0x080128d8                __malloc_unlock
 .text._free_r  0x080128e4       0x90 c:/vsarm/armcc/10 2021.10/bin/../lib/gcc/arm-none-eabi/10.3.1/../../../../arm-none-eabi/lib/thumb/v7-m/nofp\libc_nano.a(lib_a-nano-freer.o)
                0x080128e4                _free_r
 .text._read_r  0x08012974       0x24 c:/vsarm/armcc/10 2021.10/bin/../lib/gcc/arm-none-eabi/10.3.1/../../../../arm-none-eabi/lib/thumb/v7-m/nofp\libc_nano.a(lib_a-readr.o)
                0x08012974                _read_r
 .text._fstat_r
                0x08012998       0x24 c:/vsarm/armcc/10 2021.10/bin/../lib/gcc/arm-none-eabi/10.3.1/../../../../arm-none-eabi/lib/thumb/v7-m/nofp\libc_nano.a(lib_a-fstatr.o)
                0x08012998                _fstat_r
 .text._isatty_r
                0x080129bc       0x20 c:/vsarm/armcc/10 2021.10/bin/../lib/gcc/arm-none-eabi/10.3.1/../../../../arm-none-eabi/lib/thumb/v7-m/nofp\libc_nano.a(lib_a-isattyr.o)
                0x080129bc                _isatty_r
 .text._close   0x080129dc       0x10 c:/vsarm/armcc/10 2021.10/bin/../lib/gcc/arm-none-eabi/10.3.1/../../../../arm-none-eabi/lib/thumb/v7-m/nofp\libnosys.a(close.o)
                0x080129dc                _close
 .text._fstat   0x080129ec       0x10 c:/vsarm/armcc/10 2021.10/bin/../lib/gcc/arm-none-eabi/10.3.1/../../../../arm-none-eabi/lib/thumb/v7-m/nofp\libnosys.a(fstat.o)
                0x080129ec                _fstat
 .text._isatty  0x080129fc       0x10 c:/vsarm/armcc/10 2021.10/bin/../lib/gcc/arm-none-eabi/10.3.1/../../../../arm-none-eabi/lib/thumb/v7-m/nofp\libnosys.a(isatty.o)
                0x080129fc                _isatty
 .text._lseek   0x08012a0c       0x10 c:/vsarm/armcc/10 2021.10/bin/../lib/gcc/arm-none-eabi/10.3.1/../../../../arm-none-eabi/lib/thumb/v7-m/nofp\libnosys.a(lseek.o)
                0x08012a0c                _lseek
 .text._read    0x08012a1c       0x10 c:/vsarm/armcc/10 2021.10/bin/../lib/gcc/arm-none-eabi/10.3.1/../../../../arm-none-eabi/lib/thumb/v7-m/nofp\libnosys.a(read.o)
                0x08012a1c                _read
 .text._sbrk    0x08012a2c       0x1c c:/vsarm/armcc/10 2021.10/bin/../lib/gcc/arm-none-eabi/10.3.1/../../../../arm-none-eabi/lib/thumb/v7-m/nofp\libnosys.a(sbrk.o)
                0x08012a2c                _sbrk
 .text._write   0x08012a48       0x10 c:/vsarm/armcc/10 2021.10/bin/../lib/gcc/arm-none-eabi/10.3.1/../../../../arm-none-eabi/lib/thumb/v7-m/nofp\libnosys.a(write.o)
                0x08012a48                _write
 *(.glue_7)
 .glue_7        0x08012a58        0x0 linker stubs
 *(.glue_7t)
 .glue_7t       0x08012a58        0x0 linker stubs
 *(.eh_frame)
 .eh_frame      0x08012a58        0x0 c:/vsarm/armcc/10 2021.10/bin/../lib/gcc/arm-none-eabi/10.3.1/thumb/v7-m/nofp/crtbegin.o
 *(.init)
 .init          0x08012a58        0x4 c:/vsarm/armcc/10 2021.10/bin/../lib/gcc/arm-none-eabi/10.3.1/thumb/v7-m/nofp/crti.o
                0x08012a58                _init
 .init          0x08012a5c        0x8 c:/vsarm/armcc/10 2021.10/bin/../lib/gcc/arm-none-eabi/10.3.1/thumb/v7-m/nofp/crtn.o
 *(.fini)
 .fini          0x08012a64        0x4 c:/vsarm/armcc/10 2021.10/bin/../lib/gcc/arm-none-eabi/10.3.1/thumb/v7-m/nofp/crti.o
                0x08012a64                _fini
 .fini          0x08012a68        0x8 c:/vsarm/armcc/10 2021.10/bin/../lib/gcc/arm-none-eabi/10.3.1/thumb/v7-m/nofp/crtn.o
                0x08012a70                . = ALIGN (0x4)
                0x08012a70                _etext = .

.vfp11_veneer   0x08012a70        0x0
 .vfp11_veneer  0x08012a70        0x0 linker stubs

.v4_bx          0x08012a70        0x0
 .v4_bx         0x08012a70        0x0 linker stubs

.iplt           0x08012a70        0x0
 .iplt          0x08012a70        0x0 c:/vsarm/armcc/10 2021.10/bin/../lib/gcc/arm-none-eabi/10.3.1/thumb/v7-m/nofp/crtbegin.o

.rodata         0x08012a70     0x2464
                0x08012a70                . = ALIGN (0x4)
 *(.rodata)
 .rodata        0x08012a70      0x37e build/main.o
 *fill*         0x08012dee        0x2 
 .rodata        0x08012df0       0xa0 build/sio.o
 .rodata        0x08012e90       0x5c build/ethernetif.o
 .rodata        0x08012eec        0x8 build/lwip.o
 .rodata        0x08012ef4        0x5 build/tasks.o
 *fill*         0x08012ef9        0x3 
 .rodata        0x08012efc        0xd build/timers.o
 *fill*         0x08012f09        0x3 
 .rodata        0x08012f0c       0x90 build/ethernet.o
 .rodata        0x08012f9c       0x98 build/slipif.o
 .rodata        0x08013034       0xdd build/tcpip.o
 *fill*         0x08013111        0x3 
 .rodata        0x08013114      0x213 build/mem.o
 *fill*         0x08013327        0x1 
 .rodata        0x08013328       0xeb build/memp.o
 *fill*         0x08013413        0x1 
 .rodata        0x08013414       0x70 build/netif.o
 .rodata        0x08013484      0x509 build/pbuf.o
 *fill*         0x0801398d        0x3 
 .rodata        0x08013990      0x477 build/tcp.o
 *fill*         0x08013e07        0x1 
 .rodata        0x08013e08      0x381 build/tcp_in.o
 *fill*         0x08014189        0x3 
 .rodata        0x0801418c      0x43f build/tcp_out.o
 *fill*         0x080145cb        0x1 
 .rodata        0x080145cc       0x9c build/timeouts.o
 .rodata        0x08014668       0x96 build/udp.o
 *fill*         0x080146fe        0x2 
 .rodata        0x08014700      0x261 build/etharp.o
 *fill*         0x08014961        0x3 
 .rodata        0x08014964       0xf4 build/icmp.o
 .rodata        0x08014a58       0x95 build/ip4.o
 *fill*         0x08014aed        0x3 
 .rodata        0x08014af0      0x1ec build/ip4_frag.o
 *(.rodata*)
 .rodata.defaultTask_attributes
                0x08014cdc       0x24 build/main.o
                0x08014cdc                defaultTask_attributes
 .rodata.AHBPrescTable
                0x08014d00       0x10 build/system_stm32f2xx.o
                0x08014d00                AHBPrescTable
 .rodata.APBPrescTable
                0x08014d10        0x8 build/system_stm32f2xx.o
                0x08014d10                APBPrescTable
 .rodata.ethbroadcast
                0x08014d18        0x6 build/ethernet.o
                0x08014d18                ethbroadcast
 *fill*         0x08014d1e        0x2 
 .rodata.ethzero
                0x08014d20        0x6 build/ethernet.o
                0x08014d20                ethzero
 *fill*         0x08014d26        0x2 
 .rodata.memp_UDP_PCB
                0x08014d28        0xc build/memp.o
                0x08014d28                memp_UDP_PCB
 .rodata.memp_TCP_PCB
                0x08014d34        0xc build/memp.o
                0x08014d34                memp_TCP_PCB
 .rodata.memp_TCP_PCB_LISTEN
                0x08014d40        0xc build/memp.o
                0x08014d40                memp_TCP_PCB_LISTEN
 .rodata.memp_TCP_SEG
                0x08014d4c        0xc build/memp.o
                0x08014d4c                memp_TCP_SEG
 .rodata.memp_REASSDATA
                0x08014d58        0xc build/memp.o
                0x08014d58                memp_REASSDATA
 .rodata.memp_FRAG_PBUF
                0x08014d64        0xc build/memp.o
                0x08014d64                memp_FRAG_PBUF
 .rodata.memp_NETBUF
                0x08014d70        0xc build/memp.o
                0x08014d70                memp_NETBUF
 .rodata.memp_NETCONN
                0x08014d7c        0xc build/memp.o
                0x08014d7c                memp_NETCONN
 .rodata.memp_TCPIP_MSG_API
                0x08014d88        0xc build/memp.o
                0x08014d88                memp_TCPIP_MSG_API
 .rodata.memp_TCPIP_MSG_INPKT
                0x08014d94        0xc build/memp.o
                0x08014d94                memp_TCPIP_MSG_INPKT
 .rodata.memp_SYS_TIMEOUT
                0x08014da0        0xc build/memp.o
                0x08014da0                memp_SYS_TIMEOUT
 .rodata.memp_PBUF
                0x08014dac        0xc build/memp.o
                0x08014dac                memp_PBUF
 .rodata.memp_PBUF_POOL
                0x08014db8        0xc build/memp.o
                0x08014db8                memp_PBUF_POOL
 .rodata.memp_pools
                0x08014dc4       0x34 build/memp.o
                0x08014dc4                memp_pools
 .rodata.tcp_backoff
                0x08014df8        0xd build/tcp.o
 *fill*         0x08014e05        0x3 
 .rodata.tcp_persist_backoff
                0x08014e08        0x7 build/tcp.o
 *fill*         0x08014e0f        0x1 
 .rodata.tcp_pcb_lists
                0x08014e10       0x10 build/tcp.o
                0x08014e10                tcp_pcb_lists
 .rodata.lwip_cyclic_timers
                0x08014e20       0x18 build/timeouts.o
                0x08014e20                lwip_cyclic_timers
 .rodata.ip_addr_any
                0x08014e38        0x4 build/ip4_addr.o
                0x08014e38                ip_addr_any
 .rodata._global_impure_ptr
                0x08014e3c        0x4 c:/vsarm/armcc/10 2021.10/bin/../lib/gcc/arm-none-eabi/10.3.1/../../../../arm-none-eabi/lib/thumb/v7-m/nofp\libc_nano.a(lib_a-impure.o)
                0x08014e3c                _global_impure_ptr
 .rodata.__sf_fake_stderr
                0x08014e40       0x20 c:/vsarm/armcc/10 2021.10/bin/../lib/gcc/arm-none-eabi/10.3.1/../../../../arm-none-eabi/lib/thumb/v7-m/nofp\libc_nano.a(lib_a-findfp.o)
                0x08014e40                __sf_fake_stderr
 .rodata.__sf_fake_stdin
                0x08014e60       0x20 c:/vsarm/armcc/10 2021.10/bin/../lib/gcc/arm-none-eabi/10.3.1/../../../../arm-none-eabi/lib/thumb/v7-m/nofp\libc_nano.a(lib_a-findfp.o)
                0x08014e60                __sf_fake_stdin
 .rodata.__sf_fake_stdout
                0x08014e80       0x20 c:/vsarm/armcc/10 2021.10/bin/../lib/gcc/arm-none-eabi/10.3.1/../../../../arm-none-eabi/lib/thumb/v7-m/nofp\libc_nano.a(lib_a-findfp.o)
                0x08014e80                __sf_fake_stdout
 .rodata._vfprintf_r.str1.1
                0x08014ea0       0x11 c:/vsarm/armcc/10 2021.10/bin/../lib/gcc/arm-none-eabi/10.3.1/../../../../arm-none-eabi/lib/thumb/v7-m/nofp\libc_nano.a(lib_a-nano-vfprintf.o)
 .rodata._printf_i.str1.1
                0x08014eb1       0x22 c:/vsarm/armcc/10 2021.10/bin/../lib/gcc/arm-none-eabi/10.3.1/../../../../arm-none-eabi/lib/thumb/v7-m/nofp\libc_nano.a(lib_a-nano-vfprintf_i.o)
                0x08014ed4                . = ALIGN (0x4)
 *fill*         0x08014ed3        0x1 

.ARM.extab
 *(.ARM.extab* .gnu.linkonce.armextab.*)

.ARM            0x08014ed4        0x8
                0x08014ed4                __exidx_start = .
 *(.ARM.exidx*)
 .ARM.exidx     0x08014ed4        0x8 c:/vsarm/armcc/10 2021.10/bin/../lib/gcc/arm-none-eabi/10.3.1/thumb/v7-m/nofp\libgcc.a(_udivmoddi4.o)
                0x08014edc                __exidx_end = .

.rel.dyn        0x08014edc        0x0
 .rel.iplt      0x08014edc        0x0 c:/vsarm/armcc/10 2021.10/bin/../lib/gcc/arm-none-eabi/10.3.1/thumb/v7-m/nofp/crtbegin.o

.preinit_array  0x08014edc        0x0
                0x08014edc                PROVIDE (__preinit_array_start = .)
 *(.preinit_array*)
                0x08014edc                PROVIDE (__preinit_array_end = .)

.init_array     0x08014edc        0x4
                0x08014edc                PROVIDE (__init_array_start = .)
 *(SORT_BY_NAME(.init_array.*))
 *(.init_array*)
 .init_array    0x08014edc        0x4 c:/vsarm/armcc/10 2021.10/bin/../lib/gcc/arm-none-eabi/10.3.1/thumb/v7-m/nofp/crtbegin.o
                0x08014ee0                PROVIDE (__init_array_end = .)

.fini_array     0x08014ee0        0x4
                [!provide]                PROVIDE (__fini_array_start = .)
 *(SORT_BY_NAME(.fini_array.*))
 *(.fini_array*)
 .fini_array    0x08014ee0        0x4 c:/vsarm/armcc/10 2021.10/bin/../lib/gcc/arm-none-eabi/10.3.1/thumb/v7-m/nofp/crtbegin.o
                [!provide]                PROVIDE (__fini_array_end = .)
                0x08014ee4                _sidata = LOADADDR (.data)

.data           0x20000000       0x78 load address 0x08014ee4
                0x20000000                . = ALIGN (0x4)
                0x20000000                _sdata = .
 *(.data)
 *(.data*)
 .data.uwTickPrio
                0x20000000        0x4 build/stm32f2xx_hal.o
                0x20000000                uwTickPrio
 .data.uwTickFreq
                0x20000004        0x1 build/stm32f2xx_hal.o
                0x20000004                uwTickFreq
 *fill*         0x20000005        0x3 
 .data.SystemCoreClock
                0x20000008        0x4 build/system_stm32f2xx.o
                0x20000008                SystemCoreClock
 .data.uxCriticalNesting
                0x2000000c        0x4 build/port.o
 .data.iss.0    0x20000010        0x4 build/tcp.o
 .data._impure_ptr
                0x20000014        0x4 c:/vsarm/armcc/10 2021.10/bin/../lib/gcc/arm-none-eabi/10.3.1/../../../../arm-none-eabi/lib/thumb/v7-m/nofp\libc_nano.a(lib_a-impure.o)
                0x20000014                _impure_ptr
 .data.impure_data
                0x20000018       0x60 c:/vsarm/armcc/10 2021.10/bin/../lib/gcc/arm-none-eabi/10.3.1/../../../../arm-none-eabi/lib/thumb/v7-m/nofp\libc_nano.a(lib_a-impure.o)
                0x20000078                . = ALIGN (0x4)
                0x20000078                _edata = .

.igot.plt       0x20000078        0x0 load address 0x08014f5c
 .igot.plt      0x20000078        0x0 c:/vsarm/armcc/10 2021.10/bin/../lib/gcc/arm-none-eabi/10.3.1/thumb/v7-m/nofp/crtbegin.o
                0x20000078                . = ALIGN (0x4)

.bss            0x20000078     0xf584 load address 0x08014f5c
                0x20000078                _sbss = .
                0x20000078                __bss_start__ = _sbss
 *(.bss)
 .bss           0x20000078       0x1c c:/vsarm/armcc/10 2021.10/bin/../lib/gcc/arm-none-eabi/10.3.1/thumb/v7-m/nofp/crtbegin.o
 *(.bss*)
 .bss.huart2    0x20000094       0x44 build/main.o
                0x20000094                huart2
 .bss.huart3    0x200000d8       0x44 build/main.o
                0x200000d8                huart3
 .bss.defaultTaskHandle
                0x2000011c        0x4 build/main.o
                0x2000011c                defaultTaskHandle
 .bss.preBUFF   0x20000120        0x1 build/main.o
                0x20000120                preBUFF
 .bss.preBUFF2  0x20000121        0x1 build/main.o
                0x20000121                preBUFF2
 *fill*         0x20000122        0x2 
 .bss.queueUART
                0x20000124        0x4 build/sio.o
                0x20000124                queueUART
 .bss.errorUartSR
                0x20000128        0x4 build/sio.o
                0x20000128                errorUartSR
 .bss.htim4     0x2000012c       0x48 build/stm32f2xx_hal_timebase_tim.o
                0x2000012c                htim4
 .bss.DMARxDscrTab
                0x20000174       0x80 build/ethernetif.o
                0x20000174                DMARxDscrTab
 .bss.DMATxDscrTab
                0x200001f4       0x80 build/ethernetif.o
                0x200001f4                DMATxDscrTab
 .bss.Rx_Buff   0x20000274     0x17d0 build/ethernetif.o
                0x20000274                Rx_Buff
 .bss.Tx_Buff   0x20001a44     0x17d0 build/ethernetif.o
                0x20001a44                Tx_Buff
 .bss.s_xSemaphore
                0x20003214        0x4 build/ethernetif.o
                0x20003214                s_xSemaphore
 .bss.heth      0x20003218       0x48 build/ethernetif.o
                0x20003218                heth
 .bss.Netif_LinkSemaphore
                0x20003260        0x4 build/lwip.o
                0x20003260                Netif_LinkSemaphore
 .bss.link_arg  0x20003264        0x8 build/lwip.o
                0x20003264                link_arg
 .bss.gnetif    0x2000326c       0x34 build/lwip.o
                0x2000326c                gnetif
 .bss.ipaddr    0x200032a0        0x4 build/lwip.o
                0x200032a0                ipaddr
 .bss.netmask   0x200032a4        0x4 build/lwip.o
                0x200032a4                netmask
 .bss.gw        0x200032a8        0x4 build/lwip.o
                0x200032a8                gw
 .bss.IP_ADDRESS
                0x200032ac        0x4 build/lwip.o
                0x200032ac                IP_ADDRESS
 .bss.NETMASK_ADDRESS
                0x200032b0        0x4 build/lwip.o
                0x200032b0                NETMASK_ADDRESS
 .bss.GATEWAY_ADDRESS
                0x200032b4        0x4 build/lwip.o
                0x200032b4                GATEWAY_ADDRESS
 .bss.attributes
                0x200032b8       0x24 build/lwip.o
                0x200032b8                attributes
 .bss.uwTick    0x200032dc        0x4 build/stm32f2xx_hal.o
                0x200032dc                uwTick
 .bss.xQueueRegistry
                0x200032e0       0x40 build/queue.o
                0x200032e0                xQueueRegistry
 .bss.pxCurrentTCB
                0x20003320        0x4 build/tasks.o
                0x20003320                pxCurrentTCB
 .bss.pxReadyTasksLists
                0x20003324      0x460 build/tasks.o
 .bss.xDelayedTaskList1
                0x20003784       0x14 build/tasks.o
 .bss.xDelayedTaskList2
                0x20003798       0x14 build/tasks.o
 .bss.pxDelayedTaskList
                0x200037ac        0x4 build/tasks.o
 .bss.pxOverflowDelayedTaskList
                0x200037b0        0x4 build/tasks.o
 .bss.xPendingReadyList
                0x200037b4       0x14 build/tasks.o
 .bss.xTasksWaitingTermination
                0x200037c8       0x14 build/tasks.o
 .bss.uxDeletedTasksWaitingCleanUp
                0x200037dc        0x4 build/tasks.o
 .bss.xSuspendedTaskList
                0x200037e0       0x14 build/tasks.o
 .bss.uxCurrentNumberOfTasks
                0x200037f4        0x4 build/tasks.o
 .bss.xTickCount
                0x200037f8        0x4 build/tasks.o
 .bss.uxTopReadyPriority
                0x200037fc        0x4 build/tasks.o
 .bss.xSchedulerRunning
                0x20003800        0x4 build/tasks.o
 .bss.uxPendedTicks
                0x20003804        0x4 build/tasks.o
 .bss.xYieldPending
                0x20003808        0x4 build/tasks.o
 .bss.xNumOfOverflows
                0x2000380c        0x4 build/tasks.o
 .bss.uxTaskNumber
                0x20003810        0x4 build/tasks.o
 .bss.xNextTaskUnblockTime
                0x20003814        0x4 build/tasks.o
 .bss.xIdleTaskHandle
                0x20003818        0x4 build/tasks.o
 .bss.uxSchedulerSuspended
                0x2000381c        0x4 build/tasks.o
 .bss.xActiveTimerList1
                0x20003820       0x14 build/timers.o
 .bss.xActiveTimerList2
                0x20003834       0x14 build/timers.o
 .bss.pxCurrentTimerList
                0x20003848        0x4 build/timers.o
 .bss.pxOverflowTimerList
                0x2000384c        0x4 build/timers.o
 .bss.xTimerQueue
                0x20003850        0x4 build/timers.o
 .bss.xTimerTaskHandle
                0x20003854        0x4 build/timers.o
 .bss.xLastTime.2
                0x20003858        0x4 build/timers.o
 .bss.ucStaticTimerQueueStorage.1
                0x2000385c       0xa0 build/timers.o
 .bss.xStaticTimerQueue.0
                0x200038fc       0x50 build/timers.o
 .bss.KernelState
                0x2000394c        0x4 build/cmsis_os2.o
 .bss.Idle_TCB  0x20003950       0x5c build/cmsis_os2.o
 .bss.Idle_Stack
                0x200039ac      0x200 build/cmsis_os2.o
 .bss.Timer_TCB
                0x20003bac       0x5c build/cmsis_os2.o
 .bss.Timer_Stack
                0x20003c08      0x400 build/cmsis_os2.o
 .bss.ucHeap    0x20004008     0x7d00 build/heap_4.o
 .bss.xStart    0x2000bd08        0x8 build/heap_4.o
 .bss.pxEnd     0x2000bd10        0x4 build/heap_4.o
 .bss.xFreeBytesRemaining
                0x2000bd14        0x4 build/heap_4.o
 .bss.xMinimumEverFreeBytesRemaining
                0x2000bd18        0x4 build/heap_4.o
 .bss.xBlockAllocatedBit
                0x2000bd1c        0x4 build/heap_4.o
 .bss.ucMaxSysCallPriority
                0x2000bd20        0x1 build/port.o
 *fill*         0x2000bd21        0x3 
 .bss.ulMaxPRIGROUPValue
                0x2000bd24        0x4 build/port.o
 .bss.tcpip_init_done
                0x2000bd28        0x4 build/tcpip.o
 .bss.tcpip_init_done_arg
                0x2000bd2c        0x4 build/tcpip.o
 .bss.mbox      0x2000bd30        0x4 build/tcpip.o
 .bss.lock_tcpip_core
                0x2000bd34        0x4 build/tcpip.o
                0x2000bd34                lock_tcpip_core
 .bss.ip_data   0x2000bd38       0x18 build/ip.o
                0x2000bd38                ip_data
 .bss.ram_heap  0x2000bd50      0x653 build/mem.o
                0x2000bd50                ram_heap
 *fill*         0x2000c3a3        0x1 
 .bss.ram       0x2000c3a4        0x4 build/mem.o
 .bss.ram_end   0x2000c3a8        0x4 build/mem.o
 .bss.lfree     0x2000c3ac        0x4 build/mem.o
 .bss.mem_mutex
                0x2000c3b0        0x4 build/mem.o
 .bss.memp_memory_UDP_PCB_base
                0x2000c3b4       0x83 build/memp.o
                0x2000c3b4                memp_memory_UDP_PCB_base
 *fill*         0x2000c437        0x1 
 .bss.memp_tab_UDP_PCB
                0x2000c438        0x4 build/memp.o
 .bss.memp_memory_TCP_PCB_base
                0x2000c43c      0x2fb build/memp.o
                0x2000c43c                memp_memory_TCP_PCB_base
 *fill*         0x2000c737        0x1 
 .bss.memp_tab_TCP_PCB
                0x2000c738        0x4 build/memp.o
 .bss.memp_memory_TCP_PCB_LISTEN_base
                0x2000c73c       0xe3 build/memp.o
                0x2000c73c                memp_memory_TCP_PCB_LISTEN_base
 *fill*         0x2000c81f        0x1 
 .bss.memp_tab_TCP_PCB_LISTEN
                0x2000c820        0x4 build/memp.o
 .bss.memp_memory_TCP_SEG_base
                0x2000c824      0x103 build/memp.o
                0x2000c824                memp_memory_TCP_SEG_base
 *fill*         0x2000c927        0x1 
 .bss.memp_tab_TCP_SEG
                0x2000c928        0x4 build/memp.o
 .bss.memp_memory_REASSDATA_base
                0x2000c92c       0xa3 build/memp.o
                0x2000c92c                memp_memory_REASSDATA_base
 *fill*         0x2000c9cf        0x1 
 .bss.memp_tab_REASSDATA
                0x2000c9d0        0x4 build/memp.o
 .bss.memp_memory_FRAG_PBUF_base
                0x2000c9d4      0x16b build/memp.o
                0x2000c9d4                memp_memory_FRAG_PBUF_base
 *fill*         0x2000cb3f        0x1 
 .bss.memp_tab_FRAG_PBUF
                0x2000cb40        0x4 build/memp.o
 .bss.memp_memory_NETBUF_base
                0x2000cb44       0x23 build/memp.o
                0x2000cb44                memp_memory_NETBUF_base
 *fill*         0x2000cb67        0x1 
 .bss.memp_tab_NETBUF
                0x2000cb68        0x4 build/memp.o
 .bss.memp_memory_NETCONN_base
                0x2000cb6c       0xb3 build/memp.o
                0x2000cb6c                memp_memory_NETCONN_base
 *fill*         0x2000cc1f        0x1 
 .bss.memp_tab_NETCONN
                0x2000cc20        0x4 build/memp.o
 .bss.memp_memory_TCPIP_MSG_API_base
                0x2000cc24       0x83 build/memp.o
                0x2000cc24                memp_memory_TCPIP_MSG_API_base
 *fill*         0x2000cca7        0x1 
 .bss.memp_tab_TCPIP_MSG_API
                0x2000cca8        0x4 build/memp.o
 .bss.memp_memory_TCPIP_MSG_INPKT_base
                0x2000ccac       0x83 build/memp.o
                0x2000ccac                memp_memory_TCPIP_MSG_INPKT_base
 *fill*         0x2000cd2f        0x1 
 .bss.memp_tab_TCPIP_MSG_INPKT
                0x2000cd30        0x4 build/memp.o
 .bss.memp_memory_SYS_TIMEOUT_base
                0x2000cd34       0x33 build/memp.o
                0x2000cd34                memp_memory_SYS_TIMEOUT_base
 *fill*         0x2000cd67        0x1 
 .bss.memp_tab_SYS_TIMEOUT
                0x2000cd68        0x4 build/memp.o
 .bss.memp_memory_PBUF_base
                0x2000cd6c      0x103 build/memp.o
                0x2000cd6c                memp_memory_PBUF_base
 *fill*         0x2000ce6f        0x1 
 .bss.memp_tab_PBUF
                0x2000ce70        0x4 build/memp.o
 .bss.memp_memory_PBUF_POOL_base
                0x2000ce74     0x2603 build/memp.o
                0x2000ce74                memp_memory_PBUF_POOL_base
 *fill*         0x2000f477        0x1 
 .bss.memp_tab_PBUF_POOL
                0x2000f478        0x4 build/memp.o
 .bss.netif_list
                0x2000f47c        0x4 build/netif.o
                0x2000f47c                netif_list
 .bss.netif_default
                0x2000f480        0x4 build/netif.o
                0x2000f480                netif_default
 .bss.netif_num
                0x2000f484        0x1 build/netif.o
 .bss.pbuf_free_ooseq_pending
                0x2000f485        0x1 build/pbuf.o
                0x2000f485                pbuf_free_ooseq_pending
 *fill*         0x2000f486        0x2 
 .bss.tcp_ticks
                0x2000f488        0x4 build/tcp.o
                0x2000f488                tcp_ticks
 .bss.tcp_bound_pcbs
                0x2000f48c        0x4 build/tcp.o
                0x2000f48c                tcp_bound_pcbs
 .bss.tcp_listen_pcbs
                0x2000f490        0x4 build/tcp.o
                0x2000f490                tcp_listen_pcbs
 .bss.tcp_active_pcbs
                0x2000f494        0x4 build/tcp.o
                0x2000f494                tcp_active_pcbs
 .bss.tcp_tw_pcbs
                0x2000f498        0x4 build/tcp.o
                0x2000f498                tcp_tw_pcbs
 .bss.tcp_active_pcbs_changed
                0x2000f49c        0x1 build/tcp.o
                0x2000f49c                tcp_active_pcbs_changed
 .bss.tcp_timer
                0x2000f49d        0x1 build/tcp.o
 .bss.tcp_timer_ctr
                0x2000f49e        0x1 build/tcp.o
 *fill*         0x2000f49f        0x1 
 .bss.inseg     0x2000f4a0       0x10 build/tcp_in.o
 .bss.tcphdr    0x2000f4b0        0x4 build/tcp_in.o
 .bss.tcphdr_optlen
                0x2000f4b4        0x2 build/tcp_in.o
 .bss.tcphdr_opt1len
                0x2000f4b6        0x2 build/tcp_in.o
 .bss.tcphdr_opt2
                0x2000f4b8        0x4 build/tcp_in.o
 .bss.tcp_optidx
                0x2000f4bc        0x2 build/tcp_in.o
 *fill*         0x2000f4be        0x2 
 .bss.seqno     0x2000f4c0        0x4 build/tcp_in.o
 .bss.ackno     0x2000f4c4        0x4 build/tcp_in.o
 .bss.recv_acked
                0x2000f4c8        0x2 build/tcp_in.o
 .bss.tcplen    0x2000f4ca        0x2 build/tcp_in.o
 .bss.flags     0x2000f4cc        0x1 build/tcp_in.o
 .bss.recv_flags
                0x2000f4cd        0x1 build/tcp_in.o
 *fill*         0x2000f4ce        0x2 
 .bss.recv_data
                0x2000f4d0        0x4 build/tcp_in.o
 .bss.tcp_input_pcb