Archive member included to satisfy reference by file (symbol)

c:/vsarm/armcc/10 2021.10/bin/../lib/gcc/arm-none-eabi/10.3.1/../../../../arm-none-eabi/lib/thumb/v7-m/nofp\libc_nano.a(lib_a-exit.o)
                              c:/vsarm/armcc/10 2021.10/bin/../lib/gcc/arm-none-eabi/10.3.1/../../../../arm-none-eabi/lib/thumb/v7-m/nofp/crt0.o (exit)
c:/vsarm/armcc/10 2021.10/bin/../lib/gcc/arm-none-eabi/10.3.1/../../../../arm-none-eabi/lib/thumb/v7-m/nofp\libc_nano.a(lib_a-impure.o)
                              c:/vsarm/armcc/10 2021.10/bin/../lib/gcc/arm-none-eabi/10.3.1/../../../../arm-none-eabi/lib/thumb/v7-m/nofp\libc_nano.a(lib_a-exit.o) (_global_impure_ptr)
c:/vsarm/armcc/10 2021.10/bin/../lib/gcc/arm-none-eabi/10.3.1/../../../../arm-none-eabi/lib/thumb/v7-m/nofp\libc_nano.a(lib_a-init.o)
                              c:/vsarm/armcc/10 2021.10/bin/../lib/gcc/arm-none-eabi/10.3.1/../../../../arm-none-eabi/lib/thumb/v7-m/nofp/crt0.o (__libc_init_array)
c:/vsarm/armcc/10 2021.10/bin/../lib/gcc/arm-none-eabi/10.3.1/../../../../arm-none-eabi/lib/thumb/v7-m/nofp\libc_nano.a(lib_a-memcmp.o)
                              build/main.o (memcmp)
c:/vsarm/armcc/10 2021.10/bin/../lib/gcc/arm-none-eabi/10.3.1/../../../../arm-none-eabi/lib/thumb/v7-m/nofp\libc_nano.a(lib_a-memcpy-stub.o)
                              build/main.o (memcpy)
c:/vsarm/armcc/10 2021.10/bin/../lib/gcc/arm-none-eabi/10.3.1/../../../../arm-none-eabi/lib/thumb/v7-m/nofp\libc_nano.a(lib_a-memset.o)
                              c:/vsarm/armcc/10 2021.10/bin/../lib/gcc/arm-none-eabi/10.3.1/../../../../arm-none-eabi/lib/thumb/v7-m/nofp/crt0.o (memset)
c:/vsarm/armcc/10 2021.10/bin/../lib/gcc/arm-none-eabi/10.3.1/../../../../arm-none-eabi/lib/thumb/v7-m/nofp\libc_nano.a(lib_a-printf.o)
                              build/ethernetif.o (printf)
c:/vsarm/armcc/10 2021.10/bin/../lib/gcc/arm-none-eabi/10.3.1/../../../../arm-none-eabi/lib/thumb/v7-m/nofp\libc_nano.a(lib_a-sprintf.o)
                              build/main.o (sprintf)
c:/vsarm/armcc/10 2021.10/bin/../lib/gcc/arm-none-eabi/10.3.1/../../../../arm-none-eabi/lib/thumb/v7-m/nofp\libc_nano.a(lib_a-strlen.o)
                              build/main.o (strlen)
c:/vsarm/armcc/10 2021.10/bin/../lib/gcc/arm-none-eabi/10.3.1/../../../../arm-none-eabi/lib/thumb/v7-m/nofp\libc_nano.a(lib_a-strncmp.o)
                              build/def.o (strncmp)
c:/vsarm/armcc/10 2021.10/bin/../lib/gcc/arm-none-eabi/10.3.1/../../../../arm-none-eabi/lib/thumb/v7-m/nofp\libc_nano.a(lib_a-strncpy.o)
                              build/main.o (strncpy)
c:/vsarm/armcc/10 2021.10/bin/../lib/gcc/arm-none-eabi/10.3.1/../../../../arm-none-eabi/lib/thumb/v7-m/nofp\libc_nano.a(lib_a-findfp.o)
                              c:/vsarm/armcc/10 2021.10/bin/../lib/gcc/arm-none-eabi/10.3.1/../../../../arm-none-eabi/lib/thumb/v7-m/nofp\libc_nano.a(lib_a-printf.o) (__sinit)
c:/vsarm/armcc/10 2021.10/bin/../lib/gcc/arm-none-eabi/10.3.1/../../../../arm-none-eabi/lib/thumb/v7-m/nofp\libc_nano.a(lib_a-fwalk.o)
                              c:/vsarm/armcc/10 2021.10/bin/../lib/gcc/arm-none-eabi/10.3.1/../../../../arm-none-eabi/lib/thumb/v7-m/nofp\libc_nano.a(lib_a-findfp.o) (_fwalk)
c:/vsarm/armcc/10 2021.10/bin/../lib/gcc/arm-none-eabi/10.3.1/../../../../arm-none-eabi/lib/thumb/v7-m/nofp\libc_nano.a(lib_a-lock.o)
                              c:/vsarm/armcc/10 2021.10/bin/../lib/gcc/arm-none-eabi/10.3.1/../../../../arm-none-eabi/lib/thumb/v7-m/nofp\libc_nano.a(lib_a-findfp.o) (__retarget_lock_init_recursive)
c:/vsarm/armcc/10 2021.10/bin/../lib/gcc/arm-none-eabi/10.3.1/../../../../arm-none-eabi/lib/thumb/v7-m/nofp\libc_nano.a(lib_a-nano-mallocr.o)
                              c:/vsarm/armcc/10 2021.10/bin/../lib/gcc/arm-none-eabi/10.3.1/../../../../arm-none-eabi/lib/thumb/v7-m/nofp\libc_nano.a(lib_a-findfp.o) (_malloc_r)
c:/vsarm/armcc/10 2021.10/bin/../lib/gcc/arm-none-eabi/10.3.1/../../../../arm-none-eabi/lib/thumb/v7-m/nofp\libc_nano.a(lib_a-nano-svfprintf.o)
                              c:/vsarm/armcc/10 2021.10/bin/../lib/gcc/arm-none-eabi/10.3.1/../../../../arm-none-eabi/lib/thumb/v7-m/nofp\libc_nano.a(lib_a-sprintf.o) (_svfprintf_r)
c:/vsarm/armcc/10 2021.10/bin/../lib/gcc/arm-none-eabi/10.3.1/../../../../arm-none-eabi/lib/thumb/v7-m/nofp\libc_nano.a(lib_a-nano-vfprintf.o)
                              c:/vsarm/armcc/10 2021.10/bin/../lib/gcc/arm-none-eabi/10.3.1/../../../../arm-none-eabi/lib/thumb/v7-m/nofp\libc_nano.a(lib_a-printf.o) (_vfprintf_r)
c:/vsarm/armcc/10 2021.10/bin/../lib/gcc/arm-none-eabi/10.3.1/../../../../arm-none-eabi/lib/thumb/v7-m/nofp\libc_nano.a(lib_a-nano-vfprintf_i.o)
                              c:/vsarm/armcc/10 2021.10/bin/../lib/gcc/arm-none-eabi/10.3.1/../../../../arm-none-eabi/lib/thumb/v7-m/nofp\libc_nano.a(lib_a-nano-svfprintf.o) (_printf_i)
c:/vsarm/armcc/10 2021.10/bin/../lib/gcc/arm-none-eabi/10.3.1/../../../../arm-none-eabi/lib/thumb/v7-m/nofp\libc_nano.a(lib_a-sbrkr.o)
[...]
Memory Configuration

Name             Origin             Length             Attributes
RAM              0x20000000         0x00020000         xrw
FLASH            0x08000000         0x00100000         xr
*default*        0x00000000         0xffffffff

Linker script and memory map

LOAD c:/vsarm/armcc/10 2021.10/bin/../lib/gcc/arm-none-eabi/10.3.1/thumb/v7-m/nofp/crti.o
LOAD c:/vsarm/armcc/10 2021.10/bin/../lib/gcc/arm-none-eabi/10.3.1/thumb/v7-m/nofp/crtbegin.o
LOAD c:/vsarm/armcc/10 2021.10/bin/../lib/gcc/arm-none-eabi/10.3.1/../../../../arm-none-eabi/lib/thumb/v7-m/nofp/crt0.o
LOAD build/main.o
LOAD build/telnet_server.o
LOAD build/freertos.o
LOAD build/stm32f2xx_it.o
LOAD build/stm32f2xx_hal_msp.o
LOAD build/stm32f2xx_hal_timebase_tim.o
LOAD build/ethernetif.o
LOAD build/lwip.o
LOAD build/stm32f2xx_hal_eth.o
LOAD build/stm32f2xx_hal.o
LOAD build/stm32f2xx_hal_rcc.o
LOAD build/stm32f2xx_hal_rcc_ex.o
LOAD build/stm32f2xx_hal_cortex.o
LOAD build/stm32f2xx_hal_flash.o
LOAD build/stm32f2xx_hal_flash_ex.o
LOAD build/stm32f2xx_hal_pwr.o
LOAD build/stm32f2xx_hal_pwr_ex.o
LOAD build/stm32f2xx_hal_gpio.o
LOAD build/stm32f2xx_hal_dma.o
LOAD build/stm32f2xx_hal_dma_ex.o
LOAD build/stm32f2xx_hal_exti.o
LOAD build/stm32f2xx_hal_tim.o
LOAD build/stm32f2xx_hal_tim_ex.o
LOAD build/stm32f2xx_hal_uart.o
LOAD build/system_stm32f2xx.o
LOAD build/croutine.o
LOAD build/event_groups.o
LOAD build/list.o
LOAD build/queue.o
LOAD build/stream_buffer.o
LOAD build/tasks.o
LOAD build/timers.o
LOAD build/cmsis_os2.o
LOAD build/heap_4.o
LOAD build/port.o
LOAD build/auth.o
LOAD build/ccp.o
LOAD build/chap_ms.o
LOAD build/chap-md5.o
LOAD build/chap-new.o
LOAD build/demand.o
LOAD build/eap.o
LOAD build/eui64.o
LOAD build/fsm.o
LOAD build/ipcp.o
LOAD build/ipv6cp.o
LOAD build/lcp.o
LOAD build/magic.o
LOAD build/mppe.o
LOAD build/multilink.o
LOAD build/ppp.o
LOAD build/pppapi.o
LOAD build/pppcrypt.o
LOAD build/pppoe.o
LOAD build/pppol2tp.o
LOAD build/pppos.o
LOAD build/upap.o
LOAD build/utils.o
LOAD build/vj.o
LOAD build/ethernet.o
LOAD build/slipif.o
LOAD build/lowpan6.o
LOAD build/ecp.o
LOAD build/api_lib.o
LOAD build/api_msg.o
LOAD build/err.o
LOAD build/netbuf.o
LOAD build/netdb.o
LOAD build/netifapi.o
LOAD build/sockets.o
LOAD build/tcpip.o
LOAD build/def.o
LOAD build/dns.o
LOAD build/inet_chksum.o
LOAD build/init.o
LOAD build/ip.o
LOAD build/mem.o
LOAD build/memp.o
LOAD build/netif.o
LOAD build/pbuf.o
LOAD build/raw.o
LOAD build/stats.o
LOAD build/sys.o
LOAD build/tcp.o
LOAD build/tcp_in.o
LOAD build/tcp_out.o
LOAD build/timeouts.o
LOAD build/udp.o
LOAD build/autoip.o
LOAD build/dhcp.o
LOAD build/etharp.o
LOAD build/icmp.o
LOAD build/igmp.o
LOAD build/ip4.o
LOAD build/ip4_addr.o
LOAD build/ip4_frag.o
LOAD build/dhcp6.o
LOAD build/ethip6.o
LOAD build/icmp6.o
LOAD build/inet6.o
LOAD build/ip6.o
LOAD build/ip6_addr.o
LOAD build/ip6_frag.o
LOAD build/mld6.o
LOAD build/nd6.o
LOAD build/sys_arch.o
LOAD build/mqtt.o
LOAD build/startup_stm32f207xx.o
LOAD c:/vsarm/armcc/10 2021.10/bin/../lib/gcc/arm-none-eabi/10.3.1/../../../../arm-none-eabi/lib/thumb/v7-m/nofp\libc_nano.a
LOAD c:/vsarm/armcc/10 2021.10/bin/../lib/gcc/arm-none-eabi/10.3.1/../../../../arm-none-eabi/lib/thumb/v7-m/nofp\libm.a
LOAD c:/vsarm/armcc/10 2021.10/bin/../lib/gcc/arm-none-eabi/10.3.1/../../../../arm-none-eabi/lib/thumb/v7-m/nofp\libnosys.a
START GROUP
LOAD c:/vsarm/armcc/10 2021.10/bin/../lib/gcc/arm-none-eabi/10.3.1/thumb/v7-m/nofp\libgcc.a
LOAD c:/vsarm/armcc/10 2021.10/bin/../lib/gcc/arm-none-eabi/10.3.1/../../../../arm-none-eabi/lib/thumb/v7-m/nofp\libc_nano.a
END GROUP
START GROUP
LOAD c:/vsarm/armcc/10 2021.10/bin/../lib/gcc/arm-none-eabi/10.3.1/thumb/v7-m/nofp\libgcc.a
LOAD c:/vsarm/armcc/10 2021.10/bin/../lib/gcc/arm-none-eabi/10.3.1/../../../../arm-none-eabi/lib/thumb/v7-m/nofp\libc_nano.a
END GROUP
LOAD c:/vsarm/armcc/10 2021.10/bin/../lib/gcc/arm-none-eabi/10.3.1/thumb/v7-m/nofp/crtend.o
LOAD c:/vsarm/armcc/10 2021.10/bin/../lib/gcc/arm-none-eabi/10.3.1/thumb/v7-m/nofp/crtn.o
                0x20020000                _estack = (ORIGIN (RAM) + LENGTH (RAM))
                0x00002000                _Min_Heap_Size = 0x2000
                0x00004000                _Min_Stack_Size = 0x4000

.isr_vector     0x08000000      0x184
                0x08000000                . = ALIGN (0x4)
 *(.isr_vector)
 .isr_vector    0x08000000      0x184 build/startup_stm32f207xx.o
                0x08000000                g_pfnVectors
                0x08000184                . = ALIGN (0x4)

.text           0x08000190    0x16234
                0x08000190                . = ALIGN (0x4)
 *(.text)
 .text          0x08000190       0x40 c:/vsarm/armcc/10 2021.10/bin/../lib/gcc/arm-none-eabi/10.3.1/thumb/v7-m/nofp/crtbegin.o
 .text          0x080001d0       0x10 c:/vsarm/armcc/10 2021.10/bin/../lib/gcc/arm-none-eabi/10.3.1/../../../../arm-none-eabi/lib/thumb/v7-m/nofp\libc_nano.a(lib_a-strlen.o)
                0x080001d0                strlen
 .text          0x080001e0       0x30 c:/vsarm/armcc/10 2021.10/bin/../lib/gcc/arm-none-eabi/10.3.1/thumb/v7-m/nofp\libgcc.a(_aeabi_uldivmod.o)
                0x080001e0                __aeabi_uldivmod
 .text          0x08000210      0x2d4 c:/vsarm/armcc/10 2021.10/bin/../lib/gcc/arm-none-eabi/10.3.1/thumb/v7-m/nofp\libgcc.a(_udivmoddi4.o)
                0x08000210                __udivmoddi4
 .text          0x080004e4        0x4 c:/vsarm/armcc/10 2021.10/bin/../lib/gcc/arm-none-eabi/10.3.1/thumb/v7-m/nofp\libgcc.a(_dvmd_tls.o)
                0x080004e4                __aeabi_idiv0
                0x080004e4                __aeabi_ldiv0
 *(.text*)
 .text.comUserPars
                0x080004e8       0xe0 build/main.o
 .text.TNreceiver_callback
                0x080005c8      0x188 build/main.o
 .text.TNcommand_callback
                0x08000750       0x16 build/main.o
 *fill*         0x08000766        0x2 
 .text.main     0x08000768       0x3c build/main.o
                0x08000768                main
 .text.SystemClock_Config
                0x080007a4       0x8c build/main.o
                0x080007a4                SystemClock_Config
 .text.MX_USART3_UART_Init
                0x08000830       0x54 build/main.o
 .text.MX_GPIO_Init
                0x08000884      0x118 build/main.o
 .text.StartDefaultTask
                0x0800099c       0x80 build/main.o
                0x0800099c                StartDefaultTask
 .text.HAL_TIM_PeriodElapsedCallback
                0x08000a1c       0x24 build/main.o
                0x08000a1c                HAL_TIM_PeriodElapsedCallback
 .text.Error_Handler
                0x08000a40        0xa build/main.o
                0x08000a40                Error_Handler
 *fill*         0x08000a4a        0x2 
 .text.telnet_create
                0x08000a4c       0xc8 build/telnet_server.o
                0x08000a4c                telnet_create
 .text.netconn_cb
                0x08000b14       0x58 build/telnet_server.o
 .text.wrt_task
                0x08000b6c      0x100 build/telnet_server.o
 .text.rcv_task
                0x08000c6c       0x84 build/telnet_server.o
 .text.telnet_transmit
                0x08000cf0       0xb8 build/telnet_server.o
                0x08000cf0                telnet_transmit
 .text.process_incoming_bytes
                0x08000da8      0x188 build/telnet_server.o
 .text.NMI_Handler
                0x08000f30        0x6 build/stm32f2xx_it.o
                0x08000f30                NMI_Handler
 .text.HardFault_Handler
                0x08000f36        0x6 build/stm32f2xx_it.o
                0x08000f36                HardFault_Handler
 .text.MemManage_Handler
                0x08000f3c        0x6 build/stm32f2xx_it.o
                0x08000f3c                MemManage_Handler
 .text.BusFault_Handler
                0x08000f42        0x6 build/stm32f2xx_it.o
                0x08000f42                BusFault_Handler
 .text.UsageFault_Handler
                0x08000f48        0x6 build/stm32f2xx_it.o
                0x08000f48                UsageFault_Handler
 .text.DebugMon_Handler
                0x08000f4e        0xc build/stm32f2xx_it.o
                0x08000f4e                DebugMon_Handler
 *fill*         0x08000f5a        0x2 
 .text.TIM4_IRQHandler
                0x08000f5c       0x14 build/stm32f2xx_it.o
                0x08000f5c                TIM4_IRQHandler
 .text.USART3_IRQHandler
                0x08000f70       0x14 build/stm32f2xx_it.o
                0x08000f70                USART3_IRQHandler
 .text.ETH_IRQHandler
                0x08000f84       0x14 build/stm32f2xx_it.o
                0x08000f84                ETH_IRQHandler
 .text.HAL_MspInit
                0x08000f98       0x58 build/stm32f2xx_hal_msp.o
                0x08000f98                HAL_MspInit
 .text.HAL_UART_MspInit
                0x08000ff0       0xa0 build/stm32f2xx_hal_msp.o
                0x08000ff0                HAL_UART_MspInit
 .text.HAL_InitTick
                0x08001090       0xf8 build/stm32f2xx_hal_timebase_tim.o
                0x08001090                HAL_InitTick
 .text.HAL_ETH_MspInit
                0x08001188      0x19c build/ethernetif.o
                0x08001188                HAL_ETH_MspInit
 .text.HAL_ETH_RxCpltCallback
                0x08001324       0x20 build/ethernetif.o
                0x08001324                HAL_ETH_RxCpltCallback
 .text.low_level_init
                0x08001344      0x1a8 build/ethernetif.o
 .text.low_level_output
                0x080014ec      0x13c build/ethernetif.o
 .text.low_level_input
                0x08001628      0x164 build/ethernetif.o
 .text.ethernetif_input
                0x0800178c       0x60 build/ethernetif.o
                0x0800178c                ethernetif_input
 .text.ethernetif_init
                0x080017ec       0x5c build/ethernetif.o
                0x080017ec                ethernetif_init
 .text.sys_now  0x08001848        0xe build/ethernetif.o
                0x08001848                sys_now
 *fill*         0x08001856        0x2 
 .text.ethernetif_set_link
                0x08001858       0x78 build/ethernetif.o
                0x08001858                ethernetif_set_link
 .text.ethernetif_update_config
                0x080018d0       0xf8 build/ethernetif.o
                0x080018d0                ethernetif_update_config
 .text.ethernetif_notify_conn_changed
                0x080019c8       0x12 build/ethernetif.o
                0x080019c8                ethernetif_notify_conn_changed
 *fill*         0x080019da        0x2 
 .text.MX_LWIP_Init
                0x080019dc      0x2c4 build/lwip.o
                0x080019dc                MX_LWIP_Init
 .text.HAL_ETH_Init
                0x08001ca0      0x318 build/stm32f2xx_hal_eth.o
                0x08001ca0                HAL_ETH_Init
 .text.HAL_ETH_DMATxDescListInit
                0x08001fb8       0xce build/stm32f2xx_hal_eth.o
                0x08001fb8                HAL_ETH_DMATxDescListInit
 .text.HAL_ETH_DMARxDescListInit
                0x08002086       0xd6 build/stm32f2xx_hal_eth.o
                0x08002086                HAL_ETH_DMARxDescListInit
 .text.HAL_ETH_TransmitFrame
                0x0800215c      0x1d0 build/stm32f2xx_hal_eth.o
                0x0800215c                HAL_ETH_TransmitFrame
 .text.HAL_ETH_GetReceivedFrame_IT
                0x0800232c      0x10e build/stm32f2xx_hal_eth.o
                0x0800232c                HAL_ETH_GetReceivedFrame_IT
 .text.HAL_ETH_IRQHandler
                0x0800243a       0xc8 build/stm32f2xx_hal_eth.o
                0x0800243a                HAL_ETH_IRQHandler
 .text.HAL_ETH_TxCpltCallback
                0x08002502       0x12 build/stm32f2xx_hal_eth.o
                0x08002502                HAL_ETH_TxCpltCallback
 .text.HAL_ETH_ErrorCallback
                0x08002514       0x12 build/stm32f2xx_hal_eth.o
                0x08002514                HAL_ETH_ErrorCallback
 .text.HAL_ETH_ReadPHYRegister
                0x08002526       0xd0 build/stm32f2xx_hal_eth.o
                0x08002526                HAL_ETH_ReadPHYRegister
 .text.HAL_ETH_WritePHYRegister
                0x080025f6       0xcc build/stm32f2xx_hal_eth.o
                0x080025f6                HAL_ETH_WritePHYRegister
 .text.HAL_ETH_Start
                0x080026c2       0x5e build/stm32f2xx_hal_eth.o
                0x080026c2                HAL_ETH_Start
 .text.HAL_ETH_Stop
                0x08002720       0x5e build/stm32f2xx_hal_eth.o
                0x08002720                HAL_ETH_Stop
 *fill*         0x0800277e        0x2 
 .text.HAL_ETH_ConfigMAC
                0x08002780      0x1f4 build/stm32f2xx_hal_eth.o
                0x08002780                HAL_ETH_ConfigMAC
 .text.ETH_MACDMAConfig
                0x08002974      0x38c build/stm32f2xx_hal_eth.o
 .text.ETH_MACAddressConfig
                0x08002d00       0x6c build/stm32f2xx_hal_eth.o
 .text.ETH_MACTransmissionEnable
                0x08002d6c       0x3a build/stm32f2xx_hal_eth.o
 .text.ETH_MACTransmissionDisable
                0x08002da6       0x3a build/stm32f2xx_hal_eth.o
 .text.ETH_MACReceptionEnable
                0x08002de0       0x3a build/stm32f2xx_hal_eth.o
 .text.ETH_MACReceptionDisable
                0x08002e1a       0x3a build/stm32f2xx_hal_eth.o
 .text.ETH_DMATransmissionEnable
                0x08002e54       0x2a build/stm32f2xx_hal_eth.o
 .text.ETH_DMATransmissionDisable
                0x08002e7e       0x2a build/stm32f2xx_hal_eth.o
 .text.ETH_DMAReceptionEnable
                0x08002ea8       0x2a build/stm32f2xx_hal_eth.o
 .text.ETH_DMAReceptionDisable
                0x08002ed2       0x2a build/stm32f2xx_hal_eth.o
 .text.ETH_FlushTransmitFIFO
                0x08002efc       0x4a build/stm32f2xx_hal_eth.o
 *fill*         0x08002f46        0x2 
 .text.ETH_Delay
                0x08002f48       0x3c build/stm32f2xx_hal_eth.o
 .text.HAL_Init
                0x08002f84       0x44 build/stm32f2xx_hal.o
                0x08002f84                HAL_Init
 .text.HAL_IncTick
                0x08002fc8       0x24 build/stm32f2xx_hal.o
                0x08002fc8                HAL_IncTick
 .text.HAL_GetTick
                0x08002fec       0x14 build/stm32f2xx_hal.o
                0x08002fec                HAL_GetTick
 .text.HAL_Delay
                0x08003000       0x48 build/stm32f2xx_hal.o
                0x08003000                HAL_Delay
 .text.HAL_RCC_OscConfig
                0x08003048      0x49c build/stm32f2xx_hal_rcc.o
                0x08003048                HAL_RCC_OscConfig
 .text.HAL_RCC_ClockConfig
                0x080034e4      0x1d8 build/stm32f2xx_hal_rcc.o
                0x080034e4                HAL_RCC_ClockConfig
 .text.HAL_RCC_GetSysClockFreq
                0x080036bc      0x218 build/stm32f2xx_hal_rcc.o
                0x080036bc                HAL_RCC_GetSysClockFreq
 .text.HAL_RCC_GetHCLKFreq
                0x080038d4       0x14 build/stm32f2xx_hal_rcc.o
                0x080038d4                HAL_RCC_GetHCLKFreq
 .text.HAL_RCC_GetPCLK1Freq
                0x080038e8       0x44 build/stm32f2xx_hal_rcc.o
                0x080038e8                HAL_RCC_GetPCLK1Freq
 .text.HAL_RCC_GetPCLK2Freq
                0x0800392c       0x44 build/stm32f2xx_hal_rcc.o
                0x0800392c                HAL_RCC_GetPCLK2Freq
 .text.HAL_RCC_GetClockConfig
                0x08003970       0x60 build/stm32f2xx_hal_rcc.o
                0x08003970                HAL_RCC_GetClockConfig
 .text.__NVIC_SetPriorityGrouping
                0x080039d0       0x48 build/stm32f2xx_hal_cortex.o
 .text.__NVIC_GetPriorityGrouping
                0x08003a18       0x1c build/stm32f2xx_hal_cortex.o
 .text.__NVIC_EnableIRQ
                0x08003a34       0x38 build/stm32f2xx_hal_cortex.o
 .text.__NVIC_SetPriority
                0x08003a6c       0x54 build/stm32f2xx_hal_cortex.o
 .text.NVIC_EncodePriority
                0x08003ac0       0x64 build/stm32f2xx_hal_cortex.o
 .text.HAL_NVIC_SetPriorityGrouping
                0x08003b24       0x16 build/stm32f2xx_hal_cortex.o
                0x08003b24                HAL_NVIC_SetPriorityGrouping
 .text.HAL_NVIC_SetPriority
                0x08003b3a       0x38 build/stm32f2xx_hal_cortex.o
                0x08003b3a                HAL_NVIC_SetPriority
 .text.HAL_NVIC_EnableIRQ
                0x08003b72       0x1c build/stm32f2xx_hal_cortex.o
                0x08003b72                HAL_NVIC_EnableIRQ
 *fill*         0x08003b8e        0x2 
 .text.HAL_GPIO_Init
                0x08003b90      0x33c build/stm32f2xx_hal_gpio.o
                0x08003b90                HAL_GPIO_Init
 .text.HAL_GPIO_WritePin
                0x08003ecc       0x30 build/stm32f2xx_hal_gpio.o
                0x08003ecc                HAL_GPIO_WritePin
 .text.HAL_GPIO_TogglePin
                0x08003efc       0x32 build/stm32f2xx_hal_gpio.o
                0x08003efc                HAL_GPIO_TogglePin
 .text.HAL_DMA_Abort
                0x08003f2e       0xe0 build/stm32f2xx_hal_dma.o
                0x08003f2e                HAL_DMA_Abort
 .text.HAL_DMA_Abort_IT
                0x0800400e       0x42 build/stm32f2xx_hal_dma.o
                0x0800400e                HAL_DMA_Abort_IT
 .text.HAL_TIM_Base_Init
                0x08004050       0x9e build/stm32f2xx_hal_tim.o
                0x08004050                HAL_TIM_Base_Init
 .text.HAL_TIM_Base_MspInit
                0x080040ee       0x12 build/stm32f2xx_hal_tim.o
                0x080040ee                HAL_TIM_Base_MspInit
 .text.HAL_TIM_Base_Start_IT
                0x08004100       0xdc build/stm32f2xx_hal_tim.o
                0x08004100                HAL_TIM_Base_Start_IT
 .text.HAL_TIM_IRQHandler
                0x080041dc      0x210 build/stm32f2xx_hal_tim.o
                0x080041dc                HAL_TIM_IRQHandler
 .text.HAL_TIM_OC_DelayElapsedCallback
                0x080043ec       0x12 build/stm32f2xx_hal_tim.o
                0x080043ec                HAL_TIM_OC_DelayElapsedCallback
 .text.HAL_TIM_IC_CaptureCallback
                0x080043fe       0x12 build/stm32f2xx_hal_tim.o
                0x080043fe                HAL_TIM_IC_CaptureCallback
 .text.HAL_TIM_PWM_PulseFinishedCallback
                0x08004410       0x12 build/stm32f2xx_hal_tim.o
                0x08004410                HAL_TIM_PWM_PulseFinishedCallback
 .text.HAL_TIM_TriggerCallback
                0x08004422       0x12 build/stm32f2xx_hal_tim.o
                0x08004422                HAL_TIM_TriggerCallback
 .text.TIM_Base_SetConfig
                0x08004434      0x13c build/stm32f2xx_hal_tim.o
                0x08004434                TIM_Base_SetConfig
 .text.HAL_TIMEx_CommutCallback
                0x08004570       0x12 build/stm32f2xx_hal_tim_ex.o
                0x08004570                HAL_TIMEx_CommutCallback
 .text.HAL_TIMEx_BreakCallback
                0x08004582       0x12 build/stm32f2xx_hal_tim_ex.o
                0x08004582                HAL_TIMEx_BreakCallback
 .text.HAL_UART_Init
                0x08004594       0x9a build/stm32f2xx_hal_uart.o
                0x08004594                HAL_UART_Init
 .text.HAL_UART_Transmit
                0x0800462e      0x124 build/stm32f2xx_hal_uart.o
                0x0800462e                HAL_UART_Transmit
 *fill*         0x08004752        0x2 
 .text.HAL_UART_IRQHandler
                0x08004754      0x358 build/stm32f2xx_hal_uart.o
                0x08004754                HAL_UART_IRQHandler
 .text.HAL_UART_TxCpltCallback
                0x08004aac       0x12 build/stm32f2xx_hal_uart.o
                0x08004aac                HAL_UART_TxCpltCallback
 .text.HAL_UART_RxCpltCallback
                0x08004abe       0x12 build/stm32f2xx_hal_uart.o
                0x08004abe                HAL_UART_RxCpltCallback
 .text.HAL_UART_ErrorCallback
                0x08004ad0       0x12 build/stm32f2xx_hal_uart.o
                0x08004ad0                HAL_UART_ErrorCallback
 .text.HAL_UARTEx_RxEventCallback
                0x08004ae2       0x16 build/stm32f2xx_hal_uart.o
                0x08004ae2                HAL_UARTEx_RxEventCallback
 .text.UART_WaitOnFlagUntilTimeout
                0x08004af8       0x94 build/stm32f2xx_hal_uart.o
 .text.UART_EndRxTransfer
                0x08004b8c       0x58 build/stm32f2xx_hal_uart.o
 .text.UART_DMAAbortOnError
                0x08004be4       0x28 build/stm32f2xx_hal_uart.o
 .text.UART_Transmit_IT
                0x08004c0c       0x9e build/stm32f2xx_hal_uart.o
 .text.UART_EndTransmit_IT
                0x08004caa       0x30 build/stm32f2xx_hal_uart.o
 .text.UART_Receive_IT
                0x08004cda      0x152 build/stm32f2xx_hal_uart.o
 .text.UART_SetConfig
                0x08004e2c      0x1d4 build/stm32f2xx_hal_uart.o
 .text.SystemInit
                0x08005000        0xc build/system_stm32f2xx.o
                0x08005000                SystemInit
 .text.vListInitialise
                0x0800500c       0x3e build/list.o
                0x0800500c                vListInitialise
 .text.vListInitialiseItem
                0x0800504a       0x18 build/list.o
                0x0800504a                vListInitialiseItem
 .text.vListInsertEnd
                0x08005062       0x46 build/list.o
                0x08005062                vListInsertEnd
 .text.vListInsert
                0x080050a8       0x70 build/list.o
                0x080050a8                vListInsert
 .text.uxListRemove
                0x08005118       0x52 build/list.o
                0x08005118                uxListRemove
 *fill*         0x0800516a        0x2 
 .text.xQueueGenericReset
                0x0800516c       0xd0 build/queue.o
                0x0800516c                xQueueGenericReset
 .text.xQueueGenericCreateStatic
                0x0800523c       0xee build/queue.o
                0x0800523c                xQueueGenericCreateStatic
 .text.xQueueGenericCreate
                0x0800532a       0x7c build/queue.o
                0x0800532a                xQueueGenericCreate
 .text.prvInitialiseNewQueue
                0x080053a6       0x46 build/queue.o
 .text.prvInitialiseMutex
                0x080053ec       0x34 build/queue.o
 .text.xQueueCreateMutex
                0x08005420       0x30 build/queue.o
                0x08005420                xQueueCreateMutex
 .text.xQueueCreateMutexStatic
                0x08005450       0x36 build/queue.o
                0x08005450                xQueueCreateMutexStatic
 .text.xQueueGiveMutexRecursive
                0x08005486       0x68 build/queue.o
                0x08005486                xQueueGiveMutexRecursive
 .text.xQueueTakeMutexRecursive
                0x080054ee       0x6c build/queue.o
                0x080054ee                xQueueTakeMutexRecursive
 .text.xQueueCreateCountingSemaphoreStatic
                0x0800555a       0x6e build/queue.o
                0x0800555a                xQueueCreateCountingSemaphoreStatic
 .text.xQueueCreateCountingSemaphore
                0x080055c8       0x66 build/queue.o
                0x080055c8                xQueueCreateCountingSemaphore
 *fill*         0x0800562e        0x2 
 .text.xQueueGenericSend
                0x08005630      0x1fc build/queue.o
                0x08005630                xQueueGenericSend
 .text.xQueueGenericSendFromISR
                0x0800582c      0x130 build/queue.o
                0x0800582c                xQueueGenericSendFromISR
 .text.xQueueGiveFromISR
                0x0800595c      0x11a build/queue.o
                0x0800595c                xQueueGiveFromISR
 *fill*         0x08005a76        0x2 
 .text.xQueueReceive
                0x08005a78      0x1c0 build/queue.o
                0x08005a78                xQueueReceive
 .text.xQueueSemaphoreTake
                0x08005c38      0x218 build/queue.o
                0x08005c38                xQueueSemaphoreTake
 .text.xQueueReceiveFromISR
                0x08005e50      0x100 build/queue.o
                0x08005e50                xQueueReceiveFromISR
 .text.uxQueueMessagesWaiting
                0x08005f50       0x3c build/queue.o
                0x08005f50                uxQueueMessagesWaiting
 .text.uxQueueMessagesWaitingFromISR
                0x08005f8c       0x36 build/queue.o
                0x08005f8c                uxQueueMessagesWaitingFromISR
 .text.vQueueDelete
                0x08005fc2       0x46 build/queue.o
                0x08005fc2                vQueueDelete
 .text.prvGetDisinheritPriorityAfterTimeout
                0x08006008       0x2e build/queue.o
 .text.prvCopyDataToQueue
                0x08006036       0xd4 build/queue.o
 .text.prvCopyDataFromQueue
                0x0800610a       0x4c build/queue.o
 .text.prvUnlockQueue
                0x08006156       0xa4 build/queue.o
 .text.prvIsQueueEmpty
                0x080061fa       0x2c build/queue.o
 .text.prvIsQueueFull
                0x08006226       0x30 build/queue.o
 *fill*         0x08006256        0x2 
 .text.vQueueAddToRegistry
                0x08006258       0x50 build/queue.o
                0x08006258                vQueueAddToRegistry
 .text.vQueueUnregisterQueue
                0x080062a8       0x54 build/queue.o
                0x080062a8                vQueueUnregisterQueue
 .text.vQueueWaitForMessageRestricted
                0x080062fc       0x68 build/queue.o
                0x080062fc                vQueueWaitForMessageRestricted
 .text.xTaskCreateStatic
                0x08006364       0xb8 build/tasks.o
                0x08006364                xTaskCreateStatic
 .text.xTaskCreate
                0x0800641c       0x8a build/tasks.o
                0x0800641c                xTaskCreate
 .text.prvInitialiseNewTask
                0x080064a6      0x10e build/tasks.o
 .text.prvAddNewTaskToReadyList
                0x080065b4       0xe0 build/tasks.o
 .text.vTaskDelay
                0x08006694       0x68 build/tasks.o
                0x08006694                vTaskDelay
 .text.vTaskStartScheduler
                0x080066fc       0xcc build/tasks.o
                0x080066fc                vTaskStartScheduler
 .text.vTaskSuspendAll
                0x080067c8       0x1c build/tasks.o
                0x080067c8                vTaskSuspendAll
 .text.xTaskResumeAll
                0x080067e4      0x13c build/tasks.o
                0x080067e4                xTaskResumeAll
 .text.xTaskGetTickCount
                0x08006920       0x1c build/tasks.o
                0x08006920                xTaskGetTickCount
 .text.xTaskGetTickCountFromISR
                0x0800693c       0x24 build/tasks.o
                0x0800693c                xTaskGetTickCountFromISR
 .text.xTaskIncrementTick
                0x08006960      0x17c build/tasks.o
                0x08006960                xTaskIncrementTick
 .text.vTaskSwitchContext
                0x08006adc       0xb8 build/tasks.o
                0x08006adc                vTaskSwitchContext
 .text.vTaskPlaceOnEventList
                0x08006b94       0x48 build/tasks.o
                0x08006b94                vTaskPlaceOnEventList
 .text.vTaskPlaceOnEventListRestricted
                0x08006bdc       0x58 build/tasks.o
                0x08006bdc                vTaskPlaceOnEventListRestricted
 .text.xTaskRemoveFromEventList
                0x08006c34       0xc8 build/tasks.o
                0x08006c34                xTaskRemoveFromEventList
 .text.vTaskInternalSetTimeOutState
                0x08006cfc       0x2c build/tasks.o
                0x08006cfc                vTaskInternalSetTimeOutState
 .text.xTaskCheckForTimeOut
                0x08006d28       0xc4 build/tasks.o
                0x08006d28                xTaskCheckForTimeOut
 .text.vTaskMissedYield
                0x08006dec       0x18 build/tasks.o
                0x08006dec                vTaskMissedYield
 .text.prvIdleTask
                0x08006e04       0x30 build/tasks.o
 .text.prvInitialiseTaskLists
                0x08006e34       0x80 build/tasks.o
 .text.prvCheckTasksWaitingTermination
                0x08006eb4       0x5c build/tasks.o
 .text.prvDeleteTCB
                0x08006f10       0x5e build/tasks.o
 *fill*         0x08006f6e        0x2 
 .text.prvResetNextTaskUnblockTime
                0x08006f70       0x48 build/tasks.o
 .text.xTaskGetCurrentTaskHandle
                0x08006fb8       0x1c build/tasks.o
                0x08006fb8                xTaskGetCurrentTaskHandle
 .text.xTaskGetSchedulerState
                0x08006fd4       0x3c build/tasks.o
                0x08006fd4                xTaskGetSchedulerState
 .text.xTaskPriorityInherit
                0x08007010       0xdc build/tasks.o
                0x08007010                xTaskPriorityInherit
 .text.xTaskPriorityDisinherit
                0x080070ec       0xdc build/tasks.o
                0x080070ec                xTaskPriorityDisinherit
 .text.vTaskPriorityDisinheritAfterTimeout
                0x080071c8      0x10c build/tasks.o
                0x080071c8                vTaskPriorityDisinheritAfterTimeout
 .text.pvTaskIncrementMutexHeldCount
                0x080072d4       0x28 build/tasks.o
                0x080072d4                pvTaskIncrementMutexHeldCount
 .text.prvAddCurrentTaskToDelayedList
                0x080072fc       0xa8 build/tasks.o
 .text.xTimerCreateTimerTask
                0x080073a4       0x90 build/timers.o
                0x080073a4                xTimerCreateTimerTask
 .text.xTimerGenericCommand
                0x08007434       0x9c build/timers.o
                0x08007434                xTimerGenericCommand
 .text.prvProcessExpiredTimer
                0x080074d0       0x80 build/timers.o
 .text.prvTimerTask
                0x08007550       0x24 build/timers.o
 .text.prvProcessTimerOrBlockTask
                0x08007574       0x9c build/timers.o
 .text.prvGetNextExpireTime
                0x08007610       0x48 build/timers.o
 .text.prvSampleTimeNow
                0x08007658       0x40 build/timers.o
 .text.prvInsertTimerInActiveList
                0x08007698       0x84 build/timers.o
 .text.prvProcessReceivedCommands
                0x0800771c      0x168 build/timers.o
 .text.prvSwitchTimerLists
                0x08007884       0xc4 build/timers.o
 .text.prvCheckForValidListAndQueue
                0x08007948       0x80 build/timers.o
 .text.osKernelInitialize
                0x080079c8       0x64 build/cmsis_os2.o
                0x080079c8                osKernelInitialize
 .text.osKernelStart
                0x08007a2c       0x68 build/cmsis_os2.o
                0x08007a2c                osKernelStart
 .text.osKernelGetTickCount
                0x08007a94       0x50 build/cmsis_os2.o
                0x08007a94                osKernelGetTickCount
 .text.osThreadNew
                0x08007ae4      0x154 build/cmsis_os2.o
                0x08007ae4                osThreadNew
 .text.osDelay  0x08007c38       0x5c build/cmsis_os2.o
                0x08007c38                osDelay
 .text.osMutexNew
                0x08007c94      0x134 build/cmsis_os2.o
                0x08007c94                osMutexNew
 .text.osMutexAcquire
                0x08007dc8       0xbc build/cmsis_os2.o
                0x08007dc8                osMutexAcquire
 .text.osMutexRelease
                0x08007e84       0xa0 build/cmsis_os2.o
                0x08007e84                osMutexRelease
 .text.osSemaphoreNew
                0x08007f24      0x138 build/cmsis_os2.o
                0x08007f24                osSemaphoreNew
 .text.osSemaphoreAcquire
                0x0800805c       0xcc build/cmsis_os2.o
                0x0800805c                osSemaphoreAcquire
 .text.osSemaphoreRelease
                0x08008128       0xb0 build/cmsis_os2.o
                0x08008128                osSemaphoreRelease
 .text.osSemaphoreDelete
                0x080081d8       0x6c build/cmsis_os2.o
                0x080081d8                osSemaphoreDelete
 .text.osMessageQueueNew
                0x08008244      0x10c build/cmsis_os2.o
                0x08008244                osMessageQueueNew
 .text.osMessageQueuePut
                0x08008350       0xe8 build/cmsis_os2.o
                0x08008350                osMessageQueuePut
 .text.osMessageQueueGet
                0x08008438       0xe4 build/cmsis_os2.o
                0x08008438                osMessageQueueGet
 .text.osMessageQueueGetCount
                0x0800851c       0x64 build/cmsis_os2.o
                0x0800851c                osMessageQueueGetCount
 .text.osMessageQueueDelete
                0x08008580       0x6c build/cmsis_os2.o
                0x08008580                osMessageQueueDelete
 .text.vApplicationGetIdleTaskMemory
                0x080085ec       0x30 build/cmsis_os2.o
                0x080085ec                vApplicationGetIdleTaskMemory
 .text.vApplicationGetTimerTaskMemory
                0x0800861c       0x34 build/cmsis_os2.o
                0x0800861c                vApplicationGetTimerTaskMemory
 .text.pvPortMalloc
                0x08008650      0x188 build/heap_4.o
                0x08008650                pvPortMalloc
 .text.vPortFree
                0x080087d8       0xb4 build/heap_4.o
                0x080087d8                vPortFree
 .text.prvHeapInit
                0x0800888c       0xc4 build/heap_4.o
 .text.prvInsertBlockIntoFreeList
                0x08008950       0xb0 build/heap_4.o
 .text.pxPortInitialiseStack
                0x08008a00       0x58 build/port.o
                0x08008a00                pxPortInitialiseStack
 .text.prvTaskExitError
                0x08008a58       0x58 build/port.o
 .text.SVC_Handler
                0x08008ab0       0x28 build/port.o
                0x08008ab0                SVC_Handler
 .text.prvPortStartFirstTask
                0x08008ad8       0x20 build/port.o
 .text.xPortStartScheduler
                0x08008af8       0xe4 build/port.o
                0x08008af8                xPortStartScheduler
 .text.vPortEnterCritical
                0x08008bdc       0x60 build/port.o
                0x08008bdc                vPortEnterCritical
 .text.vPortExitCritical
                0x08008c3c       0x50 build/port.o
                0x08008c3c                vPortExitCritical
 *fill*         0x08008c8c        0x4 
 .text.PendSV_Handler
                0x08008c90       0x48 build/port.o
                0x08008c90                PendSV_Handler
 .text.SysTick_Handler
                0x08008cd8       0x44 build/port.o
                0x08008cd8                SysTick_Handler
 .text.vPortSetupTimerInterrupt
                0x08008d1c       0x44 build/port.o
                0x08008d1c                vPortSetupTimerInterrupt
 .text.vPortValidateInterruptPriority
                0x08008d60       0x7c build/port.o
                0x08008d60                vPortValidateInterruptPriority
 .text.ethernet_input
                0x08008ddc      0x12c build/ethernet.o
                0x08008ddc                ethernet_input
 .text.ethernet_output
                0x08008f08       0x90 build/ethernet.o
                0x08008f08                ethernet_output
 .text.netconn_apimsg
                0x08008f98       0x3a build/api_lib.o
 *fill*         0x08008fd2        0x2 
 .text.netconn_new_with_proto_and_callback
                0x08008fd4       0xf4 build/api_lib.o
                0x08008fd4                netconn_new_with_proto_and_callback
 .text.netconn_delete
                0x080090c8       0x4c build/api_lib.o
                0x080090c8                netconn_delete
 .text.netconn_bind
                0x08009114       0x70 build/api_lib.o
                0x08009114                netconn_bind
 .text.netconn_listen_with_backlog
                0x08009184       0x58 build/api_lib.o
                0x08009184                netconn_listen_with_backlog
 .text.netconn_accept
                0x080091dc       0xf8 build/api_lib.o
                0x080091dc                netconn_accept
 .text.netconn_recv_data
                0x080092d4      0x1a4 build/api_lib.o
 .text.netconn_recv
                0x08009478       0xf0 build/api_lib.o
                0x08009478                netconn_recv
 .text.netconn_write_partly
                0x08009568       0xf0 build/api_lib.o
                0x08009568                netconn_write_partly
 .text.netconn_close_shutdown
                0x08009658       0x60 build/api_lib.o
 .text.netconn_close
                0x080096b8       0x1a build/api_lib.o
                0x080096b8                netconn_close
 *fill*         0x080096d2        0x2 
 .text.recv_udp
                0x080096d4       0xfc build/api_msg.o
 .text.recv_tcp
                0x080097d0      0x110 build/api_msg.o
 .text.poll_tcp
                0x080098e0       0xc8 build/api_msg.o
 .text.sent_tcp
                0x080099a8       0xa8 build/api_msg.o
 .text.err_tcp  0x08009a50      0x1e0 build/api_msg.o
 .text.setup_tcp
                0x08009c30       0x50 build/api_msg.o
 .text.accept_function
                0x08009c80      0x148 build/api_msg.o
 .text.pcb_new  0x08009dc8       0xd4 build/api_msg.o
 .text.lwip_netconn_do_newconn
                0x08009e9c       0x58 build/api_msg.o
                0x08009e9c                lwip_netconn_do_newconn
 .text.netconn_alloc
                0x08009ef4       0xe0 build/api_msg.o
                0x08009ef4                netconn_alloc
 .text.netconn_free
                0x08009fd4       0x94 build/api_msg.o
                0x08009fd4                netconn_free
 .text.netconn_drain
                0x0800a068      0x100 build/api_msg.o
 .text.lwip_netconn_do_close_internal
                0x0800a168      0x2f8 build/api_msg.o
 .text.lwip_netconn_do_delconn
                0x0800a460      0x204 build/api_msg.o
                0x0800a460                lwip_netconn_do_delconn
 .text.lwip_netconn_do_bind
                0x0800a664       0xc2 build/api_msg.o
                0x0800a664                lwip_netconn_do_bind
 *fill*         0x0800a726        0x2 
 .text.lwip_netconn_do_listen
                0x0800a728      0x184 build/api_msg.o
                0x0800a728                lwip_netconn_do_listen
 .text.lwip_netconn_do_recv
                0x0800a8ac       0x98 build/api_msg.o
                0x0800a8ac                lwip_netconn_do_recv
 .text.lwip_netconn_do_writemore
                0x0800a944      0x348 build/api_msg.o
 .text.lwip_netconn_do_write
                0x0800ac8c      0x160 build/api_msg.o
                0x0800ac8c                lwip_netconn_do_write
 .text.lwip_netconn_do_close
                0x0800adec      0x150 build/api_msg.o
                0x0800adec                lwip_netconn_do_close
 .text.netbuf_delete
                0x0800af3c       0x3e build/netbuf.o
                0x0800af3c                netbuf_delete
 *fill*         0x0800af7a        0x2 
 .text.netbuf_data
                0x0800af7c       0x94 build/netbuf.o
                0x0800af7c                netbuf_data
 .text.netbuf_next
                0x0800b010       0x60 build/netbuf.o
                0x0800b010                netbuf_next
 .text.tcpip_thread
                0x0800b070       0xd4 build/tcpip.o
 .text.tcpip_inpkt
                0x0800b144       0x88 build/tcpip.o
                0x0800b144                tcpip_inpkt
 .text.tcpip_input
                0x0800b1cc       0x44 build/tcpip.o
                0x0800b1cc                tcpip_input
 .text.tcpip_callback_with_block
                0x0800b210       0x94 build/tcpip.o
                0x0800b210                tcpip_callback_with_block
 .text.tcpip_send_msg_wait_sem
                0x0800b2a4       0x2c build/tcpip.o
                0x0800b2a4                tcpip_send_msg_wait_sem
 .text.tcpip_init
                0x0800b2d0       0x94 build/tcpip.o
                0x0800b2d0                tcpip_init
 .text.lwip_htons
                0x0800b364       0x1a build/def.o
                0x0800b364                lwip_htons
 .text.lwip_htonl
                0x0800b37e       0x30 build/def.o
                0x0800b37e                lwip_htonl
 .text.lwip_init
                0x0800b3ae       0x2e build/init.o
                0x0800b3ae                lwip_init
 .text.plug_holes
                0x0800b3dc      0x130 build/mem.o
 .text.mem_init
                0x0800b50c       0xa0 build/mem.o
                0x0800b50c                mem_init
 .text.mem_free
                0x0800b5ac       0xdc build/mem.o
                0x0800b5ac                mem_free
 .text.mem_trim
                0x0800b688      0x1d4 build/mem.o
                0x0800b688                mem_trim
 .text.mem_malloc
                0x0800b85c      0x1e8 build/mem.o
                0x0800b85c                mem_malloc
 .text.memp_init_pool
                0x0800ba44       0x5e build/memp.o
                0x0800ba44                memp_init_pool
 *fill*         0x0800baa2        0x2 
 .text.memp_init
                0x0800baa4       0x34 build/memp.o
                0x0800baa4                memp_init
 .text.do_memp_malloc_pool
                0x0800bad8       0x64 build/memp.o
 .text.memp_malloc
                0x0800bb3c       0x4c build/memp.o
                0x0800bb3c                memp_malloc
 .text.do_memp_free_pool
                0x0800bb88       0x58 build/memp.o
 .text.memp_free
                0x0800bbe0       0x54 build/memp.o
                0x0800bbe0                memp_free
 .text.netif_init
                0x0800bc34        0xc build/netif.o
                0x0800bc34                netif_init
 .text.netif_add
                0x0800bc40       0xb0 build/netif.o
                0x0800bc40                netif_add
 .text.netif_set_addr
                0x0800bcf0       0x58 build/netif.o
                0x0800bcf0                netif_set_addr
 .text.netif_set_ipaddr
                0x0800bd48       0x70 build/netif.o
                0x0800bd48                netif_set_ipaddr
 .text.netif_set_gw
                0x0800bdb8       0x26 build/netif.o
                0x0800bdb8                netif_set_gw
 .text.netif_set_netmask
                0x0800bdde       0x26 build/netif.o
                0x0800bdde                netif_set_netmask
 .text.netif_set_default
                0x0800be04       0x1c build/netif.o
                0x0800be04                netif_set_default
 .text.netif_set_up
                0x0800be20       0x46 build/netif.o
                0x0800be20                netif_set_up
 .text.netif_issue_reports
                0x0800be66       0x42 build/netif.o
 .text.netif_set_down
                0x0800bea8       0x44 build/netif.o
                0x0800bea8                netif_set_down
 .text.netif_set_link_up
                0x0800beec       0x56 build/netif.o
                0x0800beec                netif_set_link_up
 .text.netif_set_link_down
                0x0800bf42       0x40 build/netif.o
                0x0800bf42                netif_set_link_down
 .text.netif_set_link_callback
                0x0800bf82       0x20 build/netif.o
                0x0800bf82                netif_set_link_callback
 *fill*         0x0800bfa2        0x2 
 .text.pbuf_free_ooseq
                0x0800bfa4       0x54 build/pbuf.o
 .text.pbuf_free_ooseq_callback
                0x0800bff8       0x14 build/pbuf.o
 .text.pbuf_pool_is_empty
                0x0800c00c       0x58 build/pbuf.o
 .text.pbuf_alloc
                0x0800c064      0x334 build/pbuf.o
                0x0800c064                pbuf_alloc
 .text.pbuf_alloced_custom
                0x0800c398       0xd4 build/pbuf.o
                0x0800c398                pbuf_alloced_custom
 .text.pbuf_realloc
                0x0800c46c      0x15c build/pbuf.o
                0x0800c46c                pbuf_realloc
 .text.pbuf_header_impl
                0x0800c5c8      0x144 build/pbuf.o
 .text.pbuf_header
                0x0800c70c       0x24 build/pbuf.o
                0x0800c70c                pbuf_header
 .text.pbuf_header_force
                0x0800c730       0x24 build/pbuf.o
                0x0800c730                pbuf_header_force
 .text.pbuf_free
                0x0800c754      0x134 build/pbuf.o
                0x0800c754                pbuf_free
 .text.pbuf_clen
                0x0800c888       0x2c build/pbuf.o
                0x0800c888                pbuf_clen
 .text.pbuf_ref
                0x0800c8b4       0x50 build/pbuf.o
                0x0800c8b4                pbuf_ref
 .text.pbuf_cat
                0x0800c904       0xac build/pbuf.o
                0x0800c904                pbuf_cat
 .text.pbuf_copy
                0x0800c9b0      0x198 build/pbuf.o
                0x0800c9b0                pbuf_copy
 .text.pbuf_copy_partial
                0x0800cb48       0xf4 build/pbuf.o
                0x0800cb48                pbuf_copy_partial
 .text.tcp_init
                0x0800cc3c        0xc build/tcp.o
                0x0800cc3c                tcp_init
 .text.tcp_tmr  0x0800cc48       0x2c build/tcp.o
                0x0800cc48                tcp_tmr
 .text.tcp_remove_listener
                0x0800cc74       0x38 build/tcp.o
 .text.tcp_listen_closed
                0x0800ccac       0x70 build/tcp.o
 .text.tcp_close_shutdown
                0x0800cd1c      0x1d4 build/tcp.o
 .text.tcp_close_shutdown_fin
                0x0800cef0       0xd4 build/tcp.o
 .text.tcp_close
                0x0800cfc4       0x30 build/tcp.o
                0x0800cfc4                tcp_close
 .text.tcp_shutdown
                0x0800cff4       0x90 build/tcp.o
                0x0800cff4                tcp_shutdown
 .text.tcp_abandon
                0x0800d084      0x164 build/tcp.o
                0x0800d084                tcp_abandon
 .text.tcp_abort
                0x0800d1e8       0x18 build/tcp.o
                0x0800d1e8                tcp_abort
 .text.tcp_bind
                0x0800d200      0x124 build/tcp.o
                0x0800d200                tcp_bind
 .text.tcp_accept_null
                0x0800d324       0x20 build/tcp.o
 .text.tcp_listen_with_backlog_and_err
                0x0800d344      0x130 build/tcp.o
                0x0800d344                tcp_listen_with_backlog_and_err
 .text.tcp_update_rcv_ann_wnd
                0x0800d474       0x9c build/tcp.o
                0x0800d474                tcp_update_rcv_ann_wnd
 .text.tcp_recved
                0x0800d510       0xb4 build/tcp.o
                0x0800d510                tcp_recved
 .text.tcp_new_port
                0x0800d5c4       0x88 build/tcp.o
 .text.tcp_slowtmr
                0x0800d64c      0x584 build/tcp.o
                0x0800d64c                tcp_slowtmr
 .text.tcp_fasttmr
                0x0800dbd0       0xc8 build/tcp.o
                0x0800dbd0                tcp_fasttmr
 .text.tcp_process_refused_data
                0x0800dc98       0xd2 build/tcp.o
                0x0800dc98                tcp_process_refused_data
 .text.tcp_segs_free
                0x0800dd6a       0x2a build/tcp.o
                0x0800dd6a                tcp_segs_free
 .text.tcp_seg_free
                0x0800dd94       0x30 build/tcp.o
                0x0800dd94                tcp_seg_free
 .text.tcp_seg_copy
                0x0800ddc4       0x38 build/tcp.o
                0x0800ddc4                tcp_seg_copy
 .text.tcp_recv_null
                0x0800ddfc       0x44 build/tcp.o
                0x0800ddfc                tcp_recv_null
 .text.tcp_kill_prio
                0x0800de40       0x84 build/tcp.o
 .text.tcp_kill_state
                0x0800dec4       0x94 build/tcp.o
 .text.tcp_kill_timewait
                0x0800df58       0x60 build/tcp.o
 .text.tcp_alloc
                0x0800dfb8      0x104 build/tcp.o
                0x0800dfb8                tcp_alloc
 .text.tcp_new_ip_type
                0x0800e0bc       0x1c build/tcp.o
                0x0800e0bc                tcp_new_ip_type
 .text.tcp_arg  0x0800e0d8       0x20 build/tcp.o
                0x0800e0d8                tcp_arg
 .text.tcp_recv
                0x0800e0f8       0x44 build/tcp.o
                0x0800e0f8                tcp_recv
 .text.tcp_sent
                0x0800e13c       0x40 build/tcp.o
                0x0800e13c                tcp_sent
 .text.tcp_err  0x0800e17c       0x44 build/tcp.o
                0x0800e17c                tcp_err
 .text.tcp_accept
                0x0800e1c0       0x2c build/tcp.o
                0x0800e1c0                tcp_accept
 .text.tcp_poll
                0x0800e1ec       0x48 build/tcp.o
                0x0800e1ec                tcp_poll
 .text.tcp_pcb_purge
                0x0800e234       0x82 build/tcp.o
                0x0800e234                tcp_pcb_purge
 *fill*         0x0800e2b6        0x2 
 .text.tcp_pcb_remove
                0x0800e2b8       0xf8 build/tcp.o
                0x0800e2b8                tcp_pcb_remove
 .text.tcp_next_iss
                0x0800e3b0       0x2c build/tcp.o
                0x0800e3b0                tcp_next_iss
 .text.tcp_eff_send_mss_impl
                0x0800e3dc       0x48 build/tcp.o
                0x0800e3dc                tcp_eff_send_mss_impl
 .text.tcp_netif_ip_addr_changed_pcblist
                0x0800e424       0x44 build/tcp.o
 .text.tcp_netif_ip_addr_changed
                0x0800e468       0x80 build/tcp.o
                0x0800e468                tcp_netif_ip_addr_changed
 .text.tcp_input
                0x0800e4e8      0x790 build/tcp_in.o
                0x0800e4e8                tcp_input
 .text.tcp_input_delayed_close
                0x0800ec78       0x64 build/tcp_in.o
 .text.tcp_listen_input
                0x0800ecdc      0x1c0 build/tcp_in.o
 .text.tcp_timewait_input
                0x0800ee9c       0xd0 build/tcp_in.o
 .text.tcp_process
                0x0800ef6c      0x768 build/tcp_in.o
 .text.tcp_oos_insert_segment
                0x0800f6d4       0xec build/tcp_in.o
 .text.tcp_receive
                0x0800f7c0      0xff4 build/tcp_in.o
 .text.tcp_getoptbyte
                0x080107b4       0x74 build/tcp_in.o
 .text.tcp_parseopt
                0x08010828       0xcc build/tcp_in.o
 .text.tcp_trigger_input_pcb_close
                0x080108f4       0x20 build/tcp_in.o
                0x080108f4                tcp_trigger_input_pcb_close
 .text.tcp_output_alloc_header
                0x08010914       0xf4 build/tcp_out.o
 .text.tcp_send_fin
                0x08010a08       0x7e build/tcp_out.o
                0x08010a08                tcp_send_fin
 *fill*         0x08010a86        0x2 
 .text.tcp_create_segment
                0x08010a88      0x110 build/tcp_out.o
 .text.tcp_pbuf_prealloc
                0x08010b98       0xc4 build/tcp_out.o
 .text.tcp_write_checks
                0x08010c5c       0xec build/tcp_out.o
 .text.tcp_write
                0x08010d48      0x6b4 build/tcp_out.o
                0x08010d48                tcp_write
 .text.tcp_enqueue_flags
                0x080113fc      0x1f8 build/tcp_out.o
                0x080113fc                tcp_enqueue_flags
 .text.tcp_send_empty_ack
                0x080115f4       0xb8 build/tcp_out.o
                0x080115f4                tcp_send_empty_ack
 .text.tcp_output
                0x080116ac      0x3cc build/tcp_out.o
                0x080116ac                tcp_output
 .text.tcp_output_segment
                0x08011a78      0x13c build/tcp_out.o
 .text.tcp_rst  0x08011bb4       0xec build/tcp_out.o
                0x08011bb4                tcp_rst
 .text.tcp_rexmit_rto
                0x08011ca0       0x6c build/tcp_out.o
                0x08011ca0                tcp_rexmit_rto
 .text.tcp_rexmit
                0x08011d0c       0xa0 build/tcp_out.o
                0x08011d0c                tcp_rexmit
 .text.tcp_rexmit_fast
                0x08011dac       0x9c build/tcp_out.o
                0x08011dac                tcp_rexmit_fast
 .text.tcp_keepalive
                0x08011e48       0x7a build/tcp_out.o
                0x08011e48                tcp_keepalive
 .text.tcp_zero_window_probe
                0x08011ec2      0x138 build/tcp_out.o
                0x08011ec2                tcp_zero_window_probe
 *fill*         0x08011ffa        0x2 
 .text.tcpip_tcp_timer
                0x08011ffc       0x48 build/timeouts.o
 .text.tcp_timer_needed
                0x08012044       0x40 build/timeouts.o
                0x08012044                tcp_timer_needed
 .text.cyclic_timer
                0x08012084       0x2c build/timeouts.o
 .text.sys_timeouts_init
                0x080120b0       0x50 build/timeouts.o
                0x080120b0                sys_timeouts_init
 .text.sys_timeout
                0x08012100      0x148 build/timeouts.o
                0x08012100                sys_timeout
 .text.sys_check_timeouts
                0x08012248       0xa4 build/timeouts.o
 .text.sys_timeouts_sleeptime
                0x080122ec       0x4c build/timeouts.o
 .text.sys_timeouts_mbox_fetch
                0x08012338       0x4c build/timeouts.o
                0x08012338                sys_timeouts_mbox_fetch
 .text.udp_init
                0x08012384        0xc build/udp.o
                0x08012384                udp_init
 .text.udp_new_port
                0x08012390       0x70 build/udp.o
 .text.udp_input_local_match
                0x08012400       0x74 build/udp.o
 .text.udp_input
                0x08012474      0x1cc build/udp.o
                0x08012474                udp_input
 .text.udp_bind
                0x08012640       0xe0 build/udp.o
                0x08012640                udp_bind
 .text.udp_recv
                0x08012720       0x22 build/udp.o
                0x08012720                udp_recv
 *fill*         0x08012742        0x2 
 .text.udp_remove
                0x08012744       0x64 build/udp.o
                0x08012744                udp_remove
 .text.udp_new  0x080127a8       0x2e build/udp.o
                0x080127a8                udp_new
 .text.udp_new_ip_type
                0x080127d6       0x1a build/udp.o
                0x080127d6                udp_new_ip_type
 .text.udp_netif_ip_addr_changed
                0x080127f0       0x5c build/udp.o
                0x080127f0                udp_netif_ip_addr_changed
 .text.etharp_free_entry
                0x0801284c       0x64 build/etharp.o
 .text.etharp_tmr
                0x080128b0      0x150 build/etharp.o
                0x080128b0                etharp_tmr
 .text.etharp_find_entry
                0x08012a00      0x294 build/etharp.o
 .text.etharp_update_arp_entry
                0x08012c94      0x14c build/etharp.o
 .text.etharp_cleanup_netif
                0x08012de0       0x64 build/etharp.o
                0x08012de0                etharp_cleanup_netif
 .text.etharp_input
                0x08012e44      0x114 build/etharp.o
                0x08012e44                etharp_input
 .text.etharp_output_to_arp_index
                0x08012f58      0x134 build/etharp.o
 .text.etharp_output
                0x0801308c      0x1dc build/etharp.o
                0x0801308c                etharp_output
 .text.etharp_query
                0x08013268      0x290 build/etharp.o
                0x08013268                etharp_query
 .text.etharp_raw
                0x080134f8      0x118 build/etharp.o
 .text.etharp_request_dst
                0x08013610       0x44 build/etharp.o
 .text.etharp_request
                0x08013654       0x24 build/etharp.o
                0x08013654                etharp_request
 .text.icmp_input
                0x08013678      0x20c build/icmp.o
                0x08013678                icmp_input
 .text.icmp_dest_unreach
                0x08013884       0x20 build/icmp.o
                0x08013884                icmp_dest_unreach
 .text.icmp_time_exceeded
                0x080138a4       0x20 build/icmp.o
                0x080138a4                icmp_time_exceeded
 .text.icmp_send_response
                0x080138c4       0xd0 build/icmp.o
 .text.ip4_route
                0x08013994       0xd4 build/ip4.o
                0x08013994                ip4_route
 .text.ip4_input
                0x08013a68      0x280 build/ip4.o
                0x08013a68                ip4_input
 .text.ip4_output_if
                0x08013ce8       0x54 build/ip4.o
                0x08013ce8                ip4_output_if
 .text.ip4_output_if_src
                0x08013d3c      0x150 build/ip4.o
                0x08013d3c                ip4_output_if_src
 .text.ip4_addr_isbroadcast_u32
                0x08013e8c       0x80 build/ip4_addr.o
                0x08013e8c                ip4_addr_isbroadcast_u32
 .text.ip4addr_ntoa
                0x08013f0c       0x20 build/ip4_addr.o
                0x08013f0c                ip4addr_ntoa
 .text.ip4addr_ntoa_r
                0x08013f2c      0x100 build/ip4_addr.o
                0x08013f2c                ip4addr_ntoa_r
 .text.ip_reass_tmr
                0x0801402c       0x58 build/ip4_frag.o
                0x0801402c                ip_reass_tmr
 .text.ip_reass_free_complete_datagram
                0x08014084      0x148 build/ip4_frag.o
 .text.ip_reass_remove_oldest_datagram
                0x080141cc       0xc4 build/ip4_frag.o
 .text.ip_reass_enqueue_new_datagram
                0x08014290       0x74 build/ip4_frag.o
 .text.ip_reass_dequeue_datagram
                0x08014304       0x5c build/ip4_frag.o
 .text.ip_reass_chain_frag_into_datagram_and_validate
                0x08014360      0x2d4 build/ip4_frag.o
 .text.ip4_reass
                0x08014634      0x2a8 build/ip4_frag.o
                0x08014634                ip4_reass
 .text.ip_frag_alloc_pbuf_custom_ref
                0x080148dc       0x10 build/ip4_frag.o
 .text.ip_frag_free_pbuf_custom_ref
                0x080148ec       0x38 build/ip4_frag.o
 .text.ipfrag_free_pbuf_custom
                0x08014924       0x68 build/ip4_frag.o
 .text.ip4_frag
                0x0801498c      0x240 build/ip4_frag.o
                0x0801498c                ip4_frag
 .text.sys_mbox_new
                0x08014bcc       0x34 build/sys_arch.o
                0x08014bcc                sys_mbox_new
 .text.sys_mbox_free
                0x08014c00       0x24 build/sys_arch.o
                0x08014c00                sys_mbox_free
 .text.sys_mbox_post
                0x08014c24       0x2c build/sys_arch.o
                0x08014c24                sys_mbox_post
 .text.sys_mbox_trypost
                0x08014c50       0x34 build/sys_arch.o
                0x08014c50                sys_mbox_trypost
 .text.sys_arch_mbox_fetch
                0x08014c84       0x62 build/sys_arch.o
                0x08014c84                sys_arch_mbox_fetch
 .text.sys_arch_mbox_tryfetch
                0x08014ce6       0x2e build/sys_arch.o
                0x08014ce6                sys_arch_mbox_tryfetch
 .text.sys_mbox_valid
                0x08014d14       0x20 build/sys_arch.o
                0x08014d14                sys_mbox_valid
 .text.sys_mbox_set_invalid
                0x08014d34       0x18 build/sys_arch.o
                0x08014d34                sys_mbox_set_invalid
 .text.sys_sem_new
                0x08014d4c       0x4a build/sys_arch.o
                0x08014d4c                sys_sem_new
 .text.sys_arch_sem_wait
                0x08014d96       0x62 build/sys_arch.o
                0x08014d96                sys_arch_sem_wait
 .text.sys_sem_signal
                0x08014df8       0x1a build/sys_arch.o
                0x08014df8                sys_sem_signal
 .text.sys_sem_free
                0x08014e12       0x1a build/sys_arch.o
                0x08014e12                sys_sem_free
 .text.sys_sem_valid
                0x08014e2c       0x20 build/sys_arch.o
                0x08014e2c                sys_sem_valid
 .text.sys_sem_set_invalid
                0x08014e4c       0x18 build/sys_arch.o
                0x08014e4c                sys_sem_set_invalid
 .text.sys_init
                0x08014e64       0x18 build/sys_arch.o
                0x08014e64                sys_init
 .text.sys_mutex_new
                0x08014e7c       0x2c build/sys_arch.o
                0x08014e7c                sys_mutex_new
 .text.sys_mutex_lock
                0x08014ea8       0x1e build/sys_arch.o
                0x08014ea8                sys_mutex_lock
 .text.sys_mutex_unlock
                0x08014ec6       0x1a build/sys_arch.o
                0x08014ec6                sys_mutex_unlock
 .text.sys_thread_new
                0x08014ee0       0x40 build/sys_arch.o
                0x08014ee0                sys_thread_new
 .text.sys_arch_protect
                0x08014f20       0x1c build/sys_arch.o
                0x08014f20                sys_arch_protect
 .text.sys_arch_unprotect
                0x08014f3c       0x20 build/sys_arch.o
                0x08014f3c                sys_arch_unprotect
 .text.Reset_Handler
                0x08014f5c       0x50 build/startup_stm32f207xx.o
                0x08014f5c                Reset_Handler
 .text.Default_Handler
                0x08014fac        0x2 build/startup_stm32f207xx.o
                0x08014fac                RTC_Alarm_IRQHandler
                0x08014fac                HASH_RNG_IRQHandler
                0x08014fac                EXTI2_IRQHandler
                0x08014fac                TIM8_CC_IRQHandler
                0x08014fac                TIM1_CC_IRQHandler
                0x08014fac                DMA2_Stream5_IRQHandler
                0x08014fac                DMA1_Stream5_IRQHandler
                0x08014fac                PVD_IRQHandler
                0x08014fac                SDIO_IRQHandler
                0x08014fac                TAMP_STAMP_IRQHandler
                0x08014fac                CAN2_RX1_IRQHandler
                0x08014fac                EXTI3_IRQHandler
                0x08014fac                TIM8_TRG_COM_TIM14_IRQHandler
                0x08014fac                TIM1_UP_TIM10_IRQHandler
                0x08014fac                TIM8_UP_TIM13_IRQHandler
                0x08014fac                I2C3_ER_IRQHandler
                0x08014fac                EXTI0_IRQHandler
                0x08014fac                I2C2_EV_IRQHandler
                0x08014fac                DMA1_Stream2_IRQHandler
                0x08014fac                CAN1_RX0_IRQHandler
                0x08014fac                OTG_HS_WKUP_IRQHandler
                0x08014fac                CAN2_SCE_IRQHandler
                0x08014fac                DMA2_Stream2_IRQHandler
                0x08014fac                SPI1_IRQHandler
                0x08014fac                TIM6_DAC_IRQHandler
                0x08014fac                TIM1_BRK_TIM9_IRQHandler
                0x08014fac                DCMI_IRQHandler
                0x08014fac                CAN2_RX0_IRQHandler
                0x08014fac                DMA2_Stream3_IRQHandler
                0x08014fac                USART6_IRQHandler
                0x08014fac                CAN1_RX1_IRQHandler
                0x08014fac                UART5_IRQHandler
                0x08014fac                DMA2_Stream0_IRQHandler
                0x08014fac                I2C1_EV_IRQHandler
                0x08014fac                DMA1_Stream6_IRQHandler
                0x08014fac                DMA1_Stream1_IRQHandler
                0x08014fac                UART4_IRQHandler
                0x08014fac                TIM3_IRQHandler
                0x08014fac                RCC_IRQHandler
                0x08014fac                TIM8_BRK_TIM12_IRQHandler
                0x08014fac                Default_Handler
                0x08014fac                EXTI15_10_IRQHandler
                0x08014fac                ADC_IRQHandler
                0x08014fac                DMA1_Stream7_IRQHandler
                0x08014fac                TIM7_IRQHandler
                0x08014fac                CAN2_TX_IRQHandler
                0x08014fac                TIM5_IRQHandler
                0x08014fac                DMA2_Stream7_IRQHandler
                0x08014fac                I2C3_EV_IRQHandler
                0x08014fac                EXTI9_5_IRQHandler
                0x08014fac                RTC_WKUP_IRQHandler
                0x08014fac                ETH_WKUP_IRQHandler
                0x08014fac                SPI2_IRQHandler
                0x08014fac                OTG_HS_EP1_IN_IRQHandler
                0x08014fac                DMA1_Stream0_IRQHandler
                0x08014fac                CAN1_TX_IRQHandler
                0x08014fac                EXTI4_IRQHandler
                0x08014fac                FSMC_IRQHandler
                0x08014fac                OTG_HS_EP1_OUT_IRQHandler
                0x08014fac                WWDG_IRQHandler
                0x08014fac                TIM2_IRQHandler
                0x08014fac                OTG_FS_WKUP_IRQHandler
                0x08014fac                TIM1_TRG_COM_TIM11_IRQHandler
                0x08014fac                OTG_HS_IRQHandler
                0x08014fac                EXTI1_IRQHandler
                0x08014fac                USART2_IRQHandler
                0x08014fac                I2C2_ER_IRQHandler
                0x08014fac                DMA2_Stream1_IRQHandler
                0x08014fac                CAN1_SCE_IRQHandler
                0x08014fac                FLASH_IRQHandler
                0x08014fac                DMA2_Stream4_IRQHandler
                0x08014fac                USART1_IRQHandler
                0x08014fac                OTG_FS_IRQHandler
                0x08014fac                SPI3_IRQHandler
                0x08014fac                DMA1_Stream4_IRQHandler
                0x08014fac                I2C1_ER_IRQHandler
                0x08014fac                DMA2_Stream6_IRQHandler
                0x08014fac                DMA1_Stream3_IRQHandler
 *fill*         0x08014fae        0x2 
 .text.__libc_init_array
                0x08014fb0       0x48 c:/vsarm/armcc/10 2021.10/bin/../lib/gcc/arm-none-eabi/10.3.1/../../../../arm-none-eabi/lib/thumb/v7-m/nofp\libc_nano.a(lib_a-init.o)
                0x08014fb0                __libc_init_array
 .text.memcmp   0x08014ff8       0x20 c:/vsarm/armcc/10 2021.10/bin/../lib/gcc/arm-none-eabi/10.3.1/../../../../arm-none-eabi/lib/thumb/v7-m/nofp\libc_nano.a(lib_a-memcmp.o)
                0x08014ff8                memcmp
 .text.memcpy   0x08015018       0x1c c:/vsarm/armcc/10 2021.10/bin/../lib/gcc/arm-none-eabi/10.3.1/../../../../arm-none-eabi/lib/thumb/v7-m/nofp\libc_nano.a(lib_a-memcpy-stub.o)
                0x08015018                memcpy
 .text.memset   0x08015034       0x10 c:/vsarm/armcc/10 2021.10/bin/../lib/gcc/arm-none-eabi/10.3.1/../../../../arm-none-eabi/lib/thumb/v7-m/nofp\libc_nano.a(lib_a-memset.o)
                0x08015034                memset
 .text.printf   0x08015044       0x30 c:/vsarm/armcc/10 2021.10/bin/../lib/gcc/arm-none-eabi/10.3.1/../../../../arm-none-eabi/lib/thumb/v7-m/nofp\libc_nano.a(lib_a-printf.o)
                0x08015044                iprintf
                0x08015044                printf
 .text.sprintf  0x08015074       0x40 c:/vsarm/armcc/10 2021.10/bin/../lib/gcc/arm-none-eabi/10.3.1/../../../../arm-none-eabi/lib/thumb/v7-m/nofp\libc_nano.a(lib_a-sprintf.o)
                0x08015074                siprintf
                0x08015074                sprintf
 .text.strncpy  0x080150b4       0x26 c:/vsarm/armcc/10 2021.10/bin/../lib/gcc/arm-none-eabi/10.3.1/../../../../arm-none-eabi/lib/thumb/v7-m/nofp\libc_nano.a(lib_a-strncpy.o)
                0x080150b4                strncpy
 *fill*         0x080150da        0x2 
 .text.std      0x080150dc       0x48 c:/vsarm/armcc/10 2021.10/bin/../lib/gcc/arm-none-eabi/10.3.1/../../../../arm-none-eabi/lib/thumb/v7-m/nofp\libc_nano.a(lib_a-findfp.o)
 .text._cleanup_r
                0x08015124        0xc c:/vsarm/armcc/10 2021.10/bin/../lib/gcc/arm-none-eabi/10.3.1/../../../../arm-none-eabi/lib/thumb/v7-m/nofp\libc_nano.a(lib_a-findfp.o)
                0x08015124                _cleanup_r
 .text.__sfmoreglue
                0x08015130       0x2c c:/vsarm/armcc/10 2021.10/bin/../lib/gcc/arm-none-eabi/10.3.1/../../../../arm-none-eabi/lib/thumb/v7-m/nofp\libc_nano.a(lib_a-findfp.o)
                0x08015130                __sfmoreglue
 .text.__sfp_lock_acquire
                0x0801515c        0xc c:/vsarm/armcc/10 2021.10/bin/../lib/gcc/arm-none-eabi/10.3.1/../../../../arm-none-eabi/lib/thumb/v7-m/nofp\libc_nano.a(lib_a-findfp.o)
                0x0801515c                __sfp_lock_acquire
 .text.__sfp_lock_release
                0x08015168        0xc c:/vsarm/armcc/10 2021.10/bin/../lib/gcc/arm-none-eabi/10.3.1/../../../../arm-none-eabi/lib/thumb/v7-m/nofp\libc_nano.a(lib_a-findfp.o)
                0x08015168                __sfp_lock_release
 .text.__sinit_lock_acquire
                0x08015174        0xc c:/vsarm/armcc/10 2021.10/bin/../lib/gcc/arm-none-eabi/10.3.1/../../../../arm-none-eabi/lib/thumb/v7-m/nofp\libc_nano.a(lib_a-findfp.o)
                0x08015174                __sinit_lock_acquire
 .text.__sinit_lock_release
                0x08015180        0xc c:/vsarm/armcc/10 2021.10/bin/../lib/gcc/arm-none-eabi/10.3.1/../../../../arm-none-eabi/lib/thumb/v7-m/nofp\libc_nano.a(lib_a-findfp.o)
                0x08015180                __sinit_lock_release
 .text.__sinit  0x0801518c       0x70 c:/vsarm/armcc/10 2021.10/bin/../lib/gcc/arm-none-eabi/10.3.1/../../../../arm-none-eabi/lib/thumb/v7-m/nofp\libc_nano.a(lib_a-findfp.o)
                0x0801518c                __sinit
 .text.__sfp    0x080151fc       0x8c c:/vsarm/armcc/10 2021.10/bin/../lib/gcc/arm-none-eabi/10.3.1/../../../../arm-none-eabi/lib/thumb/v7-m/nofp\libc_nano.a(lib_a-findfp.o)
                0x080151fc                __sfp
 .text._fwalk_reent
                0x08015288       0x3e c:/vsarm/armcc/10 2021.10/bin/../lib/gcc/arm-none-eabi/10.3.1/../../../../arm-none-eabi/lib/thumb/v7-m/nofp\libc_nano.a(lib_a-fwalk.o)
                0x08015288                _fwalk_reent
 .text.__retarget_lock_init_recursive
                0x080152c6        0x2 c:/vsarm/armcc/10 2021.10/bin/../lib/gcc/arm-none-eabi/10.3.1/../../../../arm-none-eabi/lib/thumb/v7-m/nofp\libc_nano.a(lib_a-lock.o)
                0x080152c6                __retarget_lock_init_recursive
 .text.__retarget_lock_acquire_recursive
                0x080152c8        0x2 c:/vsarm/armcc/10 2021.10/bin/../lib/gcc/arm-none-eabi/10.3.1/../../../../arm-none-eabi/lib/thumb/v7-m/nofp\libc_nano.a(lib_a-lock.o)
                0x080152c8                __retarget_lock_acquire_recursive
 .text.__retarget_lock_release_recursive
                0x080152ca        0x2 c:/vsarm/armcc/10 2021.10/bin/../lib/gcc/arm-none-eabi/10.3.1/../../../../arm-none-eabi/lib/thumb/v7-m/nofp\libc_nano.a(lib_a-lock.o)
                0x080152ca                __retarget_lock_release_recursive
 .text.sbrk_aligned
                0x080152cc       0x40 c:/vsarm/armcc/10 2021.10/bin/../lib/gcc/arm-none-eabi/10.3.1/../../../../arm-none-eabi/lib/thumb/v7-m/nofp\libc_nano.a(lib_a-nano-mallocr.o)
 .text._malloc_r
                0x0801530c       0xe8 c:/vsarm/armcc/10 2021.10/bin/../lib/gcc/arm-none-eabi/10.3.1/../../../../arm-none-eabi/lib/thumb/v7-m/nofp\libc_nano.a(lib_a-nano-mallocr.o)
                0x0801530c                _malloc_r
 .text.__ssputs_r
                0x080153f4       0xb6 c:/vsarm/armcc/10 2021.10/bin/../lib/gcc/arm-none-eabi/10.3.1/../../../../arm-none-eabi/lib/thumb/v7-m/nofp\libc_nano.a(lib_a-nano-svfprintf.o)
                0x080153f4                __ssputs_r
 *fill*         0x080154aa        0x2 
 .text._svfprintf_r
                0x080154ac      0x200 c:/vsarm/armcc/10 2021.10/bin/../lib/gcc/arm-none-eabi/10.3.1/../../../../arm-none-eabi/lib/thumb/v7-m/nofp\libc_nano.a(lib_a-nano-svfprintf.o)
                0x080154ac                _svfiprintf_r
                0x080154ac                _svfprintf_r
 .text.__sfputc_r
                0x080156ac       0x2a c:/vsarm/armcc/10 2021.10/bin/../lib/gcc/arm-none-eabi/10.3.1/../../../../arm-none-eabi/lib/thumb/v7-m/nofp\libc_nano.a(lib_a-nano-vfprintf.o)
 .text.__sfputs_r
                0x080156d6       0x24 c:/vsarm/armcc/10 2021.10/bin/../lib/gcc/arm-none-eabi/10.3.1/../../../../arm-none-eabi/lib/thumb/v7-m/nofp\libc_nano.a(lib_a-nano-vfprintf.o)
                0x080156d6                __sfputs_r
 *fill*         0x080156fa        0x2 
 .text._vfprintf_r
                0x080156fc      0x260 c:/vsarm/armcc/10 2021.10/bin/../lib/gcc/arm-none-eabi/10.3.1/../../../../arm-none-eabi/lib/thumb/v7-m/nofp\libc_nano.a(lib_a-nano-vfprintf.o)
                0x080156fc                _vfprintf_r
                0x080156fc                _vfiprintf_r
 .text._printf_common
                0x0801595c       0xde c:/vsarm/armcc/10 2021.10/bin/../lib/gcc/arm-none-eabi/10.3.1/../../../../arm-none-eabi/lib/thumb/v7-m/nofp\libc_nano.a(lib_a-nano-vfprintf_i.o)
                0x0801595c                _printf_common
 *fill*         0x08015a3a        0x2 
 .text._printf_i
                0x08015a3c      0x24c c:/vsarm/armcc/10 2021.10/bin/../lib/gcc/arm-none-eabi/10.3.1/../../../../arm-none-eabi/lib/thumb/v7-m/nofp\libc_nano.a(lib_a-nano-vfprintf_i.o)
                0x08015a3c                _printf_i
 .text._sbrk_r  0x08015c88       0x20 c:/vsarm/armcc/10 2021.10/bin/../lib/gcc/arm-none-eabi/10.3.1/../../../../arm-none-eabi/lib/thumb/v7-m/nofp\libc_nano.a(lib_a-sbrkr.o)
                0x08015c88                _sbrk_r
 .text.__sread  0x08015ca8       0x22 c:/vsarm/armcc/10 2021.10/bin/../lib/gcc/arm-none-eabi/10.3.1/../../../../arm-none-eabi/lib/thumb/v7-m/nofp\libc_nano.a(lib_a-stdio.o)
                0x08015ca8                __sread
 .text.__swrite
                0x08015cca       0x38 c:/vsarm/armcc/10 2021.10/bin/../lib/gcc/arm-none-eabi/10.3.1/../../../../arm-none-eabi/lib/thumb/v7-m/nofp\libc_nano.a(lib_a-stdio.o)
                0x08015cca                __swrite
 .text.__sseek  0x08015d02       0x24 c:/vsarm/armcc/10 2021.10/bin/../lib/gcc/arm-none-eabi/10.3.1/../../../../arm-none-eabi/lib/thumb/v7-m/nofp\libc_nano.a(lib_a-stdio.o)
                0x08015d02                __sseek
 .text.__sclose
                0x08015d26        0x8 c:/vsarm/armcc/10 2021.10/bin/../lib/gcc/arm-none-eabi/10.3.1/../../../../arm-none-eabi/lib/thumb/v7-m/nofp\libc_nano.a(lib_a-stdio.o)
                0x08015d26                __sclose
 *fill*         0x08015d2e        0x2 
 .text.__swbuf_r
                0x08015d30       0xa4 c:/vsarm/armcc/10 2021.10/bin/../lib/gcc/arm-none-eabi/10.3.1/../../../../arm-none-eabi/lib/thumb/v7-m/nofp\libc_nano.a(lib_a-wbuf.o)
                0x08015d30                __swbuf_r
 .text._write_r
                0x08015dd4       0x24 c:/vsarm/armcc/10 2021.10/bin/../lib/gcc/arm-none-eabi/10.3.1/../../../../arm-none-eabi/lib/thumb/v7-m/nofp\libc_nano.a(lib_a-writer.o)
                0x08015dd4                _write_r
 .text.__swsetup_r
                0x08015df8       0xdc c:/vsarm/armcc/10 2021.10/bin/../lib/gcc/arm-none-eabi/10.3.1/../../../../arm-none-eabi/lib/thumb/v7-m/nofp\libc_nano.a(lib_a-wsetup.o)
                0x08015df8                __swsetup_r
 .text._close_r
                0x08015ed4       0x20 c:/vsarm/armcc/10 2021.10/bin/../lib/gcc/arm-none-eabi/10.3.1/../../../../arm-none-eabi/lib/thumb/v7-m/nofp\libc_nano.a(lib_a-closer.o)
                0x08015ed4                _close_r
 .text.__sflush_r
                0x08015ef4      0x104 c:/vsarm/armcc/10 2021.10/bin/../lib/gcc/arm-none-eabi/10.3.1/../../../../arm-none-eabi/lib/thumb/v7-m/nofp\libc_nano.a(lib_a-fflush.o)
                0x08015ef4                __sflush_r
 .text._fflush_r
                0x08015ff8       0x78 c:/vsarm/armcc/10 2021.10/bin/../lib/gcc/arm-none-eabi/10.3.1/../../../../arm-none-eabi/lib/thumb/v7-m/nofp\libc_nano.a(lib_a-fflush.o)
                0x08015ff8                _fflush_r
 .text._lseek_r
                0x08016070       0x24 c:/vsarm/armcc/10 2021.10/bin/../lib/gcc/arm-none-eabi/10.3.1/../../../../arm-none-eabi/lib/thumb/v7-m/nofp\libc_nano.a(lib_a-lseekr.o)
                0x08016070                _lseek_r
 .text.__swhatbuf_r
                0x08016094       0x4a c:/vsarm/armcc/10 2021.10/bin/../lib/gcc/arm-none-eabi/10.3.1/../../../../arm-none-eabi/lib/thumb/v7-m/nofp\libc_nano.a(lib_a-makebuf.o)
                0x08016094                __swhatbuf_r
 *fill*         0x080160de        0x2 
 .text.__smakebuf_r
                0x080160e0       0x80 c:/vsarm/armcc/10 2021.10/bin/../lib/gcc/arm-none-eabi/10.3.1/../../../../arm-none-eabi/lib/thumb/v7-m/nofp\libc_nano.a(lib_a-makebuf.o)
                0x080160e0                __smakebuf_r
 .text.memchr   0x08016160       0x1c c:/vsarm/armcc/10 2021.10/bin/../lib/gcc/arm-none-eabi/10.3.1/../../../../arm-none-eabi/lib/thumb/v7-m/nofp\libc_nano.a(lib_a-memchr-stub.o)
                0x08016160                memchr
 .text.memmove  0x0801617c       0x34 c:/vsarm/armcc/10 2021.10/bin/../lib/gcc/arm-none-eabi/10.3.1/../../../../arm-none-eabi/lib/thumb/v7-m/nofp\libc_nano.a(lib_a-memmove.o)
                0x0801617c                memmove
 .text.__malloc_lock
                0x080161b0        0xc c:/vsarm/armcc/10 2021.10/bin/../lib/gcc/arm-none-eabi/10.3.1/../../../../arm-none-eabi/lib/thumb/v7-m/nofp\libc_nano.a(lib_a-mlock.o)
                0x080161b0                __malloc_lock
 .text.__malloc_unlock
                0x080161bc        0xc c:/vsarm/armcc/10 2021.10/bin/../lib/gcc/arm-none-eabi/10.3.1/../../../../arm-none-eabi/lib/thumb/v7-m/nofp\libc_nano.a(lib_a-mlock.o)
                0x080161bc                __malloc_unlock
 .text._free_r  0x080161c8       0x90 c:/vsarm/armcc/10 2021.10/bin/../lib/gcc/arm-none-eabi/10.3.1/../../../../arm-none-eabi/lib/thumb/v7-m/nofp\libc_nano.a(lib_a-nano-freer.o)
                0x080161c8                _free_r
 .text._realloc_r
                0x08016258       0x5e c:/vsarm/armcc/10 2021.10/bin/../lib/gcc/arm-none-eabi/10.3.1/../../../../arm-none-eabi/lib/thumb/v7-m/nofp\libc_nano.a(lib_a-nano-reallocr.o)
                0x08016258                _realloc_r
 *fill*         0x080162b6        0x2 
 .text._read_r  0x080162b8       0x24 c:/vsarm/armcc/10 2021.10/bin/../lib/gcc/arm-none-eabi/10.3.1/../../../../arm-none-eabi/lib/thumb/v7-m/nofp\libc_nano.a(lib_a-readr.o)
                0x080162b8                _read_r
 .text._fstat_r
                0x080162dc       0x24 c:/vsarm/armcc/10 2021.10/bin/../lib/gcc/arm-none-eabi/10.3.1/../../../../arm-none-eabi/lib/thumb/v7-m/nofp\libc_nano.a(lib_a-fstatr.o)
                0x080162dc                _fstat_r
 .text._isatty_r
                0x08016300       0x20 c:/vsarm/armcc/10 2021.10/bin/../lib/gcc/arm-none-eabi/10.3.1/../../../../arm-none-eabi/lib/thumb/v7-m/nofp\libc_nano.a(lib_a-isattyr.o)
                0x08016300                _isatty_r
 .text._malloc_usable_size_r
                0x08016320       0x10 c:/vsarm/armcc/10 2021.10/bin/../lib/gcc/arm-none-eabi/10.3.1/../../../../arm-none-eabi/lib/thumb/v7-m/nofp\libc_nano.a(lib_a-nano-msizer.o)
                0x08016320                _malloc_usable_size_r
 .text._close   0x08016330       0x10 c:/vsarm/armcc/10 2021.10/bin/../lib/gcc/arm-none-eabi/10.3.1/../../../../arm-none-eabi/lib/thumb/v7-m/nofp\libnosys.a(close.o)
                0x08016330                _close
 .text._fstat   0x08016340       0x10 c:/vsarm/armcc/10 2021.10/bin/../lib/gcc/arm-none-eabi/10.3.1/../../../../arm-none-eabi/lib/thumb/v7-m/nofp\libnosys.a(fstat.o)
                0x08016340                _fstat
 .text._isatty  0x08016350       0x10 c:/vsarm/armcc/10 2021.10/bin/../lib/gcc/arm-none-eabi/10.3.1/../../../../arm-none-eabi/lib/thumb/v7-m/nofp\libnosys.a(isatty.o)
                0x08016350                _isatty
 .text._lseek   0x08016360       0x10 c:/vsarm/armcc/10 2021.10/bin/../lib/gcc/arm-none-eabi/10.3.1/../../../../arm-none-eabi/lib/thumb/v7-m/nofp\libnosys.a(lseek.o)
                0x08016360                _lseek
 .text._read    0x08016370       0x10 c:/vsarm/armcc/10 2021.10/bin/../lib/gcc/arm-none-eabi/10.3.1/../../../../arm-none-eabi/lib/thumb/v7-m/nofp\libnosys.a(read.o)
                0x08016370                _read
 .text._sbrk    0x08016380       0x1c c:/vsarm/armcc/10 2021.10/bin/../lib/gcc/arm-none-eabi/10.3.1/../../../../arm-none-eabi/lib/thumb/v7-m/nofp\libnosys.a(sbrk.o)
                0x08016380                _sbrk
 .text._write   0x0801639c       0x10 c:/vsarm/armcc/10 2021.10/bin/../lib/gcc/arm-none-eabi/10.3.1/../../../../arm-none-eabi/lib/thumb/v7-m/nofp\libnosys.a(write.o)
                0x0801639c                _write
 *(.glue_7)
 .glue_7        0x080163ac        0x0 linker stubs
 *(.glue_7t)
 .glue_7t       0x080163ac        0x0 linker stubs
 *(.eh_frame)
 .eh_frame      0x080163ac        0x0 c:/vsarm/armcc/10 2021.10/bin/../lib/gcc/arm-none-eabi/10.3.1/thumb/v7-m/nofp/crtbegin.o
 *(.init)
 .init          0x080163ac        0x4 c:/vsarm/armcc/10 2021.10/bin/../lib/gcc/arm-none-eabi/10.3.1/thumb/v7-m/nofp/crti.o
                0x080163ac                _init
 .init          0x080163b0        0x8 c:/vsarm/armcc/10 2021.10/bin/../lib/gcc/arm-none-eabi/10.3.1/thumb/v7-m/nofp/crtn.o
 *(.fini)
 .fini          0x080163b8        0x4 c:/vsarm/armcc/10 2021.10/bin/../lib/gcc/arm-none-eabi/10.3.1/thumb/v7-m/nofp/crti.o
                0x080163b8                _fini
 .fini          0x080163bc        0x8 c:/vsarm/armcc/10 2021.10/bin/../lib/gcc/arm-none-eabi/10.3.1/thumb/v7-m/nofp/crtn.o
                0x080163c4                . = ALIGN (0x4)
                0x080163c4                _etext = .

.vfp11_veneer   0x080163c4        0x0
 .vfp11_veneer  0x080163c4        0x0 linker stubs

.v4_bx          0x080163c4        0x0
 .v4_bx         0x080163c4        0x0 linker stubs

.iplt           0x080163c4        0x0
 .iplt          0x080163c4        0x0 c:/vsarm/armcc/10 2021.10/bin/../lib/gcc/arm-none-eabi/10.3.1/thumb/v7-m/nofp/crtbegin.o

.rodata         0x080163c4     0x2a08
                0x080163c4                . = ALIGN (0x4)
 *(.rodata)
 .rodata        0x080163c4       0x9c build/main.o
 .rodata        0x08016460       0x3d build/telnet_server.o
 *fill*         0x0801649d        0x3 
 .rodata        0x080164a0       0x5c build/ethernetif.o
 .rodata        0x080164fc        0x8 build/lwip.o
 .rodata        0x08016504        0x5 build/tasks.o
 *fill*         0x08016509        0x3 
 .rodata        0x0801650c        0xd build/timers.o
 *fill*         0x08016519        0x3 
 .rodata        0x0801651c       0x90 build/ethernet.o
 .rodata        0x080165ac      0x2e0 build/api_lib.o
 .rodata        0x0801688c      0x4c1 build/api_msg.o
 *fill*         0x08016d4d        0x3 
 .rodata        0x08016d50      0x192 build/netbuf.o
 *fill*         0x08016ee2        0x2 
 .rodata        0x08016ee4       0xdd build/tcpip.o
 *fill*         0x08016fc1        0x3 
 .rodata        0x08016fc4      0x213 build/mem.o
 *fill*         0x080171d7        0x1 
 .rodata        0x080171d8       0xeb build/memp.o
 *fill*         0x080172c3        0x1 
 .rodata        0x080172c4       0x70 build/netif.o
 .rodata        0x08017334      0x509 build/pbuf.o
 *fill*         0x0801783d        0x3 
 .rodata        0x08017840      0x477 build/tcp.o
 *fill*         0x08017cb7        0x1 
 .rodata        0x08017cb8      0x381 build/tcp_in.o
 *fill*         0x08018039        0x3 
 .rodata        0x0801803c      0x43f build/tcp_out.o
 *fill*         0x0801847b        0x1 
 .rodata        0x0801847c       0x9c build/timeouts.o
 .rodata        0x08018518       0x96 build/udp.o
 *fill*         0x080185ae        0x2 
 .rodata        0x080185b0      0x261 build/etharp.o
 *fill*         0x08018811        0x3 
 .rodata        0x08018814       0xf4 build/icmp.o
 .rodata        0x08018908       0x95 build/ip4.o
 *fill*         0x0801899d        0x3 
 .rodata        0x080189a0      0x1ec build/ip4_frag.o
 *(.rodata*)
 .rodata.defaultTask_attributes
                0x08018b8c       0x24 build/main.o
                0x08018b8c                defaultTask_attributes
 .rodata.wrt_task_attributes
                0x08018bb0       0x24 build/telnet_server.o
 .rodata.rcv_task_attributes
                0x08018bd4       0x24 build/telnet_server.o
 .rodata.AHBPrescTable
                0x08018bf8       0x10 build/system_stm32f2xx.o
                0x08018bf8                AHBPrescTable
 .rodata.APBPrescTable
                0x08018c08        0x8 build/system_stm32f2xx.o
                0x08018c08                APBPrescTable
 .rodata.ethbroadcast
                0x08018c10        0x6 build/ethernet.o
                0x08018c10                ethbroadcast
 *fill*         0x08018c16        0x2 
 .rodata.ethzero
                0x08018c18        0x6 build/ethernet.o
                0x08018c18                ethzero
 *fill*         0x08018c1e        0x2 
 .rodata.memp_UDP_PCB
                0x08018c20        0xc build/memp.o
                0x08018c20                memp_UDP_PCB
 .rodata.memp_TCP_PCB
                0x08018c2c        0xc build/memp.o
                0x08018c2c                memp_TCP_PCB
 .rodata.memp_TCP_PCB_LISTEN
                0x08018c38        0xc build/memp.o
                0x08018c38                memp_TCP_PCB_LISTEN
 .rodata.memp_TCP_SEG
                0x08018c44        0xc build/memp.o
                0x08018c44                memp_TCP_SEG
 .rodata.memp_REASSDATA
                0x08018c50        0xc build/memp.o
                0x08018c50                memp_REASSDATA
 .rodata.memp_FRAG_PBUF
                0x08018c5c        0xc build/memp.o
                0x08018c5c                memp_FRAG_PBUF
 .rodata.memp_NETBUF
                0x08018c68        0xc build/memp.o
                0x08018c68                memp_NETBUF
 .rodata.memp_NETCONN
                0x08018c74        0xc build/memp.o
                0x08018c74                memp_NETCONN
 .rodata.memp_TCPIP_MSG_API
                0x08018c80        0xc build/memp.o
                0x08018c80                memp_TCPIP_MSG_API
 .rodata.memp_TCPIP_MSG_INPKT
                0x08018c8c        0xc build/memp.o
                0x08018c8c                memp_TCPIP_MSG_INPKT
 .rodata.memp_SYS_TIMEOUT
                0x08018c98        0xc build/memp.o
                0x08018c98                memp_SYS_TIMEOUT
 .rodata.memp_PBUF
                0x08018ca4        0xc build/memp.o
                0x08018ca4                memp_PBUF
 .rodata.memp_PBUF_POOL
                0x08018cb0        0xc build/memp.o
                0x08018cb0                memp_PBUF_POOL
 .rodata.memp_pools
                0x08018cbc       0x34 build/memp.o
                0x08018cbc                memp_pools
 .rodata.tcp_backoff
                0x08018cf0        0xd build/tcp.o
 *fill*         0x08018cfd        0x3 
 .rodata.tcp_persist_backoff
                0x08018d00        0x7 build/tcp.o
 *fill*         0x08018d07        0x1 
 .rodata.tcp_pcb_lists
                0x08018d08       0x10 build/tcp.o
                0x08018d08                tcp_pcb_lists
 .rodata.lwip_cyclic_timers
                0x08018d18       0x18 build/timeouts.o
                0x08018d18                lwip_cyclic_timers
 .rodata.ip_addr_any
                0x08018d30        0x4 build/ip4_addr.o
                0x08018d30                ip_addr_any
 .rodata._global_impure_ptr
                0x08018d34        0x4 c:/vsarm/armcc/10 2021.10/bin/../lib/gcc/arm-none-eabi/10.3.1/../../../../arm-none-eabi/lib/thumb/v7-m/nofp\libc_nano.a(lib_a-impure.o)
                0x08018d34                _global_impure_ptr
 .rodata.__sf_fake_stderr
                0x08018d38       0x20 c:/vsarm/armcc/10 2021.10/bin/../lib/gcc/arm-none-eabi/10.3.1/../../../../arm-none-eabi/lib/thumb/v7-m/nofp\libc_nano.a(lib_a-findfp.o)
                0x08018d38                __sf_fake_stderr
 .rodata.__sf_fake_stdin
                0x08018d58       0x20 c:/vsarm/armcc/10 2021.10/bin/../lib/gcc/arm-none-eabi/10.3.1/../../../../arm-none-eabi/lib/thumb/v7-m/nofp\libc_nano.a(lib_a-findfp.o)
                0x08018d58                __sf_fake_stdin
 .rodata.__sf_fake_stdout
                0x08018d78       0x20 c:/vsarm/armcc/10 2021.10/bin/../lib/gcc/arm-none-eabi/10.3.1/../../../../arm-none-eabi/lib/thumb/v7-m/nofp\libc_nano.a(lib_a-findfp.o)
                0x08018d78                __sf_fake_stdout
 .rodata._svfprintf_r.str1.1
                0x08018d98       0x11 c:/vsarm/armcc/10 2021.10/bin/../lib/gcc/arm-none-eabi/10.3.1/../../../../arm-none-eabi/lib/thumb/v7-m/nofp\libc_nano.a(lib_a-nano-svfprintf.o)
 .rodata._vfprintf_r.str1.1
                0x08018da9       0x11 c:/vsarm/armcc/10 2021.10/bin/../lib/gcc/arm-none-eabi/10.3.1/../../../../arm-none-eabi/lib/thumb/v7-m/nofp\libc_nano.a(lib_a-nano-vfprintf.o)
 .rodata._printf_i.str1.1
                0x08018da9       0x22 c:/vsarm/armcc/10 2021.10/bin/../lib/gcc/arm-none-eabi/10.3.1/../../../../arm-none-eabi/lib/thumb/v7-m/nofp\libc_nano.a(lib_a-nano-vfprintf_i.o)
                0x08018dcc                . = ALIGN (0x4)
 *fill*         0x08018dcb        0x1 

.ARM.extab
 *(.ARM.extab* .gnu.linkonce.armextab.*)

.ARM            0x08018dcc        0x8
                0x08018dcc                __exidx_start = .
 *(.ARM.exidx*)
 .ARM.exidx     0x08018dcc        0x8 c:/vsarm/armcc/10 2021.10/bin/../lib/gcc/arm-none-eabi/10.3.1/thumb/v7-m/nofp\libgcc.a(_udivmoddi4.o)
                0x08018dd4                __exidx_end = .

.rel.dyn        0x08018dd4        0x0
 .rel.iplt      0x08018dd4        0x0 c:/vsarm/armcc/10 2021.10/bin/../lib/gcc/arm-none-eabi/10.3.1/thumb/v7-m/nofp/crtbegin.o

.preinit_array  0x08018dd4        0x0
                0x08018dd4                PROVIDE (__preinit_array_start = .)
 *(.preinit_array*)
                0x08018dd4                PROVIDE (__preinit_array_end = .)

.init_array     0x08018dd4        0x4
                0x08018dd4                PROVIDE (__init_array_start = .)
 *(SORT_BY_NAME(.init_array.*))
 *(.init_array*)
 .init_array    0x08018dd4        0x4 c:/vsarm/armcc/10 2021.10/bin/../lib/gcc/arm-none-eabi/10.3.1/thumb/v7-m/nofp/crtbegin.o
                0x08018dd8                PROVIDE (__init_array_end = .)

.fini_array     0x08018dd8        0x4
                [!provide]                PROVIDE (__fini_array_start = .)
 *(SORT_BY_NAME(.fini_array.*))
 *(.fini_array*)
 .fini_array    0x08018dd8        0x4 c:/vsarm/armcc/10 2021.10/bin/../lib/gcc/arm-none-eabi/10.3.1/thumb/v7-m/nofp/crtbegin.o
                [!provide]                PROVIDE (__fini_array_end = .)
                0x08018ddc                _sidata = LOADADDR (.data)

.data           0x20000000       0xa8 load address 0x08018ddc
                0x20000000                . = ALIGN (0x4)
                0x20000000                _sdata = .
 *(.data)
 *(.data*)
 .data.tn_admin
                0x20000000       0x23 build/main.o
                0x20000000                tn_admin
 *fill*         0x20000023        0x1 
 .data.instance
                0x20000024        0x4 build/telnet_server.o
 .data.uwTickPrio
                0x20000028        0x4 build/stm32f2xx_hal.o
                0x20000028                uwTickPrio
 .data.uwTickFreq
                0x2000002c        0x1 build/stm32f2xx_hal.o
                0x2000002c                uwTickFreq
 *fill*         0x2000002d        0x3 
 .data.SystemCoreClock
                0x20000030        0x4 build/system_stm32f2xx.o
                0x20000030                SystemCoreClock
 .data.uxCriticalNesting
                0x20000034        0x4 build/port.o
 .data.tcp_port
                0x20000038        0x2 build/tcp.o
 *fill*         0x2000003a        0x2 
 .data.iss.0    0x2000003c        0x4 build/tcp.o
 .data.udp_port
                0x20000040        0x2 build/udp.o
 *fill*         0x20000042        0x2 
 .data._impure_ptr
                0x20000044        0x4 c:/vsarm/armcc/10 2021.10/bin/../lib/gcc/arm-none-eabi/10.3.1/../../../../arm-none-eabi/lib/thumb/v7-m/nofp\libc_nano.a(lib_a-impure.o)
                0x20000044                _impure_ptr
 .data.impure_data
                0x20000048       0x60 c:/vsarm/armcc/10 2021.10/bin/../lib/gcc/arm-none-eabi/10.3.1/../../../../arm-none-eabi/lib/thumb/v7-m/nofp\libc_nano.a(lib_a-impure.o)
                0x200000a8                . = ALIGN (0x4)
                0x200000a8                _edata = .

.igot.plt       0x200000a8        0x0 load address 0x08018e84
 .igot.plt      0x200000a8        0x0 c:/vsarm/armcc/10 2021.10/bin/../lib/gcc/arm-none-eabi/10.3.1/thumb/v7-m/nofp/crtbegin.o
                0x200000a8                . = ALIGN (0x4)

.bss            0x200000a8     0xf5a4 load address 0x08018e84
                0x200000a8                _sbss = .
                0x200000a8                __bss_start__ = _sbss
 *(.bss)
 .bss           0x200000a8       0x1c c:/vsarm/armcc/10 2021.10/bin/../lib/gcc/arm-none-eabi/10.3.1/thumb/v7-m/nofp/crtbegin.o
 *(.bss*)
 .bss.huart3    0x200000c4       0x44 build/main.o
                0x200000c4                huart3
 .bss.defaultTaskHandle
                0x20000108        0x4 build/main.o
                0x20000108                defaultTaskHandle
 .bss.tn_client
                0x2000010c       0x23 build/main.o
                0x2000010c                tn_client
 *fill*         0x2000012f        0x1 
 .bss.telnet_instance
                0x20000130       0x38 build/telnet_server.o
 .bss.htim4     0x20000168       0x48 build/stm32f2xx_hal_timebase_tim.o
                0x20000168                htim4
 .bss.DMARxDscrTab
                0x200001b0       0x80 build/ethernetif.o
                0x200001b0                DMARxDscrTab
 .bss.DMATxDscrTab
                0x20000230       0x80 build/ethernetif.o
                0x20000230                DMATxDscrTab
 .bss.Rx_Buff   0x200002b0     0x17d0 build/ethernetif.o
                0x200002b0                Rx_Buff
 .bss.Tx_Buff   0x20001a80     0x17d0 build/ethernetif.o
                0x20001a80                Tx_Buff
 .bss.s_xSemaphore
                0x20003250        0x4 build/ethernetif.o
                0x20003250                s_xSemaphore
 .bss.heth      0x20003254       0x48 build/ethernetif.o
                0x20003254                heth
 .bss.Netif_LinkSemaphore
                0x2000329c        0x4 build/lwip.o
                0x2000329c                Netif_LinkSemaphore
 .bss.link_arg  0x200032a0        0x8 build/lwip.o
                0x200032a0                link_arg
 .bss.gnetif    0x200032a8       0x34 build/lwip.o
                0x200032a8                gnetif
 .bss.ipaddr    0x200032dc        0x4 build/lwip.o
                0x200032dc                ipaddr
 .bss.netmask   0x200032e0        0x4 build/lwip.o