Archive member included to satisfy reference by file (symbol)

c:/vsarm/armcc/10 2021.10/bin/../lib/gcc/arm-none-eabi/10.3.1/../../../../arm-none-eabi/lib/thumb/v7-m/nofp\libc_nano.a(lib_a-exit.o)
                              c:/vsarm/armcc/10 2021.10/bin/../lib/gcc/arm-none-eabi/10.3.1/../../../../arm-none-eabi/lib/thumb/v7-m/nofp/crt0.o (exit)
c:/vsarm/armcc/10 2021.10/bin/../lib/gcc/arm-none-eabi/10.3.1/../../../../arm-none-eabi/lib/thumb/v7-m/nofp\libc_nano.a(lib_a-impure.o)
                              c:/vsarm/armcc/10 2021.10/bin/../lib/gcc/arm-none-eabi/10.3.1/../../../../arm-none-eabi/lib/thumb/v7-m/nofp\libc_nano.a(lib_a-exit.o) (_global_impure_ptr)
c:/vsarm/armcc/10 2021.10/bin/../lib/gcc/arm-none-eabi/10.3.1/../../../../arm-none-eabi/lib/thumb/v7-m/nofp\libc_nano.a(lib_a-init.o)
                              c:/vsarm/armcc/10 2021.10/bin/../lib/gcc/arm-none-eabi/10.3.1/../../../../arm-none-eabi/lib/thumb/v7-m/nofp/crt0.o (__libc_init_array)
c:/vsarm/armcc/10 2021.10/bin/../lib/gcc/arm-none-eabi/10.3.1/../../../../arm-none-eabi/lib/thumb/v7-m/nofp\libc_nano.a(lib_a-memcmp.o)
                              build/main.o (memcmp)
c:/vsarm/armcc/10 2021.10/bin/../lib/gcc/arm-none-eabi/10.3.1/../../../../arm-none-eabi/lib/thumb/v7-m/nofp\libc_nano.a(lib_a-memcpy-stub.o)
                              build/main.o (memcpy)
c:/vsarm/armcc/10 2021.10/bin/../lib/gcc/arm-none-eabi/10.3.1/../../../../arm-none-eabi/lib/thumb/v7-m/nofp\libc_nano.a(lib_a-memset.o)
                              c:/vsarm/armcc/10 2021.10/bin/../lib/gcc/arm-none-eabi/10.3.1/../../../../arm-none-eabi/lib/thumb/v7-m/nofp/crt0.o (memset)
c:/vsarm/armcc/10 2021.10/bin/../lib/gcc/arm-none-eabi/10.3.1/../../../../arm-none-eabi/lib/thumb/v7-m/nofp\libc_nano.a(lib_a-printf.o)
                              build/sio.o (printf)
c:/vsarm/armcc/10 2021.10/bin/../lib/gcc/arm-none-eabi/10.3.1/../../../../arm-none-eabi/lib/thumb/v7-m/nofp\libc_nano.a(lib_a-sprintf.o)
                              build/main.o (sprintf)
c:/vsarm/armcc/10 2021.10/bin/../lib/gcc/arm-none-eabi/10.3.1/../../../../arm-none-eabi/lib/thumb/v7-m/nofp\libc_nano.a(lib_a-strlen.o)
                              build/main.o (strlen)
c:/vsarm/armcc/10 2021.10/bin/../lib/gcc/arm-none-eabi/10.3.1/../../../../arm-none-eabi/lib/thumb/v7-m/nofp\libc_nano.a(lib_a-strncmp.o)
                              build/def.o (strncmp)
c:/vsarm/armcc/10 2021.10/bin/../lib/gcc/arm-none-eabi/10.3.1/../../../../arm-none-eabi/lib/thumb/v7-m/nofp\libc_nano.a(lib_a-findfp.o)
                              c:/vsarm/armcc/10 2021.10/bin/../lib/gcc/arm-none-eabi/10.3.1/../../../../arm-none-eabi/lib/thumb/v7-m/nofp\libc_nano.a(lib_a-printf.o) (__sinit)
c:/vsarm/armcc/10 2021.10/bin/../lib/gcc/arm-none-eabi/10.3.1/../../../../arm-none-eabi/lib/thumb/v7-m/nofp\libc_nano.a(lib_a-fwalk.o)
                              c:/vsarm/armcc/10 2021.10/bin/../lib/gcc/arm-none-eabi/10.3.1/../../../../arm-none-eabi/lib/thumb/v7-m/nofp\libc_nano.a(lib_a-findfp.o) (_fwalk)
c:/vsarm/armcc/10 2021.10/bin/../lib/gcc/arm-none-eabi/10.3.1/../../../../arm-none-eabi/lib/thumb/v7-m/nofp\libc_nano.a(lib_a-lock.o)
                              c:/vsarm/armcc/10 2021.10/bin/../lib/gcc/arm-none-eabi/10.3.1/../../../../arm-none-eabi/lib/thumb/v7-m/nofp\libc_nano.a(lib_a-findfp.o) (__retarget_lock_init_recursive)
c:/vsarm/armcc/10 2021.10/bin/../lib/gcc/arm-none-eabi/10.3.1/../../../../arm-none-eabi/lib/thumb/v7-m/nofp\libc_nano.a(lib_a-nano-mallocr.o)
                              c:/vsarm/armcc/10 2021.10/bin/../lib/gcc/arm-none-eabi/10.3.1/../../../../arm-none-eabi/lib/thumb/v7-m/nofp\libc_nano.a(lib_a-findfp.o) (_malloc_r)
c:/vsarm/armcc/10 2021.10/bin/../lib/gcc/arm-none-eabi/10.3.1/../../../../arm-none-eabi/lib/thumb/v7-m/nofp\libc_nano.a(lib_a-nano-svfprintf.o)
                              c:/vsarm/armcc/10 2021.10/bin/../lib/gcc/arm-none-eabi/10.3.1/../../../../arm-none-eabi/lib/thumb/v7-m/nofp\libc_nano.a(lib_a-sprintf.o) (_svfprintf_r)
c:/vsarm/armcc/10 2021.10/bin/../lib/gcc/arm-none-eabi/10.3.1/../../../../arm-none-eabi/lib/thumb/v7-m/nofp\libc_nano.a(lib_a-nano-vfprintf.o)
                              c:/vsarm/armcc/10 2021.10/bin/../lib/gcc/arm-none-eabi/10.3.1/../../../../arm-none-eabi/lib/thumb/v7-m/nofp\libc_nano.a(lib_a-printf.o) (_vfprintf_r)
c:/vsarm/armcc/10 2021.10/bin/../lib/gcc/arm-none-eabi/10.3.1/../../../../arm-none-eabi/lib/thumb/v7-m/nofp\libc_nano.a(lib_a-nano-vfprintf_i.o)
                              c:/vsarm/armcc/10 2021.10/bin/../lib/gcc/arm-none-eabi/10.3.1/../../../../arm-none-eabi/lib/thumb/v7-m/nofp\libc_nano.a(lib_a-nano-svfprintf.o) (_printf_i)
c:/vsarm/armcc/10 2021.10/bin/../lib/gcc/arm-none-eabi/10.3.1/../../../../arm-none-eabi/lib/thumb/v7-m/nofp\libc_nano.a(lib_a-sbrkr.o)
                              c:/vsarm/armcc/10 2021.10/bin/../lib/gcc/arm-none-eabi/10.3.1/../../../../arm-none-eabi/lib/thumb/v7-m/nofp\libc_nano.a(lib_a-nano-mallocr.o) (_sbrk_r)
[...]
Memory Configuration

Name             Origin             Length             Attributes
RAM              0x20000000         0x00020000         xrw
FLASH            0x08000000         0x00100000         xr
*default*        0x00000000         0xffffffff

Linker script and memory map

LOAD c:/vsarm/armcc/10 2021.10/bin/../lib/gcc/arm-none-eabi/10.3.1/thumb/v7-m/nofp/crti.o
LOAD c:/vsarm/armcc/10 2021.10/bin/../lib/gcc/arm-none-eabi/10.3.1/thumb/v7-m/nofp/crtbegin.o
LOAD c:/vsarm/armcc/10 2021.10/bin/../lib/gcc/arm-none-eabi/10.3.1/../../../../arm-none-eabi/lib/thumb/v7-m/nofp/crt0.o
LOAD build/main.o
LOAD build/telnet_server.o
LOAD build/mcli.o
LOAD build/sio.o
LOAD build/freertos.o
LOAD build/stm32f2xx_it.o
LOAD build/stm32f2xx_hal_msp.o
LOAD build/stm32f2xx_hal_timebase_tim.o
LOAD build/ethernetif.o
LOAD build/lwip.o
LOAD build/stm32f2xx_hal_eth.o
LOAD build/stm32f2xx_hal.o
LOAD build/stm32f2xx_hal_rcc.o
LOAD build/stm32f2xx_hal_rcc_ex.o
LOAD build/stm32f2xx_hal_cortex.o
LOAD build/stm32f2xx_hal_flash.o
LOAD build/stm32f2xx_hal_flash_ex.o
LOAD build/stm32f2xx_hal_pwr.o
LOAD build/stm32f2xx_hal_pwr_ex.o
LOAD build/stm32f2xx_hal_gpio.o
LOAD build/stm32f2xx_hal_dma.o
LOAD build/stm32f2xx_hal_dma_ex.o
LOAD build/stm32f2xx_hal_exti.o
LOAD build/stm32f2xx_hal_tim.o
LOAD build/stm32f2xx_hal_tim_ex.o
LOAD build/stm32f2xx_hal_uart.o
LOAD build/system_stm32f2xx.o
LOAD build/croutine.o
LOAD build/event_groups.o
LOAD build/list.o
LOAD build/queue.o
LOAD build/stream_buffer.o
LOAD build/tasks.o
LOAD build/timers.o
LOAD build/cmsis_os2.o
LOAD build/heap_4.o
LOAD build/port.o
LOAD build/auth.o
LOAD build/ccp.o
LOAD build/chap_ms.o
LOAD build/chap-md5.o
LOAD build/chap-new.o
LOAD build/demand.o
LOAD build/eap.o
LOAD build/eui64.o
LOAD build/fsm.o
LOAD build/ipcp.o
LOAD build/ipv6cp.o
LOAD build/lcp.o
LOAD build/magic.o
LOAD build/mppe.o
LOAD build/multilink.o
LOAD build/ppp.o
LOAD build/pppapi.o
LOAD build/pppcrypt.o
LOAD build/pppoe.o
LOAD build/pppol2tp.o
LOAD build/pppos.o
LOAD build/upap.o
LOAD build/utils.o
LOAD build/vj.o
LOAD build/ethernet.o
LOAD build/slipif.o
LOAD build/lowpan6.o
LOAD build/ecp.o
LOAD build/api_lib.o
LOAD build/api_msg.o
LOAD build/err.o
LOAD build/netbuf.o
LOAD build/netdb.o
LOAD build/netifapi.o
LOAD build/sockets.o
LOAD build/tcpip.o
LOAD build/def.o
LOAD build/dns.o
LOAD build/inet_chksum.o
LOAD build/init.o
LOAD build/ip.o
LOAD build/mem.o
LOAD build/memp.o
LOAD build/netif.o
LOAD build/pbuf.o
LOAD build/raw.o
LOAD build/stats.o
LOAD build/sys.o
LOAD build/tcp.o
LOAD build/tcp_in.o
LOAD build/tcp_out.o
LOAD build/timeouts.o
LOAD build/udp.o
LOAD build/autoip.o
LOAD build/dhcp.o
LOAD build/etharp.o
LOAD build/icmp.o
LOAD build/igmp.o
LOAD build/ip4.o
LOAD build/ip4_addr.o
LOAD build/ip4_frag.o
LOAD build/dhcp6.o
LOAD build/ethip6.o
LOAD build/icmp6.o
LOAD build/inet6.o
LOAD build/ip6.o
LOAD build/ip6_addr.o
LOAD build/ip6_frag.o
LOAD build/mld6.o
LOAD build/nd6.o
LOAD build/sys_arch.o
LOAD build/mqtt.o
LOAD build/startup_stm32f207xx.o
LOAD c:/vsarm/armcc/10 2021.10/bin/../lib/gcc/arm-none-eabi/10.3.1/../../../../arm-none-eabi/lib/thumb/v7-m/nofp\libc_nano.a
LOAD c:/vsarm/armcc/10 2021.10/bin/../lib/gcc/arm-none-eabi/10.3.1/../../../../arm-none-eabi/lib/thumb/v7-m/nofp\libm.a
LOAD c:/vsarm/armcc/10 2021.10/bin/../lib/gcc/arm-none-eabi/10.3.1/../../../../arm-none-eabi/lib/thumb/v7-m/nofp\libnosys.a
START GROUP
LOAD c:/vsarm/armcc/10 2021.10/bin/../lib/gcc/arm-none-eabi/10.3.1/thumb/v7-m/nofp\libgcc.a
LOAD c:/vsarm/armcc/10 2021.10/bin/../lib/gcc/arm-none-eabi/10.3.1/../../../../arm-none-eabi/lib/thumb/v7-m/nofp\libc_nano.a
END GROUP
START GROUP
LOAD c:/vsarm/armcc/10 2021.10/bin/../lib/gcc/arm-none-eabi/10.3.1/thumb/v7-m/nofp\libgcc.a
LOAD c:/vsarm/armcc/10 2021.10/bin/../lib/gcc/arm-none-eabi/10.3.1/../../../../arm-none-eabi/lib/thumb/v7-m/nofp\libc_nano.a
END GROUP
LOAD c:/vsarm/armcc/10 2021.10/bin/../lib/gcc/arm-none-eabi/10.3.1/thumb/v7-m/nofp/crtend.o
LOAD c:/vsarm/armcc/10 2021.10/bin/../lib/gcc/arm-none-eabi/10.3.1/thumb/v7-m/nofp/crtn.o
                0x20020000                _estack = (ORIGIN (RAM) + LENGTH (RAM))
                0x00002000                _Min_Heap_Size = 0x2000
                0x00004000                _Min_Stack_Size = 0x4000

.isr_vector     0x08000000      0x184
                0x08000000                . = ALIGN (0x4)
 *(.isr_vector)
 .isr_vector    0x08000000      0x184 build/startup_stm32f207xx.o
                0x08000000                g_pfnVectors
                0x08000184                . = ALIGN (0x4)

.text           0x08000190    0x12df8
                0x08000190                . = ALIGN (0x4)
 *(.text)
 .text          0x08000190       0x40 c:/vsarm/armcc/10 2021.10/bin/../lib/gcc/arm-none-eabi/10.3.1/thumb/v7-m/nofp/crtbegin.o
 .text          0x080001d0       0x30 c:/vsarm/armcc/10 2021.10/bin/../lib/gcc/arm-none-eabi/10.3.1/thumb/v7-m/nofp\libgcc.a(_aeabi_uldivmod.o)
                0x080001d0                __aeabi_uldivmod
 .text          0x08000200      0x2d4 c:/vsarm/armcc/10 2021.10/bin/../lib/gcc/arm-none-eabi/10.3.1/thumb/v7-m/nofp\libgcc.a(_udivmoddi4.o)
                0x08000200                __udivmoddi4
 .text          0x080004d4        0x4 c:/vsarm/armcc/10 2021.10/bin/../lib/gcc/arm-none-eabi/10.3.1/thumb/v7-m/nofp\libgcc.a(_dvmd_tls.o)
                0x080004d4                __aeabi_idiv0
                0x080004d4                __aeabi_ldiv0
 *(.text*)
 .text.main     0x080004d8       0x60 build/main.o
                0x080004d8                main
 .text.SystemClock_Config
                0x08000538       0x8c build/main.o
                0x08000538                SystemClock_Config
 .text.MX_USART2_UART_Init
                0x080005c4       0x54 build/main.o
 .text.MX_USART3_UART_Init
                0x08000618       0x54 build/main.o
 .text.MX_GPIO_Init
                0x0800066c      0x118 build/main.o
 .text.StartDefaultTask
                0x08000784       0x58 build/main.o
                0x08000784                StartDefaultTask
 .text.HAL_TIM_PeriodElapsedCallback
                0x080007dc       0x24 build/main.o
                0x080007dc                HAL_TIM_PeriodElapsedCallback
 .text.Error_Handler
                0x08000800        0xa build/main.o
                0x08000800                Error_Handler
 *fill*         0x0800080a        0x2 
 .text.sio_open
                0x0800080c       0x68 build/sio.o
                0x0800080c                sio_open
 .text.sio_send
                0x08000874       0x34 build/sio.o
                0x08000874                sio_send
 .text.sio_recv
                0x080008a8       0x34 build/sio.o
                0x080008a8                sio_recv
 .text.sio_read
                0x080008dc       0x3a build/sio.o
                0x080008dc                sio_read
 *fill*         0x08000916        0x2 
 .text.HAL_UART_RxCpltCallback
                0x08000918       0x64 build/sio.o
                0x08000918                HAL_UART_RxCpltCallback
 .text.task_rrintErrorUart
                0x0800097c       0x3c build/sio.o
                0x0800097c                task_rrintErrorUart
 .text.NMI_Handler
                0x080009b8        0x6 build/stm32f2xx_it.o
                0x080009b8                NMI_Handler
 .text.HardFault_Handler
                0x080009be        0x6 build/stm32f2xx_it.o
                0x080009be                HardFault_Handler
 .text.MemManage_Handler
                0x080009c4        0x6 build/stm32f2xx_it.o
                0x080009c4                MemManage_Handler
 .text.BusFault_Handler
                0x080009ca        0x6 build/stm32f2xx_it.o
                0x080009ca                BusFault_Handler
 .text.UsageFault_Handler
                0x080009d0        0x6 build/stm32f2xx_it.o
                0x080009d0                UsageFault_Handler
 .text.DebugMon_Handler
                0x080009d6        0xc build/stm32f2xx_it.o
                0x080009d6                DebugMon_Handler
 *fill*         0x080009e2        0x2 
 .text.TIM4_IRQHandler
                0x080009e4       0x14 build/stm32f2xx_it.o
                0x080009e4                TIM4_IRQHandler
 .text.USART2_IRQHandler
                0x080009f8       0x14 build/stm32f2xx_it.o
                0x080009f8                USART2_IRQHandler
 .text.USART3_IRQHandler
                0x08000a0c       0x14 build/stm32f2xx_it.o
                0x08000a0c                USART3_IRQHandler
 .text.ETH_IRQHandler
                0x08000a20       0x14 build/stm32f2xx_it.o
                0x08000a20                ETH_IRQHandler
 .text.HAL_MspInit
                0x08000a34       0x58 build/stm32f2xx_hal_msp.o
                0x08000a34                HAL_MspInit
 .text.HAL_UART_MspInit
                0x08000a8c      0x118 build/stm32f2xx_hal_msp.o
                0x08000a8c                HAL_UART_MspInit
 .text.HAL_InitTick
                0x08000ba4       0xf8 build/stm32f2xx_hal_timebase_tim.o
                0x08000ba4                HAL_InitTick
 .text.HAL_ETH_MspInit
                0x08000c9c      0x19c build/ethernetif.o
                0x08000c9c                HAL_ETH_MspInit
 .text.HAL_ETH_RxCpltCallback
                0x08000e38       0x20 build/ethernetif.o
                0x08000e38                HAL_ETH_RxCpltCallback
 .text.low_level_init
                0x08000e58      0x1a8 build/ethernetif.o
 .text.low_level_output
                0x08001000      0x13c build/ethernetif.o
 .text.low_level_input
                0x0800113c      0x164 build/ethernetif.o
 .text.ethernetif_input
                0x080012a0       0x60 build/ethernetif.o
                0x080012a0                ethernetif_input
 .text.ethernetif_init
                0x08001300       0x5c build/ethernetif.o
                0x08001300                ethernetif_init
 .text.sys_now  0x0800135c        0xe build/ethernetif.o
                0x0800135c                sys_now
 *fill*         0x0800136a        0x2 
 .text.ethernetif_set_link
                0x0800136c       0x78 build/ethernetif.o
                0x0800136c                ethernetif_set_link
 .text.ethernetif_update_config
                0x080013e4       0xf8 build/ethernetif.o
                0x080013e4                ethernetif_update_config
 .text.ethernetif_notify_conn_changed
                0x080014dc       0x12 build/ethernetif.o
                0x080014dc                ethernetif_notify_conn_changed
 *fill*         0x080014ee        0x2 
 .text.MX_LWIP_Init
                0x080014f0      0x2c4 build/lwip.o
                0x080014f0                MX_LWIP_Init
 .text.HAL_ETH_Init
                0x080017b4      0x318 build/stm32f2xx_hal_eth.o
                0x080017b4                HAL_ETH_Init
 .text.HAL_ETH_DMATxDescListInit
                0x08001acc       0xce build/stm32f2xx_hal_eth.o
                0x08001acc                HAL_ETH_DMATxDescListInit
 .text.HAL_ETH_DMARxDescListInit
                0x08001b9a       0xd6 build/stm32f2xx_hal_eth.o
                0x08001b9a                HAL_ETH_DMARxDescListInit
 .text.HAL_ETH_TransmitFrame
                0x08001c70      0x1d0 build/stm32f2xx_hal_eth.o
                0x08001c70                HAL_ETH_TransmitFrame
 .text.HAL_ETH_GetReceivedFrame_IT
                0x08001e40      0x10e build/stm32f2xx_hal_eth.o
                0x08001e40                HAL_ETH_GetReceivedFrame_IT
 .text.HAL_ETH_IRQHandler
                0x08001f4e       0xc8 build/stm32f2xx_hal_eth.o
                0x08001f4e                HAL_ETH_IRQHandler
 .text.HAL_ETH_TxCpltCallback
                0x08002016       0x12 build/stm32f2xx_hal_eth.o
                0x08002016                HAL_ETH_TxCpltCallback
 .text.HAL_ETH_ErrorCallback
                0x08002028       0x12 build/stm32f2xx_hal_eth.o
                0x08002028                HAL_ETH_ErrorCallback
 .text.HAL_ETH_ReadPHYRegister
                0x0800203a       0xd0 build/stm32f2xx_hal_eth.o
                0x0800203a                HAL_ETH_ReadPHYRegister
 .text.HAL_ETH_WritePHYRegister
                0x0800210a       0xcc build/stm32f2xx_hal_eth.o
                0x0800210a                HAL_ETH_WritePHYRegister
 .text.HAL_ETH_Start
                0x080021d6       0x5e build/stm32f2xx_hal_eth.o
                0x080021d6                HAL_ETH_Start
 .text.HAL_ETH_Stop
                0x08002234       0x5e build/stm32f2xx_hal_eth.o
                0x08002234                HAL_ETH_Stop
 *fill*         0x08002292        0x2 
 .text.HAL_ETH_ConfigMAC
                0x08002294      0x1f4 build/stm32f2xx_hal_eth.o
                0x08002294                HAL_ETH_ConfigMAC
 .text.ETH_MACDMAConfig
                0x08002488      0x38c build/stm32f2xx_hal_eth.o
 .text.ETH_MACAddressConfig
                0x08002814       0x6c build/stm32f2xx_hal_eth.o
 .text.ETH_MACTransmissionEnable
                0x08002880       0x3a build/stm32f2xx_hal_eth.o
 .text.ETH_MACTransmissionDisable
                0x080028ba       0x3a build/stm32f2xx_hal_eth.o
 .text.ETH_MACReceptionEnable
                0x080028f4       0x3a build/stm32f2xx_hal_eth.o
 .text.ETH_MACReceptionDisable
                0x0800292e       0x3a build/stm32f2xx_hal_eth.o
 .text.ETH_DMATransmissionEnable
                0x08002968       0x2a build/stm32f2xx_hal_eth.o
 .text.ETH_DMATransmissionDisable
                0x08002992       0x2a build/stm32f2xx_hal_eth.o
 .text.ETH_DMAReceptionEnable
                0x080029bc       0x2a build/stm32f2xx_hal_eth.o
 .text.ETH_DMAReceptionDisable
                0x080029e6       0x2a build/stm32f2xx_hal_eth.o
 .text.ETH_FlushTransmitFIFO
                0x08002a10       0x4a build/stm32f2xx_hal_eth.o
 *fill*         0x08002a5a        0x2 
 .text.ETH_Delay
                0x08002a5c       0x3c build/stm32f2xx_hal_eth.o
 .text.HAL_Init
                0x08002a98       0x44 build/stm32f2xx_hal.o
                0x08002a98                HAL_Init
 .text.HAL_IncTick
                0x08002adc       0x24 build/stm32f2xx_hal.o
                0x08002adc                HAL_IncTick
 .text.HAL_GetTick
                0x08002b00       0x14 build/stm32f2xx_hal.o
                0x08002b00                HAL_GetTick
 .text.HAL_Delay
                0x08002b14       0x48 build/stm32f2xx_hal.o
                0x08002b14                HAL_Delay
 .text.HAL_RCC_OscConfig
                0x08002b5c      0x49c build/stm32f2xx_hal_rcc.o
                0x08002b5c                HAL_RCC_OscConfig
 .text.HAL_RCC_ClockConfig
                0x08002ff8      0x1d8 build/stm32f2xx_hal_rcc.o
                0x08002ff8                HAL_RCC_ClockConfig
 .text.HAL_RCC_GetSysClockFreq
                0x080031d0      0x218 build/stm32f2xx_hal_rcc.o
                0x080031d0                HAL_RCC_GetSysClockFreq
 .text.HAL_RCC_GetHCLKFreq
                0x080033e8       0x14 build/stm32f2xx_hal_rcc.o
                0x080033e8                HAL_RCC_GetHCLKFreq
 .text.HAL_RCC_GetPCLK1Freq
                0x080033fc       0x44 build/stm32f2xx_hal_rcc.o
                0x080033fc                HAL_RCC_GetPCLK1Freq
 .text.HAL_RCC_GetPCLK2Freq
                0x08003440       0x44 build/stm32f2xx_hal_rcc.o
                0x08003440                HAL_RCC_GetPCLK2Freq
 .text.HAL_RCC_GetClockConfig
                0x08003484       0x60 build/stm32f2xx_hal_rcc.o
                0x08003484                HAL_RCC_GetClockConfig
 .text.__NVIC_SetPriorityGrouping
                0x080034e4       0x48 build/stm32f2xx_hal_cortex.o
 .text.__NVIC_GetPriorityGrouping
                0x0800352c       0x1c build/stm32f2xx_hal_cortex.o
 .text.__NVIC_EnableIRQ
                0x08003548       0x38 build/stm32f2xx_hal_cortex.o
 .text.__NVIC_SetPriority
                0x08003580       0x54 build/stm32f2xx_hal_cortex.o
 .text.NVIC_EncodePriority
                0x080035d4       0x64 build/stm32f2xx_hal_cortex.o
 .text.HAL_NVIC_SetPriorityGrouping
                0x08003638       0x16 build/stm32f2xx_hal_cortex.o
                0x08003638                HAL_NVIC_SetPriorityGrouping
 .text.HAL_NVIC_SetPriority
                0x0800364e       0x38 build/stm32f2xx_hal_cortex.o
                0x0800364e                HAL_NVIC_SetPriority
 .text.HAL_NVIC_EnableIRQ
                0x08003686       0x1c build/stm32f2xx_hal_cortex.o
                0x08003686                HAL_NVIC_EnableIRQ
 *fill*         0x080036a2        0x2 
 .text.HAL_GPIO_Init
                0x080036a4      0x33c build/stm32f2xx_hal_gpio.o
                0x080036a4                HAL_GPIO_Init
 .text.HAL_GPIO_WritePin
                0x080039e0       0x30 build/stm32f2xx_hal_gpio.o
                0x080039e0                HAL_GPIO_WritePin
 .text.HAL_DMA_Abort
                0x08003a10       0xe0 build/stm32f2xx_hal_dma.o
                0x08003a10                HAL_DMA_Abort
 .text.HAL_DMA_Abort_IT
                0x08003af0       0x42 build/stm32f2xx_hal_dma.o
                0x08003af0                HAL_DMA_Abort_IT
 .text.HAL_TIM_Base_Init
                0x08003b32       0x9e build/stm32f2xx_hal_tim.o
                0x08003b32                HAL_TIM_Base_Init
 .text.HAL_TIM_Base_MspInit
                0x08003bd0       0x12 build/stm32f2xx_hal_tim.o
                0x08003bd0                HAL_TIM_Base_MspInit
 *fill*         0x08003be2        0x2 
 .text.HAL_TIM_Base_Start_IT
                0x08003be4       0xdc build/stm32f2xx_hal_tim.o
                0x08003be4                HAL_TIM_Base_Start_IT
 .text.HAL_TIM_IRQHandler
                0x08003cc0      0x210 build/stm32f2xx_hal_tim.o
                0x08003cc0                HAL_TIM_IRQHandler
 .text.HAL_TIM_OC_DelayElapsedCallback
                0x08003ed0       0x12 build/stm32f2xx_hal_tim.o
                0x08003ed0                HAL_TIM_OC_DelayElapsedCallback
 .text.HAL_TIM_IC_CaptureCallback
                0x08003ee2       0x12 build/stm32f2xx_hal_tim.o
                0x08003ee2                HAL_TIM_IC_CaptureCallback
 .text.HAL_TIM_PWM_PulseFinishedCallback
                0x08003ef4       0x12 build/stm32f2xx_hal_tim.o
                0x08003ef4                HAL_TIM_PWM_PulseFinishedCallback
 .text.HAL_TIM_TriggerCallback
                0x08003f06       0x12 build/stm32f2xx_hal_tim.o
                0x08003f06                HAL_TIM_TriggerCallback
 .text.TIM_Base_SetConfig
                0x08003f18      0x13c build/stm32f2xx_hal_tim.o
                0x08003f18                TIM_Base_SetConfig
 .text.HAL_TIMEx_CommutCallback
                0x08004054       0x12 build/stm32f2xx_hal_tim_ex.o
                0x08004054                HAL_TIMEx_CommutCallback
 .text.HAL_TIMEx_BreakCallback
                0x08004066       0x12 build/stm32f2xx_hal_tim_ex.o
                0x08004066                HAL_TIMEx_BreakCallback
 .text.HAL_UART_Init
                0x08004078       0x9a build/stm32f2xx_hal_uart.o
                0x08004078                HAL_UART_Init
 .text.HAL_UART_Transmit
                0x08004112      0x124 build/stm32f2xx_hal_uart.o
                0x08004112                HAL_UART_Transmit
 .text.HAL_UART_Receive_IT
                0x08004236       0x60 build/stm32f2xx_hal_uart.o
                0x08004236                HAL_UART_Receive_IT
 *fill*         0x08004296        0x2 
 .text.HAL_UART_IRQHandler
                0x08004298      0x358 build/stm32f2xx_hal_uart.o
                0x08004298                HAL_UART_IRQHandler
 .text.HAL_UART_TxCpltCallback
                0x080045f0       0x12 build/stm32f2xx_hal_uart.o
                0x080045f0                HAL_UART_TxCpltCallback
 .text.HAL_UART_ErrorCallback
                0x08004602       0x12 build/stm32f2xx_hal_uart.o
                0x08004602                HAL_UART_ErrorCallback
 .text.HAL_UARTEx_RxEventCallback
                0x08004614       0x16 build/stm32f2xx_hal_uart.o
                0x08004614                HAL_UARTEx_RxEventCallback
 .text.UART_WaitOnFlagUntilTimeout
                0x0800462a       0x94 build/stm32f2xx_hal_uart.o
 .text.UART_Start_Receive_IT
                0x080046be       0x72 build/stm32f2xx_hal_uart.o
                0x080046be                UART_Start_Receive_IT
 .text.UART_EndRxTransfer
                0x08004730       0x58 build/stm32f2xx_hal_uart.o
 .text.UART_DMAAbortOnError
                0x08004788       0x28 build/stm32f2xx_hal_uart.o
 .text.UART_Transmit_IT
                0x080047b0       0x9e build/stm32f2xx_hal_uart.o
 .text.UART_EndTransmit_IT
                0x0800484e       0x30 build/stm32f2xx_hal_uart.o
 .text.UART_Receive_IT
                0x0800487e      0x152 build/stm32f2xx_hal_uart.o
 .text.UART_SetConfig
                0x080049d0      0x1d4 build/stm32f2xx_hal_uart.o
 .text.SystemInit
                0x08004ba4        0xc build/system_stm32f2xx.o
                0x08004ba4                SystemInit
 .text.vListInitialise
                0x08004bb0       0x3e build/list.o
                0x08004bb0                vListInitialise
 .text.vListInitialiseItem
                0x08004bee       0x18 build/list.o
                0x08004bee                vListInitialiseItem
 .text.vListInsertEnd
                0x08004c06       0x46 build/list.o
                0x08004c06                vListInsertEnd
 .text.vListInsert
                0x08004c4c       0x70 build/list.o
                0x08004c4c                vListInsert
 .text.uxListRemove
                0x08004cbc       0x52 build/list.o
                0x08004cbc                uxListRemove
 *fill*         0x08004d0e        0x2 
 .text.xQueueGenericReset
                0x08004d10       0xd0 build/queue.o
                0x08004d10                xQueueGenericReset
 .text.xQueueGenericCreateStatic
                0x08004de0       0xee build/queue.o
                0x08004de0                xQueueGenericCreateStatic
 .text.xQueueGenericCreate
                0x08004ece       0x7c build/queue.o
                0x08004ece                xQueueGenericCreate
 .text.prvInitialiseNewQueue
                0x08004f4a       0x46 build/queue.o
 .text.prvInitialiseMutex
                0x08004f90       0x34 build/queue.o
 .text.xQueueCreateMutex
                0x08004fc4       0x30 build/queue.o
                0x08004fc4                xQueueCreateMutex
 .text.xQueueCreateMutexStatic
                0x08004ff4       0x36 build/queue.o
                0x08004ff4                xQueueCreateMutexStatic
 .text.xQueueGiveMutexRecursive
                0x0800502a       0x68 build/queue.o
                0x0800502a                xQueueGiveMutexRecursive
 .text.xQueueTakeMutexRecursive
                0x08005092       0x6c build/queue.o
                0x08005092                xQueueTakeMutexRecursive
 .text.xQueueCreateCountingSemaphoreStatic
                0x080050fe       0x6e build/queue.o
                0x080050fe                xQueueCreateCountingSemaphoreStatic
 .text.xQueueCreateCountingSemaphore
                0x0800516c       0x66 build/queue.o
                0x0800516c                xQueueCreateCountingSemaphore
 *fill*         0x080051d2        0x2 
 .text.xQueueGenericSend
                0x080051d4      0x1fc build/queue.o
                0x080051d4                xQueueGenericSend
 .text.xQueueGenericSendFromISR
                0x080053d0      0x130 build/queue.o
                0x080053d0                xQueueGenericSendFromISR
 .text.xQueueGiveFromISR
                0x08005500      0x11a build/queue.o
                0x08005500                xQueueGiveFromISR
 *fill*         0x0800561a        0x2 
 .text.xQueueReceive
                0x0800561c      0x1c0 build/queue.o
                0x0800561c                xQueueReceive
 .text.xQueueSemaphoreTake
                0x080057dc      0x218 build/queue.o
                0x080057dc                xQueueSemaphoreTake
 .text.xQueueReceiveFromISR
                0x080059f4      0x100 build/queue.o
                0x080059f4                xQueueReceiveFromISR
 .text.vQueueDelete
                0x08005af4       0x46 build/queue.o
                0x08005af4                vQueueDelete
 .text.prvGetDisinheritPriorityAfterTimeout
                0x08005b3a       0x2e build/queue.o
 .text.prvCopyDataToQueue
                0x08005b68       0xd4 build/queue.o
 .text.prvCopyDataFromQueue
                0x08005c3c       0x4c build/queue.o
 .text.prvUnlockQueue
                0x08005c88       0xa4 build/queue.o
 .text.prvIsQueueEmpty
                0x08005d2c       0x2c build/queue.o
 .text.prvIsQueueFull
                0x08005d58       0x30 build/queue.o
 .text.vQueueAddToRegistry
                0x08005d88       0x50 build/queue.o
                0x08005d88                vQueueAddToRegistry
 .text.vQueueUnregisterQueue
                0x08005dd8       0x54 build/queue.o
                0x08005dd8                vQueueUnregisterQueue
 .text.vQueueWaitForMessageRestricted
                0x08005e2c       0x68 build/queue.o
                0x08005e2c                vQueueWaitForMessageRestricted
 .text.xTaskCreateStatic
                0x08005e94       0xb8 build/tasks.o
                0x08005e94                xTaskCreateStatic
 .text.xTaskCreate
                0x08005f4c       0x8a build/tasks.o
                0x08005f4c                xTaskCreate
 .text.prvInitialiseNewTask
                0x08005fd6      0x10e build/tasks.o
 .text.prvAddNewTaskToReadyList
                0x080060e4       0xe0 build/tasks.o
 .text.vTaskDelay
                0x080061c4       0x68 build/tasks.o
                0x080061c4                vTaskDelay
 .text.vTaskStartScheduler
                0x0800622c       0xcc build/tasks.o
                0x0800622c                vTaskStartScheduler
 .text.vTaskSuspendAll
                0x080062f8       0x1c build/tasks.o
                0x080062f8                vTaskSuspendAll
 .text.xTaskResumeAll
                0x08006314      0x13c build/tasks.o
                0x08006314                xTaskResumeAll
 .text.xTaskGetTickCount
                0x08006450       0x1c build/tasks.o
                0x08006450                xTaskGetTickCount
 .text.xTaskGetTickCountFromISR
                0x0800646c       0x24 build/tasks.o
                0x0800646c                xTaskGetTickCountFromISR
 .text.xTaskIncrementTick
                0x08006490      0x17c build/tasks.o
                0x08006490                xTaskIncrementTick
 .text.vTaskSwitchContext
                0x0800660c       0xb8 build/tasks.o
                0x0800660c                vTaskSwitchContext
 .text.vTaskPlaceOnEventList
                0x080066c4       0x48 build/tasks.o
                0x080066c4                vTaskPlaceOnEventList
 .text.vTaskPlaceOnEventListRestricted
                0x0800670c       0x58 build/tasks.o
                0x0800670c                vTaskPlaceOnEventListRestricted
 .text.xTaskRemoveFromEventList
                0x08006764       0xc8 build/tasks.o
                0x08006764                xTaskRemoveFromEventList
 .text.vTaskInternalSetTimeOutState
                0x0800682c       0x2c build/tasks.o
                0x0800682c                vTaskInternalSetTimeOutState
 .text.xTaskCheckForTimeOut
                0x08006858       0xc4 build/tasks.o
                0x08006858                xTaskCheckForTimeOut
 .text.vTaskMissedYield
                0x0800691c       0x18 build/tasks.o
                0x0800691c                vTaskMissedYield
 .text.prvIdleTask
                0x08006934       0x30 build/tasks.o
 .text.prvInitialiseTaskLists
                0x08006964       0x80 build/tasks.o
 .text.prvCheckTasksWaitingTermination
                0x080069e4       0x5c build/tasks.o
 .text.prvDeleteTCB
                0x08006a40       0x5e build/tasks.o
 *fill*         0x08006a9e        0x2 
 .text.prvResetNextTaskUnblockTime
                0x08006aa0       0x48 build/tasks.o
 .text.xTaskGetCurrentTaskHandle
                0x08006ae8       0x1c build/tasks.o
                0x08006ae8                xTaskGetCurrentTaskHandle
 .text.xTaskGetSchedulerState
                0x08006b04       0x3c build/tasks.o
                0x08006b04                xTaskGetSchedulerState
 .text.xTaskPriorityInherit
                0x08006b40       0xdc build/tasks.o
                0x08006b40                xTaskPriorityInherit
 .text.xTaskPriorityDisinherit
                0x08006c1c       0xdc build/tasks.o
                0x08006c1c                xTaskPriorityDisinherit
 .text.vTaskPriorityDisinheritAfterTimeout
                0x08006cf8      0x10c build/tasks.o
                0x08006cf8                vTaskPriorityDisinheritAfterTimeout
 .text.pvTaskIncrementMutexHeldCount
                0x08006e04       0x28 build/tasks.o
                0x08006e04                pvTaskIncrementMutexHeldCount
 .text.prvAddCurrentTaskToDelayedList
                0x08006e2c       0xa8 build/tasks.o
 .text.xTimerCreateTimerTask
                0x08006ed4       0x90 build/timers.o
                0x08006ed4                xTimerCreateTimerTask
 .text.xTimerGenericCommand
                0x08006f64       0x9c build/timers.o
                0x08006f64                xTimerGenericCommand
 .text.prvProcessExpiredTimer
                0x08007000       0x80 build/timers.o
 .text.prvTimerTask
                0x08007080       0x24 build/timers.o
 .text.prvProcessTimerOrBlockTask
                0x080070a4       0x9c build/timers.o
 .text.prvGetNextExpireTime
                0x08007140       0x48 build/timers.o
 .text.prvSampleTimeNow
                0x08007188       0x40 build/timers.o
 .text.prvInsertTimerInActiveList
                0x080071c8       0x84 build/timers.o
 .text.prvProcessReceivedCommands
                0x0800724c      0x168 build/timers.o
 .text.prvSwitchTimerLists
                0x080073b4       0xc4 build/timers.o
 .text.prvCheckForValidListAndQueue
                0x08007478       0x80 build/timers.o
 .text.osKernelInitialize
                0x080074f8       0x64 build/cmsis_os2.o
                0x080074f8                osKernelInitialize
 .text.osKernelStart
                0x0800755c       0x68 build/cmsis_os2.o
                0x0800755c                osKernelStart
 .text.osKernelGetTickCount
                0x080075c4       0x50 build/cmsis_os2.o
                0x080075c4                osKernelGetTickCount
 .text.osThreadNew
                0x08007614      0x154 build/cmsis_os2.o
                0x08007614                osThreadNew
 .text.osDelay  0x08007768       0x5c build/cmsis_os2.o
                0x08007768                osDelay
 .text.osMutexNew
                0x080077c4      0x134 build/cmsis_os2.o
                0x080077c4                osMutexNew
 .text.osMutexAcquire
                0x080078f8       0xbc build/cmsis_os2.o
                0x080078f8                osMutexAcquire
 .text.osMutexRelease
                0x080079b4       0xa0 build/cmsis_os2.o
                0x080079b4                osMutexRelease
 .text.osSemaphoreNew
                0x08007a54      0x138 build/cmsis_os2.o
                0x08007a54                osSemaphoreNew
 .text.osSemaphoreAcquire
                0x08007b8c       0xcc build/cmsis_os2.o
                0x08007b8c                osSemaphoreAcquire
 .text.osSemaphoreRelease
                0x08007c58       0xb0 build/cmsis_os2.o
                0x08007c58                osSemaphoreRelease
 .text.osMessageQueueNew
                0x08007d08      0x10c build/cmsis_os2.o
                0x08007d08                osMessageQueueNew
 .text.osMessageQueuePut
                0x08007e14       0xe8 build/cmsis_os2.o
                0x08007e14                osMessageQueuePut
 .text.osMessageQueueGet
                0x08007efc       0xe4 build/cmsis_os2.o
                0x08007efc                osMessageQueueGet
 .text.vApplicationGetIdleTaskMemory
                0x08007fe0       0x30 build/cmsis_os2.o
                0x08007fe0                vApplicationGetIdleTaskMemory
 .text.vApplicationGetTimerTaskMemory
                0x08008010       0x34 build/cmsis_os2.o
                0x08008010                vApplicationGetTimerTaskMemory
 .text.pvPortMalloc
                0x08008044      0x188 build/heap_4.o
                0x08008044                pvPortMalloc
 .text.vPortFree
                0x080081cc       0xb4 build/heap_4.o
                0x080081cc                vPortFree
 .text.prvHeapInit
                0x08008280       0xc4 build/heap_4.o
 .text.prvInsertBlockIntoFreeList
                0x08008344       0xb0 build/heap_4.o
 .text.pxPortInitialiseStack
                0x080083f4       0x58 build/port.o
                0x080083f4                pxPortInitialiseStack
 .text.prvTaskExitError
                0x0800844c       0x58 build/port.o
 *fill*         0x080084a4        0xc 
 .text.SVC_Handler
                0x080084b0       0x28 build/port.o
                0x080084b0                SVC_Handler
 .text.prvPortStartFirstTask
                0x080084d8       0x20 build/port.o
 .text.xPortStartScheduler
                0x080084f8       0xe4 build/port.o
                0x080084f8                xPortStartScheduler
 .text.vPortEnterCritical
                0x080085dc       0x60 build/port.o
                0x080085dc                vPortEnterCritical
 .text.vPortExitCritical
                0x0800863c       0x50 build/port.o
                0x0800863c                vPortExitCritical
 *fill*         0x0800868c        0x4 
 .text.PendSV_Handler
                0x08008690       0x48 build/port.o
                0x08008690                PendSV_Handler
 .text.SysTick_Handler
                0x080086d8       0x44 build/port.o
                0x080086d8                SysTick_Handler
 .text.vPortSetupTimerInterrupt
                0x0800871c       0x44 build/port.o
                0x0800871c                vPortSetupTimerInterrupt
 .text.vPortValidateInterruptPriority
                0x08008760       0x7c build/port.o
                0x08008760                vPortValidateInterruptPriority
 .text.ethernet_input
                0x080087dc      0x12c build/ethernet.o
                0x080087dc                ethernet_input
 .text.ethernet_output
                0x08008908       0x90 build/ethernet.o
                0x08008908                ethernet_output
 .text.slipif_output
                0x08008998      0x104 build/slipif.o
 .text.slipif_output_v4
                0x08008a9c       0x1e build/slipif.o
 *fill*         0x08008aba        0x2 
 .text.slipif_rxbyte
                0x08008abc      0x19c build/slipif.o
 .text.slipif_rxbyte_input
                0x08008c58       0x3c build/slipif.o
 .text.slipif_loop_thread
                0x08008c94       0x34 build/slipif.o
 .text.slipif_init
                0x08008cc8       0xc8 build/slipif.o
                0x08008cc8                slipif_init
 .text.tcpip_thread
                0x08008d90       0xd4 build/tcpip.o
 .text.tcpip_inpkt
                0x08008e64       0x88 build/tcpip.o
                0x08008e64                tcpip_inpkt
 .text.tcpip_input
                0x08008eec       0x44 build/tcpip.o
                0x08008eec                tcpip_input
 .text.tcpip_callback_with_block
                0x08008f30       0x94 build/tcpip.o
                0x08008f30                tcpip_callback_with_block
 .text.tcpip_init
                0x08008fc4       0x94 build/tcpip.o
                0x08008fc4                tcpip_init
 .text.lwip_htons
                0x08009058       0x1a build/def.o
                0x08009058                lwip_htons
 .text.lwip_htonl
                0x08009072       0x30 build/def.o
                0x08009072                lwip_htonl
 .text.lwip_init
                0x080090a2       0x2e build/init.o
                0x080090a2                lwip_init
 .text.plug_holes
                0x080090d0      0x130 build/mem.o
 .text.mem_init
                0x08009200       0xa0 build/mem.o
                0x08009200                mem_init
 .text.mem_free
                0x080092a0       0xdc build/mem.o
                0x080092a0                mem_free
 .text.mem_trim
                0x0800937c      0x1d4 build/mem.o
                0x0800937c                mem_trim
 .text.mem_malloc
                0x08009550      0x1e8 build/mem.o
                0x08009550                mem_malloc
 .text.memp_init_pool
                0x08009738       0x5e build/memp.o
                0x08009738                memp_init_pool
 *fill*         0x08009796        0x2 
 .text.memp_init
                0x08009798       0x34 build/memp.o
                0x08009798                memp_init
 .text.do_memp_malloc_pool
                0x080097cc       0x64 build/memp.o
 .text.memp_malloc
                0x08009830       0x4c build/memp.o
                0x08009830                memp_malloc
 .text.do_memp_free_pool
                0x0800987c       0x58 build/memp.o
 .text.memp_free
                0x080098d4       0x54 build/memp.o
                0x080098d4                memp_free
 .text.netif_init
                0x08009928        0xc build/netif.o
                0x08009928                netif_init
 .text.netif_add
                0x08009934       0xb0 build/netif.o
                0x08009934                netif_add
 .text.netif_set_addr
                0x080099e4       0x58 build/netif.o
                0x080099e4                netif_set_addr
 .text.netif_set_ipaddr
                0x08009a3c       0x70 build/netif.o
                0x08009a3c                netif_set_ipaddr
 .text.netif_set_gw
                0x08009aac       0x26 build/netif.o
                0x08009aac                netif_set_gw
 .text.netif_set_netmask
                0x08009ad2       0x26 build/netif.o
                0x08009ad2                netif_set_netmask
 .text.netif_set_default
                0x08009af8       0x1c build/netif.o
                0x08009af8                netif_set_default
 .text.netif_set_up
                0x08009b14       0x46 build/netif.o
                0x08009b14                netif_set_up
 .text.netif_issue_reports
                0x08009b5a       0x42 build/netif.o
 .text.netif_set_down
                0x08009b9c       0x44 build/netif.o
                0x08009b9c                netif_set_down
 .text.netif_set_link_up
                0x08009be0       0x56 build/netif.o
                0x08009be0                netif_set_link_up
 .text.netif_set_link_down
                0x08009c36       0x40 build/netif.o
                0x08009c36                netif_set_link_down
 .text.netif_set_link_callback
                0x08009c76       0x20 build/netif.o
                0x08009c76                netif_set_link_callback
 *fill*         0x08009c96        0x2 
 .text.pbuf_free_ooseq
                0x08009c98       0x54 build/pbuf.o
 .text.pbuf_free_ooseq_callback
                0x08009cec       0x14 build/pbuf.o
 .text.pbuf_pool_is_empty
                0x08009d00       0x58 build/pbuf.o
 .text.pbuf_alloc
                0x08009d58      0x334 build/pbuf.o
                0x08009d58                pbuf_alloc
 .text.pbuf_alloced_custom
                0x0800a08c       0xd4 build/pbuf.o
                0x0800a08c                pbuf_alloced_custom
 .text.pbuf_realloc
                0x0800a160      0x15c build/pbuf.o
                0x0800a160                pbuf_realloc
 .text.pbuf_header_impl
                0x0800a2bc      0x144 build/pbuf.o
 .text.pbuf_header
                0x0800a400       0x24 build/pbuf.o
                0x0800a400                pbuf_header
 .text.pbuf_header_force
                0x0800a424       0x24 build/pbuf.o
                0x0800a424                pbuf_header_force
 .text.pbuf_free
                0x0800a448      0x134 build/pbuf.o
                0x0800a448                pbuf_free
 .text.pbuf_clen
                0x0800a57c       0x2c build/pbuf.o
                0x0800a57c                pbuf_clen
 .text.pbuf_ref
                0x0800a5a8       0x50 build/pbuf.o
                0x0800a5a8                pbuf_ref
 .text.pbuf_cat
                0x0800a5f8       0xac build/pbuf.o
                0x0800a5f8                pbuf_cat
 .text.pbuf_copy
                0x0800a6a4      0x198 build/pbuf.o
                0x0800a6a4                pbuf_copy
 .text.pbuf_copy_partial
                0x0800a83c       0xf4 build/pbuf.o
                0x0800a83c                pbuf_copy_partial
 .text.tcp_init
                0x0800a930        0xc build/tcp.o
                0x0800a930                tcp_init
 .text.tcp_tmr  0x0800a93c       0x2c build/tcp.o
                0x0800a93c                tcp_tmr
 .text.tcp_remove_listener
                0x0800a968       0x38 build/tcp.o
 .text.tcp_listen_closed
                0x0800a9a0       0x70 build/tcp.o
 .text.tcp_close_shutdown
                0x0800aa10      0x1d4 build/tcp.o
 .text.tcp_close_shutdown_fin
                0x0800abe4       0xd4 build/tcp.o
 .text.tcp_close
                0x0800acb8       0x30 build/tcp.o
                0x0800acb8                tcp_close
 .text.tcp_abandon
                0x0800ace8      0x164 build/tcp.o
                0x0800ace8                tcp_abandon
 .text.tcp_abort
                0x0800ae4c       0x18 build/tcp.o
                0x0800ae4c                tcp_abort
 .text.tcp_update_rcv_ann_wnd
                0x0800ae64       0x9c build/tcp.o
                0x0800ae64                tcp_update_rcv_ann_wnd
 .text.tcp_recved
                0x0800af00       0xb4 build/tcp.o
                0x0800af00                tcp_recved
 .text.tcp_slowtmr
                0x0800afb4      0x584 build/tcp.o
                0x0800afb4                tcp_slowtmr
 .text.tcp_fasttmr
                0x0800b538       0xc8 build/tcp.o
                0x0800b538                tcp_fasttmr
 .text.tcp_process_refused_data
                0x0800b600       0xd2 build/tcp.o
                0x0800b600                tcp_process_refused_data
 .text.tcp_segs_free
                0x0800b6d2       0x2a build/tcp.o
                0x0800b6d2                tcp_segs_free
 .text.tcp_seg_free
                0x0800b6fc       0x30 build/tcp.o
                0x0800b6fc                tcp_seg_free
 .text.tcp_seg_copy
                0x0800b72c       0x38 build/tcp.o
                0x0800b72c                tcp_seg_copy
 .text.tcp_recv_null
                0x0800b764       0x44 build/tcp.o
                0x0800b764                tcp_recv_null
 .text.tcp_kill_prio
                0x0800b7a8       0x84 build/tcp.o
 .text.tcp_kill_state
                0x0800b82c       0x94 build/tcp.o
 .text.tcp_kill_timewait
                0x0800b8c0       0x60 build/tcp.o
 .text.tcp_alloc
                0x0800b920      0x104 build/tcp.o
                0x0800b920                tcp_alloc
 .text.tcp_pcb_purge
                0x0800ba24       0x82 build/tcp.o
                0x0800ba24                tcp_pcb_purge
 *fill*         0x0800baa6        0x2 
 .text.tcp_pcb_remove
                0x0800baa8       0xf8 build/tcp.o
                0x0800baa8                tcp_pcb_remove
 .text.tcp_next_iss
                0x0800bba0       0x2c build/tcp.o
                0x0800bba0                tcp_next_iss
 .text.tcp_eff_send_mss_impl
                0x0800bbcc       0x48 build/tcp.o
                0x0800bbcc                tcp_eff_send_mss_impl
 .text.tcp_netif_ip_addr_changed_pcblist
                0x0800bc14       0x44 build/tcp.o
 .text.tcp_netif_ip_addr_changed
                0x0800bc58       0x80 build/tcp.o
                0x0800bc58                tcp_netif_ip_addr_changed
 .text.tcp_input
                0x0800bcd8      0x790 build/tcp_in.o
                0x0800bcd8                tcp_input
 .text.tcp_input_delayed_close
                0x0800c468       0x64 build/tcp_in.o
 .text.tcp_listen_input
                0x0800c4cc      0x1c0 build/tcp_in.o
 .text.tcp_timewait_input
                0x0800c68c       0xd0 build/tcp_in.o
 .text.tcp_process
                0x0800c75c      0x768 build/tcp_in.o
 .text.tcp_oos_insert_segment
                0x0800cec4       0xec build/tcp_in.o
 .text.tcp_receive
                0x0800cfb0      0xff4 build/tcp_in.o
 .text.tcp_getoptbyte
                0x0800dfa4       0x74 build/tcp_in.o
 .text.tcp_parseopt
                0x0800e018       0xcc build/tcp_in.o
 .text.tcp_trigger_input_pcb_close
                0x0800e0e4       0x20 build/tcp_in.o
                0x0800e0e4                tcp_trigger_input_pcb_close
 .text.tcp_output_alloc_header
                0x0800e104       0xf4 build/tcp_out.o
 .text.tcp_send_fin
                0x0800e1f8       0x7e build/tcp_out.o
                0x0800e1f8                tcp_send_fin
 *fill*         0x0800e276        0x2 
 .text.tcp_create_segment
                0x0800e278      0x110 build/tcp_out.o
 .text.tcp_enqueue_flags
                0x0800e388      0x1f8 build/tcp_out.o
                0x0800e388                tcp_enqueue_flags
 .text.tcp_send_empty_ack
                0x0800e580       0xb8 build/tcp_out.o
                0x0800e580                tcp_send_empty_ack
 .text.tcp_output
                0x0800e638      0x3cc build/tcp_out.o
                0x0800e638                tcp_output
 .text.tcp_output_segment
                0x0800ea04      0x13c build/tcp_out.o
 .text.tcp_rst  0x0800eb40       0xec build/tcp_out.o
                0x0800eb40                tcp_rst
 .text.tcp_rexmit_rto
                0x0800ec2c       0x6c build/tcp_out.o
                0x0800ec2c                tcp_rexmit_rto
 .text.tcp_rexmit
                0x0800ec98       0xa0 build/tcp_out.o
                0x0800ec98                tcp_rexmit
 .text.tcp_rexmit_fast
                0x0800ed38       0x9c build/tcp_out.o
                0x0800ed38                tcp_rexmit_fast
 .text.tcp_keepalive
                0x0800edd4       0x7a build/tcp_out.o
                0x0800edd4                tcp_keepalive
 .text.tcp_zero_window_probe
                0x0800ee4e      0x138 build/tcp_out.o
                0x0800ee4e                tcp_zero_window_probe
 *fill*         0x0800ef86        0x2 
 .text.tcpip_tcp_timer
                0x0800ef88       0x48 build/timeouts.o
 .text.tcp_timer_needed
                0x0800efd0       0x40 build/timeouts.o
                0x0800efd0                tcp_timer_needed
 .text.cyclic_timer
                0x0800f010       0x2c build/timeouts.o
 .text.sys_timeouts_init
                0x0800f03c       0x50 build/timeouts.o
                0x0800f03c                sys_timeouts_init
 .text.sys_timeout
                0x0800f08c      0x148 build/timeouts.o
                0x0800f08c                sys_timeout
 .text.sys_check_timeouts
                0x0800f1d4       0xa4 build/timeouts.o
 .text.sys_timeouts_sleeptime
                0x0800f278       0x4c build/timeouts.o
 .text.sys_timeouts_mbox_fetch
                0x0800f2c4       0x4c build/timeouts.o
                0x0800f2c4                sys_timeouts_mbox_fetch
 .text.udp_init
                0x0800f310        0xc build/udp.o
                0x0800f310                udp_init
 .text.udp_input_local_match
                0x0800f31c       0x74 build/udp.o
 .text.udp_input
                0x0800f390      0x1cc build/udp.o
                0x0800f390                udp_input
 .text.udp_netif_ip_addr_changed
                0x0800f55c       0x5c build/udp.o
                0x0800f55c                udp_netif_ip_addr_changed
 .text.etharp_free_entry
                0x0800f5b8       0x64 build/etharp.o
 .text.etharp_tmr
                0x0800f61c      0x150 build/etharp.o
                0x0800f61c                etharp_tmr
 .text.etharp_find_entry
                0x0800f76c      0x294 build/etharp.o
 .text.etharp_update_arp_entry
                0x0800fa00      0x14c build/etharp.o
 .text.etharp_cleanup_netif
                0x0800fb4c       0x64 build/etharp.o
                0x0800fb4c                etharp_cleanup_netif
 .text.etharp_input
                0x0800fbb0      0x114 build/etharp.o
                0x0800fbb0                etharp_input
 .text.etharp_output_to_arp_index
                0x0800fcc4      0x134 build/etharp.o
 .text.etharp_output
                0x0800fdf8      0x1dc build/etharp.o
                0x0800fdf8                etharp_output
 .text.etharp_query
                0x0800ffd4      0x290 build/etharp.o
                0x0800ffd4                etharp_query
 .text.etharp_raw
                0x08010264      0x118 build/etharp.o
 .text.etharp_request_dst
                0x0801037c       0x44 build/etharp.o
 .text.etharp_request
                0x080103c0       0x24 build/etharp.o
                0x080103c0                etharp_request
 .text.icmp_input
                0x080103e4      0x20c build/icmp.o
                0x080103e4                icmp_input
 .text.icmp_dest_unreach
                0x080105f0       0x20 build/icmp.o
                0x080105f0                icmp_dest_unreach
 .text.icmp_time_exceeded
                0x08010610       0x20 build/icmp.o
                0x08010610                icmp_time_exceeded
 .text.icmp_send_response
                0x08010630       0xd0 build/icmp.o
 .text.ip4_route
                0x08010700       0xd4 build/ip4.o
                0x08010700                ip4_route
 .text.ip4_input
                0x080107d4      0x280 build/ip4.o
                0x080107d4                ip4_input
 .text.ip4_output_if
                0x08010a54       0x54 build/ip4.o
                0x08010a54                ip4_output_if
 .text.ip4_output_if_src
                0x08010aa8      0x150 build/ip4.o
                0x08010aa8                ip4_output_if_src
 .text.ip4_addr_isbroadcast_u32
                0x08010bf8       0x80 build/ip4_addr.o
                0x08010bf8                ip4_addr_isbroadcast_u32
 .text.ip4addr_ntoa
                0x08010c78       0x20 build/ip4_addr.o
                0x08010c78                ip4addr_ntoa
 .text.ip4addr_ntoa_r
                0x08010c98      0x100 build/ip4_addr.o
                0x08010c98                ip4addr_ntoa_r
 .text.ip_reass_tmr
                0x08010d98       0x58 build/ip4_frag.o
                0x08010d98                ip_reass_tmr
 .text.ip_reass_free_complete_datagram
                0x08010df0      0x148 build/ip4_frag.o
 .text.ip_reass_remove_oldest_datagram
                0x08010f38       0xc4 build/ip4_frag.o
 .text.ip_reass_enqueue_new_datagram
                0x08010ffc       0x74 build/ip4_frag.o
 .text.ip_reass_dequeue_datagram
                0x08011070       0x5c build/ip4_frag.o
 .text.ip_reass_chain_frag_into_datagram_and_validate
                0x080110cc      0x2d4 build/ip4_frag.o
 .text.ip4_reass
                0x080113a0      0x2a8 build/ip4_frag.o
                0x080113a0                ip4_reass
 .text.ip_frag_alloc_pbuf_custom_ref
                0x08011648       0x10 build/ip4_frag.o
 .text.ip_frag_free_pbuf_custom_ref
                0x08011658       0x38 build/ip4_frag.o
 .text.ipfrag_free_pbuf_custom
                0x08011690       0x68 build/ip4_frag.o
 .text.ip4_frag
                0x080116f8      0x240 build/ip4_frag.o
                0x080116f8                ip4_frag
 .text.sys_mbox_new
                0x08011938       0x34 build/sys_arch.o
                0x08011938                sys_mbox_new
 .text.sys_mbox_post
                0x0801196c       0x2c build/sys_arch.o
                0x0801196c                sys_mbox_post
 .text.sys_mbox_trypost
                0x08011998       0x34 build/sys_arch.o
                0x08011998                sys_mbox_trypost
 .text.sys_arch_mbox_fetch
                0x080119cc       0x62 build/sys_arch.o
                0x080119cc                sys_arch_mbox_fetch
 .text.sys_mbox_valid
                0x08011a2e       0x20 build/sys_arch.o
                0x08011a2e                sys_mbox_valid
 *fill*         0x08011a4e        0x2 
 .text.sys_init
                0x08011a50       0x18 build/sys_arch.o
                0x08011a50                sys_init
 .text.sys_mutex_new
                0x08011a68       0x2c build/sys_arch.o
                0x08011a68                sys_mutex_new
 .text.sys_mutex_lock
                0x08011a94       0x1e build/sys_arch.o
                0x08011a94                sys_mutex_lock
 .text.sys_mutex_unlock
                0x08011ab2       0x1a build/sys_arch.o
                0x08011ab2                sys_mutex_unlock
 .text.sys_thread_new
                0x08011acc       0x40 build/sys_arch.o
                0x08011acc                sys_thread_new
 .text.sys_arch_protect
                0x08011b0c       0x1c build/sys_arch.o
                0x08011b0c                sys_arch_protect
 .text.sys_arch_unprotect
                0x08011b28       0x20 build/sys_arch.o
                0x08011b28                sys_arch_unprotect
 .text.Reset_Handler
                0x08011b48       0x50 build/startup_stm32f207xx.o
                0x08011b48                Reset_Handler
 .text.Default_Handler
                0x08011b98        0x2 build/startup_stm32f207xx.o
                0x08011b98                RTC_Alarm_IRQHandler
                0x08011b98                HASH_RNG_IRQHandler
                0x08011b98                EXTI2_IRQHandler
                0x08011b98                TIM8_CC_IRQHandler
                0x08011b98                TIM1_CC_IRQHandler
                0x08011b98                DMA2_Stream5_IRQHandler
                0x08011b98                DMA1_Stream5_IRQHandler
                0x08011b98                PVD_IRQHandler
                0x08011b98                SDIO_IRQHandler
                0x08011b98                TAMP_STAMP_IRQHandler
                0x08011b98                CAN2_RX1_IRQHandler
                0x08011b98                EXTI3_IRQHandler
                0x08011b98                TIM8_TRG_COM_TIM14_IRQHandler
                0x08011b98                TIM1_UP_TIM10_IRQHandler
                0x08011b98                TIM8_UP_TIM13_IRQHandler
                0x08011b98                I2C3_ER_IRQHandler
                0x08011b98                EXTI0_IRQHandler
                0x08011b98                I2C2_EV_IRQHandler
                0x08011b98                DMA1_Stream2_IRQHandler
                0x08011b98                CAN1_RX0_IRQHandler
                0x08011b98                OTG_HS_WKUP_IRQHandler
                0x08011b98                CAN2_SCE_IRQHandler
                0x08011b98                DMA2_Stream2_IRQHandler
                0x08011b98                SPI1_IRQHandler
                0x08011b98                TIM6_DAC_IRQHandler
                0x08011b98                TIM1_BRK_TIM9_IRQHandler
                0x08011b98                DCMI_IRQHandler
                0x08011b98                CAN2_RX0_IRQHandler
                0x08011b98                DMA2_Stream3_IRQHandler
                0x08011b98                USART6_IRQHandler
                0x08011b98                CAN1_RX1_IRQHandler
                0x08011b98                UART5_IRQHandler
                0x08011b98                DMA2_Stream0_IRQHandler
                0x08011b98                I2C1_EV_IRQHandler
                0x08011b98                DMA1_Stream6_IRQHandler
                0x08011b98                DMA1_Stream1_IRQHandler
                0x08011b98                UART4_IRQHandler
                0x08011b98                TIM3_IRQHandler
                0x08011b98                RCC_IRQHandler
                0x08011b98                TIM8_BRK_TIM12_IRQHandler
                0x08011b98                Default_Handler
                0x08011b98                EXTI15_10_IRQHandler
                0x08011b98                ADC_IRQHandler
                0x08011b98                DMA1_Stream7_IRQHandler
                0x08011b98                TIM7_IRQHandler
                0x08011b98                CAN2_TX_IRQHandler
                0x08011b98                TIM5_IRQHandler
                0x08011b98                DMA2_Stream7_IRQHandler
                0x08011b98                I2C3_EV_IRQHandler
                0x08011b98                EXTI9_5_IRQHandler
                0x08011b98                RTC_WKUP_IRQHandler
                0x08011b98                ETH_WKUP_IRQHandler
                0x08011b98                SPI2_IRQHandler
                0x08011b98                OTG_HS_EP1_IN_IRQHandler
                0x08011b98                DMA1_Stream0_IRQHandler
                0x08011b98                CAN1_TX_IRQHandler
                0x08011b98                EXTI4_IRQHandler
                0x08011b98                FSMC_IRQHandler
                0x08011b98                OTG_HS_EP1_OUT_IRQHandler
                0x08011b98                WWDG_IRQHandler
                0x08011b98                TIM2_IRQHandler
                0x08011b98                OTG_FS_WKUP_IRQHandler
                0x08011b98                TIM1_TRG_COM_TIM11_IRQHandler
                0x08011b98                OTG_HS_IRQHandler
                0x08011b98                EXTI1_IRQHandler
                0x08011b98                I2C2_ER_IRQHandler
                0x08011b98                DMA2_Stream1_IRQHandler
                0x08011b98                CAN1_SCE_IRQHandler
                0x08011b98                FLASH_IRQHandler
                0x08011b98                DMA2_Stream4_IRQHandler
                0x08011b98                USART1_IRQHandler
                0x08011b98                OTG_FS_IRQHandler
                0x08011b98                SPI3_IRQHandler
                0x08011b98                DMA1_Stream4_IRQHandler
                0x08011b98                I2C1_ER_IRQHandler
                0x08011b98                DMA2_Stream6_IRQHandler
                0x08011b98                DMA1_Stream3_IRQHandler
 *fill*         0x08011b9a        0x2 
 .text.__libc_init_array
                0x08011b9c       0x48 c:/vsarm/armcc/10 2021.10/bin/../lib/gcc/arm-none-eabi/10.3.1/../../../../arm-none-eabi/lib/thumb/v7-m/nofp\libc_nano.a(lib_a-init.o)
                0x08011b9c                __libc_init_array
 .text.memcmp   0x08011be4       0x20 c:/vsarm/armcc/10 2021.10/bin/../lib/gcc/arm-none-eabi/10.3.1/../../../../arm-none-eabi/lib/thumb/v7-m/nofp\libc_nano.a(lib_a-memcmp.o)
                0x08011be4                memcmp
 .text.memcpy   0x08011c04       0x1c c:/vsarm/armcc/10 2021.10/bin/../lib/gcc/arm-none-eabi/10.3.1/../../../../arm-none-eabi/lib/thumb/v7-m/nofp\libc_nano.a(lib_a-memcpy-stub.o)
                0x08011c04                memcpy
 .text.memset   0x08011c20       0x10 c:/vsarm/armcc/10 2021.10/bin/../lib/gcc/arm-none-eabi/10.3.1/../../../../arm-none-eabi/lib/thumb/v7-m/nofp\libc_nano.a(lib_a-memset.o)
                0x08011c20                memset
 .text.printf   0x08011c30       0x30 c:/vsarm/armcc/10 2021.10/bin/../lib/gcc/arm-none-eabi/10.3.1/../../../../arm-none-eabi/lib/thumb/v7-m/nofp\libc_nano.a(lib_a-printf.o)
                0x08011c30                iprintf
                0x08011c30                printf
 .text.sprintf  0x08011c60       0x40 c:/vsarm/armcc/10 2021.10/bin/../lib/gcc/arm-none-eabi/10.3.1/../../../../arm-none-eabi/lib/thumb/v7-m/nofp\libc_nano.a(lib_a-sprintf.o)
                0x08011c60                siprintf
                0x08011c60                sprintf
 .text.std      0x08011ca0       0x48 c:/vsarm/armcc/10 2021.10/bin/../lib/gcc/arm-none-eabi/10.3.1/../../../../arm-none-eabi/lib/thumb/v7-m/nofp\libc_nano.a(lib_a-findfp.o)
 .text._cleanup_r
                0x08011ce8        0xc c:/vsarm/armcc/10 2021.10/bin/../lib/gcc/arm-none-eabi/10.3.1/../../../../arm-none-eabi/lib/thumb/v7-m/nofp\libc_nano.a(lib_a-findfp.o)
                0x08011ce8                _cleanup_r
 .text.__sfmoreglue
                0x08011cf4       0x2c c:/vsarm/armcc/10 2021.10/bin/../lib/gcc/arm-none-eabi/10.3.1/../../../../arm-none-eabi/lib/thumb/v7-m/nofp\libc_nano.a(lib_a-findfp.o)
                0x08011cf4                __sfmoreglue
 .text.__sfp_lock_acquire
                0x08011d20        0xc c:/vsarm/armcc/10 2021.10/bin/../lib/gcc/arm-none-eabi/10.3.1/../../../../arm-none-eabi/lib/thumb/v7-m/nofp\libc_nano.a(lib_a-findfp.o)
                0x08011d20                __sfp_lock_acquire
 .text.__sfp_lock_release
                0x08011d2c        0xc c:/vsarm/armcc/10 2021.10/bin/../lib/gcc/arm-none-eabi/10.3.1/../../../../arm-none-eabi/lib/thumb/v7-m/nofp\libc_nano.a(lib_a-findfp.o)
                0x08011d2c                __sfp_lock_release
 .text.__sinit_lock_acquire
                0x08011d38        0xc c:/vsarm/armcc/10 2021.10/bin/../lib/gcc/arm-none-eabi/10.3.1/../../../../arm-none-eabi/lib/thumb/v7-m/nofp\libc_nano.a(lib_a-findfp.o)
                0x08011d38                __sinit_lock_acquire
 .text.__sinit_lock_release
                0x08011d44        0xc c:/vsarm/armcc/10 2021.10/bin/../lib/gcc/arm-none-eabi/10.3.1/../../../../arm-none-eabi/lib/thumb/v7-m/nofp\libc_nano.a(lib_a-findfp.o)
                0x08011d44                __sinit_lock_release
 .text.__sinit  0x08011d50       0x70 c:/vsarm/armcc/10 2021.10/bin/../lib/gcc/arm-none-eabi/10.3.1/../../../../arm-none-eabi/lib/thumb/v7-m/nofp\libc_nano.a(lib_a-findfp.o)
                0x08011d50                __sinit
 .text.__sfp    0x08011dc0       0x8c c:/vsarm/armcc/10 2021.10/bin/../lib/gcc/arm-none-eabi/10.3.1/../../../../arm-none-eabi/lib/thumb/v7-m/nofp\libc_nano.a(lib_a-findfp.o)
                0x08011dc0                __sfp
 .text._fwalk_reent
                0x08011e4c       0x3e c:/vsarm/armcc/10 2021.10/bin/../lib/gcc/arm-none-eabi/10.3.1/../../../../arm-none-eabi/lib/thumb/v7-m/nofp\libc_nano.a(lib_a-fwalk.o)
                0x08011e4c                _fwalk_reent
 .text.__retarget_lock_init_recursive
                0x08011e8a        0x2 c:/vsarm/armcc/10 2021.10/bin/../lib/gcc/arm-none-eabi/10.3.1/../../../../arm-none-eabi/lib/thumb/v7-m/nofp\libc_nano.a(lib_a-lock.o)
                0x08011e8a                __retarget_lock_init_recursive
 .text.__retarget_lock_acquire_recursive
                0x08011e8c        0x2 c:/vsarm/armcc/10 2021.10/bin/../lib/gcc/arm-none-eabi/10.3.1/../../../../arm-none-eabi/lib/thumb/v7-m/nofp\libc_nano.a(lib_a-lock.o)
                0x08011e8c                __retarget_lock_acquire_recursive
 .text.__retarget_lock_release_recursive
                0x08011e8e        0x2 c:/vsarm/armcc/10 2021.10/bin/../lib/gcc/arm-none-eabi/10.3.1/../../../../arm-none-eabi/lib/thumb/v7-m/nofp\libc_nano.a(lib_a-lock.o)
                0x08011e8e                __retarget_lock_release_recursive
 .text.sbrk_aligned
                0x08011e90       0x40 c:/vsarm/armcc/10 2021.10/bin/../lib/gcc/arm-none-eabi/10.3.1/../../../../arm-none-eabi/lib/thumb/v7-m/nofp\libc_nano.a(lib_a-nano-mallocr.o)
 .text._malloc_r
                0x08011ed0       0xe8 c:/vsarm/armcc/10 2021.10/bin/../lib/gcc/arm-none-eabi/10.3.1/../../../../arm-none-eabi/lib/thumb/v7-m/nofp\libc_nano.a(lib_a-nano-mallocr.o)
                0x08011ed0                _malloc_r
 .text.__ssputs_r
                0x08011fb8       0xb6 c:/vsarm/armcc/10 2021.10/bin/../lib/gcc/arm-none-eabi/10.3.1/../../../../arm-none-eabi/lib/thumb/v7-m/nofp\libc_nano.a(lib_a-nano-svfprintf.o)
                0x08011fb8                __ssputs_r
 *fill*         0x0801206e        0x2 
 .text._svfprintf_r
                0x08012070      0x200 c:/vsarm/armcc/10 2021.10/bin/../lib/gcc/arm-none-eabi/10.3.1/../../../../arm-none-eabi/lib/thumb/v7-m/nofp\libc_nano.a(lib_a-nano-svfprintf.o)
                0x08012070                _svfiprintf_r
                0x08012070                _svfprintf_r
 .text.__sfputc_r
                0x08012270       0x2a c:/vsarm/armcc/10 2021.10/bin/../lib/gcc/arm-none-eabi/10.3.1/../../../../arm-none-eabi/lib/thumb/v7-m/nofp\libc_nano.a(lib_a-nano-vfprintf.o)
 .text.__sfputs_r
                0x0801229a       0x24 c:/vsarm/armcc/10 2021.10/bin/../lib/gcc/arm-none-eabi/10.3.1/../../../../arm-none-eabi/lib/thumb/v7-m/nofp\libc_nano.a(lib_a-nano-vfprintf.o)
                0x0801229a                __sfputs_r
 *fill*         0x080122be        0x2 
 .text._vfprintf_r
                0x080122c0      0x260 c:/vsarm/armcc/10 2021.10/bin/../lib/gcc/arm-none-eabi/10.3.1/../../../../arm-none-eabi/lib/thumb/v7-m/nofp\libc_nano.a(lib_a-nano-vfprintf.o)
                0x080122c0                _vfprintf_r
                0x080122c0                _vfiprintf_r
 .text._printf_common
                0x08012520       0xde c:/vsarm/armcc/10 2021.10/bin/../lib/gcc/arm-none-eabi/10.3.1/../../../../arm-none-eabi/lib/thumb/v7-m/nofp\libc_nano.a(lib_a-nano-vfprintf_i.o)
                0x08012520                _printf_common
 *fill*         0x080125fe        0x2 
 .text._printf_i
                0x08012600      0x24c c:/vsarm/armcc/10 2021.10/bin/../lib/gcc/arm-none-eabi/10.3.1/../../../../arm-none-eabi/lib/thumb/v7-m/nofp\libc_nano.a(lib_a-nano-vfprintf_i.o)
                0x08012600                _printf_i
 .text._sbrk_r  0x0801284c       0x20 c:/vsarm/armcc/10 2021.10/bin/../lib/gcc/arm-none-eabi/10.3.1/../../../../arm-none-eabi/lib/thumb/v7-m/nofp\libc_nano.a(lib_a-sbrkr.o)
                0x0801284c                _sbrk_r
 .text.__sread  0x0801286c       0x22 c:/vsarm/armcc/10 2021.10/bin/../lib/gcc/arm-none-eabi/10.3.1/../../../../arm-none-eabi/lib/thumb/v7-m/nofp\libc_nano.a(lib_a-stdio.o)
                0x0801286c                __sread
 .text.__swrite
                0x0801288e       0x38 c:/vsarm/armcc/10 2021.10/bin/../lib/gcc/arm-none-eabi/10.3.1/../../../../arm-none-eabi/lib/thumb/v7-m/nofp\libc_nano.a(lib_a-stdio.o)
                0x0801288e                __swrite
 .text.__sseek  0x080128c6       0x24 c:/vsarm/armcc/10 2021.10/bin/../lib/gcc/arm-none-eabi/10.3.1/../../../../arm-none-eabi/lib/thumb/v7-m/nofp\libc_nano.a(lib_a-stdio.o)
                0x080128c6                __sseek
 .text.__sclose
                0x080128ea        0x8 c:/vsarm/armcc/10 2021.10/bin/../lib/gcc/arm-none-eabi/10.3.1/../../../../arm-none-eabi/lib/thumb/v7-m/nofp\libc_nano.a(lib_a-stdio.o)
                0x080128ea                __sclose
 *fill*         0x080128f2        0x2 
 .text.__swbuf_r
                0x080128f4       0xa4 c:/vsarm/armcc/10 2021.10/bin/../lib/gcc/arm-none-eabi/10.3.1/../../../../arm-none-eabi/lib/thumb/v7-m/nofp\libc_nano.a(lib_a-wbuf.o)
                0x080128f4                __swbuf_r
 .text._write_r
                0x08012998       0x24 c:/vsarm/armcc/10 2021.10/bin/../lib/gcc/arm-none-eabi/10.3.1/../../../../arm-none-eabi/lib/thumb/v7-m/nofp\libc_nano.a(lib_a-writer.o)
                0x08012998                _write_r
 .text.__swsetup_r
                0x080129bc       0xdc c:/vsarm/armcc/10 2021.10/bin/../lib/gcc/arm-none-eabi/10.3.1/../../../../arm-none-eabi/lib/thumb/v7-m/nofp\libc_nano.a(lib_a-wsetup.o)
                0x080129bc                __swsetup_r
 .text._close_r
                0x08012a98       0x20 c:/vsarm/armcc/10 2021.10/bin/../lib/gcc/arm-none-eabi/10.3.1/../../../../arm-none-eabi/lib/thumb/v7-m/nofp\libc_nano.a(lib_a-closer.o)
                0x08012a98                _close_r
 .text.__sflush_r
                0x08012ab8      0x104 c:/vsarm/armcc/10 2021.10/bin/../lib/gcc/arm-none-eabi/10.3.1/../../../../arm-none-eabi/lib/thumb/v7-m/nofp\libc_nano.a(lib_a-fflush.o)
                0x08012ab8                __sflush_r
 .text._fflush_r
                0x08012bbc       0x78 c:/vsarm/armcc/10 2021.10/bin/../lib/gcc/arm-none-eabi/10.3.1/../../../../arm-none-eabi/lib/thumb/v7-m/nofp\libc_nano.a(lib_a-fflush.o)
                0x08012bbc                _fflush_r
 .text._lseek_r
                0x08012c34       0x24 c:/vsarm/armcc/10 2021.10/bin/../lib/gcc/arm-none-eabi/10.3.1/../../../../arm-none-eabi/lib/thumb/v7-m/nofp\libc_nano.a(lib_a-lseekr.o)
                0x08012c34                _lseek_r
 .text.__swhatbuf_r
                0x08012c58       0x4a c:/vsarm/armcc/10 2021.10/bin/../lib/gcc/arm-none-eabi/10.3.1/../../../../arm-none-eabi/lib/thumb/v7-m/nofp\libc_nano.a(lib_a-makebuf.o)
                0x08012c58                __swhatbuf_r
 *fill*         0x08012ca2        0x2 
 .text.__smakebuf_r
                0x08012ca4       0x80 c:/vsarm/armcc/10 2021.10/bin/../lib/gcc/arm-none-eabi/10.3.1/../../../../arm-none-eabi/lib/thumb/v7-m/nofp\libc_nano.a(lib_a-makebuf.o)
                0x08012ca4                __smakebuf_r
 .text.memchr   0x08012d24       0x1c c:/vsarm/armcc/10 2021.10/bin/../lib/gcc/arm-none-eabi/10.3.1/../../../../arm-none-eabi/lib/thumb/v7-m/nofp\libc_nano.a(lib_a-memchr-stub.o)
                0x08012d24                memchr
 .text.memmove  0x08012d40       0x34 c:/vsarm/armcc/10 2021.10/bin/../lib/gcc/arm-none-eabi/10.3.1/../../../../arm-none-eabi/lib/thumb/v7-m/nofp\libc_nano.a(lib_a-memmove.o)
                0x08012d40                memmove
 .text.__malloc_lock
                0x08012d74        0xc c:/vsarm/armcc/10 2021.10/bin/../lib/gcc/arm-none-eabi/10.3.1/../../../../arm-none-eabi/lib/thumb/v7-m/nofp\libc_nano.a(lib_a-mlock.o)
                0x08012d74                __malloc_lock
 .text.__malloc_unlock
                0x08012d80        0xc c:/vsarm/armcc/10 2021.10/bin/../lib/gcc/arm-none-eabi/10.3.1/../../../../arm-none-eabi/lib/thumb/v7-m/nofp\libc_nano.a(lib_a-mlock.o)
                0x08012d80                __malloc_unlock
 .text._free_r  0x08012d8c       0x90 c:/vsarm/armcc/10 2021.10/bin/../lib/gcc/arm-none-eabi/10.3.1/../../../../arm-none-eabi/lib/thumb/v7-m/nofp\libc_nano.a(lib_a-nano-freer.o)
                0x08012d8c                _free_r
 .text._realloc_r
                0x08012e1c       0x5e c:/vsarm/armcc/10 2021.10/bin/../lib/gcc/arm-none-eabi/10.3.1/../../../../arm-none-eabi/lib/thumb/v7-m/nofp\libc_nano.a(lib_a-nano-reallocr.o)
                0x08012e1c                _realloc_r
 *fill*         0x08012e7a        0x2 
 .text._read_r  0x08012e7c       0x24 c:/vsarm/armcc/10 2021.10/bin/../lib/gcc/arm-none-eabi/10.3.1/../../../../arm-none-eabi/lib/thumb/v7-m/nofp\libc_nano.a(lib_a-readr.o)
                0x08012e7c                _read_r
 .text._fstat_r
                0x08012ea0       0x24 c:/vsarm/armcc/10 2021.10/bin/../lib/gcc/arm-none-eabi/10.3.1/../../../../arm-none-eabi/lib/thumb/v7-m/nofp\libc_nano.a(lib_a-fstatr.o)
                0x08012ea0                _fstat_r
 .text._isatty_r
                0x08012ec4       0x20 c:/vsarm/armcc/10 2021.10/bin/../lib/gcc/arm-none-eabi/10.3.1/../../../../arm-none-eabi/lib/thumb/v7-m/nofp\libc_nano.a(lib_a-isattyr.o)
                0x08012ec4                _isatty_r
 .text._malloc_usable_size_r
                0x08012ee4       0x10 c:/vsarm/armcc/10 2021.10/bin/../lib/gcc/arm-none-eabi/10.3.1/../../../../arm-none-eabi/lib/thumb/v7-m/nofp\libc_nano.a(lib_a-nano-msizer.o)
                0x08012ee4                _malloc_usable_size_r
 .text._close   0x08012ef4       0x10 c:/vsarm/armcc/10 2021.10/bin/../lib/gcc/arm-none-eabi/10.3.1/../../../../arm-none-eabi/lib/thumb/v7-m/nofp\libnosys.a(close.o)
                0x08012ef4                _close
 .text._fstat   0x08012f04       0x10 c:/vsarm/armcc/10 2021.10/bin/../lib/gcc/arm-none-eabi/10.3.1/../../../../arm-none-eabi/lib/thumb/v7-m/nofp\libnosys.a(fstat.o)
                0x08012f04                _fstat
 .text._isatty  0x08012f14       0x10 c:/vsarm/armcc/10 2021.10/bin/../lib/gcc/arm-none-eabi/10.3.1/../../../../arm-none-eabi/lib/thumb/v7-m/nofp\libnosys.a(isatty.o)
                0x08012f14                _isatty
 .text._lseek   0x08012f24       0x10 c:/vsarm/armcc/10 2021.10/bin/../lib/gcc/arm-none-eabi/10.3.1/../../../../arm-none-eabi/lib/thumb/v7-m/nofp\libnosys.a(lseek.o)
                0x08012f24                _lseek
 .text._read    0x08012f34       0x10 c:/vsarm/armcc/10 2021.10/bin/../lib/gcc/arm-none-eabi/10.3.1/../../../../arm-none-eabi/lib/thumb/v7-m/nofp\libnosys.a(read.o)
                0x08012f34                _read
 .text._sbrk    0x08012f44       0x1c c:/vsarm/armcc/10 2021.10/bin/../lib/gcc/arm-none-eabi/10.3.1/../../../../arm-none-eabi/lib/thumb/v7-m/nofp\libnosys.a(sbrk.o)
                0x08012f44                _sbrk
 .text._write   0x08012f60       0x10 c:/vsarm/armcc/10 2021.10/bin/../lib/gcc/arm-none-eabi/10.3.1/../../../../arm-none-eabi/lib/thumb/v7-m/nofp\libnosys.a(write.o)
                0x08012f60                _write
 *(.glue_7)
 .glue_7        0x08012f70        0x0 linker stubs
 *(.glue_7t)
 .glue_7t       0x08012f70        0x0 linker stubs
 *(.eh_frame)
 .eh_frame      0x08012f70        0x0 c:/vsarm/armcc/10 2021.10/bin/../lib/gcc/arm-none-eabi/10.3.1/thumb/v7-m/nofp/crtbegin.o
 *(.init)
 .init          0x08012f70        0x4 c:/vsarm/armcc/10 2021.10/bin/../lib/gcc/arm-none-eabi/10.3.1/thumb/v7-m/nofp/crti.o
                0x08012f70                _init
 .init          0x08012f74        0x8 c:/vsarm/armcc/10 2021.10/bin/../lib/gcc/arm-none-eabi/10.3.1/thumb/v7-m/nofp/crtn.o
 *(.fini)
 .fini          0x08012f7c        0x4 c:/vsarm/armcc/10 2021.10/bin/../lib/gcc/arm-none-eabi/10.3.1/thumb/v7-m/nofp/crti.o
                0x08012f7c                _fini
 .fini          0x08012f80        0x8 c:/vsarm/armcc/10 2021.10/bin/../lib/gcc/arm-none-eabi/10.3.1/thumb/v7-m/nofp/crtn.o
                0x08012f88                . = ALIGN (0x4)
                0x08012f88                _etext = .

.vfp11_veneer   0x08012f88        0x0
 .vfp11_veneer  0x08012f88        0x0 linker stubs

.v4_bx          0x08012f88        0x0
 .v4_bx         0x08012f88        0x0 linker stubs

.iplt           0x08012f88        0x0
 .iplt          0x08012f88        0x0 c:/vsarm/armcc/10 2021.10/bin/../lib/gcc/arm-none-eabi/10.3.1/thumb/v7-m/nofp/crtbegin.o

.rodata         0x08012f88     0x2494
                0x08012f88                . = ALIGN (0x4)
 *(.rodata)
 .rodata        0x08012f88      0x39c build/main.o
 .rodata        0x08013324       0xb1 build/sio.o
 *fill*         0x080133d5        0x3 
 .rodata        0x080133d8       0x5c build/ethernetif.o
 .rodata        0x08013434        0x8 build/lwip.o
 .rodata        0x0801343c        0x5 build/tasks.o
 *fill*         0x08013441        0x3 
 .rodata        0x08013444        0xd build/timers.o
 *fill*         0x08013451        0x3 
 .rodata        0x08013454       0x90 build/ethernet.o
 .rodata        0x080134e4       0x98 build/slipif.o
 .rodata        0x0801357c       0xdd build/tcpip.o
 *fill*         0x08013659        0x3 
 .rodata        0x0801365c      0x213 build/mem.o
 *fill*         0x0801386f        0x1 
 .rodata        0x08013870       0xeb build/memp.o
 *fill*         0x0801395b        0x1 
 .rodata        0x0801395c       0x70 build/netif.o
 .rodata        0x080139cc      0x509 build/pbuf.o
 *fill*         0x08013ed5        0x3 
 .rodata        0x08013ed8      0x477 build/tcp.o
 *fill*         0x0801434f        0x1 
 .rodata        0x08014350      0x381 build/tcp_in.o
 *fill*         0x080146d1        0x3 
 .rodata        0x080146d4      0x43f build/tcp_out.o
 *fill*         0x08014b13        0x1 
 .rodata        0x08014b14       0x9c build/timeouts.o
 .rodata        0x08014bb0       0x96 build/udp.o
 *fill*         0x08014c46        0x2 
 .rodata        0x08014c48      0x261 build/etharp.o
 *fill*         0x08014ea9        0x3 
 .rodata        0x08014eac       0xf4 build/icmp.o
 .rodata        0x08014fa0       0x95 build/ip4.o
 *fill*         0x08015035        0x3 
 .rodata        0x08015038      0x1ec build/ip4_frag.o
 *(.rodata*)
 .rodata.defaultTask_attributes
                0x08015224       0x24 build/main.o
                0x08015224                defaultTask_attributes
 .rodata.AHBPrescTable
                0x08015248       0x10 build/system_stm32f2xx.o
                0x08015248                AHBPrescTable
 .rodata.APBPrescTable
                0x08015258        0x8 build/system_stm32f2xx.o
                0x08015258                APBPrescTable
 .rodata.ethbroadcast
                0x08015260        0x6 build/ethernet.o
                0x08015260                ethbroadcast
 *fill*         0x08015266        0x2 
 .rodata.ethzero
                0x08015268        0x6 build/ethernet.o
                0x08015268                ethzero
 *fill*         0x0801526e        0x2 
 .rodata.memp_UDP_PCB
                0x08015270        0xc build/memp.o
                0x08015270                memp_UDP_PCB
 .rodata.memp_TCP_PCB
                0x0801527c        0xc build/memp.o
                0x0801527c                memp_TCP_PCB
 .rodata.memp_TCP_PCB_LISTEN
                0x08015288        0xc build/memp.o
                0x08015288                memp_TCP_PCB_LISTEN
 .rodata.memp_TCP_SEG
                0x08015294        0xc build/memp.o
                0x08015294                memp_TCP_SEG
 .rodata.memp_REASSDATA
                0x080152a0        0xc build/memp.o
                0x080152a0                memp_REASSDATA
 .rodata.memp_FRAG_PBUF
                0x080152ac        0xc build/memp.o
                0x080152ac                memp_FRAG_PBUF
 .rodata.memp_NETBUF
                0x080152b8        0xc build/memp.o
                0x080152b8                memp_NETBUF
 .rodata.memp_NETCONN
                0x080152c4        0xc build/memp.o
                0x080152c4                memp_NETCONN
 .rodata.memp_TCPIP_MSG_API
                0x080152d0        0xc build/memp.o
                0x080152d0                memp_TCPIP_MSG_API
 .rodata.memp_TCPIP_MSG_INPKT
                0x080152dc        0xc build/memp.o
                0x080152dc                memp_TCPIP_MSG_INPKT
 .rodata.memp_SYS_TIMEOUT
                0x080152e8        0xc build/memp.o
                0x080152e8                memp_SYS_TIMEOUT
 .rodata.memp_PBUF
                0x080152f4        0xc build/memp.o
                0x080152f4                memp_PBUF
 .rodata.memp_PBUF_POOL
                0x08015300        0xc build/memp.o
                0x08015300                memp_PBUF_POOL
 .rodata.memp_pools
                0x0801530c       0x34 build/memp.o
                0x0801530c                memp_pools
 .rodata.tcp_backoff
                0x08015340        0xd build/tcp.o
 *fill*         0x0801534d        0x3 
 .rodata.tcp_persist_backoff
                0x08015350        0x7 build/tcp.o
 *fill*         0x08015357        0x1 
 .rodata.tcp_pcb_lists
                0x08015358       0x10 build/tcp.o
                0x08015358                tcp_pcb_lists
 .rodata.lwip_cyclic_timers
                0x08015368       0x18 build/timeouts.o
                0x08015368                lwip_cyclic_timers
 .rodata.ip_addr_any
                0x08015380        0x4 build/ip4_addr.o
                0x08015380                ip_addr_any
 .rodata._global_impure_ptr
                0x08015384        0x4 c:/vsarm/armcc/10 2021.10/bin/../lib/gcc/arm-none-eabi/10.3.1/../../../../arm-none-eabi/lib/thumb/v7-m/nofp\libc_nano.a(lib_a-impure.o)
                0x08015384                _global_impure_ptr
 .rodata.__sf_fake_stderr
                0x08015388       0x20 c:/vsarm/armcc/10 2021.10/bin/../lib/gcc/arm-none-eabi/10.3.1/../../../../arm-none-eabi/lib/thumb/v7-m/nofp\libc_nano.a(lib_a-findfp.o)
                0x08015388                __sf_fake_stderr
 .rodata.__sf_fake_stdin
                0x080153a8       0x20 c:/vsarm/armcc/10 2021.10/bin/../lib/gcc/arm-none-eabi/10.3.1/../../../../arm-none-eabi/lib/thumb/v7-m/nofp\libc_nano.a(lib_a-findfp.o)
                0x080153a8                __sf_fake_stdin
 .rodata.__sf_fake_stdout
                0x080153c8       0x20 c:/vsarm/armcc/10 2021.10/bin/../lib/gcc/arm-none-eabi/10.3.1/../../../../arm-none-eabi/lib/thumb/v7-m/nofp\libc_nano.a(lib_a-findfp.o)
                0x080153c8                __sf_fake_stdout
 .rodata._svfprintf_r.str1.1
                0x080153e8       0x11 c:/vsarm/armcc/10 2021.10/bin/../lib/gcc/arm-none-eabi/10.3.1/../../../../arm-none-eabi/lib/thumb/v7-m/nofp\libc_nano.a(lib_a-nano-svfprintf.o)
 .rodata._vfprintf_r.str1.1
                0x080153f9       0x11 c:/vsarm/armcc/10 2021.10/bin/../lib/gcc/arm-none-eabi/10.3.1/../../../../arm-none-eabi/lib/thumb/v7-m/nofp\libc_nano.a(lib_a-nano-vfprintf.o)
 .rodata._printf_i.str1.1
                0x080153f9       0x22 c:/vsarm/armcc/10 2021.10/bin/../lib/gcc/arm-none-eabi/10.3.1/../../../../arm-none-eabi/lib/thumb/v7-m/nofp\libc_nano.a(lib_a-nano-vfprintf_i.o)
                0x0801541c                . = ALIGN (0x4)
 *fill*         0x0801541b        0x1 

.ARM.extab
 *(.ARM.extab* .gnu.linkonce.armextab.*)

.ARM            0x0801541c        0x8
                0x0801541c                __exidx_start = .
 *(.ARM.exidx*)
 .ARM.exidx     0x0801541c        0x8 c:/vsarm/armcc/10 2021.10/bin/../lib/gcc/arm-none-eabi/10.3.1/thumb/v7-m/nofp\libgcc.a(_udivmoddi4.o)
                0x08015424                __exidx_end = .

.rel.dyn        0x08015424        0x0
 .rel.iplt      0x08015424        0x0 c:/vsarm/armcc/10 2021.10/bin/../lib/gcc/arm-none-eabi/10.3.1/thumb/v7-m/nofp/crtbegin.o

.preinit_array  0x08015424        0x0
                0x08015424                PROVIDE (__preinit_array_start = .)
 *(.preinit_array*)
                0x08015424                PROVIDE (__preinit_array_end = .)

.init_array     0x08015424        0x4
                0x08015424                PROVIDE (__init_array_start = .)
 *(SORT_BY_NAME(.init_array.*))
 *(.init_array*)
 .init_array    0x08015424        0x4 c:/vsarm/armcc/10 2021.10/bin/../lib/gcc/arm-none-eabi/10.3.1/thumb/v7-m/nofp/crtbegin.o
                0x08015428                PROVIDE (__init_array_end = .)

.fini_array     0x08015428        0x4
                [!provide]                PROVIDE (__fini_array_start = .)
 *(SORT_BY_NAME(.fini_array.*))
 *(.fini_array*)
 .fini_array    0x08015428        0x4 c:/vsarm/armcc/10 2021.10/bin/../lib/gcc/arm-none-eabi/10.3.1/thumb/v7-m/nofp/crtbegin.o
                [!provide]                PROVIDE (__fini_array_end = .)
                0x0801542c                _sidata = LOADADDR (.data)

.data           0x20000000       0x78 load address 0x0801542c
                0x20000000                . = ALIGN (0x4)
                0x20000000                _sdata = .
 *(.data)
 *(.data*)
 .data.uwTickPrio
                0x20000000        0x4 build/stm32f2xx_hal.o
                0x20000000                uwTickPrio
 .data.uwTickFreq
                0x20000004        0x1 build/stm32f2xx_hal.o
                0x20000004                uwTickFreq
 *fill*         0x20000005        0x3 
 .data.SystemCoreClock
                0x20000008        0x4 build/system_stm32f2xx.o
                0x20000008                SystemCoreClock
 .data.uxCriticalNesting
                0x2000000c        0x4 build/port.o
 .data.iss.0    0x20000010        0x4 build/tcp.o
 .data._impure_ptr
                0x20000014        0x4 c:/vsarm/armcc/10 2021.10/bin/../lib/gcc/arm-none-eabi/10.3.1/../../../../arm-none-eabi/lib/thumb/v7-m/nofp\libc_nano.a(lib_a-impure.o)
                0x20000014                _impure_ptr
 .data.impure_data
                0x20000018       0x60 c:/vsarm/armcc/10 2021.10/bin/../lib/gcc/arm-none-eabi/10.3.1/../../../../arm-none-eabi/lib/thumb/v7-m/nofp\libc_nano.a(lib_a-impure.o)
                0x20000078                . = ALIGN (0x4)
                0x20000078                _edata = .

.igot.plt       0x20000078        0x0 load address 0x080154a4
 .igot.plt      0x20000078        0x0 c:/vsarm/armcc/10 2021.10/bin/../lib/gcc/arm-none-eabi/10.3.1/thumb/v7-m/nofp/crtbegin.o
                0x20000078                . = ALIGN (0x4)

.bss            0x20000078     0xf594 load address 0x080154a4
                0x20000078                _sbss = .
                0x20000078                __bss_start__ = _sbss
 *(.bss)
 .bss           0x20000078       0x1c c:/vsarm/armcc/10 2021.10/bin/../lib/gcc/arm-none-eabi/10.3.1/thumb/v7-m/nofp/crtbegin.o
 *(.bss*)
 .bss.huart2    0x20000094       0x44 build/main.o
                0x20000094                huart2
 .bss.huart3    0x200000d8       0x44 build/main.o
                0x200000d8                huart3
 .bss.defaultTaskHandle
                0x2000011c        0x4 build/main.o
                0x2000011c                defaultTaskHandle
 .bss.preBUFF   0x20000120        0x1 build/main.o
                0x20000120                preBUFF
 *fill*         0x20000121        0x3 
 .bss.queueUART
                0x20000124        0x4 build/sio.o
                0x20000124                queueUART
 .bss.errorUartSR
                0x20000128        0x4 build/sio.o
                0x20000128                errorUartSR
 .bss.htim4     0x2000012c       0x48 build/stm32f2xx_hal_timebase_tim.o
                0x2000012c                htim4
 .bss.DMARxDscrTab
                0x20000174       0x80 build/ethernetif.o
                0x20000174                DMARxDscrTab
 .bss.DMATxDscrTab
                0x200001f4       0x80 build/ethernetif.o
                0x200001f4                DMATxDscrTab
 .bss.Rx_Buff   0x20000274     0x17d0 build/ethernetif.o
                0x20000274                Rx_Buff
 .bss.Tx_Buff   0x20001a44     0x17d0 build/ethernetif.o
                0x20001a44                Tx_Buff
 .bss.s_xSemaphore
                0x20003214        0x4 build/ethernetif.o
                0x20003214                s_xSemaphore
 .bss.heth      0x20003218       0x48 build/ethernetif.o
                0x20003218                heth
 .bss.Netif_LinkSemaphore
                0x20003260        0x4 build/lwip.o
                0x20003260                Netif_LinkSemaphore
 .bss.link_arg  0x20003264        0x8 build/lwip.o
                0x20003264                link_arg
 .bss.gnetif    0x2000326c       0x34 build/lwip.o
                0x2000326c                gnetif
 .bss.ipaddr    0x200032a0        0x4 build/lwip.o
                0x200032a0                ipaddr
 .bss.netmask   0x200032a4        0x4 build/lwip.o
                0x200032a4                netmask
 .bss.gw        0x200032a8        0x4 build/lwip.o
                0x200032a8                gw
 .bss.IP_ADDRESS
                0x200032ac        0x4 build/lwip.o
                0x200032ac                IP_ADDRESS
 .bss.NETMASK_ADDRESS
                0x200032b0        0x4 build/lwip.o
                0x200032b0                NETMASK_ADDRESS
 .bss.GATEWAY_ADDRESS
                0x200032b4        0x4 build/lwip.o
                0x200032b4                GATEWAY_ADDRESS
 .bss.attributes
                0x200032b8       0x24 build/lwip.o
                0x200032b8                attributes
 .bss.uwTick    0x200032dc        0x4 build/stm32f2xx_hal.o
                0x200032dc                uwTick
 .bss.xQueueRegistry
                0x200032e0       0x40 build/queue.o
                0x200032e0                xQueueRegistry
 .bss.pxCurrentTCB
                0x20003320        0x4 build/tasks.o
                0x20003320                pxCurrentTCB
 .bss.pxReadyTasksLists
                0x20003324      0x460 build/tasks.o
 .bss.xDelayedTaskList1
                0x20003784       0x14 build/tasks.o
 .bss.xDelayedTaskList2
                0x20003798       0x14 build/tasks.o
 .bss.pxDelayedTaskList
                0x200037ac        0x4 build/tasks.o
 .bss.pxOverflowDelayedTaskList
                0x200037b0        0x4 build/tasks.o
 .bss.xPendingReadyList
                0x200037b4       0x14 build/tasks.o
 .bss.xTasksWaitingTermination
                0x200037c8       0x14 build/tasks.o
 .bss.uxDeletedTasksWaitingCleanUp
                0x200037dc        0x4 build/tasks.o
 .bss.xSuspendedTaskList
                0x200037e0       0x14 build/tasks.o
 .bss.uxCurrentNumberOfTasks
                0x200037f4        0x4 build/tasks.o
 .bss.xTickCount
                0x200037f8        0x4 build/tasks.o
 .bss.uxTopReadyPriority
                0x200037fc        0x4 build/tasks.o
 .bss.xSchedulerRunning
                0x20003800        0x4 build/tasks.o
 .bss.uxPendedTicks
                0x20003804        0x4 build/tasks.o
 .bss.xYieldPending
                0x20003808        0x4 build/tasks.o
 .bss.xNumOfOverflows
                0x2000380c        0x4 build/tasks.o
 .bss.uxTaskNumber
                0x20003810        0x4 build/tasks.o
 .bss.xNextTaskUnblockTime
                0x20003814        0x4 build/tasks.o
 .bss.xIdleTaskHandle
                0x20003818        0x4 build/tasks.o
 .bss.uxSchedulerSuspended
                0x2000381c        0x4 build/tasks.o
 .bss.xActiveTimerList1
                0x20003820       0x14 build/timers.o
 .bss.xActiveTimerList2
                0x20003834       0x14 build/timers.o
 .bss.pxCurrentTimerList
                0x20003848        0x4 build/timers.o
 .bss.pxOverflowTimerList
                0x2000384c        0x4 build/timers.o
 .bss.xTimerQueue
                0x20003850        0x4 build/timers.o
 .bss.xTimerTaskHandle
                0x20003854        0x4 build/timers.o
 .bss.xLastTime.2
                0x20003858        0x4 build/timers.o
 .bss.ucStaticTimerQueueStorage.1
                0x2000385c       0xa0 build/timers.o
 .bss.xStaticTimerQueue.0
                0x200038fc       0x50 build/timers.o
 .bss.KernelState
                0x2000394c        0x4 build/cmsis_os2.o
 .bss.Idle_TCB  0x20003950       0x5c build/cmsis_os2.o
 .bss.Idle_Stack
                0x200039ac      0x200 build/cmsis_os2.o
 .bss.Timer_TCB
                0x20003bac       0x5c build/cmsis_os2.o
 .bss.Timer_Stack
                0x20003c08      0x400 build/cmsis_os2.o
 .bss.ucHeap    0x20004008     0x7d00 build/heap_4.o
 .bss.xStart    0x2000bd08        0x8 build/heap_4.o
 .bss.pxEnd     0x2000bd10        0x4 build/heap_4.o
 .bss.xFreeBytesRemaining
                0x2000bd14        0x4 build/heap_4.o
 .bss.xMinimumEverFreeBytesRemaining
                0x2000bd18        0x4 build/heap_4.o
 .bss.xBlockAllocatedBit
                0x2000bd1c        0x4 build/heap_4.o
 .bss.ucMaxSysCallPriority
                0x2000bd20        0x1 build/port.o
 *fill*         0x2000bd21        0x3 
 .bss.ulMaxPRIGROUPValue
                0x2000bd24        0x4 build/port.o
 .bss.tcpip_init_done
                0x2000bd28        0x4 build/tcpip.o
 .bss.tcpip_init_done_arg
                0x2000bd2c        0x4 build/tcpip.o
 .bss.mbox      0x2000bd30        0x4 build/tcpip.o
 .bss.lock_tcpip_core
                0x2000bd34        0x4 build/tcpip.o
                0x2000bd34                lock_tcpip_core
 .bss.ip_data   0x2000bd38       0x18 build/ip.o
                0x2000bd38                ip_data
 .bss.ram_heap  0x2000bd50      0x653 build/mem.o
                0x2000bd50                ram_heap
 *fill*         0x2000c3a3        0x1 
 .bss.ram       0x2000c3a4        0x4 build/mem.o
 .bss.ram_end   0x2000c3a8        0x4 build/mem.o
 .bss.lfree     0x2000c3ac        0x4 build/mem.o
 .bss.mem_mutex
                0x2000c3b0        0x4 build/mem.o
 .bss.memp_memory_UDP_PCB_base
                0x2000c3b4       0x83 build/memp.o
                0x2000c3b4                memp_memory_UDP_PCB_base
 *fill*         0x2000c437        0x1 
 .bss.memp_tab_UDP_PCB
                0x2000c438        0x4 build/memp.o
 .bss.memp_memory_TCP_PCB_base
                0x2000c43c      0x2fb build/memp.o
                0x2000c43c                memp_memory_TCP_PCB_base
 *fill*         0x2000c737        0x1 
 .bss.memp_tab_TCP_PCB
                0x2000c738        0x4 build/memp.o
 .bss.memp_memory_TCP_PCB_LISTEN_base
                0x2000c73c       0xe3 build/memp.o
                0x2000c73c                memp_memory_TCP_PCB_LISTEN_base
 *fill*         0x2000c81f        0x1 
 .bss.memp_tab_TCP_PCB_LISTEN
                0x2000c820        0x4 build/memp.o
 .bss.memp_memory_TCP_SEG_base
                0x2000c824      0x103 build/memp.o
                0x2000c824                memp_memory_TCP_SEG_base
 *fill*         0x2000c927        0x1 
 .bss.memp_tab_TCP_SEG
                0x2000c928        0x4 build/memp.o
 .bss.memp_memory_REASSDATA_base
                0x2000c92c       0xa3 build/memp.o
                0x2000c92c                memp_memory_REASSDATA_base
 *fill*         0x2000c9cf        0x1 
 .bss.memp_tab_REASSDATA
                0x2000c9d0        0x4 build/memp.o
 .bss.memp_memory_FRAG_PBUF_base
                0x2000c9d4      0x16b build/memp.o
                0x2000c9d4                memp_memory_FRAG_PBUF_base
 *fill*         0x2000cb3f        0x1 
 .bss.memp_tab_FRAG_PBUF
                0x2000cb40        0x4 build/memp.o
 .bss.memp_memory_NETBUF_base
                0x2000cb44       0x23 build/memp.o
                0x2000cb44                memp_memory_NETBUF_base
 *fill*         0x2000cb67        0x1 
 .bss.memp_tab_NETBUF
                0x2000cb68        0x4 build/memp.o
 .bss.memp_memory_NETCONN_base
                0x2000cb6c       0xb3 build/memp.o
                0x2000cb6c                memp_memory_NETCONN_base
 *fill*         0x2000cc1f        0x1 
 .bss.memp_tab_NETCONN
                0x2000cc20        0x4 build/memp.o
 .bss.memp_memory_TCPIP_MSG_API_base
                0x2000cc24       0x83 build/memp.o
                0x2000cc24                memp_memory_TCPIP_MSG_API_base
 *fill*         0x2000cca7        0x1 
 .bss.memp_tab_TCPIP_MSG_API
                0x2000cca8        0x4 build/memp.o
 .bss.memp_memory_TCPIP_MSG_INPKT_base
                0x2000ccac       0x83 build/memp.o
                0x2000ccac                memp_memory_TCPIP_MSG_INPKT_base
 *fill*         0x2000cd2f        0x1 
 .bss.memp_tab_TCPIP_MSG_INPKT
                0x2000cd30        0x4 build/memp.o
 .bss.memp_memory_SYS_TIMEOUT_base
                0x2000cd34       0x33 build/memp.o
                0x2000cd34                memp_memory_SYS_TIMEOUT_base
 *fill*         0x2000cd67        0x1 
 .bss.memp_tab_SYS_TIMEOUT
                0x2000cd68        0x4 build/memp.o
 .bss.memp_memory_PBUF_base
                0x2000cd6c      0x103 build/memp.o
                0x2000cd6c                memp_memory_PBUF_base
 *fill*         0x2000ce6f        0x1 
 .bss.memp_tab_PBUF
                0x2000ce70        0x4 build/memp.o
 .bss.memp_memory_PBUF_POOL_base
                0x2000ce74     0x2603 build/memp.o
                0x2000ce74                memp_memory_PBUF_POOL_base
 *fill*         0x2000f477        0x1 
 .bss.memp_tab_PBUF_POOL
                0x2000f478        0x4 build/memp.o
 .bss.netif_list
                0x2000f47c        0x4 build/netif.o
                0x2000f47c                netif_list
 .bss.netif_default
                0x2000f480        0x4 build/netif.o
                0x2000f480                netif_default
 .bss.netif_num