Archive member included to satisfy reference by file (symbol)

c:/vsarm/armcc/10 2021.10/bin/../lib/gcc/arm-none-eabi/10.3.1/../../../../arm-none-eabi/lib/thumb/v7-m/nofp\libc_nano.a(lib_a-exit.o)
                              c:/vsarm/armcc/10 2021.10/bin/../lib/gcc/arm-none-eabi/10.3.1/../../../../arm-none-eabi/lib/thumb/v7-m/nofp/crt0.o (exit)
c:/vsarm/armcc/10 2021.10/bin/../lib/gcc/arm-none-eabi/10.3.1/../../../../arm-none-eabi/lib/thumb/v7-m/nofp\libc_nano.a(lib_a-impure.o)
                              c:/vsarm/armcc/10 2021.10/bin/../lib/gcc/arm-none-eabi/10.3.1/../../../../arm-none-eabi/lib/thumb/v7-m/nofp\libc_nano.a(lib_a-exit.o) (_global_impure_ptr)
c:/vsarm/armcc/10 2021.10/bin/../lib/gcc/arm-none-eabi/10.3.1/../../../../arm-none-eabi/lib/thumb/v7-m/nofp\libc_nano.a(lib_a-init.o)
                              c:/vsarm/armcc/10 2021.10/bin/../lib/gcc/arm-none-eabi/10.3.1/../../../../arm-none-eabi/lib/thumb/v7-m/nofp/crt0.o (__libc_init_array)
c:/vsarm/armcc/10 2021.10/bin/../lib/gcc/arm-none-eabi/10.3.1/../../../../arm-none-eabi/lib/thumb/v7-m/nofp\libc_nano.a(lib_a-memcmp.o)
                              build/ethernet.o (memcmp)
c:/vsarm/armcc/10 2021.10/bin/../lib/gcc/arm-none-eabi/10.3.1/../../../../arm-none-eabi/lib/thumb/v7-m/nofp\libc_nano.a(lib_a-memcpy-stub.o)
                              build/ethernetif.o (memcpy)
c:/vsarm/armcc/10 2021.10/bin/../lib/gcc/arm-none-eabi/10.3.1/../../../../arm-none-eabi/lib/thumb/v7-m/nofp\libc_nano.a(lib_a-memset.o)
                              c:/vsarm/armcc/10 2021.10/bin/../lib/gcc/arm-none-eabi/10.3.1/../../../../arm-none-eabi/lib/thumb/v7-m/nofp/crt0.o (memset)
c:/vsarm/armcc/10 2021.10/bin/../lib/gcc/arm-none-eabi/10.3.1/../../../../arm-none-eabi/lib/thumb/v7-m/nofp\libc_nano.a(lib_a-printf.o)
                              build/ethernetif.o (printf)
c:/vsarm/armcc/10 2021.10/bin/../lib/gcc/arm-none-eabi/10.3.1/../../../../arm-none-eabi/lib/thumb/v7-m/nofp\libc_nano.a(lib_a-strlen.o)
                              build/def.o (strlen)
c:/vsarm/armcc/10 2021.10/bin/../lib/gcc/arm-none-eabi/10.3.1/../../../../arm-none-eabi/lib/thumb/v7-m/nofp\libc_nano.a(lib_a-strncmp.o)
                              build/def.o (strncmp)
c:/vsarm/armcc/10 2021.10/bin/../lib/gcc/arm-none-eabi/10.3.1/../../../../arm-none-eabi/lib/thumb/v7-m/nofp\libc_nano.a(lib_a-findfp.o)
                              c:/vsarm/armcc/10 2021.10/bin/../lib/gcc/arm-none-eabi/10.3.1/../../../../arm-none-eabi/lib/thumb/v7-m/nofp\libc_nano.a(lib_a-printf.o) (__sinit)
c:/vsarm/armcc/10 2021.10/bin/../lib/gcc/arm-none-eabi/10.3.1/../../../../arm-none-eabi/lib/thumb/v7-m/nofp\libc_nano.a(lib_a-fwalk.o)
                              c:/vsarm/armcc/10 2021.10/bin/../lib/gcc/arm-none-eabi/10.3.1/../../../../arm-none-eabi/lib/thumb/v7-m/nofp\libc_nano.a(lib_a-findfp.o) (_fwalk)
c:/vsarm/armcc/10 2021.10/bin/../lib/gcc/arm-none-eabi/10.3.1/../../../../arm-none-eabi/lib/thumb/v7-m/nofp\libc_nano.a(lib_a-lock.o)
                              c:/vsarm/armcc/10 2021.10/bin/../lib/gcc/arm-none-eabi/10.3.1/../../../../arm-none-eabi/lib/thumb/v7-m/nofp\libc_nano.a(lib_a-findfp.o) (__retarget_lock_init_recursive)
c:/vsarm/armcc/10 2021.10/bin/../lib/gcc/arm-none-eabi/10.3.1/../../../../arm-none-eabi/lib/thumb/v7-m/nofp\libc_nano.a(lib_a-nano-mallocr.o)
                              c:/vsarm/armcc/10 2021.10/bin/../lib/gcc/arm-none-eabi/10.3.1/../../../../arm-none-eabi/lib/thumb/v7-m/nofp\libc_nano.a(lib_a-findfp.o) (_malloc_r)
c:/vsarm/armcc/10 2021.10/bin/../lib/gcc/arm-none-eabi/10.3.1/../../../../arm-none-eabi/lib/thumb/v7-m/nofp\libc_nano.a(lib_a-nano-vfprintf.o)
                              c:/vsarm/armcc/10 2021.10/bin/../lib/gcc/arm-none-eabi/10.3.1/../../../../arm-none-eabi/lib/thumb/v7-m/nofp\libc_nano.a(lib_a-printf.o) (_vfprintf_r)
c:/vsarm/armcc/10 2021.10/bin/../lib/gcc/arm-none-eabi/10.3.1/../../../../arm-none-eabi/lib/thumb/v7-m/nofp\libc_nano.a(lib_a-nano-vfprintf_i.o)
                              c:/vsarm/armcc/10 2021.10/bin/../lib/gcc/arm-none-eabi/10.3.1/../../../../arm-none-eabi/lib/thumb/v7-m/nofp\libc_nano.a(lib_a-nano-vfprintf.o) (_printf_i)
c:/vsarm/armcc/10 2021.10/bin/../lib/gcc/arm-none-eabi/10.3.1/../../../../arm-none-eabi/lib/thumb/v7-m/nofp\libc_nano.a(lib_a-sbrkr.o)
                              c:/vsarm/armcc/10 2021.10/bin/../lib/gcc/arm-none-eabi/10.3.1/../../../../arm-none-eabi/lib/thumb/v7-m/nofp\libc_nano.a(lib_a-nano-mallocr.o) (_sbrk_r)
c:/vsarm/armcc/10 2021.10/bin/../lib/gcc/arm-none-eabi/10.3.1/../../../../arm-none-eabi/lib/thumb/v7-m/nofp\libc_nano.a(lib_a-stdio.o)
                              c:/vsarm/armcc/10 2021.10/bin/../lib/gcc/arm-none-eabi/10.3.1/../../../../arm-none-eabi/lib/thumb/v7-m/nofp\libc_nano.a(lib_a-findfp.o) (__sread)
c:/vsarm/armcc/10 2021.10/bin/../lib/gcc/arm-none-eabi/10.3.1/../../../../arm-none-eabi/lib/thumb/v7-m/nofp\libc_nano.a(lib_a-wbuf.o)
[...]
Memory Configuration

Name             Origin             Length             Attributes
RAM              0x20000000         0x00020000         xrw
FLASH            0x08000000         0x00100000         xr
*default*        0x00000000         0xffffffff

Linker script and memory map

LOAD c:/vsarm/armcc/10 2021.10/bin/../lib/gcc/arm-none-eabi/10.3.1/thumb/v7-m/nofp/crti.o
LOAD c:/vsarm/armcc/10 2021.10/bin/../lib/gcc/arm-none-eabi/10.3.1/thumb/v7-m/nofp/crtbegin.o
LOAD c:/vsarm/armcc/10 2021.10/bin/../lib/gcc/arm-none-eabi/10.3.1/../../../../arm-none-eabi/lib/thumb/v7-m/nofp/crt0.o
LOAD build/main.o
LOAD build/telnet_server.o
LOAD build/freertos.o
LOAD build/stm32f2xx_it.o
LOAD build/stm32f2xx_hal_msp.o
LOAD build/stm32f2xx_hal_timebase_tim.o
LOAD build/ethernetif.o
LOAD build/lwip.o
LOAD build/stm32f2xx_hal_eth.o
LOAD build/stm32f2xx_hal.o
LOAD build/stm32f2xx_hal_rcc.o
LOAD build/stm32f2xx_hal_rcc_ex.o
LOAD build/stm32f2xx_hal_cortex.o
LOAD build/stm32f2xx_hal_flash.o
LOAD build/stm32f2xx_hal_flash_ex.o
LOAD build/stm32f2xx_hal_pwr.o
LOAD build/stm32f2xx_hal_pwr_ex.o
LOAD build/stm32f2xx_hal_gpio.o
LOAD build/stm32f2xx_hal_dma.o
LOAD build/stm32f2xx_hal_dma_ex.o
LOAD build/stm32f2xx_hal_exti.o
LOAD build/stm32f2xx_hal_tim.o
LOAD build/stm32f2xx_hal_tim_ex.o
LOAD build/stm32f2xx_hal_uart.o
LOAD build/system_stm32f2xx.o
LOAD build/croutine.o
LOAD build/event_groups.o
LOAD build/list.o
LOAD build/queue.o
LOAD build/stream_buffer.o
LOAD build/tasks.o
LOAD build/timers.o
LOAD build/cmsis_os2.o
LOAD build/heap_4.o
LOAD build/port.o
LOAD build/auth.o
LOAD build/ccp.o
LOAD build/chap_ms.o
LOAD build/chap-md5.o
LOAD build/chap-new.o
LOAD build/demand.o
LOAD build/eap.o
LOAD build/eui64.o
LOAD build/fsm.o
LOAD build/ipcp.o
LOAD build/ipv6cp.o
LOAD build/lcp.o
LOAD build/magic.o
LOAD build/mppe.o
LOAD build/multilink.o
LOAD build/ppp.o
LOAD build/pppapi.o
LOAD build/pppcrypt.o
LOAD build/pppoe.o
LOAD build/pppol2tp.o
LOAD build/pppos.o
LOAD build/upap.o
LOAD build/utils.o
LOAD build/vj.o
LOAD build/ethernet.o
LOAD build/slipif.o
LOAD build/lowpan6.o
LOAD build/ecp.o
LOAD build/api_lib.o
LOAD build/api_msg.o
LOAD build/err.o
LOAD build/netbuf.o
LOAD build/netdb.o
LOAD build/netifapi.o
LOAD build/sockets.o
LOAD build/tcpip.o
LOAD build/def.o
LOAD build/dns.o
LOAD build/inet_chksum.o
LOAD build/init.o
LOAD build/ip.o
LOAD build/mem.o
LOAD build/memp.o
LOAD build/netif.o
LOAD build/pbuf.o
LOAD build/raw.o
LOAD build/stats.o
LOAD build/sys.o
LOAD build/tcp.o
LOAD build/tcp_in.o
LOAD build/tcp_out.o
LOAD build/timeouts.o
LOAD build/udp.o
LOAD build/autoip.o
LOAD build/dhcp.o
LOAD build/etharp.o
LOAD build/icmp.o
LOAD build/igmp.o
LOAD build/ip4.o
LOAD build/ip4_addr.o
LOAD build/ip4_frag.o
LOAD build/dhcp6.o
LOAD build/ethip6.o
LOAD build/icmp6.o
LOAD build/inet6.o
LOAD build/ip6.o
LOAD build/ip6_addr.o
LOAD build/ip6_frag.o
LOAD build/mld6.o
LOAD build/nd6.o
LOAD build/sys_arch.o
LOAD build/mqtt.o
LOAD build/startup_stm32f207xx.o
LOAD c:/vsarm/armcc/10 2021.10/bin/../lib/gcc/arm-none-eabi/10.3.1/../../../../arm-none-eabi/lib/thumb/v7-m/nofp\libc_nano.a
LOAD c:/vsarm/armcc/10 2021.10/bin/../lib/gcc/arm-none-eabi/10.3.1/../../../../arm-none-eabi/lib/thumb/v7-m/nofp\libm.a
LOAD c:/vsarm/armcc/10 2021.10/bin/../lib/gcc/arm-none-eabi/10.3.1/../../../../arm-none-eabi/lib/thumb/v7-m/nofp\libnosys.a
START GROUP
LOAD c:/vsarm/armcc/10 2021.10/bin/../lib/gcc/arm-none-eabi/10.3.1/thumb/v7-m/nofp\libgcc.a
LOAD c:/vsarm/armcc/10 2021.10/bin/../lib/gcc/arm-none-eabi/10.3.1/../../../../arm-none-eabi/lib/thumb/v7-m/nofp\libc_nano.a
END GROUP
START GROUP
LOAD c:/vsarm/armcc/10 2021.10/bin/../lib/gcc/arm-none-eabi/10.3.1/thumb/v7-m/nofp\libgcc.a
LOAD c:/vsarm/armcc/10 2021.10/bin/../lib/gcc/arm-none-eabi/10.3.1/../../../../arm-none-eabi/lib/thumb/v7-m/nofp\libc_nano.a
END GROUP
LOAD c:/vsarm/armcc/10 2021.10/bin/../lib/gcc/arm-none-eabi/10.3.1/thumb/v7-m/nofp/crtend.o
LOAD c:/vsarm/armcc/10 2021.10/bin/../lib/gcc/arm-none-eabi/10.3.1/thumb/v7-m/nofp/crtn.o
                0x20020000                _estack = (ORIGIN (RAM) + LENGTH (RAM))
                0x00002000                _Min_Heap_Size = 0x2000
                0x00004000                _Min_Stack_Size = 0x4000

.isr_vector     0x08000000      0x184
                0x08000000                . = ALIGN (0x4)
 *(.isr_vector)
 .isr_vector    0x08000000      0x184 build/startup_stm32f207xx.o
                0x08000000                g_pfnVectors
                0x08000184                . = ALIGN (0x4)

.text           0x08000190    0x150e0
                0x08000190                . = ALIGN (0x4)
 *(.text)
 .text          0x08000190       0x40 c:/vsarm/armcc/10 2021.10/bin/../lib/gcc/arm-none-eabi/10.3.1/thumb/v7-m/nofp/crtbegin.o
 .text          0x080001d0       0x30 c:/vsarm/armcc/10 2021.10/bin/../lib/gcc/arm-none-eabi/10.3.1/thumb/v7-m/nofp\libgcc.a(_aeabi_uldivmod.o)
                0x080001d0                __aeabi_uldivmod
 .text          0x08000200      0x2d4 c:/vsarm/armcc/10 2021.10/bin/../lib/gcc/arm-none-eabi/10.3.1/thumb/v7-m/nofp\libgcc.a(_udivmoddi4.o)
                0x08000200                __udivmoddi4
 .text          0x080004d4        0x4 c:/vsarm/armcc/10 2021.10/bin/../lib/gcc/arm-none-eabi/10.3.1/thumb/v7-m/nofp\libgcc.a(_dvmd_tls.o)
                0x080004d4                __aeabi_idiv0
                0x080004d4                __aeabi_ldiv0
 *(.text*)
 .text.TNreceiver_callback
                0x080004d8       0x16 build/main.o
 .text.TNcommand_callback
                0x080004ee       0x16 build/main.o
 .text.main     0x08000504       0x3c build/main.o
                0x08000504                main
 .text.SystemClock_Config
                0x08000540       0x8c build/main.o
                0x08000540                SystemClock_Config
 .text.MX_USART3_UART_Init
                0x080005cc       0x54 build/main.o
 .text.MX_GPIO_Init
                0x08000620      0x118 build/main.o
 .text.StartDefaultTask
                0x08000738       0x28 build/main.o
                0x08000738                StartDefaultTask
 .text.HAL_TIM_PeriodElapsedCallback
                0x08000760       0x24 build/main.o
                0x08000760                HAL_TIM_PeriodElapsedCallback
 .text.Error_Handler
                0x08000784        0xa build/main.o
                0x08000784                Error_Handler
 *fill*         0x0800078e        0x2 
 .text.telnet_create
                0x08000790       0xc8 build/telnet_server.o
                0x08000790                telnet_create
 .text.netconn_cb
                0x08000858       0x58 build/telnet_server.o
 .text.wrt_task
                0x080008b0      0x180 build/telnet_server.o
 .text.rcv_task
                0x08000a30       0x78 build/telnet_server.o
 .text.process_incoming_bytes
                0x08000aa8      0x188 build/telnet_server.o
 .text.NMI_Handler
                0x08000c30        0x6 build/stm32f2xx_it.o
                0x08000c30                NMI_Handler
 .text.HardFault_Handler
                0x08000c36        0x6 build/stm32f2xx_it.o
                0x08000c36                HardFault_Handler
 .text.MemManage_Handler
                0x08000c3c        0x6 build/stm32f2xx_it.o
                0x08000c3c                MemManage_Handler
 .text.BusFault_Handler
                0x08000c42        0x6 build/stm32f2xx_it.o
                0x08000c42                BusFault_Handler
 .text.UsageFault_Handler
                0x08000c48        0x6 build/stm32f2xx_it.o
                0x08000c48                UsageFault_Handler
 .text.DebugMon_Handler
                0x08000c4e        0xc build/stm32f2xx_it.o
                0x08000c4e                DebugMon_Handler
 *fill*         0x08000c5a        0x2 
 .text.TIM4_IRQHandler
                0x08000c5c       0x14 build/stm32f2xx_it.o
                0x08000c5c                TIM4_IRQHandler
 .text.ETH_IRQHandler
                0x08000c70       0x14 build/stm32f2xx_it.o
                0x08000c70                ETH_IRQHandler
 .text.HAL_MspInit
                0x08000c84       0x58 build/stm32f2xx_hal_msp.o
                0x08000c84                HAL_MspInit
 .text.HAL_UART_MspInit
                0x08000cdc       0x90 build/stm32f2xx_hal_msp.o
                0x08000cdc                HAL_UART_MspInit
 .text.HAL_InitTick
                0x08000d6c       0xf8 build/stm32f2xx_hal_timebase_tim.o
                0x08000d6c                HAL_InitTick
 .text.HAL_ETH_MspInit
                0x08000e64      0x19c build/ethernetif.o
                0x08000e64                HAL_ETH_MspInit
 .text.HAL_ETH_RxCpltCallback
                0x08001000       0x20 build/ethernetif.o
                0x08001000                HAL_ETH_RxCpltCallback
 .text.low_level_init
                0x08001020      0x1a8 build/ethernetif.o
 .text.low_level_output
                0x080011c8      0x13c build/ethernetif.o
 .text.low_level_input
                0x08001304      0x164 build/ethernetif.o
 .text.ethernetif_input
                0x08001468       0x60 build/ethernetif.o
                0x08001468                ethernetif_input
 .text.ethernetif_init
                0x080014c8       0x5c build/ethernetif.o
                0x080014c8                ethernetif_init
 .text.sys_now  0x08001524        0xe build/ethernetif.o
                0x08001524                sys_now
 *fill*         0x08001532        0x2 
 .text.ethernetif_set_link
                0x08001534       0x78 build/ethernetif.o
                0x08001534                ethernetif_set_link
 .text.ethernetif_update_config
                0x080015ac       0xf8 build/ethernetif.o
                0x080015ac                ethernetif_update_config
 .text.ethernetif_notify_conn_changed
                0x080016a4       0x12 build/ethernetif.o
                0x080016a4                ethernetif_notify_conn_changed
 *fill*         0x080016b6        0x2 
 .text.MX_LWIP_Init
                0x080016b8      0x2c4 build/lwip.o
                0x080016b8                MX_LWIP_Init
 .text.HAL_ETH_Init
                0x0800197c      0x318 build/stm32f2xx_hal_eth.o
                0x0800197c                HAL_ETH_Init
 .text.HAL_ETH_DMATxDescListInit
                0x08001c94       0xce build/stm32f2xx_hal_eth.o
                0x08001c94                HAL_ETH_DMATxDescListInit
 .text.HAL_ETH_DMARxDescListInit
                0x08001d62       0xd6 build/stm32f2xx_hal_eth.o
                0x08001d62                HAL_ETH_DMARxDescListInit
 .text.HAL_ETH_TransmitFrame
                0x08001e38      0x1d0 build/stm32f2xx_hal_eth.o
                0x08001e38                HAL_ETH_TransmitFrame
 .text.HAL_ETH_GetReceivedFrame_IT
                0x08002008      0x10e build/stm32f2xx_hal_eth.o
                0x08002008                HAL_ETH_GetReceivedFrame_IT
 .text.HAL_ETH_IRQHandler
                0x08002116       0xc8 build/stm32f2xx_hal_eth.o
                0x08002116                HAL_ETH_IRQHandler
 .text.HAL_ETH_TxCpltCallback
                0x080021de       0x12 build/stm32f2xx_hal_eth.o
                0x080021de                HAL_ETH_TxCpltCallback
 .text.HAL_ETH_ErrorCallback
                0x080021f0       0x12 build/stm32f2xx_hal_eth.o
                0x080021f0                HAL_ETH_ErrorCallback
 .text.HAL_ETH_ReadPHYRegister
                0x08002202       0xd0 build/stm32f2xx_hal_eth.o
                0x08002202                HAL_ETH_ReadPHYRegister
 .text.HAL_ETH_WritePHYRegister
                0x080022d2       0xcc build/stm32f2xx_hal_eth.o
                0x080022d2                HAL_ETH_WritePHYRegister
 .text.HAL_ETH_Start
                0x0800239e       0x5e build/stm32f2xx_hal_eth.o
                0x0800239e                HAL_ETH_Start
 .text.HAL_ETH_Stop
                0x080023fc       0x5e build/stm32f2xx_hal_eth.o
                0x080023fc                HAL_ETH_Stop
 *fill*         0x0800245a        0x2 
 .text.HAL_ETH_ConfigMAC
                0x0800245c      0x1f4 build/stm32f2xx_hal_eth.o
                0x0800245c                HAL_ETH_ConfigMAC
 .text.ETH_MACDMAConfig
                0x08002650      0x38c build/stm32f2xx_hal_eth.o
 .text.ETH_MACAddressConfig
                0x080029dc       0x6c build/stm32f2xx_hal_eth.o
 .text.ETH_MACTransmissionEnable
                0x08002a48       0x3a build/stm32f2xx_hal_eth.o
 .text.ETH_MACTransmissionDisable
                0x08002a82       0x3a build/stm32f2xx_hal_eth.o
 .text.ETH_MACReceptionEnable
                0x08002abc       0x3a build/stm32f2xx_hal_eth.o
 .text.ETH_MACReceptionDisable
                0x08002af6       0x3a build/stm32f2xx_hal_eth.o
 .text.ETH_DMATransmissionEnable
                0x08002b30       0x2a build/stm32f2xx_hal_eth.o
 .text.ETH_DMATransmissionDisable
                0x08002b5a       0x2a build/stm32f2xx_hal_eth.o
 .text.ETH_DMAReceptionEnable
                0x08002b84       0x2a build/stm32f2xx_hal_eth.o
 .text.ETH_DMAReceptionDisable
                0x08002bae       0x2a build/stm32f2xx_hal_eth.o
 .text.ETH_FlushTransmitFIFO
                0x08002bd8       0x4a build/stm32f2xx_hal_eth.o
 *fill*         0x08002c22        0x2 
 .text.ETH_Delay
                0x08002c24       0x3c build/stm32f2xx_hal_eth.o
 .text.HAL_Init
                0x08002c60       0x44 build/stm32f2xx_hal.o
                0x08002c60                HAL_Init
 .text.HAL_IncTick
                0x08002ca4       0x24 build/stm32f2xx_hal.o
                0x08002ca4                HAL_IncTick
 .text.HAL_GetTick
                0x08002cc8       0x14 build/stm32f2xx_hal.o
                0x08002cc8                HAL_GetTick
 .text.HAL_Delay
                0x08002cdc       0x48 build/stm32f2xx_hal.o
                0x08002cdc                HAL_Delay
 .text.HAL_RCC_OscConfig
                0x08002d24      0x49c build/stm32f2xx_hal_rcc.o
                0x08002d24                HAL_RCC_OscConfig
 .text.HAL_RCC_ClockConfig
                0x080031c0      0x1d8 build/stm32f2xx_hal_rcc.o
                0x080031c0                HAL_RCC_ClockConfig
 .text.HAL_RCC_GetSysClockFreq
                0x08003398      0x218 build/stm32f2xx_hal_rcc.o
                0x08003398                HAL_RCC_GetSysClockFreq
 .text.HAL_RCC_GetHCLKFreq
                0x080035b0       0x14 build/stm32f2xx_hal_rcc.o
                0x080035b0                HAL_RCC_GetHCLKFreq
 .text.HAL_RCC_GetPCLK1Freq
                0x080035c4       0x44 build/stm32f2xx_hal_rcc.o
                0x080035c4                HAL_RCC_GetPCLK1Freq
 .text.HAL_RCC_GetPCLK2Freq
                0x08003608       0x44 build/stm32f2xx_hal_rcc.o
                0x08003608                HAL_RCC_GetPCLK2Freq
 .text.HAL_RCC_GetClockConfig
                0x0800364c       0x60 build/stm32f2xx_hal_rcc.o
                0x0800364c                HAL_RCC_GetClockConfig
 .text.__NVIC_SetPriorityGrouping
                0x080036ac       0x48 build/stm32f2xx_hal_cortex.o
 .text.__NVIC_GetPriorityGrouping
                0x080036f4       0x1c build/stm32f2xx_hal_cortex.o
 .text.__NVIC_EnableIRQ
                0x08003710       0x38 build/stm32f2xx_hal_cortex.o
 .text.__NVIC_SetPriority
                0x08003748       0x54 build/stm32f2xx_hal_cortex.o
 .text.NVIC_EncodePriority
                0x0800379c       0x64 build/stm32f2xx_hal_cortex.o
 .text.HAL_NVIC_SetPriorityGrouping
                0x08003800       0x16 build/stm32f2xx_hal_cortex.o
                0x08003800                HAL_NVIC_SetPriorityGrouping
 .text.HAL_NVIC_SetPriority
                0x08003816       0x38 build/stm32f2xx_hal_cortex.o
                0x08003816                HAL_NVIC_SetPriority
 .text.HAL_NVIC_EnableIRQ
                0x0800384e       0x1c build/stm32f2xx_hal_cortex.o
                0x0800384e                HAL_NVIC_EnableIRQ
 *fill*         0x0800386a        0x2 
 .text.HAL_GPIO_Init
                0x0800386c      0x33c build/stm32f2xx_hal_gpio.o
                0x0800386c                HAL_GPIO_Init
 .text.HAL_GPIO_WritePin
                0x08003ba8       0x30 build/stm32f2xx_hal_gpio.o
                0x08003ba8                HAL_GPIO_WritePin
 .text.HAL_TIM_Base_Init
                0x08003bd8       0x9e build/stm32f2xx_hal_tim.o
                0x08003bd8                HAL_TIM_Base_Init
 .text.HAL_TIM_Base_MspInit
                0x08003c76       0x12 build/stm32f2xx_hal_tim.o
                0x08003c76                HAL_TIM_Base_MspInit
 .text.HAL_TIM_Base_Start_IT
                0x08003c88       0xdc build/stm32f2xx_hal_tim.o
                0x08003c88                HAL_TIM_Base_Start_IT
 .text.HAL_TIM_IRQHandler
                0x08003d64      0x210 build/stm32f2xx_hal_tim.o
                0x08003d64                HAL_TIM_IRQHandler
 .text.HAL_TIM_OC_DelayElapsedCallback
                0x08003f74       0x12 build/stm32f2xx_hal_tim.o
                0x08003f74                HAL_TIM_OC_DelayElapsedCallback
 .text.HAL_TIM_IC_CaptureCallback
                0x08003f86       0x12 build/stm32f2xx_hal_tim.o
                0x08003f86                HAL_TIM_IC_CaptureCallback
 .text.HAL_TIM_PWM_PulseFinishedCallback
                0x08003f98       0x12 build/stm32f2xx_hal_tim.o
                0x08003f98                HAL_TIM_PWM_PulseFinishedCallback
 .text.HAL_TIM_TriggerCallback
                0x08003faa       0x12 build/stm32f2xx_hal_tim.o
                0x08003faa                HAL_TIM_TriggerCallback
 .text.TIM_Base_SetConfig
                0x08003fbc      0x13c build/stm32f2xx_hal_tim.o
                0x08003fbc                TIM_Base_SetConfig
 .text.HAL_TIMEx_CommutCallback
                0x080040f8       0x12 build/stm32f2xx_hal_tim_ex.o
                0x080040f8                HAL_TIMEx_CommutCallback
 .text.HAL_TIMEx_BreakCallback
                0x0800410a       0x12 build/stm32f2xx_hal_tim_ex.o
                0x0800410a                HAL_TIMEx_BreakCallback
 .text.HAL_UART_Init
                0x0800411c       0x9a build/stm32f2xx_hal_uart.o
                0x0800411c                HAL_UART_Init
 *fill*         0x080041b6        0x2 
 .text.UART_SetConfig
                0x080041b8      0x1d4 build/stm32f2xx_hal_uart.o
 .text.SystemInit
                0x0800438c        0xc build/system_stm32f2xx.o
                0x0800438c                SystemInit
 .text.vListInitialise
                0x08004398       0x3e build/list.o
                0x08004398                vListInitialise
 .text.vListInitialiseItem
                0x080043d6       0x18 build/list.o
                0x080043d6                vListInitialiseItem
 .text.vListInsertEnd
                0x080043ee       0x46 build/list.o
                0x080043ee                vListInsertEnd
 .text.vListInsert
                0x08004434       0x70 build/list.o
                0x08004434                vListInsert
 .text.uxListRemove
                0x080044a4       0x52 build/list.o
                0x080044a4                uxListRemove
 *fill*         0x080044f6        0x2 
 .text.xQueueGenericReset
                0x080044f8       0xd0 build/queue.o
                0x080044f8                xQueueGenericReset
 .text.xQueueGenericCreateStatic
                0x080045c8       0xee build/queue.o
                0x080045c8                xQueueGenericCreateStatic
 .text.xQueueGenericCreate
                0x080046b6       0x7c build/queue.o
                0x080046b6                xQueueGenericCreate
 .text.prvInitialiseNewQueue
                0x08004732       0x46 build/queue.o
 .text.prvInitialiseMutex
                0x08004778       0x34 build/queue.o
 .text.xQueueCreateMutex
                0x080047ac       0x30 build/queue.o
                0x080047ac                xQueueCreateMutex
 .text.xQueueCreateMutexStatic
                0x080047dc       0x36 build/queue.o
                0x080047dc                xQueueCreateMutexStatic
 .text.xQueueGiveMutexRecursive
                0x08004812       0x68 build/queue.o
                0x08004812                xQueueGiveMutexRecursive
 .text.xQueueTakeMutexRecursive
                0x0800487a       0x6c build/queue.o
                0x0800487a                xQueueTakeMutexRecursive
 .text.xQueueCreateCountingSemaphoreStatic
                0x080048e6       0x6e build/queue.o
                0x080048e6                xQueueCreateCountingSemaphoreStatic
 .text.xQueueCreateCountingSemaphore
                0x08004954       0x66 build/queue.o
                0x08004954                xQueueCreateCountingSemaphore
 *fill*         0x080049ba        0x2 
 .text.xQueueGenericSend
                0x080049bc      0x1fc build/queue.o
                0x080049bc                xQueueGenericSend
 .text.xQueueGenericSendFromISR
                0x08004bb8      0x130 build/queue.o
                0x08004bb8                xQueueGenericSendFromISR
 .text.xQueueGiveFromISR
                0x08004ce8      0x11a build/queue.o
                0x08004ce8                xQueueGiveFromISR
 *fill*         0x08004e02        0x2 
 .text.xQueueReceive
                0x08004e04      0x1c0 build/queue.o
                0x08004e04                xQueueReceive
 .text.xQueueSemaphoreTake
                0x08004fc4      0x218 build/queue.o
                0x08004fc4                xQueueSemaphoreTake
 .text.xQueueReceiveFromISR
                0x080051dc      0x100 build/queue.o
                0x080051dc                xQueueReceiveFromISR
 .text.uxQueueMessagesWaiting
                0x080052dc       0x3c build/queue.o
                0x080052dc                uxQueueMessagesWaiting
 .text.uxQueueMessagesWaitingFromISR
                0x08005318       0x36 build/queue.o
                0x08005318                uxQueueMessagesWaitingFromISR
 .text.vQueueDelete
                0x0800534e       0x46 build/queue.o
                0x0800534e                vQueueDelete
 .text.prvGetDisinheritPriorityAfterTimeout
                0x08005394       0x2e build/queue.o
 .text.prvCopyDataToQueue
                0x080053c2       0xd4 build/queue.o
 .text.prvCopyDataFromQueue
                0x08005496       0x4c build/queue.o
 .text.prvUnlockQueue
                0x080054e2       0xa4 build/queue.o
 .text.prvIsQueueEmpty
                0x08005586       0x2c build/queue.o
 .text.prvIsQueueFull
                0x080055b2       0x30 build/queue.o
 *fill*         0x080055e2        0x2 
 .text.vQueueAddToRegistry
                0x080055e4       0x50 build/queue.o
                0x080055e4                vQueueAddToRegistry
 .text.vQueueUnregisterQueue
                0x08005634       0x54 build/queue.o
                0x08005634                vQueueUnregisterQueue
 .text.vQueueWaitForMessageRestricted
                0x08005688       0x68 build/queue.o
                0x08005688                vQueueWaitForMessageRestricted
 .text.xTaskCreateStatic
                0x080056f0       0xb8 build/tasks.o
                0x080056f0                xTaskCreateStatic
 .text.xTaskCreate
                0x080057a8       0x8a build/tasks.o
                0x080057a8                xTaskCreate
 .text.prvInitialiseNewTask
                0x08005832      0x10e build/tasks.o
 .text.prvAddNewTaskToReadyList
                0x08005940       0xe0 build/tasks.o
 .text.vTaskDelay
                0x08005a20       0x68 build/tasks.o
                0x08005a20                vTaskDelay
 .text.vTaskStartScheduler
                0x08005a88       0xcc build/tasks.o
                0x08005a88                vTaskStartScheduler
 .text.vTaskSuspendAll
                0x08005b54       0x1c build/tasks.o
                0x08005b54                vTaskSuspendAll
 .text.xTaskResumeAll
                0x08005b70      0x13c build/tasks.o
                0x08005b70                xTaskResumeAll
 .text.xTaskGetTickCount
                0x08005cac       0x1c build/tasks.o
                0x08005cac                xTaskGetTickCount
 .text.xTaskGetTickCountFromISR
                0x08005cc8       0x24 build/tasks.o
                0x08005cc8                xTaskGetTickCountFromISR
 .text.xTaskIncrementTick
                0x08005cec      0x17c build/tasks.o
                0x08005cec                xTaskIncrementTick
 .text.vTaskSwitchContext
                0x08005e68       0xb8 build/tasks.o
                0x08005e68                vTaskSwitchContext
 .text.vTaskPlaceOnEventList
                0x08005f20       0x48 build/tasks.o
                0x08005f20                vTaskPlaceOnEventList
 .text.vTaskPlaceOnEventListRestricted
                0x08005f68       0x58 build/tasks.o
                0x08005f68                vTaskPlaceOnEventListRestricted
 .text.xTaskRemoveFromEventList
                0x08005fc0       0xc8 build/tasks.o
                0x08005fc0                xTaskRemoveFromEventList
 .text.vTaskInternalSetTimeOutState
                0x08006088       0x2c build/tasks.o
                0x08006088                vTaskInternalSetTimeOutState
 .text.xTaskCheckForTimeOut
                0x080060b4       0xc4 build/tasks.o
                0x080060b4                xTaskCheckForTimeOut
 .text.vTaskMissedYield
                0x08006178       0x18 build/tasks.o
                0x08006178                vTaskMissedYield
 .text.prvIdleTask
                0x08006190       0x30 build/tasks.o
 .text.prvInitialiseTaskLists
                0x080061c0       0x80 build/tasks.o
 .text.prvCheckTasksWaitingTermination
                0x08006240       0x5c build/tasks.o
 .text.prvDeleteTCB
                0x0800629c       0x5e build/tasks.o
 *fill*         0x080062fa        0x2 
 .text.prvResetNextTaskUnblockTime
                0x080062fc       0x48 build/tasks.o
 .text.xTaskGetCurrentTaskHandle
                0x08006344       0x1c build/tasks.o
                0x08006344                xTaskGetCurrentTaskHandle
 .text.xTaskGetSchedulerState
                0x08006360       0x3c build/tasks.o
                0x08006360                xTaskGetSchedulerState
 .text.xTaskPriorityInherit
                0x0800639c       0xdc build/tasks.o
                0x0800639c                xTaskPriorityInherit
 .text.xTaskPriorityDisinherit
                0x08006478       0xdc build/tasks.o
                0x08006478                xTaskPriorityDisinherit
 .text.vTaskPriorityDisinheritAfterTimeout
                0x08006554      0x10c build/tasks.o
                0x08006554                vTaskPriorityDisinheritAfterTimeout
 .text.pvTaskIncrementMutexHeldCount
                0x08006660       0x28 build/tasks.o
                0x08006660                pvTaskIncrementMutexHeldCount
 .text.prvAddCurrentTaskToDelayedList
                0x08006688       0xa8 build/tasks.o
 .text.xTimerCreateTimerTask
                0x08006730       0x90 build/timers.o
                0x08006730                xTimerCreateTimerTask
 .text.xTimerGenericCommand
                0x080067c0       0x9c build/timers.o
                0x080067c0                xTimerGenericCommand
 .text.prvProcessExpiredTimer
                0x0800685c       0x80 build/timers.o
 .text.prvTimerTask
                0x080068dc       0x24 build/timers.o
 .text.prvProcessTimerOrBlockTask
                0x08006900       0x9c build/timers.o
 .text.prvGetNextExpireTime
                0x0800699c       0x48 build/timers.o
 .text.prvSampleTimeNow
                0x080069e4       0x40 build/timers.o
 .text.prvInsertTimerInActiveList
                0x08006a24       0x84 build/timers.o
 .text.prvProcessReceivedCommands
                0x08006aa8      0x168 build/timers.o
 .text.prvSwitchTimerLists
                0x08006c10       0xc4 build/timers.o
 .text.prvCheckForValidListAndQueue
                0x08006cd4       0x80 build/timers.o
 .text.osKernelInitialize
                0x08006d54       0x64 build/cmsis_os2.o
                0x08006d54                osKernelInitialize
 .text.osKernelStart
                0x08006db8       0x68 build/cmsis_os2.o
                0x08006db8                osKernelStart
 .text.osKernelGetTickCount
                0x08006e20       0x50 build/cmsis_os2.o
                0x08006e20                osKernelGetTickCount
 .text.osThreadNew
                0x08006e70      0x154 build/cmsis_os2.o
                0x08006e70                osThreadNew
 .text.osDelay  0x08006fc4       0x5c build/cmsis_os2.o
                0x08006fc4                osDelay
 .text.osMutexNew
                0x08007020      0x134 build/cmsis_os2.o
                0x08007020                osMutexNew
 .text.osMutexAcquire
                0x08007154       0xbc build/cmsis_os2.o
                0x08007154                osMutexAcquire
 .text.osMutexRelease
                0x08007210       0xa0 build/cmsis_os2.o
                0x08007210                osMutexRelease
 .text.osSemaphoreNew
                0x080072b0      0x138 build/cmsis_os2.o
                0x080072b0                osSemaphoreNew
 .text.osSemaphoreAcquire
                0x080073e8       0xcc build/cmsis_os2.o
                0x080073e8                osSemaphoreAcquire
 .text.osSemaphoreRelease
                0x080074b4       0xb0 build/cmsis_os2.o
                0x080074b4                osSemaphoreRelease
 .text.osSemaphoreDelete
                0x08007564       0x6c build/cmsis_os2.o
                0x08007564                osSemaphoreDelete
 .text.osMessageQueueNew
                0x080075d0      0x10c build/cmsis_os2.o
                0x080075d0                osMessageQueueNew
 .text.osMessageQueuePut
                0x080076dc       0xe8 build/cmsis_os2.o
                0x080076dc                osMessageQueuePut
 .text.osMessageQueueGet
                0x080077c4       0xe4 build/cmsis_os2.o
                0x080077c4                osMessageQueueGet
 .text.osMessageQueueGetCount
                0x080078a8       0x64 build/cmsis_os2.o
                0x080078a8                osMessageQueueGetCount
 .text.osMessageQueueDelete
                0x0800790c       0x6c build/cmsis_os2.o
                0x0800790c                osMessageQueueDelete
 .text.vApplicationGetIdleTaskMemory
                0x08007978       0x30 build/cmsis_os2.o
                0x08007978                vApplicationGetIdleTaskMemory
 .text.vApplicationGetTimerTaskMemory
                0x080079a8       0x34 build/cmsis_os2.o
                0x080079a8                vApplicationGetTimerTaskMemory
 .text.pvPortMalloc
                0x080079dc      0x188 build/heap_4.o
                0x080079dc                pvPortMalloc
 .text.vPortFree
                0x08007b64       0xb4 build/heap_4.o
                0x08007b64                vPortFree
 .text.prvHeapInit
                0x08007c18       0xc4 build/heap_4.o
 .text.prvInsertBlockIntoFreeList
                0x08007cdc       0xb0 build/heap_4.o
 .text.pxPortInitialiseStack
                0x08007d8c       0x58 build/port.o
                0x08007d8c                pxPortInitialiseStack
 .text.prvTaskExitError
                0x08007de4       0x58 build/port.o
 *fill*         0x08007e3c        0x4 
 .text.SVC_Handler
                0x08007e40       0x28 build/port.o
                0x08007e40                SVC_Handler
 .text.prvPortStartFirstTask
                0x08007e68       0x20 build/port.o
 .text.xPortStartScheduler
                0x08007e88       0xe4 build/port.o
                0x08007e88                xPortStartScheduler
 .text.vPortEnterCritical
                0x08007f6c       0x60 build/port.o
                0x08007f6c                vPortEnterCritical
 .text.vPortExitCritical
                0x08007fcc       0x50 build/port.o
                0x08007fcc                vPortExitCritical
 *fill*         0x0800801c        0x4 
 .text.PendSV_Handler
                0x08008020       0x48 build/port.o
                0x08008020                PendSV_Handler
 .text.SysTick_Handler
                0x08008068       0x44 build/port.o
                0x08008068                SysTick_Handler
 .text.vPortSetupTimerInterrupt
                0x080080ac       0x44 build/port.o
                0x080080ac                vPortSetupTimerInterrupt
 .text.vPortValidateInterruptPriority
                0x080080f0       0x7c build/port.o
                0x080080f0                vPortValidateInterruptPriority
 .text.ethernet_input
                0x0800816c      0x12c build/ethernet.o
                0x0800816c                ethernet_input
 .text.ethernet_output
                0x08008298       0x90 build/ethernet.o
                0x08008298                ethernet_output
 .text.netconn_apimsg
                0x08008328       0x3a build/api_lib.o
 *fill*         0x08008362        0x2 
 .text.netconn_new_with_proto_and_callback
                0x08008364       0xf4 build/api_lib.o
                0x08008364                netconn_new_with_proto_and_callback
 .text.netconn_delete
                0x08008458       0x4c build/api_lib.o
                0x08008458                netconn_delete
 .text.netconn_bind
                0x080084a4       0x70 build/api_lib.o
                0x080084a4                netconn_bind
 .text.netconn_listen_with_backlog
                0x08008514       0x58 build/api_lib.o
                0x08008514                netconn_listen_with_backlog
 .text.netconn_accept
                0x0800856c       0xf8 build/api_lib.o
                0x0800856c                netconn_accept
 .text.netconn_recv_data
                0x08008664      0x1a4 build/api_lib.o
 .text.netconn_recv
                0x08008808       0xf0 build/api_lib.o
                0x08008808                netconn_recv
 .text.netconn_write_partly
                0x080088f8       0xf0 build/api_lib.o
                0x080088f8                netconn_write_partly
 .text.netconn_close_shutdown
                0x080089e8       0x60 build/api_lib.o
 .text.netconn_close
                0x08008a48       0x1a build/api_lib.o
                0x08008a48                netconn_close
 *fill*         0x08008a62        0x2 
 .text.recv_udp
                0x08008a64       0xfc build/api_msg.o
 .text.recv_tcp
                0x08008b60      0x110 build/api_msg.o
 .text.poll_tcp
                0x08008c70       0xc8 build/api_msg.o
 .text.sent_tcp
                0x08008d38       0xa8 build/api_msg.o
 .text.err_tcp  0x08008de0      0x1e0 build/api_msg.o
 .text.setup_tcp
                0x08008fc0       0x50 build/api_msg.o
 .text.accept_function
                0x08009010      0x148 build/api_msg.o
 .text.pcb_new  0x08009158       0xd4 build/api_msg.o
 .text.lwip_netconn_do_newconn
                0x0800922c       0x58 build/api_msg.o
                0x0800922c                lwip_netconn_do_newconn
 .text.netconn_alloc
                0x08009284       0xe0 build/api_msg.o
                0x08009284                netconn_alloc
 .text.netconn_free
                0x08009364       0x94 build/api_msg.o
                0x08009364                netconn_free
 .text.netconn_drain
                0x080093f8      0x100 build/api_msg.o
 .text.lwip_netconn_do_close_internal
                0x080094f8      0x2f8 build/api_msg.o
 .text.lwip_netconn_do_delconn
                0x080097f0      0x204 build/api_msg.o
                0x080097f0                lwip_netconn_do_delconn
 .text.lwip_netconn_do_bind
                0x080099f4       0xc2 build/api_msg.o
                0x080099f4                lwip_netconn_do_bind
 *fill*         0x08009ab6        0x2 
 .text.lwip_netconn_do_listen
                0x08009ab8      0x184 build/api_msg.o
                0x08009ab8                lwip_netconn_do_listen
 .text.lwip_netconn_do_recv
                0x08009c3c       0x98 build/api_msg.o
                0x08009c3c                lwip_netconn_do_recv
 .text.lwip_netconn_do_writemore
                0x08009cd4      0x348 build/api_msg.o
 .text.lwip_netconn_do_write
                0x0800a01c      0x160 build/api_msg.o
                0x0800a01c                lwip_netconn_do_write
 .text.lwip_netconn_do_close
                0x0800a17c      0x150 build/api_msg.o
                0x0800a17c                lwip_netconn_do_close
 .text.netbuf_delete
                0x0800a2cc       0x3e build/netbuf.o
                0x0800a2cc                netbuf_delete
 *fill*         0x0800a30a        0x2 
 .text.netbuf_data
                0x0800a30c       0x94 build/netbuf.o
                0x0800a30c                netbuf_data
 .text.netbuf_next
                0x0800a3a0       0x60 build/netbuf.o
                0x0800a3a0                netbuf_next
 .text.tcpip_thread
                0x0800a400       0xd4 build/tcpip.o
 .text.tcpip_inpkt
                0x0800a4d4       0x88 build/tcpip.o
                0x0800a4d4                tcpip_inpkt
 .text.tcpip_input
                0x0800a55c       0x44 build/tcpip.o
                0x0800a55c                tcpip_input
 .text.tcpip_callback_with_block
                0x0800a5a0       0x94 build/tcpip.o
                0x0800a5a0                tcpip_callback_with_block
 .text.tcpip_send_msg_wait_sem
                0x0800a634       0x2c build/tcpip.o
                0x0800a634                tcpip_send_msg_wait_sem
 .text.tcpip_init
                0x0800a660       0x94 build/tcpip.o
                0x0800a660                tcpip_init
 .text.lwip_htons
                0x0800a6f4       0x1a build/def.o
                0x0800a6f4                lwip_htons
 .text.lwip_htonl
                0x0800a70e       0x30 build/def.o
                0x0800a70e                lwip_htonl
 .text.lwip_init
                0x0800a73e       0x2e build/init.o
                0x0800a73e                lwip_init
 .text.plug_holes
                0x0800a76c      0x130 build/mem.o
 .text.mem_init
                0x0800a89c       0xa0 build/mem.o
                0x0800a89c                mem_init
 .text.mem_free
                0x0800a93c       0xdc build/mem.o
                0x0800a93c                mem_free
 .text.mem_trim
                0x0800aa18      0x1d4 build/mem.o
                0x0800aa18                mem_trim
 .text.mem_malloc
                0x0800abec      0x1e8 build/mem.o
                0x0800abec                mem_malloc
 .text.memp_init_pool
                0x0800add4       0x5e build/memp.o
                0x0800add4                memp_init_pool
 *fill*         0x0800ae32        0x2 
 .text.memp_init
                0x0800ae34       0x34 build/memp.o
                0x0800ae34                memp_init
 .text.do_memp_malloc_pool
                0x0800ae68       0x64 build/memp.o
 .text.memp_malloc
                0x0800aecc       0x4c build/memp.o
                0x0800aecc                memp_malloc
 .text.do_memp_free_pool
                0x0800af18       0x58 build/memp.o
 .text.memp_free
                0x0800af70       0x54 build/memp.o
                0x0800af70                memp_free
 .text.netif_init
                0x0800afc4        0xc build/netif.o
                0x0800afc4                netif_init
 .text.netif_add
                0x0800afd0       0xb0 build/netif.o
                0x0800afd0                netif_add
 .text.netif_set_addr
                0x0800b080       0x58 build/netif.o
                0x0800b080                netif_set_addr
 .text.netif_set_ipaddr
                0x0800b0d8       0x70 build/netif.o
                0x0800b0d8                netif_set_ipaddr
 .text.netif_set_gw
                0x0800b148       0x26 build/netif.o
                0x0800b148                netif_set_gw
 .text.netif_set_netmask
                0x0800b16e       0x26 build/netif.o
                0x0800b16e                netif_set_netmask
 .text.netif_set_default
                0x0800b194       0x1c build/netif.o
                0x0800b194                netif_set_default
 .text.netif_set_up
                0x0800b1b0       0x46 build/netif.o
                0x0800b1b0                netif_set_up
 .text.netif_issue_reports
                0x0800b1f6       0x42 build/netif.o
 .text.netif_set_down
                0x0800b238       0x44 build/netif.o
                0x0800b238                netif_set_down
 .text.netif_set_link_up
                0x0800b27c       0x56 build/netif.o
                0x0800b27c                netif_set_link_up
 .text.netif_set_link_down
                0x0800b2d2       0x40 build/netif.o
                0x0800b2d2                netif_set_link_down
 .text.netif_set_link_callback
                0x0800b312       0x20 build/netif.o
                0x0800b312                netif_set_link_callback
 *fill*         0x0800b332        0x2 
 .text.pbuf_free_ooseq
                0x0800b334       0x54 build/pbuf.o
 .text.pbuf_free_ooseq_callback
                0x0800b388       0x14 build/pbuf.o
 .text.pbuf_pool_is_empty
                0x0800b39c       0x58 build/pbuf.o
 .text.pbuf_alloc
                0x0800b3f4      0x334 build/pbuf.o
                0x0800b3f4                pbuf_alloc
 .text.pbuf_alloced_custom
                0x0800b728       0xd4 build/pbuf.o
                0x0800b728                pbuf_alloced_custom
 .text.pbuf_realloc
                0x0800b7fc      0x15c build/pbuf.o
                0x0800b7fc                pbuf_realloc
 .text.pbuf_header_impl
                0x0800b958      0x144 build/pbuf.o
 .text.pbuf_header
                0x0800ba9c       0x24 build/pbuf.o
                0x0800ba9c                pbuf_header
 .text.pbuf_header_force
                0x0800bac0       0x24 build/pbuf.o
                0x0800bac0                pbuf_header_force
 .text.pbuf_free
                0x0800bae4      0x134 build/pbuf.o
                0x0800bae4                pbuf_free
 .text.pbuf_clen
                0x0800bc18       0x2c build/pbuf.o
                0x0800bc18                pbuf_clen
 .text.pbuf_ref
                0x0800bc44       0x50 build/pbuf.o
                0x0800bc44                pbuf_ref
 .text.pbuf_cat
                0x0800bc94       0xac build/pbuf.o
                0x0800bc94                pbuf_cat
 .text.pbuf_copy
                0x0800bd40      0x198 build/pbuf.o
                0x0800bd40                pbuf_copy
 .text.pbuf_copy_partial
                0x0800bed8       0xf4 build/pbuf.o
                0x0800bed8                pbuf_copy_partial
 .text.tcp_init
                0x0800bfcc        0xc build/tcp.o
                0x0800bfcc                tcp_init
 .text.tcp_tmr  0x0800bfd8       0x2c build/tcp.o
                0x0800bfd8                tcp_tmr
 .text.tcp_remove_listener
                0x0800c004       0x38 build/tcp.o
 .text.tcp_listen_closed
                0x0800c03c       0x70 build/tcp.o
 .text.tcp_close_shutdown
                0x0800c0ac      0x1d4 build/tcp.o
 .text.tcp_close_shutdown_fin
                0x0800c280       0xd4 build/tcp.o
 .text.tcp_close
                0x0800c354       0x30 build/tcp.o
                0x0800c354                tcp_close
 .text.tcp_shutdown
                0x0800c384       0x90 build/tcp.o
                0x0800c384                tcp_shutdown
 .text.tcp_abandon
                0x0800c414      0x164 build/tcp.o
                0x0800c414                tcp_abandon
 .text.tcp_abort
                0x0800c578       0x18 build/tcp.o
                0x0800c578                tcp_abort
 .text.tcp_bind
                0x0800c590      0x124 build/tcp.o
                0x0800c590                tcp_bind
 .text.tcp_accept_null
                0x0800c6b4       0x20 build/tcp.o
 .text.tcp_listen_with_backlog_and_err
                0x0800c6d4      0x130 build/tcp.o
                0x0800c6d4                tcp_listen_with_backlog_and_err
 .text.tcp_update_rcv_ann_wnd
                0x0800c804       0x9c build/tcp.o
                0x0800c804                tcp_update_rcv_ann_wnd
 .text.tcp_recved
                0x0800c8a0       0xb4 build/tcp.o
                0x0800c8a0                tcp_recved
 .text.tcp_new_port
                0x0800c954       0x88 build/tcp.o
 .text.tcp_slowtmr
                0x0800c9dc      0x584 build/tcp.o
                0x0800c9dc                tcp_slowtmr
 .text.tcp_fasttmr
                0x0800cf60       0xc8 build/tcp.o
                0x0800cf60                tcp_fasttmr
 .text.tcp_process_refused_data
                0x0800d028       0xd2 build/tcp.o
                0x0800d028                tcp_process_refused_data
 .text.tcp_segs_free
                0x0800d0fa       0x2a build/tcp.o
                0x0800d0fa                tcp_segs_free
 .text.tcp_seg_free
                0x0800d124       0x30 build/tcp.o
                0x0800d124                tcp_seg_free
 .text.tcp_seg_copy
                0x0800d154       0x38 build/tcp.o
                0x0800d154                tcp_seg_copy
 .text.tcp_recv_null
                0x0800d18c       0x44 build/tcp.o
                0x0800d18c                tcp_recv_null
 .text.tcp_kill_prio
                0x0800d1d0       0x84 build/tcp.o
 .text.tcp_kill_state
                0x0800d254       0x94 build/tcp.o
 .text.tcp_kill_timewait
                0x0800d2e8       0x60 build/tcp.o
 .text.tcp_alloc
                0x0800d348      0x104 build/tcp.o
                0x0800d348                tcp_alloc
 .text.tcp_new_ip_type
                0x0800d44c       0x1c build/tcp.o
                0x0800d44c                tcp_new_ip_type
 .text.tcp_arg  0x0800d468       0x20 build/tcp.o
                0x0800d468                tcp_arg
 .text.tcp_recv
                0x0800d488       0x44 build/tcp.o
                0x0800d488                tcp_recv
 .text.tcp_sent
                0x0800d4cc       0x40 build/tcp.o
                0x0800d4cc                tcp_sent
 .text.tcp_err  0x0800d50c       0x44 build/tcp.o
                0x0800d50c                tcp_err
 .text.tcp_accept
                0x0800d550       0x2c build/tcp.o
                0x0800d550                tcp_accept
 .text.tcp_poll
                0x0800d57c       0x48 build/tcp.o
                0x0800d57c                tcp_poll
 .text.tcp_pcb_purge
                0x0800d5c4       0x82 build/tcp.o
                0x0800d5c4                tcp_pcb_purge
 *fill*         0x0800d646        0x2 
 .text.tcp_pcb_remove
                0x0800d648       0xf8 build/tcp.o
                0x0800d648                tcp_pcb_remove
 .text.tcp_next_iss
                0x0800d740       0x2c build/tcp.o
                0x0800d740                tcp_next_iss
 .text.tcp_eff_send_mss_impl
                0x0800d76c       0x48 build/tcp.o
                0x0800d76c                tcp_eff_send_mss_impl
 .text.tcp_netif_ip_addr_changed_pcblist
                0x0800d7b4       0x44 build/tcp.o
 .text.tcp_netif_ip_addr_changed
                0x0800d7f8       0x80 build/tcp.o
                0x0800d7f8                tcp_netif_ip_addr_changed
 .text.tcp_input
                0x0800d878      0x790 build/tcp_in.o
                0x0800d878                tcp_input
 .text.tcp_input_delayed_close
                0x0800e008       0x64 build/tcp_in.o
 .text.tcp_listen_input
                0x0800e06c      0x1c0 build/tcp_in.o
 .text.tcp_timewait_input
                0x0800e22c       0xd0 build/tcp_in.o
 .text.tcp_process
                0x0800e2fc      0x768 build/tcp_in.o
 .text.tcp_oos_insert_segment
                0x0800ea64       0xec build/tcp_in.o
 .text.tcp_receive
                0x0800eb50      0xff4 build/tcp_in.o
 .text.tcp_getoptbyte
                0x0800fb44       0x74 build/tcp_in.o
 .text.tcp_parseopt
                0x0800fbb8       0xcc build/tcp_in.o
 .text.tcp_trigger_input_pcb_close
                0x0800fc84       0x20 build/tcp_in.o
                0x0800fc84                tcp_trigger_input_pcb_close
 .text.tcp_output_alloc_header
                0x0800fca4       0xf4 build/tcp_out.o
 .text.tcp_send_fin
                0x0800fd98       0x7e build/tcp_out.o
                0x0800fd98                tcp_send_fin
 *fill*         0x0800fe16        0x2 
 .text.tcp_create_segment
                0x0800fe18      0x110 build/tcp_out.o
 .text.tcp_pbuf_prealloc
                0x0800ff28       0xc4 build/tcp_out.o
 .text.tcp_write_checks
                0x0800ffec       0xec build/tcp_out.o
 .text.tcp_write
                0x080100d8      0x6b4 build/tcp_out.o
                0x080100d8                tcp_write
 .text.tcp_enqueue_flags
                0x0801078c      0x1f8 build/tcp_out.o
                0x0801078c                tcp_enqueue_flags
 .text.tcp_send_empty_ack
                0x08010984       0xb8 build/tcp_out.o
                0x08010984                tcp_send_empty_ack
 .text.tcp_output
                0x08010a3c      0x3cc build/tcp_out.o
                0x08010a3c                tcp_output
 .text.tcp_output_segment
                0x08010e08      0x13c build/tcp_out.o
 .text.tcp_rst  0x08010f44       0xec build/tcp_out.o
                0x08010f44                tcp_rst
 .text.tcp_rexmit_rto
                0x08011030       0x6c build/tcp_out.o
                0x08011030                tcp_rexmit_rto
 .text.tcp_rexmit
                0x0801109c       0xa0 build/tcp_out.o
                0x0801109c                tcp_rexmit
 .text.tcp_rexmit_fast
                0x0801113c       0x9c build/tcp_out.o
                0x0801113c                tcp_rexmit_fast
 .text.tcp_keepalive
                0x080111d8       0x7a build/tcp_out.o
                0x080111d8                tcp_keepalive
 .text.tcp_zero_window_probe
                0x08011252      0x138 build/tcp_out.o
                0x08011252                tcp_zero_window_probe
 *fill*         0x0801138a        0x2 
 .text.tcpip_tcp_timer
                0x0801138c       0x48 build/timeouts.o
 .text.tcp_timer_needed
                0x080113d4       0x40 build/timeouts.o
                0x080113d4                tcp_timer_needed
 .text.cyclic_timer
                0x08011414       0x2c build/timeouts.o
 .text.sys_timeouts_init
                0x08011440       0x50 build/timeouts.o
                0x08011440                sys_timeouts_init
 .text.sys_timeout
                0x08011490      0x148 build/timeouts.o
                0x08011490                sys_timeout
 .text.sys_check_timeouts
                0x080115d8       0xa4 build/timeouts.o
 .text.sys_timeouts_sleeptime
                0x0801167c       0x4c build/timeouts.o
 .text.sys_timeouts_mbox_fetch
                0x080116c8       0x4c build/timeouts.o
                0x080116c8                sys_timeouts_mbox_fetch
 .text.udp_init
                0x08011714        0xc build/udp.o
                0x08011714                udp_init
 .text.udp_new_port
                0x08011720       0x70 build/udp.o
 .text.udp_input_local_match
                0x08011790       0x74 build/udp.o
 .text.udp_input
                0x08011804      0x1cc build/udp.o
                0x08011804                udp_input
 .text.udp_bind
                0x080119d0       0xe0 build/udp.o
                0x080119d0                udp_bind
 .text.udp_recv
                0x08011ab0       0x22 build/udp.o
                0x08011ab0                udp_recv
 *fill*         0x08011ad2        0x2 
 .text.udp_remove
                0x08011ad4       0x64 build/udp.o
                0x08011ad4                udp_remove
 .text.udp_new  0x08011b38       0x2e build/udp.o
                0x08011b38                udp_new
 .text.udp_new_ip_type
                0x08011b66       0x1a build/udp.o
                0x08011b66                udp_new_ip_type
 .text.udp_netif_ip_addr_changed
                0x08011b80       0x5c build/udp.o
                0x08011b80                udp_netif_ip_addr_changed
 .text.etharp_free_entry
                0x08011bdc       0x64 build/etharp.o
 .text.etharp_tmr
                0x08011c40      0x150 build/etharp.o
                0x08011c40                etharp_tmr
 .text.etharp_find_entry
                0x08011d90      0x294 build/etharp.o
 .text.etharp_update_arp_entry
                0x08012024      0x14c build/etharp.o
 .text.etharp_cleanup_netif
                0x08012170       0x64 build/etharp.o
                0x08012170                etharp_cleanup_netif
 .text.etharp_input
                0x080121d4      0x114 build/etharp.o
                0x080121d4                etharp_input
 .text.etharp_output_to_arp_index
                0x080122e8      0x134 build/etharp.o
 .text.etharp_output
                0x0801241c      0x1dc build/etharp.o
                0x0801241c                etharp_output
 .text.etharp_query
                0x080125f8      0x290 build/etharp.o
                0x080125f8                etharp_query
 .text.etharp_raw
                0x08012888      0x118 build/etharp.o
 .text.etharp_request_dst
                0x080129a0       0x44 build/etharp.o
 .text.etharp_request
                0x080129e4       0x24 build/etharp.o
                0x080129e4                etharp_request
 .text.icmp_input
                0x08012a08      0x20c build/icmp.o
                0x08012a08                icmp_input
 .text.icmp_dest_unreach
                0x08012c14       0x20 build/icmp.o
                0x08012c14                icmp_dest_unreach
 .text.icmp_time_exceeded
                0x08012c34       0x20 build/icmp.o
                0x08012c34                icmp_time_exceeded
 .text.icmp_send_response
                0x08012c54       0xd0 build/icmp.o
 .text.ip4_route
                0x08012d24       0xd4 build/ip4.o
                0x08012d24                ip4_route
 .text.ip4_input
                0x08012df8      0x280 build/ip4.o
                0x08012df8                ip4_input
 .text.ip4_output_if
                0x08013078       0x54 build/ip4.o
                0x08013078                ip4_output_if
 .text.ip4_output_if_src
                0x080130cc      0x150 build/ip4.o
                0x080130cc                ip4_output_if_src
 .text.ip4_addr_isbroadcast_u32
                0x0801321c       0x80 build/ip4_addr.o
                0x0801321c                ip4_addr_isbroadcast_u32
 .text.ip_reass_tmr
                0x0801329c       0x58 build/ip4_frag.o
                0x0801329c                ip_reass_tmr
 .text.ip_reass_free_complete_datagram
                0x080132f4      0x148 build/ip4_frag.o
 .text.ip_reass_remove_oldest_datagram
                0x0801343c       0xc4 build/ip4_frag.o
 .text.ip_reass_enqueue_new_datagram
                0x08013500       0x74 build/ip4_frag.o
 .text.ip_reass_dequeue_datagram
                0x08013574       0x5c build/ip4_frag.o
 .text.ip_reass_chain_frag_into_datagram_and_validate
                0x080135d0      0x2d4 build/ip4_frag.o
 .text.ip4_reass
                0x080138a4      0x2a8 build/ip4_frag.o
                0x080138a4                ip4_reass
 .text.ip_frag_alloc_pbuf_custom_ref
                0x08013b4c       0x10 build/ip4_frag.o
 .text.ip_frag_free_pbuf_custom_ref
                0x08013b5c       0x38 build/ip4_frag.o
 .text.ipfrag_free_pbuf_custom
                0x08013b94       0x68 build/ip4_frag.o
 .text.ip4_frag
                0x08013bfc      0x240 build/ip4_frag.o
                0x08013bfc                ip4_frag
 .text.sys_mbox_new
                0x08013e3c       0x34 build/sys_arch.o
                0x08013e3c                sys_mbox_new
 .text.sys_mbox_free
                0x08013e70       0x24 build/sys_arch.o
                0x08013e70                sys_mbox_free
 .text.sys_mbox_post
                0x08013e94       0x2c build/sys_arch.o
                0x08013e94                sys_mbox_post
 .text.sys_mbox_trypost
                0x08013ec0       0x34 build/sys_arch.o
                0x08013ec0                sys_mbox_trypost
 .text.sys_arch_mbox_fetch
                0x08013ef4       0x62 build/sys_arch.o
                0x08013ef4                sys_arch_mbox_fetch
 .text.sys_arch_mbox_tryfetch
                0x08013f56       0x2e build/sys_arch.o
                0x08013f56                sys_arch_mbox_tryfetch
 .text.sys_mbox_valid
                0x08013f84       0x20 build/sys_arch.o
                0x08013f84                sys_mbox_valid
 .text.sys_mbox_set_invalid
                0x08013fa4       0x18 build/sys_arch.o
                0x08013fa4                sys_mbox_set_invalid
 .text.sys_sem_new
                0x08013fbc       0x4a build/sys_arch.o
                0x08013fbc                sys_sem_new
 .text.sys_arch_sem_wait
                0x08014006       0x62 build/sys_arch.o
                0x08014006                sys_arch_sem_wait
 .text.sys_sem_signal
                0x08014068       0x1a build/sys_arch.o
                0x08014068                sys_sem_signal
 .text.sys_sem_free
                0x08014082       0x1a build/sys_arch.o
                0x08014082                sys_sem_free
 .text.sys_sem_valid
                0x0801409c       0x20 build/sys_arch.o
                0x0801409c                sys_sem_valid
 .text.sys_sem_set_invalid
                0x080140bc       0x18 build/sys_arch.o
                0x080140bc                sys_sem_set_invalid
 .text.sys_init
                0x080140d4       0x18 build/sys_arch.o
                0x080140d4                sys_init
 .text.sys_mutex_new
                0x080140ec       0x2c build/sys_arch.o
                0x080140ec                sys_mutex_new
 .text.sys_mutex_lock
                0x08014118       0x1e build/sys_arch.o
                0x08014118                sys_mutex_lock
 .text.sys_mutex_unlock
                0x08014136       0x1a build/sys_arch.o
                0x08014136                sys_mutex_unlock
 .text.sys_thread_new
                0x08014150       0x40 build/sys_arch.o
                0x08014150                sys_thread_new
 .text.sys_arch_protect
                0x08014190       0x1c build/sys_arch.o
                0x08014190                sys_arch_protect
 .text.sys_arch_unprotect
                0x080141ac       0x20 build/sys_arch.o
                0x080141ac                sys_arch_unprotect
 .text.Reset_Handler
                0x080141cc       0x50 build/startup_stm32f207xx.o
                0x080141cc                Reset_Handler
 .text.Default_Handler
                0x0801421c        0x2 build/startup_stm32f207xx.o
                0x0801421c                RTC_Alarm_IRQHandler
                0x0801421c                HASH_RNG_IRQHandler
                0x0801421c                EXTI2_IRQHandler
                0x0801421c                TIM8_CC_IRQHandler
                0x0801421c                TIM1_CC_IRQHandler
                0x0801421c                DMA2_Stream5_IRQHandler
                0x0801421c                DMA1_Stream5_IRQHandler
                0x0801421c                PVD_IRQHandler
                0x0801421c                SDIO_IRQHandler
                0x0801421c                TAMP_STAMP_IRQHandler
                0x0801421c                CAN2_RX1_IRQHandler
                0x0801421c                EXTI3_IRQHandler
                0x0801421c                TIM8_TRG_COM_TIM14_IRQHandler
                0x0801421c                TIM1_UP_TIM10_IRQHandler
                0x0801421c                TIM8_UP_TIM13_IRQHandler
                0x0801421c                I2C3_ER_IRQHandler
                0x0801421c                EXTI0_IRQHandler
                0x0801421c                I2C2_EV_IRQHandler
                0x0801421c                DMA1_Stream2_IRQHandler
                0x0801421c                CAN1_RX0_IRQHandler
                0x0801421c                OTG_HS_WKUP_IRQHandler
                0x0801421c                CAN2_SCE_IRQHandler
                0x0801421c                DMA2_Stream2_IRQHandler
                0x0801421c                SPI1_IRQHandler
                0x0801421c                TIM6_DAC_IRQHandler
                0x0801421c                TIM1_BRK_TIM9_IRQHandler
                0x0801421c                DCMI_IRQHandler
                0x0801421c                CAN2_RX0_IRQHandler
                0x0801421c                DMA2_Stream3_IRQHandler
                0x0801421c                USART6_IRQHandler
                0x0801421c                USART3_IRQHandler
                0x0801421c                CAN1_RX1_IRQHandler
                0x0801421c                UART5_IRQHandler
                0x0801421c                DMA2_Stream0_IRQHandler
                0x0801421c                I2C1_EV_IRQHandler
                0x0801421c                DMA1_Stream6_IRQHandler
                0x0801421c                DMA1_Stream1_IRQHandler
                0x0801421c                UART4_IRQHandler
                0x0801421c                TIM3_IRQHandler
                0x0801421c                RCC_IRQHandler
                0x0801421c                TIM8_BRK_TIM12_IRQHandler
                0x0801421c                Default_Handler
                0x0801421c                EXTI15_10_IRQHandler
                0x0801421c                ADC_IRQHandler
                0x0801421c                DMA1_Stream7_IRQHandler
                0x0801421c                TIM7_IRQHandler
                0x0801421c                CAN2_TX_IRQHandler
                0x0801421c                TIM5_IRQHandler
                0x0801421c                DMA2_Stream7_IRQHandler
                0x0801421c                I2C3_EV_IRQHandler
                0x0801421c                EXTI9_5_IRQHandler
                0x0801421c                RTC_WKUP_IRQHandler
                0x0801421c                ETH_WKUP_IRQHandler
                0x0801421c                SPI2_IRQHandler
                0x0801421c                OTG_HS_EP1_IN_IRQHandler
                0x0801421c                DMA1_Stream0_IRQHandler
                0x0801421c                CAN1_TX_IRQHandler
                0x0801421c                EXTI4_IRQHandler
                0x0801421c                FSMC_IRQHandler
                0x0801421c                OTG_HS_EP1_OUT_IRQHandler
                0x0801421c                WWDG_IRQHandler
                0x0801421c                TIM2_IRQHandler
                0x0801421c                OTG_FS_WKUP_IRQHandler
                0x0801421c                TIM1_TRG_COM_TIM11_IRQHandler
                0x0801421c                OTG_HS_IRQHandler
                0x0801421c                EXTI1_IRQHandler
                0x0801421c                USART2_IRQHandler
                0x0801421c                I2C2_ER_IRQHandler
                0x0801421c                DMA2_Stream1_IRQHandler
                0x0801421c                CAN1_SCE_IRQHandler
                0x0801421c                FLASH_IRQHandler
                0x0801421c                DMA2_Stream4_IRQHandler
                0x0801421c                USART1_IRQHandler
                0x0801421c                OTG_FS_IRQHandler
                0x0801421c                SPI3_IRQHandler
                0x0801421c                DMA1_Stream4_IRQHandler
                0x0801421c                I2C1_ER_IRQHandler
                0x0801421c                DMA2_Stream6_IRQHandler
                0x0801421c                DMA1_Stream3_IRQHandler
 *fill*         0x0801421e        0x2 
 .text.__libc_init_array
                0x08014220       0x48 c:/vsarm/armcc/10 2021.10/bin/../lib/gcc/arm-none-eabi/10.3.1/../../../../arm-none-eabi/lib/thumb/v7-m/nofp\libc_nano.a(lib_a-init.o)
                0x08014220                __libc_init_array
 .text.memcmp   0x08014268       0x20 c:/vsarm/armcc/10 2021.10/bin/../lib/gcc/arm-none-eabi/10.3.1/../../../../arm-none-eabi/lib/thumb/v7-m/nofp\libc_nano.a(lib_a-memcmp.o)
                0x08014268                memcmp
 .text.memcpy   0x08014288       0x1c c:/vsarm/armcc/10 2021.10/bin/../lib/gcc/arm-none-eabi/10.3.1/../../../../arm-none-eabi/lib/thumb/v7-m/nofp\libc_nano.a(lib_a-memcpy-stub.o)
                0x08014288                memcpy
 .text.memset   0x080142a4       0x10 c:/vsarm/armcc/10 2021.10/bin/../lib/gcc/arm-none-eabi/10.3.1/../../../../arm-none-eabi/lib/thumb/v7-m/nofp\libc_nano.a(lib_a-memset.o)
                0x080142a4                memset
 .text.printf   0x080142b4       0x30 c:/vsarm/armcc/10 2021.10/bin/../lib/gcc/arm-none-eabi/10.3.1/../../../../arm-none-eabi/lib/thumb/v7-m/nofp\libc_nano.a(lib_a-printf.o)
                0x080142b4                iprintf
                0x080142b4                printf
 .text.std      0x080142e4       0x48 c:/vsarm/armcc/10 2021.10/bin/../lib/gcc/arm-none-eabi/10.3.1/../../../../arm-none-eabi/lib/thumb/v7-m/nofp\libc_nano.a(lib_a-findfp.o)
 .text._cleanup_r
                0x0801432c        0xc c:/vsarm/armcc/10 2021.10/bin/../lib/gcc/arm-none-eabi/10.3.1/../../../../arm-none-eabi/lib/thumb/v7-m/nofp\libc_nano.a(lib_a-findfp.o)
                0x0801432c                _cleanup_r
 .text.__sfmoreglue
                0x08014338       0x2c c:/vsarm/armcc/10 2021.10/bin/../lib/gcc/arm-none-eabi/10.3.1/../../../../arm-none-eabi/lib/thumb/v7-m/nofp\libc_nano.a(lib_a-findfp.o)
                0x08014338                __sfmoreglue
 .text.__sfp_lock_acquire
                0x08014364        0xc c:/vsarm/armcc/10 2021.10/bin/../lib/gcc/arm-none-eabi/10.3.1/../../../../arm-none-eabi/lib/thumb/v7-m/nofp\libc_nano.a(lib_a-findfp.o)
                0x08014364                __sfp_lock_acquire
 .text.__sfp_lock_release
                0x08014370        0xc c:/vsarm/armcc/10 2021.10/bin/../lib/gcc/arm-none-eabi/10.3.1/../../../../arm-none-eabi/lib/thumb/v7-m/nofp\libc_nano.a(lib_a-findfp.o)
                0x08014370                __sfp_lock_release
 .text.__sinit_lock_acquire
                0x0801437c        0xc c:/vsarm/armcc/10 2021.10/bin/../lib/gcc/arm-none-eabi/10.3.1/../../../../arm-none-eabi/lib/thumb/v7-m/nofp\libc_nano.a(lib_a-findfp.o)
                0x0801437c                __sinit_lock_acquire
 .text.__sinit_lock_release
                0x08014388        0xc c:/vsarm/armcc/10 2021.10/bin/../lib/gcc/arm-none-eabi/10.3.1/../../../../arm-none-eabi/lib/thumb/v7-m/nofp\libc_nano.a(lib_a-findfp.o)
                0x08014388                __sinit_lock_release
 .text.__sinit  0x08014394       0x70 c:/vsarm/armcc/10 2021.10/bin/../lib/gcc/arm-none-eabi/10.3.1/../../../../arm-none-eabi/lib/thumb/v7-m/nofp\libc_nano.a(lib_a-findfp.o)
                0x08014394                __sinit
 .text.__sfp    0x08014404       0x8c c:/vsarm/armcc/10 2021.10/bin/../lib/gcc/arm-none-eabi/10.3.1/../../../../arm-none-eabi/lib/thumb/v7-m/nofp\libc_nano.a(lib_a-findfp.o)
                0x08014404                __sfp
 .text._fwalk_reent
                0x08014490       0x3e c:/vsarm/armcc/10 2021.10/bin/../lib/gcc/arm-none-eabi/10.3.1/../../../../arm-none-eabi/lib/thumb/v7-m/nofp\libc_nano.a(lib_a-fwalk.o)
                0x08014490                _fwalk_reent
 .text.__retarget_lock_init_recursive
                0x080144ce        0x2 c:/vsarm/armcc/10 2021.10/bin/../lib/gcc/arm-none-eabi/10.3.1/../../../../arm-none-eabi/lib/thumb/v7-m/nofp\libc_nano.a(lib_a-lock.o)
                0x080144ce                __retarget_lock_init_recursive
 .text.__retarget_lock_acquire_recursive
                0x080144d0        0x2 c:/vsarm/armcc/10 2021.10/bin/../lib/gcc/arm-none-eabi/10.3.1/../../../../arm-none-eabi/lib/thumb/v7-m/nofp\libc_nano.a(lib_a-lock.o)
                0x080144d0                __retarget_lock_acquire_recursive
 .text.__retarget_lock_release_recursive
                0x080144d2        0x2 c:/vsarm/armcc/10 2021.10/bin/../lib/gcc/arm-none-eabi/10.3.1/../../../../arm-none-eabi/lib/thumb/v7-m/nofp\libc_nano.a(lib_a-lock.o)
                0x080144d2                __retarget_lock_release_recursive
 .text.sbrk_aligned
                0x080144d4       0x40 c:/vsarm/armcc/10 2021.10/bin/../lib/gcc/arm-none-eabi/10.3.1/../../../../arm-none-eabi/lib/thumb/v7-m/nofp\libc_nano.a(lib_a-nano-mallocr.o)
 .text._malloc_r
                0x08014514       0xe8 c:/vsarm/armcc/10 2021.10/bin/../lib/gcc/arm-none-eabi/10.3.1/../../../../arm-none-eabi/lib/thumb/v7-m/nofp\libc_nano.a(lib_a-nano-mallocr.o)
                0x08014514                _malloc_r
 .text.__sfputc_r
                0x080145fc       0x2a c:/vsarm/armcc/10 2021.10/bin/../lib/gcc/arm-none-eabi/10.3.1/../../../../arm-none-eabi/lib/thumb/v7-m/nofp\libc_nano.a(lib_a-nano-vfprintf.o)
 .text.__sfputs_r
                0x08014626       0x24 c:/vsarm/armcc/10 2021.10/bin/../lib/gcc/arm-none-eabi/10.3.1/../../../../arm-none-eabi/lib/thumb/v7-m/nofp\libc_nano.a(lib_a-nano-vfprintf.o)
                0x08014626                __sfputs_r
 *fill*         0x0801464a        0x2 
 .text._vfprintf_r
                0x0801464c      0x260 c:/vsarm/armcc/10 2021.10/bin/../lib/gcc/arm-none-eabi/10.3.1/../../../../arm-none-eabi/lib/thumb/v7-m/nofp\libc_nano.a(lib_a-nano-vfprintf.o)
                0x0801464c                _vfprintf_r
                0x0801464c                _vfiprintf_r
 .text._printf_common
                0x080148ac       0xde c:/vsarm/armcc/10 2021.10/bin/../lib/gcc/arm-none-eabi/10.3.1/../../../../arm-none-eabi/lib/thumb/v7-m/nofp\libc_nano.a(lib_a-nano-vfprintf_i.o)
                0x080148ac                _printf_common
 *fill*         0x0801498a        0x2 
 .text._printf_i
                0x0801498c      0x24c c:/vsarm/armcc/10 2021.10/bin/../lib/gcc/arm-none-eabi/10.3.1/../../../../arm-none-eabi/lib/thumb/v7-m/nofp\libc_nano.a(lib_a-nano-vfprintf_i.o)
                0x0801498c                _printf_i
 .text._sbrk_r  0x08014bd8       0x20 c:/vsarm/armcc/10 2021.10/bin/../lib/gcc/arm-none-eabi/10.3.1/../../../../arm-none-eabi/lib/thumb/v7-m/nofp\libc_nano.a(lib_a-sbrkr.o)
                0x08014bd8                _sbrk_r
 .text.__sread  0x08014bf8       0x22 c:/vsarm/armcc/10 2021.10/bin/../lib/gcc/arm-none-eabi/10.3.1/../../../../arm-none-eabi/lib/thumb/v7-m/nofp\libc_nano.a(lib_a-stdio.o)
                0x08014bf8                __sread
 .text.__swrite
                0x08014c1a       0x38 c:/vsarm/armcc/10 2021.10/bin/../lib/gcc/arm-none-eabi/10.3.1/../../../../arm-none-eabi/lib/thumb/v7-m/nofp\libc_nano.a(lib_a-stdio.o)
                0x08014c1a                __swrite
 .text.__sseek  0x08014c52       0x24 c:/vsarm/armcc/10 2021.10/bin/../lib/gcc/arm-none-eabi/10.3.1/../../../../arm-none-eabi/lib/thumb/v7-m/nofp\libc_nano.a(lib_a-stdio.o)
                0x08014c52                __sseek
 .text.__sclose
                0x08014c76        0x8 c:/vsarm/armcc/10 2021.10/bin/../lib/gcc/arm-none-eabi/10.3.1/../../../../arm-none-eabi/lib/thumb/v7-m/nofp\libc_nano.a(lib_a-stdio.o)
                0x08014c76                __sclose
 *fill*         0x08014c7e        0x2 
 .text.__swbuf_r
                0x08014c80       0xa4 c:/vsarm/armcc/10 2021.10/bin/../lib/gcc/arm-none-eabi/10.3.1/../../../../arm-none-eabi/lib/thumb/v7-m/nofp\libc_nano.a(lib_a-wbuf.o)
                0x08014c80                __swbuf_r
 .text._write_r
                0x08014d24       0x24 c:/vsarm/armcc/10 2021.10/bin/../lib/gcc/arm-none-eabi/10.3.1/../../../../arm-none-eabi/lib/thumb/v7-m/nofp\libc_nano.a(lib_a-writer.o)
                0x08014d24                _write_r
 .text.__swsetup_r
                0x08014d48       0xdc c:/vsarm/armcc/10 2021.10/bin/../lib/gcc/arm-none-eabi/10.3.1/../../../../arm-none-eabi/lib/thumb/v7-m/nofp\libc_nano.a(lib_a-wsetup.o)
                0x08014d48                __swsetup_r
 .text._close_r
                0x08014e24       0x20 c:/vsarm/armcc/10 2021.10/bin/../lib/gcc/arm-none-eabi/10.3.1/../../../../arm-none-eabi/lib/thumb/v7-m/nofp\libc_nano.a(lib_a-closer.o)
                0x08014e24                _close_r
 .text.__sflush_r
                0x08014e44      0x104 c:/vsarm/armcc/10 2021.10/bin/../lib/gcc/arm-none-eabi/10.3.1/../../../../arm-none-eabi/lib/thumb/v7-m/nofp\libc_nano.a(lib_a-fflush.o)
                0x08014e44                __sflush_r
 .text._fflush_r
                0x08014f48       0x78 c:/vsarm/armcc/10 2021.10/bin/../lib/gcc/arm-none-eabi/10.3.1/../../../../arm-none-eabi/lib/thumb/v7-m/nofp\libc_nano.a(lib_a-fflush.o)
                0x08014f48                _fflush_r
 .text._lseek_r
                0x08014fc0       0x24 c:/vsarm/armcc/10 2021.10/bin/../lib/gcc/arm-none-eabi/10.3.1/../../../../arm-none-eabi/lib/thumb/v7-m/nofp\libc_nano.a(lib_a-lseekr.o)
                0x08014fc0                _lseek_r
 .text.__swhatbuf_r
                0x08014fe4       0x4a c:/vsarm/armcc/10 2021.10/bin/../lib/gcc/arm-none-eabi/10.3.1/../../../../arm-none-eabi/lib/thumb/v7-m/nofp\libc_nano.a(lib_a-makebuf.o)
                0x08014fe4                __swhatbuf_r
 *fill*         0x0801502e        0x2 
 .text.__smakebuf_r
                0x08015030       0x80 c:/vsarm/armcc/10 2021.10/bin/../lib/gcc/arm-none-eabi/10.3.1/../../../../arm-none-eabi/lib/thumb/v7-m/nofp\libc_nano.a(lib_a-makebuf.o)
                0x08015030                __smakebuf_r
 .text.memchr   0x080150b0       0x1c c:/vsarm/armcc/10 2021.10/bin/../lib/gcc/arm-none-eabi/10.3.1/../../../../arm-none-eabi/lib/thumb/v7-m/nofp\libc_nano.a(lib_a-memchr-stub.o)
                0x080150b0                memchr
 .text.__malloc_lock
                0x080150cc        0xc c:/vsarm/armcc/10 2021.10/bin/../lib/gcc/arm-none-eabi/10.3.1/../../../../arm-none-eabi/lib/thumb/v7-m/nofp\libc_nano.a(lib_a-mlock.o)
                0x080150cc                __malloc_lock
 .text.__malloc_unlock
                0x080150d8        0xc c:/vsarm/armcc/10 2021.10/bin/../lib/gcc/arm-none-eabi/10.3.1/../../../../arm-none-eabi/lib/thumb/v7-m/nofp\libc_nano.a(lib_a-mlock.o)
                0x080150d8                __malloc_unlock
 .text._free_r  0x080150e4       0x90 c:/vsarm/armcc/10 2021.10/bin/../lib/gcc/arm-none-eabi/10.3.1/../../../../arm-none-eabi/lib/thumb/v7-m/nofp\libc_nano.a(lib_a-nano-freer.o)
                0x080150e4                _free_r
 .text._read_r  0x08015174       0x24 c:/vsarm/armcc/10 2021.10/bin/../lib/gcc/arm-none-eabi/10.3.1/../../../../arm-none-eabi/lib/thumb/v7-m/nofp\libc_nano.a(lib_a-readr.o)
                0x08015174                _read_r
 .text._fstat_r
                0x08015198       0x24 c:/vsarm/armcc/10 2021.10/bin/../lib/gcc/arm-none-eabi/10.3.1/../../../../arm-none-eabi/lib/thumb/v7-m/nofp\libc_nano.a(lib_a-fstatr.o)
                0x08015198                _fstat_r
 .text._isatty_r
                0x080151bc       0x20 c:/vsarm/armcc/10 2021.10/bin/../lib/gcc/arm-none-eabi/10.3.1/../../../../arm-none-eabi/lib/thumb/v7-m/nofp\libc_nano.a(lib_a-isattyr.o)
                0x080151bc                _isatty_r
 .text._close   0x080151dc       0x10 c:/vsarm/armcc/10 2021.10/bin/../lib/gcc/arm-none-eabi/10.3.1/../../../../arm-none-eabi/lib/thumb/v7-m/nofp\libnosys.a(close.o)
                0x080151dc                _close
 .text._fstat   0x080151ec       0x10 c:/vsarm/armcc/10 2021.10/bin/../lib/gcc/arm-none-eabi/10.3.1/../../../../arm-none-eabi/lib/thumb/v7-m/nofp\libnosys.a(fstat.o)
                0x080151ec                _fstat
 .text._isatty  0x080151fc       0x10 c:/vsarm/armcc/10 2021.10/bin/../lib/gcc/arm-none-eabi/10.3.1/../../../../arm-none-eabi/lib/thumb/v7-m/nofp\libnosys.a(isatty.o)
                0x080151fc                _isatty
 .text._lseek   0x0801520c       0x10 c:/vsarm/armcc/10 2021.10/bin/../lib/gcc/arm-none-eabi/10.3.1/../../../../arm-none-eabi/lib/thumb/v7-m/nofp\libnosys.a(lseek.o)
                0x0801520c                _lseek
 .text._read    0x0801521c       0x10 c:/vsarm/armcc/10 2021.10/bin/../lib/gcc/arm-none-eabi/10.3.1/../../../../arm-none-eabi/lib/thumb/v7-m/nofp\libnosys.a(read.o)
                0x0801521c                _read
 .text._sbrk    0x0801522c       0x1c c:/vsarm/armcc/10 2021.10/bin/../lib/gcc/arm-none-eabi/10.3.1/../../../../arm-none-eabi/lib/thumb/v7-m/nofp\libnosys.a(sbrk.o)
                0x0801522c                _sbrk
 .text._write   0x08015248       0x10 c:/vsarm/armcc/10 2021.10/bin/../lib/gcc/arm-none-eabi/10.3.1/../../../../arm-none-eabi/lib/thumb/v7-m/nofp\libnosys.a(write.o)
                0x08015248                _write
 *(.glue_7)
 .glue_7        0x08015258        0x0 linker stubs
 *(.glue_7t)
 .glue_7t       0x08015258        0x0 linker stubs
 *(.eh_frame)
 .eh_frame      0x08015258        0x0 c:/vsarm/armcc/10 2021.10/bin/../lib/gcc/arm-none-eabi/10.3.1/thumb/v7-m/nofp/crtbegin.o
 *(.init)
 .init          0x08015258        0x4 c:/vsarm/armcc/10 2021.10/bin/../lib/gcc/arm-none-eabi/10.3.1/thumb/v7-m/nofp/crti.o
                0x08015258                _init
 .init          0x0801525c        0x8 c:/vsarm/armcc/10 2021.10/bin/../lib/gcc/arm-none-eabi/10.3.1/thumb/v7-m/nofp/crtn.o
 *(.fini)
 .fini          0x08015264        0x4 c:/vsarm/armcc/10 2021.10/bin/../lib/gcc/arm-none-eabi/10.3.1/thumb/v7-m/nofp/crti.o
                0x08015264                _fini
 .fini          0x08015268        0x8 c:/vsarm/armcc/10 2021.10/bin/../lib/gcc/arm-none-eabi/10.3.1/thumb/v7-m/nofp/crtn.o
                0x08015270                . = ALIGN (0x4)
                0x08015270                _etext = .

.vfp11_veneer   0x08015270        0x0
 .vfp11_veneer  0x08015270        0x0 linker stubs

.v4_bx          0x08015270        0x0
 .v4_bx         0x08015270        0x0 linker stubs

.iplt           0x08015270        0x0
 .iplt          0x08015270        0x0 c:/vsarm/armcc/10 2021.10/bin/../lib/gcc/arm-none-eabi/10.3.1/thumb/v7-m/nofp/crtbegin.o

.rodata         0x08015270     0x2958
                0x08015270                . = ALIGN (0x4)
 *(.rodata)
 .rodata        0x08015270        0xc build/main.o
 .rodata        0x0801527c       0x1e build/telnet_server.o
 *fill*         0x0801529a        0x2 
 .rodata        0x0801529c       0x5c build/ethernetif.o
 .rodata        0x080152f8        0x8 build/lwip.o
 .rodata        0x08015300        0x5 build/tasks.o
 *fill*         0x08015305        0x3 
 .rodata        0x08015308        0xd build/timers.o
 *fill*         0x08015315        0x3 
 .rodata        0x08015318       0x90 build/ethernet.o
 .rodata        0x080153a8      0x2e0 build/api_lib.o
 .rodata        0x08015688      0x4c1 build/api_msg.o
 *fill*         0x08015b49        0x3 
 .rodata        0x08015b4c      0x192 build/netbuf.o
 *fill*         0x08015cde        0x2 
 .rodata        0x08015ce0       0xdd build/tcpip.o
 *fill*         0x08015dbd        0x3 
 .rodata        0x08015dc0      0x213 build/mem.o
 *fill*         0x08015fd3        0x1 
 .rodata        0x08015fd4       0xeb build/memp.o
 *fill*         0x080160bf        0x1 
 .rodata        0x080160c0       0x70 build/netif.o
 .rodata        0x08016130      0x509 build/pbuf.o
 *fill*         0x08016639        0x3 
 .rodata        0x0801663c      0x477 build/tcp.o
 *fill*         0x08016ab3        0x1 
 .rodata        0x08016ab4      0x381 build/tcp_in.o
 *fill*         0x08016e35        0x3 
 .rodata        0x08016e38      0x43f build/tcp_out.o
 *fill*         0x08017277        0x1 
 .rodata        0x08017278       0x9c build/timeouts.o
 .rodata        0x08017314       0x96 build/udp.o
 *fill*         0x080173aa        0x2 
 .rodata        0x080173ac      0x261 build/etharp.o
 *fill*         0x0801760d        0x3 
 .rodata        0x08017610       0xf4 build/icmp.o
 .rodata        0x08017704       0x95 build/ip4.o
 *fill*         0x08017799        0x3 
 .rodata        0x0801779c      0x1ec build/ip4_frag.o
 *(.rodata*)
 .rodata.defaultTask_attributes
                0x08017988       0x24 build/main.o
                0x08017988                defaultTask_attributes
 .rodata.wrt_task_attributes
                0x080179ac       0x24 build/telnet_server.o
 .rodata.rcv_task_attributes
                0x080179d0       0x24 build/telnet_server.o
 .rodata.AHBPrescTable
                0x080179f4       0x10 build/system_stm32f2xx.o
                0x080179f4                AHBPrescTable
 .rodata.APBPrescTable
                0x08017a04        0x8 build/system_stm32f2xx.o
                0x08017a04                APBPrescTable
 .rodata.ethbroadcast
                0x08017a0c        0x6 build/ethernet.o
                0x08017a0c                ethbroadcast
 *fill*         0x08017a12        0x2 
 .rodata.ethzero
                0x08017a14        0x6 build/ethernet.o
                0x08017a14                ethzero
 *fill*         0x08017a1a        0x2 
 .rodata.memp_UDP_PCB
                0x08017a1c        0xc build/memp.o
                0x08017a1c                memp_UDP_PCB
 .rodata.memp_TCP_PCB
                0x08017a28        0xc build/memp.o
                0x08017a28                memp_TCP_PCB
 .rodata.memp_TCP_PCB_LISTEN
                0x08017a34        0xc build/memp.o
                0x08017a34                memp_TCP_PCB_LISTEN
 .rodata.memp_TCP_SEG
                0x08017a40        0xc build/memp.o
                0x08017a40                memp_TCP_SEG
 .rodata.memp_REASSDATA
                0x08017a4c        0xc build/memp.o
                0x08017a4c                memp_REASSDATA
 .rodata.memp_FRAG_PBUF
                0x08017a58        0xc build/memp.o
                0x08017a58                memp_FRAG_PBUF
 .rodata.memp_NETBUF
                0x08017a64        0xc build/memp.o
                0x08017a64                memp_NETBUF
 .rodata.memp_NETCONN
                0x08017a70        0xc build/memp.o
                0x08017a70                memp_NETCONN
 .rodata.memp_TCPIP_MSG_API
                0x08017a7c        0xc build/memp.o
                0x08017a7c                memp_TCPIP_MSG_API
 .rodata.memp_TCPIP_MSG_INPKT
                0x08017a88        0xc build/memp.o
                0x08017a88                memp_TCPIP_MSG_INPKT
 .rodata.memp_SYS_TIMEOUT
                0x08017a94        0xc build/memp.o
                0x08017a94                memp_SYS_TIMEOUT
 .rodata.memp_PBUF
                0x08017aa0        0xc build/memp.o
                0x08017aa0                memp_PBUF
 .rodata.memp_PBUF_POOL
                0x08017aac        0xc build/memp.o
                0x08017aac                memp_PBUF_POOL
 .rodata.memp_pools
                0x08017ab8       0x34 build/memp.o
                0x08017ab8                memp_pools
 .rodata.tcp_backoff
                0x08017aec        0xd build/tcp.o
 *fill*         0x08017af9        0x3 
 .rodata.tcp_persist_backoff
                0x08017afc        0x7 build/tcp.o
 *fill*         0x08017b03        0x1 
 .rodata.tcp_pcb_lists
                0x08017b04       0x10 build/tcp.o
                0x08017b04                tcp_pcb_lists
 .rodata.lwip_cyclic_timers
                0x08017b14       0x18 build/timeouts.o
                0x08017b14                lwip_cyclic_timers
 .rodata.ip_addr_any
                0x08017b2c        0x4 build/ip4_addr.o
                0x08017b2c                ip_addr_any
 .rodata._global_impure_ptr
                0x08017b30        0x4 c:/vsarm/armcc/10 2021.10/bin/../lib/gcc/arm-none-eabi/10.3.1/../../../../arm-none-eabi/lib/thumb/v7-m/nofp\libc_nano.a(lib_a-impure.o)
                0x08017b30                _global_impure_ptr
 .rodata.__sf_fake_stderr
                0x08017b34       0x20 c:/vsarm/armcc/10 2021.10/bin/../lib/gcc/arm-none-eabi/10.3.1/../../../../arm-none-eabi/lib/thumb/v7-m/nofp\libc_nano.a(lib_a-findfp.o)
                0x08017b34                __sf_fake_stderr
 .rodata.__sf_fake_stdin
                0x08017b54       0x20 c:/vsarm/armcc/10 2021.10/bin/../lib/gcc/arm-none-eabi/10.3.1/../../../../arm-none-eabi/lib/thumb/v7-m/nofp\libc_nano.a(lib_a-findfp.o)
                0x08017b54                __sf_fake_stdin
 .rodata.__sf_fake_stdout
                0x08017b74       0x20 c:/vsarm/armcc/10 2021.10/bin/../lib/gcc/arm-none-eabi/10.3.1/../../../../arm-none-eabi/lib/thumb/v7-m/nofp\libc_nano.a(lib_a-findfp.o)
                0x08017b74                __sf_fake_stdout
 .rodata._vfprintf_r.str1.1
                0x08017b94       0x11 c:/vsarm/armcc/10 2021.10/bin/../lib/gcc/arm-none-eabi/10.3.1/../../../../arm-none-eabi/lib/thumb/v7-m/nofp\libc_nano.a(lib_a-nano-vfprintf.o)
 .rodata._printf_i.str1.1
                0x08017ba5       0x22 c:/vsarm/armcc/10 2021.10/bin/../lib/gcc/arm-none-eabi/10.3.1/../../../../arm-none-eabi/lib/thumb/v7-m/nofp\libc_nano.a(lib_a-nano-vfprintf_i.o)
                0x08017bc8                . = ALIGN (0x4)
 *fill*         0x08017bc7        0x1 

.ARM.extab
 *(.ARM.extab* .gnu.linkonce.armextab.*)

.ARM            0x08017bc8        0x8
                0x08017bc8                __exidx_start = .
 *(.ARM.exidx*)
 .ARM.exidx     0x08017bc8        0x8 c:/vsarm/armcc/10 2021.10/bin/../lib/gcc/arm-none-eabi/10.3.1/thumb/v7-m/nofp\libgcc.a(_udivmoddi4.o)
                0x08017bd0                __exidx_end = .

.rel.dyn        0x08017bd0        0x0
 .rel.iplt      0x08017bd0        0x0 c:/vsarm/armcc/10 2021.10/bin/../lib/gcc/arm-none-eabi/10.3.1/thumb/v7-m/nofp/crtbegin.o

.preinit_array  0x08017bd0        0x0
                0x08017bd0                PROVIDE (__preinit_array_start = .)
 *(.preinit_array*)
                0x08017bd0                PROVIDE (__preinit_array_end = .)

.init_array     0x08017bd0        0x4
                0x08017bd0                PROVIDE (__init_array_start = .)
 *(SORT_BY_NAME(.init_array.*))
 *(.init_array*)
 .init_array    0x08017bd0        0x4 c:/vsarm/armcc/10 2021.10/bin/../lib/gcc/arm-none-eabi/10.3.1/thumb/v7-m/nofp/crtbegin.o
                0x08017bd4                PROVIDE (__init_array_end = .)

.fini_array     0x08017bd4        0x4
                [!provide]                PROVIDE (__fini_array_start = .)
 *(SORT_BY_NAME(.fini_array.*))
 *(.fini_array*)
 .fini_array    0x08017bd4        0x4 c:/vsarm/armcc/10 2021.10/bin/../lib/gcc/arm-none-eabi/10.3.1/thumb/v7-m/nofp/crtbegin.o
                [!provide]                PROVIDE (__fini_array_end = .)
                0x08017bd8                _sidata = LOADADDR (.data)

.data           0x20000000       0x84 load address 0x08017bd8
                0x20000000                . = ALIGN (0x4)
                0x20000000                _sdata = .
 *(.data)
 *(.data*)
 .data.instance
                0x20000000        0x4 build/telnet_server.o
 .data.uwTickPrio
                0x20000004        0x4 build/stm32f2xx_hal.o
                0x20000004                uwTickPrio
 .data.uwTickFreq
                0x20000008        0x1 build/stm32f2xx_hal.o
                0x20000008                uwTickFreq
 *fill*         0x20000009        0x3 
 .data.SystemCoreClock
                0x2000000c        0x4 build/system_stm32f2xx.o
                0x2000000c                SystemCoreClock
 .data.uxCriticalNesting
                0x20000010        0x4 build/port.o
 .data.tcp_port
                0x20000014        0x2 build/tcp.o
 *fill*         0x20000016        0x2 
 .data.iss.0    0x20000018        0x4 build/tcp.o
 .data.udp_port
                0x2000001c        0x2 build/udp.o
 *fill*         0x2000001e        0x2 
 .data._impure_ptr
                0x20000020        0x4 c:/vsarm/armcc/10 2021.10/bin/../lib/gcc/arm-none-eabi/10.3.1/../../../../arm-none-eabi/lib/thumb/v7-m/nofp\libc_nano.a(lib_a-impure.o)
                0x20000020                _impure_ptr
 .data.impure_data
                0x20000024       0x60 c:/vsarm/armcc/10 2021.10/bin/../lib/gcc/arm-none-eabi/10.3.1/../../../../arm-none-eabi/lib/thumb/v7-m/nofp\libc_nano.a(lib_a-impure.o)
                0x20000084                . = ALIGN (0x4)
                0x20000084                _edata = .

.igot.plt       0x20000084        0x0 load address 0x08017c5c
 .igot.plt      0x20000084        0x0 c:/vsarm/armcc/10 2021.10/bin/../lib/gcc/arm-none-eabi/10.3.1/thumb/v7-m/nofp/crtbegin.o
                0x20000084                . = ALIGN (0x4)

.bss            0x20000084     0xb470 load address 0x08017c5c
                0x20000084                _sbss = .
                0x20000084                __bss_start__ = _sbss
 *(.bss)
 .bss           0x20000084       0x1c c:/vsarm/armcc/10 2021.10/bin/../lib/gcc/arm-none-eabi/10.3.1/thumb/v7-m/nofp/crtbegin.o
 *(.bss*)
 .bss.huart3    0x200000a0       0x44 build/main.o
                0x200000a0                huart3
 .bss.defaultTaskHandle
                0x200000e4        0x4 build/main.o
                0x200000e4                defaultTaskHandle
 .bss.telnet_instance
                0x200000e8       0x38 build/telnet_server.o
 .bss.htim4     0x20000120       0x48 build/stm32f2xx_hal_timebase_tim.o
                0x20000120                htim4
 .bss.DMARxDscrTab
                0x20000168       0x80 build/ethernetif.o
                0x20000168                DMARxDscrTab
 .bss.DMATxDscrTab
                0x200001e8       0x80 build/ethernetif.o
                0x200001e8                DMATxDscrTab
 .bss.Rx_Buff   0x20000268     0x17d0 build/ethernetif.o
                0x20000268                Rx_Buff
 .bss.Tx_Buff   0x20001a38     0x17d0 build/ethernetif.o
                0x20001a38                Tx_Buff
 .bss.s_xSemaphore
                0x20003208        0x4 build/ethernetif.o
                0x20003208                s_xSemaphore
 .bss.heth      0x2000320c       0x48 build/ethernetif.o
                0x2000320c                heth
 .bss.Netif_LinkSemaphore
                0x20003254        0x4 build/lwip.o
                0x20003254                Netif_LinkSemaphore
 .bss.link_arg  0x20003258        0x8 build/lwip.o
                0x20003258                link_arg
 .bss.gnetif    0x20003260       0x34 build/lwip.o
                0x20003260                gnetif
 .bss.ipaddr    0x20003294        0x4 build/lwip.o
                0x20003294                ipaddr
 .bss.netmask   0x20003298        0x4 build/lwip.o
                0x20003298                netmask
 .bss.gw        0x2000329c        0x4 build/lwip.o
                0x2000329c                gw
 .bss.IP_ADDRESS
                0x200032a0        0x4 build/lwip.o
                0x200032a0                IP_ADDRESS
 .bss.NETMASK_ADDRESS
                0x200032a4        0x4 build/lwip.o
                0x200032a4                NETMASK_ADDRESS
 .bss.GATEWAY_ADDRESS
                0x200032a8        0x4 build/lwip.o
                0x200032a8                GATEWAY_ADDRESS
 .bss.attributes
                0x200032ac       0x24 build/lwip.o
                0x200032ac                attributes
 .bss.uwTick    0x200032d0        0x4 build/stm32f2xx_hal.o
                0x200032d0                uwTick
 .bss.xQueueRegistry
                0x200032d4       0x40 build/queue.o
                0x200032d4                xQueueRegistry
 .bss.pxCurrentTCB
                0x20003314        0x4 build/tasks.o
                0x20003314                pxCurrentTCB
 .bss.pxReadyTasksLists
                0x20003318      0x460 build/tasks.o
 .bss.xDelayedTaskList1
                0x20003778       0x14 build/tasks.o
 .bss.xDelayedTaskList2
                0x2000378c       0x14 build/tasks.o
 .bss.pxDelayedTaskList
                0x200037a0        0x4 build/tasks.o
 .bss.pxOverflowDelayedTaskList
                0x200037a4        0x4 build/tasks.o
 .bss.xPendingReadyList
                0x200037a8       0x14 build/tasks.o
 .bss.xTasksWaitingTermination
                0x200037bc       0x14 build/tasks.o
 .bss.uxDeletedTasksWaitingCleanUp
                0x200037d0        0x4 build/tasks.o
 .bss.xSuspendedTaskList
                0x200037d4       0x14 build/tasks.o
 .bss.uxCurrentNumberOfTasks
                0x200037e8        0x4 build/tasks.o
 .bss.xTickCount
                0x200037ec        0x4 build/tasks.o
 .bss.uxTopReadyPriority
                0x200037f0        0x4 build/tasks.o
 .bss.xSchedulerRunning
                0x200037f4        0x4 build/tasks.o
 .bss.uxPendedTicks
                0x200037f8        0x4 build/tasks.o
 .bss.xYieldPending
                0x200037fc        0x4 build/tasks.o
 .bss.xNumOfOverflows
                0x20003800        0x4 build/tasks.o
 .bss.uxTaskNumber
                0x20003804        0x4 build/tasks.o
 .bss.xNextTaskUnblockTime
                0x20003808        0x4 build/tasks.o
 .bss.xIdleTaskHandle
                0x2000380c        0x4 build/tasks.o
 .bss.uxSchedulerSuspended
                0x20003810        0x4 build/tasks.o
 .bss.xActiveTimerList1
                0x20003814       0x14 build/timers.o
 .bss.xActiveTimerList2
                0x20003828       0x14 build/timers.o
 .bss.pxCurrentTimerList
                0x2000383c        0x4 build/timers.o
 .bss.pxOverflowTimerList
                0x20003840        0x4 build/timers.o
 .bss.xTimerQueue
                0x20003844        0x4 build/timers.o
 .bss.xTimerTaskHandle
                0x20003848        0x4 build/timers.o
 .bss.xLastTime.2
                0x2000384c        0x4 build/timers.o
 .bss.ucStaticTimerQueueStorage.1
                0x20003850       0xa0 build/timers.o
 .bss.xStaticTimerQueue.0
                0x200038f0       0x50 build/timers.o
 .bss.KernelState
                0x20003940        0x4 build/cmsis_os2.o
 .bss.Idle_TCB  0x20003944       0x5c build/cmsis_os2.o
 .bss.Idle_Stack
                0x200039a0      0x200 build/cmsis_os2.o
 .bss.Timer_TCB
                0x20003ba0       0x5c build/cmsis_os2.o
 .bss.Timer_Stack
                0x20003bfc      0x400 build/cmsis_os2.o
 .bss.ucHeap    0x20003ffc     0x3c00 build/heap_4.o
 .bss.xStart    0x20007bfc        0x8 build/heap_4.o
 .bss.pxEnd     0x20007c04        0x4 build/heap_4.o
 .bss.xFreeBytesRemaining
                0x20007c08        0x4 build/heap_4.o
 .bss.xMinimumEverFreeBytesRemaining
                0x20007c0c        0x4 build/heap_4.o
 .bss.xBlockAllocatedBit
                0x20007c10        0x4 build/heap_4.o
 .bss.ucMaxSysCallPriority
                0x20007c14        0x1 build/port.o
 *fill*         0x20007c15        0x3 
 .bss.ulMaxPRIGROUPValue
                0x20007c18        0x4 build/port.o
 .bss.netconn_aborted
                0x20007c1c        0x1 build/api_msg.o
                0x20007c1c                netconn_aborted
 *fill*         0x20007c1d        0x3 
 .bss.tcpip_init_done
                0x20007c20        0x4 build/tcpip.o
 .bss.tcpip_init_done_arg
                0x20007c24        0x4 build/tcpip.o
 .bss.mbox      0x20007c28        0x4 build/tcpip.o
 .bss.lock_tcpip_core
                0x20007c2c        0x4 build/tcpip.o
                0x20007c2c                lock_tcpip_core
 .bss.ip_data   0x20007c30       0x18 build/ip.o
                0x20007c30                ip_data
 .bss.ram_heap  0x20007c48      0x653 build/mem.o
                0x20007c48                ram_heap
 *fill*         0x2000829b        0x1 
 .bss.ram       0x2000829c        0x4 build/mem.o
 .bss.ram_end   0x200082a0        0x4 build/mem.o
 .bss.lfree     0x200082a4        0x4 build/mem.o
 .bss.mem_mutex
                0x200082a8        0x4 build/mem.o
 .bss.memp_memory_UDP_PCB_base